interactions:
- request:
    body: null
    headers:
      Accept:
      - '*/*'
      Accept-Encoding:
      - gzip, deflate
      Connection:
      - keep-alive
      User-Agent:
      - azsdk-python-identity/1.16.0 Python/3.9.19 (Windows-10-10.0.22631-SP0)
    method: GET
    uri: https://login.microsoftonline.com/00000000-0000-0000-0000-000000000000/v2.0/.well-known/openid-configuration
  response:
    body:
      string: '{"token_endpoint": "https://login.microsoftonline.com/00000000-0000-0000-0000-000000000000/oauth2/v2.0/token",
        "token_endpoint_auth_methods_supported": ["client_secret_post", "private_key_jwt",
        "client_secret_basic"], "jwks_uri": "https://login.microsoftonline.com/00000000-0000-0000-0000-000000000000/discovery/v2.0/keys",
        "response_modes_supported": ["query", "fragment", "form_post"], "subject_types_supported":
        ["pairwise"], "id_token_signing_alg_values_supported": ["RS256"], "response_types_supported":
        ["code", "id_token", "code id_token", "id_token token"], "scopes_supported":
        ["openid", "profile", "email", "offline_access"], "issuer": "https://login.microsoftonline.com/00000000-0000-0000-0000-000000000000/v2.0",
        "request_uri_parameter_supported": false, "userinfo_endpoint": "https://graph.microsoft.com/oidc/userinfo",
        "authorization_endpoint": "https://login.microsoftonline.com/00000000-0000-0000-0000-000000000000/oauth2/v2.0/authorize",
        "device_authorization_endpoint": "https://login.microsoftonline.com/00000000-0000-0000-0000-000000000000/oauth2/v2.0/devicecode",
        "http_logout_supported": true, "frontchannel_logout_supported": true, "end_session_endpoint":
        "https://login.microsoftonline.com/00000000-0000-0000-0000-000000000000/oauth2/v2.0/logout",
        "claims_supported": ["sub", "iss", "cloud_instance_name", "cloud_instance_host_name",
        "cloud_graph_host_name", "msgraph_host", "aud", "exp", "iat", "auth_time",
        "acr", "nonce", "preferred_username", "name", "tid", "ver", "at_hash", "c_hash",
        "email"], "kerberos_endpoint": "https://login.microsoftonline.com/00000000-0000-0000-0000-000000000000/kerberos",
        "tenant_region_scope": "WW", "cloud_instance_name": "microsoftonline.com",
        "cloud_graph_host_name": "graph.windows.net", "msgraph_host": "graph.microsoft.com",
        "rbac_url": "https://pas.windows.net"}'
    headers:
      content-length:
      - '1826'
      content-type:
      - application/json; charset=utf-8
    status:
      code: 200
      message: OK
- request:
    body: client_id=PLACEHOLDER&grant_type=client_credentials&client_assertion=PLACEHOLDER&client_info=1&client_assertion_type=PLACEHOLDER&scope=https%3A%2F%2Fquantum.microsoft.com%2F.default
    headers:
      Accept:
      - application/json
      Accept-Encoding:
      - gzip, deflate
      Connection:
      - keep-alive
      Content-Length:
      - '181'
      Content-Type:
      - application/x-www-form-urlencoded
      User-Agent:
      - azsdk-python-identity/1.16.0 Python/3.9.19 (Windows-10-10.0.22631-SP0)
      x-client-current-telemetry:
      - 4|730,2|
      x-client-os:
      - win32
      x-client-sku:
      - MSAL.Python
      x-client-ver:
      - 1.28.0
    method: POST
    uri: https://login.microsoftonline.com/00000000-0000-0000-0000-000000000000/oauth2/v2.0/token
  response:
    body:
      string: '{"token_type": "Bearer", "expires_in": 1747502227, "ext_expires_in":
        1747502227, "refresh_in": 31536000, "access_token": "PLACEHOLDER"}'
    headers:
      content-length:
      - '135'
      content-type:
      - application/json; charset=utf-8
    status:
      code: 200
      message: OK
- request:
    body: null
    headers:
      Accept:
      - application/json
      Accept-Encoding:
      - gzip, deflate
      Connection:
      - keep-alive
      User-Agent:
      - testapp azsdk-python-quantum/0.0.1 Python/3.9.19 (Windows-10-10.0.22631-SP0)
    method: GET
    uri: https://eastus.quantum.azure.com/subscriptions/00000000-0000-0000-0000-000000000000/resourceGroups/myresourcegroup/providers/Microsoft.Quantum/workspaces/myworkspace/providerStatus?api-version=2022-09-12-preview&test-sequence-id=1
  response:
    body:
      string: '{"value": [{"id": "microsoft-elements", "currentAvailability": "Available",
        "targets": [{"id": "microsoft.dft", "currentAvailability": "Available", "averageQueueTime":
        0, "statusPage": null}]}, {"id": "microsoft-qc", "currentAvailability": "Available",
        "targets": [{"id": "microsoft.estimator", "currentAvailability": "Available",
        "averageQueueTime": 0, "statusPage": null}]}, {"id": "pasqal", "currentAvailability":
        "Available", "targets": [{"id": "pasqal.sim.emu-tn", "currentAvailability":
        "Available", "averageQueueTime": 264, "statusPage": "https://pasqal.com"},
        {"id": "pasqal.qpu.fresnel", "currentAvailability": "Available", "averageQueueTime":
        46727, "statusPage": "https://pasqal.com"}]}, {"id": "quantinuum", "currentAvailability":
        "Degraded", "targets": [{"id": "quantinuum.qpu.h1-1", "currentAvailability":
        "Degraded", "averageQueueTime": 0, "statusPage": "https://www.quantinuum.com/hardware/h1"},
        {"id": "quantinuum.sim.h1-1sc", "currentAvailability": "Available", "averageQueueTime":
        6, "statusPage": "https://www.quantinuum.com/hardware/h1"}, {"id": "quantinuum.sim.h1-1e",
        "currentAvailability": "Available", "averageQueueTime": 15, "statusPage":
        "https://www.quantinuum.com/hardware/h1"}, {"id": "quantinuum.qpu.h2-1", "currentAvailability":
        "Available", "averageQueueTime": 518995, "statusPage": "https://www.quantinuum.com/hardware/h2"},
        {"id": "quantinuum.sim.h2-1sc", "currentAvailability": "Available", "averageQueueTime":
        8, "statusPage": "https://www.quantinuum.com/hardware/h2"}, {"id": "quantinuum.sim.h2-1e",
        "currentAvailability": "Available", "averageQueueTime": 13, "statusPage":
        "https://www.quantinuum.com/hardware/h2"}, {"id": "quantinuum.sim.h1-1sc-preview",
        "currentAvailability": "Available", "averageQueueTime": 6, "statusPage": "https://www.quantinuum.com/hardware/h1"},
        {"id": "quantinuum.sim.h1-1e-preview", "currentAvailability": "Available",
        "averageQueueTime": 15, "statusPage": "https://www.quantinuum.com/hardware/h1"},
        {"id": "quantinuum.sim.h1-2e-preview", "currentAvailability": "Available",
        "averageQueueTime": 5757, "statusPage": "https://www.quantinuum.com/hardware/h1"},
        {"id": "quantinuum.qpu.h1-1-preview", "currentAvailability": "Degraded", "averageQueueTime":
        0, "statusPage": "https://www.quantinuum.com/hardware/h1"}]}, {"id": "rigetti",
        "currentAvailability": "Available", "targets": [{"id": "rigetti.sim.qvm",
        "currentAvailability": "Available", "averageQueueTime": 5, "statusPage": "https://rigetti.statuspage.io/"},
        {"id": "rigetti.qpu.ankaa-2", "currentAvailability": "Available", "averageQueueTime":
        5, "statusPage": "https://rigetti.statuspage.io/"}]}, {"id": "ionq", "currentAvailability":
        "Degraded", "targets": [{"id": "ionq.qpu", "currentAvailability": "Available",
        "averageQueueTime": 421038, "statusPage": "https://status.ionq.co"}, {"id":
        "ionq.qpu.aria-1", "currentAvailability": "Available", "averageQueueTime":
        1035712, "statusPage": "https://status.ionq.co"}, {"id": "ionq.qpu.aria-2",
        "currentAvailability": "Unavailable", "averageQueueTime": 206860, "statusPage":
        "https://status.ionq.co"}, {"id": "ionq.simulator", "currentAvailability":
        "Available", "averageQueueTime": 85, "statusPage": "https://status.ionq.co"}]},
        {"id": "qci", "currentAvailability": "Available", "targets": [{"id": "qci.simulator",
        "currentAvailability": "Available", "averageQueueTime": 1, "statusPage": "https://quantumcircuits.com"},
        {"id": "qci.machine1", "currentAvailability": "Available", "averageQueueTime":
        1, "statusPage": "https://quantumcircuits.com"}, {"id": "qci.simulator.noisy",
        "currentAvailability": "Available", "averageQueueTime": 0, "statusPage": "https://quantumcircuits.com"}]},
        {"id": "Microsoft.ChemistryHpc", "currentAvailability": "Degraded", "targets":
        [{"id": "microsoft.hpc", "currentAvailability": "Unavailable", "averageQueueTime":
        0, "statusPage": null}]}, {"id": "Microsoft.Test", "currentAvailability":
        "Available", "targets": [{"id": "echo-rigetti", "currentAvailability": "Available",
        "averageQueueTime": 1, "statusPage": ""}, {"id": "echo-quantinuum", "currentAvailability":
        "Available", "averageQueueTime": 1, "statusPage": ""}, {"id": "echo-qci",
        "currentAvailability": "Available", "averageQueueTime": 1, "statusPage": ""},
        {"id": "echo-ionq", "currentAvailability": "Available", "averageQueueTime":
        1, "statusPage": ""}, {"id": "echo-aquarius", "currentAvailability": "Available",
        "averageQueueTime": 1, "statusPage": ""}, {"id": "sparse-sim-rigetti", "currentAvailability":
        "Available", "averageQueueTime": 1, "statusPage": ""}, {"id": "sparse-sim-quantinuum",
        "currentAvailability": "Available", "averageQueueTime": 1, "statusPage": ""},
        {"id": "sparse-sim-qci", "currentAvailability": "Available", "averageQueueTime":
        1, "statusPage": ""}, {"id": "sparse-sim-ionq", "currentAvailability": "Available",
        "averageQueueTime": 1, "statusPage": ""}, {"id": "echo-output", "currentAvailability":
        "Available", "averageQueueTime": 1, "statusPage": ""}]}], "nextLink": null}'
    headers:
      connection:
      - keep-alive
      content-length:
      - '4962'
      content-type:
      - application/json; charset=utf-8
      transfer-encoding:
      - chunked
    status:
      code: 200
      message: OK
- request:
    body: 'b''{"id": "00000000-0000-0000-0000-000000000001", "name": "session-00000000-0000-0000-0000-000000000001",
      "providerId": "quantinuum", "target": "quantinuum.sim.h1-1e", "itemType": "Session"}'''
    headers:
      Accept:
      - application/json
      Accept-Encoding:
      - gzip, deflate
      Connection:
      - keep-alive
      Content-Length:
      - '190'
      Content-Type:
      - application/json
      User-Agent:
      - testapp azsdk-python-quantum/0.0.1 Python/3.9.19 (Windows-10-10.0.22631-SP0)
    method: PUT
    uri: https://eastus.quantum.azure.com/subscriptions/00000000-0000-0000-0000-000000000000/resourceGroups/myresourcegroup/providers/Microsoft.Quantum/workspaces/myworkspace/sessions/00000000-0000-0000-0000-000000000001?api-version=2022-09-12-preview&test-sequence-id=1
  response:
    body:
      string: '{"status": "Waiting", "jobFailurePolicy": "Abort", "name": "session-00000000-0000-0000-0000-000000000001",
        "id": "00000000-0000-0000-0000-000000000001", "providerId": "quantinuum",
        "target": "quantinuum.sim.h1-1e", "creationTime": "2024-05-17T17:17:09.7266709Z",
        "endExecutionTime": null, "costEstimate": null, "itemType": "Session"}'
    headers:
      connection:
      - keep-alive
      content-length:
      - '333'
      content-type:
      - application/json; charset=utf-8
      transfer-encoding:
      - chunked
    status:
      code: 200
      message: OK
- request:
    body: null
    headers:
      Accept:
      - '*/*'
      Accept-Encoding:
      - gzip, deflate
      Connection:
      - keep-alive
      User-Agent:
      - azsdk-python-identity/1.16.0 Python/3.9.19 (Windows-10-10.0.22631-SP0)
    method: GET
    uri: https://login.microsoftonline.com/00000000-0000-0000-0000-000000000000/v2.0/.well-known/openid-configuration
  response:
    body:
      string: '{"token_endpoint": "https://login.microsoftonline.com/00000000-0000-0000-0000-000000000000/oauth2/v2.0/token",
        "token_endpoint_auth_methods_supported": ["client_secret_post", "private_key_jwt",
        "client_secret_basic"], "jwks_uri": "https://login.microsoftonline.com/00000000-0000-0000-0000-000000000000/discovery/v2.0/keys",
        "response_modes_supported": ["query", "fragment", "form_post"], "subject_types_supported":
        ["pairwise"], "id_token_signing_alg_values_supported": ["RS256"], "response_types_supported":
        ["code", "id_token", "code id_token", "id_token token"], "scopes_supported":
        ["openid", "profile", "email", "offline_access"], "issuer": "https://login.microsoftonline.com/00000000-0000-0000-0000-000000000000/v2.0",
        "request_uri_parameter_supported": false, "userinfo_endpoint": "https://graph.microsoft.com/oidc/userinfo",
        "authorization_endpoint": "https://login.microsoftonline.com/00000000-0000-0000-0000-000000000000/oauth2/v2.0/authorize",
        "device_authorization_endpoint": "https://login.microsoftonline.com/00000000-0000-0000-0000-000000000000/oauth2/v2.0/devicecode",
        "http_logout_supported": true, "frontchannel_logout_supported": true, "end_session_endpoint":
        "https://login.microsoftonline.com/00000000-0000-0000-0000-000000000000/oauth2/v2.0/logout",
        "claims_supported": ["sub", "iss", "cloud_instance_name", "cloud_instance_host_name",
        "cloud_graph_host_name", "msgraph_host", "aud", "exp", "iat", "auth_time",
        "acr", "nonce", "preferred_username", "name", "tid", "ver", "at_hash", "c_hash",
        "email"], "kerberos_endpoint": "https://login.microsoftonline.com/00000000-0000-0000-0000-000000000000/kerberos",
        "tenant_region_scope": "WW", "cloud_instance_name": "microsoftonline.com",
        "cloud_graph_host_name": "graph.windows.net", "msgraph_host": "graph.microsoft.com",
        "rbac_url": "https://pas.windows.net"}'
    headers:
      content-length:
      - '1826'
      content-type:
      - application/json; charset=utf-8
    status:
      code: 200
      message: OK
- request:
    body: client_id=PLACEHOLDER&grant_type=client_credentials&client_assertion=PLACEHOLDER&client_info=1&client_assertion_type=PLACEHOLDER&scope=https%3A%2F%2Fquantum.microsoft.com%2F.default
    headers:
      Accept:
      - application/json
      Accept-Encoding:
      - gzip, deflate
      Connection:
      - keep-alive
      Content-Length:
      - '181'
      Content-Type:
      - application/x-www-form-urlencoded
      User-Agent:
      - azsdk-python-identity/1.16.0 Python/3.9.19 (Windows-10-10.0.22631-SP0)
      x-client-current-telemetry:
      - 4|730,2|
      x-client-os:
      - win32
      x-client-sku:
      - MSAL.Python
      x-client-ver:
      - 1.28.0
    method: POST
    uri: https://login.microsoftonline.com/00000000-0000-0000-0000-000000000000/oauth2/v2.0/token
  response:
    body:
      string: '{"token_type": "Bearer", "expires_in": 1747502229, "ext_expires_in":
        1747502229, "refresh_in": 31536000, "access_token": "PLACEHOLDER"}'
    headers:
      content-length:
      - '135'
      content-type:
      - application/json; charset=utf-8
    status:
      code: 200
      message: OK
- request:
    body: 'b''{"containerName": "job-00000000-0000-0000-0000-000000000002"}'''
    headers:
      Accept:
      - application/json
      Accept-Encoding:
      - gzip, deflate
      Connection:
      - keep-alive
      Content-Length:
      - '64'
      Content-Type:
      - application/json
      User-Agent:
      - testapp-azure-quantum-qsharp azsdk-python-quantum/0.0.1 Python/3.9.19 (Windows-10-10.0.22631-SP0)
    method: POST
    uri: https://eastus.quantum.azure.com/subscriptions/00000000-0000-0000-0000-000000000000/resourceGroups/myresourcegroup/providers/Microsoft.Quantum/workspaces/myworkspace/storage/sasUri?api-version=2022-09-12-preview&test-sequence-id=1
  response:
    body:
      string: '{"sasUri": "https://mystorage.blob.core.windows.net/job-00000000-0000-0000-0000-000000000002?sv=PLACEHOLDER&sig=PLACEHOLDER&se=2050-01-01T00%3A00%3A00Z&srt=co&ss=b&sp=racwl"}'
    headers:
      connection:
      - keep-alive
      content-length:
      - '174'
      content-type:
      - application/json; charset=utf-8
      transfer-encoding:
      - chunked
    status:
      code: 200
      message: OK
- request:
    body: null
    headers:
      Accept:
      - application/xml
      Accept-Encoding:
      - gzip, deflate
      Connection:
      - keep-alive
      User-Agent:
      - azsdk-python-storage-blob/12.19.1 Python/3.9.19 (Windows-10-10.0.22631-SP0)
      x-ms-date:
      - Fri, 17 May 2024 17:17:10 GMT
      x-ms-version:
      - '2023-11-03'
    method: GET
    uri: https://mystorage.blob.core.windows.net/job-00000000-0000-0000-0000-000000000002?restype=container&sv=PLACEHOLDER&sig=PLACEHOLDER&se=2050-01-01T00%3A00%3A00Z&srt=co&ss=b&sp=racwl
  response:
    body:
      string: "\uFEFF<?xml version=\"1.0\" encoding=\"utf-8\"?><Error><Code>ContainerNotFound</Code><Message>The
        specified container does not exist.\nRequestId:04f66579-d01e-006d-777e-a8988b000000\nTime:2024-05-17T17:17:12.3686224Z</Message></Error>"
    headers:
      content-length:
      - '223'
      content-type:
      - application/xml
      x-ms-version:
      - '2023-11-03'
    status:
      code: 404
      message: The specified container does not exist.
- request:
    body: null
    headers:
      Accept:
      - application/xml
      Accept-Encoding:
      - gzip, deflate
      Connection:
      - keep-alive
      Content-Length:
      - '0'
      User-Agent:
      - azsdk-python-storage-blob/12.19.1 Python/3.9.19 (Windows-10-10.0.22631-SP0)
      x-ms-date:
      - Fri, 17 May 2024 17:17:11 GMT
      x-ms-version:
      - '2023-11-03'
    method: PUT
    uri: https://mystorage.blob.core.windows.net/job-00000000-0000-0000-0000-000000000002?restype=container&sv=PLACEHOLDER&sig=PLACEHOLDER&se=2050-01-01T00%3A00%3A00Z&srt=co&ss=b&sp=racwl
  response:
    body:
      string: ''
    headers:
      content-length:
      - '0'
      x-ms-version:
      - '2023-11-03'
    status:
      code: 201
      message: Created
- request:
    body: null
    headers:
      Accept:
      - application/xml
      Accept-Encoding:
      - gzip, deflate
      Connection:
      - keep-alive
      User-Agent:
      - azsdk-python-storage-blob/12.19.1 Python/3.9.19 (Windows-10-10.0.22631-SP0)
      x-ms-date:
      - Fri, 17 May 2024 17:17:11 GMT
      x-ms-version:
      - '2023-11-03'
    method: GET
    uri: https://mystorage.blob.core.windows.net/job-00000000-0000-0000-0000-000000000002?restype=container&sv=PLACEHOLDER&sig=PLACEHOLDER&se=2050-01-01T00%3A00%3A00Z&srt=co&ss=b&sp=racwl
  response:
    body:
      string: ''
    headers:
      content-length:
      - '0'
      x-ms-lease-state:
      - available
      x-ms-lease-status:
      - unlocked
      x-ms-version:
      - '2023-11-03'
    status:
      code: 200
      message: OK
- request:
    body: 'b''%Result = type opaque\n%Qubit = type opaque\n\ndefine void @ENTRYPOINT__main()
      #0 {\n  call void @__quantum__qis__h__body(%Qubit* inttoptr (i64 0 to %Qubit*))\n  call
      void @__quantum__qis__cx__body(%Qubit* inttoptr (i64 0 to %Qubit*), %Qubit*
      inttoptr (i64 1 to %Qubit*))\n  call void @__quantum__qis__h__body(%Qubit* inttoptr
      (i64 2 to %Qubit*))\n  call void @__quantum__qis__cz__body(%Qubit* inttoptr
      (i64 2 to %Qubit*), %Qubit* inttoptr (i64 0 to %Qubit*))\n  call void @__quantum__qis__h__body(%Qubit*
      inttoptr (i64 2 to %Qubit*))\n  call void @__quantum__qis__h__body(%Qubit* inttoptr
      (i64 3 to %Qubit*))\n  call void @__quantum__qis__cz__body(%Qubit* inttoptr
      (i64 3 to %Qubit*), %Qubit* inttoptr (i64 1 to %Qubit*))\n  call void @__quantum__qis__h__body(%Qubit*
      inttoptr (i64 3 to %Qubit*))\n  call void @__quantum__qis__mz__body(%Qubit*
      inttoptr (i64 2 to %Qubit*), %Result* inttoptr (i64 0 to %Result*)) #1\n  call
      void @__quantum__qis__mz__body(%Qubit* inttoptr (i64 3 to %Qubit*), %Result*
      inttoptr (i64 1 to %Result*)) #1\n  call void @__quantum__rt__tuple_record_output(i64
      2, i8* null)\n  call void @__quantum__rt__result_record_output(%Result* inttoptr
      (i64 0 to %Result*), i8* null)\n  call void @__quantum__rt__result_record_output(%Result*
      inttoptr (i64 1 to %Result*), i8* null)\n  ret void\n}\n\ndeclare void @__quantum__qis__ccx__body(%Qubit*,
      %Qubit*, %Qubit*)\ndeclare void @__quantum__qis__cx__body(%Qubit*, %Qubit*)\ndeclare
      void @__quantum__qis__cy__body(%Qubit*, %Qubit*)\ndeclare void @__quantum__qis__cz__body(%Qubit*,
      %Qubit*)\ndeclare void @__quantum__qis__rx__body(double, %Qubit*)\ndeclare void
      @__quantum__qis__rxx__body(double, %Qubit*, %Qubit*)\ndeclare void @__quantum__qis__ry__body(double,
      %Qubit*)\ndeclare void @__quantum__qis__ryy__body(double, %Qubit*, %Qubit*)\ndeclare
      void @__quantum__qis__rz__body(double, %Qubit*)\ndeclare void @__quantum__qis__rzz__body(double,
      %Qubit*, %Qubit*)\ndeclare void @__quantum__qis__h__body(%Qubit*)\ndeclare void
      @__quantum__qis__s__body(%Qubit*)\ndeclare void @__quantum__qis__s__adj(%Qubit*)\ndeclare
      void @__quantum__qis__t__body(%Qubit*)\ndeclare void @__quantum__qis__t__adj(%Qubit*)\ndeclare
      void @__quantum__qis__x__body(%Qubit*)\ndeclare void @__quantum__qis__y__body(%Qubit*)\ndeclare
      void @__quantum__qis__z__body(%Qubit*)\ndeclare void @__quantum__qis__swap__body(%Qubit*,
      %Qubit*)\ndeclare void @__quantum__qis__mz__body(%Qubit*, %Result* writeonly)
      #1\ndeclare void @__quantum__rt__result_record_output(%Result*, i8*)\ndeclare
      void @__quantum__rt__array_record_output(i64, i8*)\ndeclare void @__quantum__rt__tuple_record_output(i64,
      i8*)\n\nattributes #0 = { "entry_point" "output_labeling_schema" "qir_profiles"="base_profile"
      "required_num_qubits"="4" "required_num_results"="2" }\nattributes #1 = { "irreversible"
      }\n\n; module flags\n\n!llvm.module.flags = !{!0, !1, !2, !3}\n\n!0 = !{i32
      1, !"qir_major_version", i32 1}\n!1 = !{i32 7, !"qir_minor_version", i32 0}\n!2
      = !{i32 1, !"dynamic_qubit_management", i1 false}\n!3 = !{i32 1, !"dynamic_result_management",
      i1 false}\n'''
    headers:
      Accept:
      - application/xml
      Accept-Encoding:
      - gzip, deflate
      Connection:
      - keep-alive
      Content-Length:
      - '3073'
      Content-Type:
      - application/octet-stream
      User-Agent:
      - azsdk-python-storage-blob/12.19.1 Python/3.9.19 (Windows-10-10.0.22631-SP0)
      x-ms-blob-type:
      - BlockBlob
      x-ms-date:
      - Fri, 17 May 2024 17:17:12 GMT
      x-ms-version:
      - '2023-11-03'
    method: PUT
    uri: https://mystorage.blob.core.windows.net/job-00000000-0000-0000-0000-000000000002/inputData?sv=PLACEHOLDER&sig=PLACEHOLDER&se=2050-01-01T00%3A00%3A00Z&srt=co&ss=b&sp=racwl
  response:
    body:
      string: ''
    headers:
      content-length:
      - '0'
      x-ms-version:
      - '2023-11-03'
    status:
      code: 201
      message: Created
- request:
    body: 'b''{"id": "00000000-0000-0000-0000-000000000002", "name": "Job 1", "providerId":
      "quantinuum", "target": "quantinuum.sim.h1-1e", "itemType": "Job", "sessionId":
      "00000000-0000-0000-0000-000000000001", "containerUri": "https://mystorage.blob.core.windows.net/job-00000000-0000-0000-0000-000000000002?sv=PLACEHOLDER&sig=PLACEHOLDER&se=2050-01-01T00%3A00%3A00Z&srt=co&ss=b&sp=racwl",
      "inputDataUri": "https://mystorage.blob.core.windows.net/job-00000000-0000-0000-0000-000000000002/inputData",
      "inputDataFormat": "qir.v1", "inputParams": {"entryPoint": "ENTRYPOINT__main",
      "arguments": [], "targetCapability": "AdaptiveExecution"}, "outputDataFormat":
      "microsoft.quantum-results.v1"}'''
    headers:
      Accept:
      - application/json
      Accept-Encoding:
      - gzip, deflate
      Connection:
      - keep-alive
      Content-Length:
      - '680'
      Content-Type:
      - application/json
      User-Agent:
      - testapp-azure-quantum-qsharp azsdk-python-quantum/0.0.1 Python/3.9.19 (Windows-10-10.0.22631-SP0)
    method: PUT
    uri: https://eastus.quantum.azure.com/subscriptions/00000000-0000-0000-0000-000000000000/resourceGroups/myresourcegroup/providers/Microsoft.Quantum/workspaces/myworkspace/jobs/00000000-0000-0000-0000-000000000002?api-version=2022-09-12-preview&test-sequence-id=1
  response:
    body:
      string: '{"containerUri": "https://mystorage.blob.core.windows.net/job-00000000-0000-0000-0000-000000000002?sv=PLACEHOLDER&sig=PLACEHOLDER&se=2050-01-01T00%3A00%3A00Z&srt=co&ss=b&sp=racwl",
        "inputDataUri": "https://mystorage.blob.core.windows.net/job-00000000-0000-0000-0000-000000000002/inputData?sv=PLACEHOLDER&sr=b&sig=PLACEHOLDER&se=2050-01-01T00%3A00%3A00Z&sp=rcw",
        "inputDataFormat": "qir.v1", "inputParams": {"entryPoint": "ENTRYPOINT__main",
        "arguments": [], "targetCapability": "AdaptiveExecution"}, "metadata": null,
        "sessionId": "00000000-0000-0000-0000-000000000001", "status": "Waiting",
        "jobType": "QuantumComputing", "outputDataFormat": "microsoft.quantum-results.v1",
        "outputDataUri": "https://mystorage.blob.core.windows.net:443/job-00000000-0000-0000-0000-000000000002/outputData?sv=PLACEHOLDER&sig=PLACEHOLDER&se=2050-01-01T00%3A00%3A00Z&srt=co&ss=b&sp=racwl",
        "beginExecutionTime": null, "cancellationTime": null, "quantumComputingData":
        null, "errorData": null, "isCancelling": false, "tags": [], "name": "Job 1",
        "id": "00000000-0000-0000-0000-000000000002", "providerId": "quantinuum",
        "target": "quantinuum.sim.h1-1e", "creationTime": "2024-05-17T17:17:13.6945757+00:00",
        "endExecutionTime": null, "costEstimate": null, "itemType": "Job"}'
    headers:
      connection:
      - keep-alive
      content-length:
      - '1253'
      content-type:
      - application/json; charset=utf-8
      transfer-encoding:
      - chunked
    status:
      code: 200
      message: OK
- request:
    body: null
    headers:
      Accept:
      - '*/*'
      Accept-Encoding:
      - gzip, deflate
      Connection:
      - keep-alive
      User-Agent:
      - azsdk-python-identity/1.16.0 Python/3.9.19 (Windows-10-10.0.22631-SP0)
    method: GET
    uri: https://login.microsoftonline.com/00000000-0000-0000-0000-000000000000/v2.0/.well-known/openid-configuration
  response:
    body:
      string: '{"token_endpoint": "https://login.microsoftonline.com/00000000-0000-0000-0000-000000000000/oauth2/v2.0/token",
        "token_endpoint_auth_methods_supported": ["client_secret_post", "private_key_jwt",
        "client_secret_basic"], "jwks_uri": "https://login.microsoftonline.com/00000000-0000-0000-0000-000000000000/discovery/v2.0/keys",
        "response_modes_supported": ["query", "fragment", "form_post"], "subject_types_supported":
        ["pairwise"], "id_token_signing_alg_values_supported": ["RS256"], "response_types_supported":
        ["code", "id_token", "code id_token", "id_token token"], "scopes_supported":
        ["openid", "profile", "email", "offline_access"], "issuer": "https://login.microsoftonline.com/00000000-0000-0000-0000-000000000000/v2.0",
        "request_uri_parameter_supported": false, "userinfo_endpoint": "https://graph.microsoft.com/oidc/userinfo",
        "authorization_endpoint": "https://login.microsoftonline.com/00000000-0000-0000-0000-000000000000/oauth2/v2.0/authorize",
        "device_authorization_endpoint": "https://login.microsoftonline.com/00000000-0000-0000-0000-000000000000/oauth2/v2.0/devicecode",
        "http_logout_supported": true, "frontchannel_logout_supported": true, "end_session_endpoint":
        "https://login.microsoftonline.com/00000000-0000-0000-0000-000000000000/oauth2/v2.0/logout",
        "claims_supported": ["sub", "iss", "cloud_instance_name", "cloud_instance_host_name",
        "cloud_graph_host_name", "msgraph_host", "aud", "exp", "iat", "auth_time",
        "acr", "nonce", "preferred_username", "name", "tid", "ver", "at_hash", "c_hash",
        "email"], "kerberos_endpoint": "https://login.microsoftonline.com/00000000-0000-0000-0000-000000000000/kerberos",
        "tenant_region_scope": "WW", "cloud_instance_name": "microsoftonline.com",
        "cloud_graph_host_name": "graph.windows.net", "msgraph_host": "graph.microsoft.com",
        "rbac_url": "https://pas.windows.net"}'
    headers:
      content-length:
      - '1826'
      content-type:
      - application/json; charset=utf-8
    status:
      code: 200
      message: OK
- request:
    body: client_id=PLACEHOLDER&grant_type=client_credentials&client_assertion=PLACEHOLDER&client_info=1&client_assertion_type=PLACEHOLDER&scope=https%3A%2F%2Fquantum.microsoft.com%2F.default
    headers:
      Accept:
      - application/json
      Accept-Encoding:
      - gzip, deflate
      Connection:
      - keep-alive
      Content-Length:
      - '181'
      Content-Type:
      - application/x-www-form-urlencoded
      User-Agent:
      - azsdk-python-identity/1.16.0 Python/3.9.19 (Windows-10-10.0.22631-SP0)
      x-client-current-telemetry:
      - 4|730,2|
      x-client-os:
      - win32
      x-client-sku:
      - MSAL.Python
      x-client-ver:
      - 1.28.0
    method: POST
    uri: https://login.microsoftonline.com/00000000-0000-0000-0000-000000000000/oauth2/v2.0/token
  response:
    body:
      string: '{"token_type": "Bearer", "expires_in": 1747502233, "ext_expires_in":
        1747502233, "refresh_in": 31536000, "access_token": "PLACEHOLDER"}'
    headers:
      content-length:
      - '135'
      content-type:
      - application/json; charset=utf-8
    status:
      code: 200
      message: OK
- request:
    body: 'b''{"containerName": "job-00000000-0000-0000-0000-000000000003"}'''
    headers:
      Accept:
      - application/json
      Accept-Encoding:
      - gzip, deflate
      Connection:
      - keep-alive
      Content-Length:
      - '64'
      Content-Type:
      - application/json
      User-Agent:
      - azsdk-python-quantum/0.0.1 Python/3.9.19 (Windows-10-10.0.22631-SP0)
    method: POST
    uri: https://eastus.quantum.azure.com/subscriptions/00000000-0000-0000-0000-000000000000/resourceGroups/myresourcegroup/providers/Microsoft.Quantum/workspaces/myworkspace/storage/sasUri?api-version=2022-09-12-preview&test-sequence-id=2
  response:
    body:
      string: '{"sasUri": "https://mystorage.blob.core.windows.net/job-00000000-0000-0000-0000-000000000003?sv=PLACEHOLDER&sig=PLACEHOLDER&se=2050-01-01T00%3A00%3A00Z&srt=co&ss=b&sp=racwl"}'
    headers:
      connection:
      - keep-alive
      content-length:
      - '174'
      content-type:
      - application/json; charset=utf-8
      transfer-encoding:
      - chunked
    status:
      code: 200
      message: OK
- request:
    body: null
    headers:
      Accept:
      - application/xml
      Accept-Encoding:
      - gzip, deflate
      Connection:
      - keep-alive
      User-Agent:
      - azsdk-python-storage-blob/12.19.1 Python/3.9.19 (Windows-10-10.0.22631-SP0)
      x-ms-date:
      - Fri, 17 May 2024 17:17:14 GMT
      x-ms-version:
      - '2023-11-03'
    method: GET
    uri: https://mystorage.blob.core.windows.net/job-00000000-0000-0000-0000-000000000003?restype=container&sv=PLACEHOLDER&sig=PLACEHOLDER&se=2050-01-01T00%3A00%3A00Z&srt=co&ss=b&sp=racwl
  response:
    body:
      string: "\uFEFF<?xml version=\"1.0\" encoding=\"utf-8\"?><Error><Code>ContainerNotFound</Code><Message>The
        specified container does not exist.\nRequestId:e050bf2a-c01e-003c-727e-a80507000000\nTime:2024-05-17T17:17:16.3638688Z</Message></Error>"
    headers:
      content-length:
      - '223'
      content-type:
      - application/xml
      x-ms-version:
      - '2023-11-03'
    status:
      code: 404
      message: The specified container does not exist.
- request:
    body: null
    headers:
      Accept:
      - application/xml
      Accept-Encoding:
      - gzip, deflate
      Connection:
      - keep-alive
      Content-Length:
      - '0'
      User-Agent:
      - azsdk-python-storage-blob/12.19.1 Python/3.9.19 (Windows-10-10.0.22631-SP0)
      x-ms-date:
      - Fri, 17 May 2024 17:17:15 GMT
      x-ms-version:
      - '2023-11-03'
    method: PUT
    uri: https://mystorage.blob.core.windows.net/job-00000000-0000-0000-0000-000000000003?restype=container&sv=PLACEHOLDER&sig=PLACEHOLDER&se=2050-01-01T00%3A00%3A00Z&srt=co&ss=b&sp=racwl
  response:
    body:
      string: ''
    headers:
      content-length:
      - '0'
      x-ms-version:
      - '2023-11-03'
    status:
      code: 201
      message: Created
- request:
    body: null
    headers:
      Accept:
      - application/xml
      Accept-Encoding:
      - gzip, deflate
      Connection:
      - keep-alive
      User-Agent:
      - azsdk-python-storage-blob/12.19.1 Python/3.9.19 (Windows-10-10.0.22631-SP0)
      x-ms-date:
      - Fri, 17 May 2024 17:17:15 GMT
      x-ms-version:
      - '2023-11-03'
    method: GET
    uri: https://mystorage.blob.core.windows.net/job-00000000-0000-0000-0000-000000000003?restype=container&sv=PLACEHOLDER&sig=PLACEHOLDER&se=2050-01-01T00%3A00%3A00Z&srt=co&ss=b&sp=racwl
  response:
    body:
      string: ''
    headers:
      content-length:
      - '0'
      x-ms-lease-state:
      - available
      x-ms-lease-status:
      - unlocked
      x-ms-version:
      - '2023-11-03'
    status:
      code: 200
      message: OK
- request:
    body: 'b''%Result = type opaque\n%Qubit = type opaque\n\ndefine void @ENTRYPOINT__main()
      #0 {\n  call void @__quantum__qis__h__body(%Qubit* inttoptr (i64 0 to %Qubit*))\n  call
      void @__quantum__qis__cx__body(%Qubit* inttoptr (i64 0 to %Qubit*), %Qubit*
      inttoptr (i64 1 to %Qubit*))\n  call void @__quantum__qis__h__body(%Qubit* inttoptr
      (i64 2 to %Qubit*))\n  call void @__quantum__qis__cz__body(%Qubit* inttoptr
      (i64 2 to %Qubit*), %Qubit* inttoptr (i64 0 to %Qubit*))\n  call void @__quantum__qis__h__body(%Qubit*
      inttoptr (i64 2 to %Qubit*))\n  call void @__quantum__qis__h__body(%Qubit* inttoptr
      (i64 3 to %Qubit*))\n  call void @__quantum__qis__cz__body(%Qubit* inttoptr
      (i64 3 to %Qubit*), %Qubit* inttoptr (i64 1 to %Qubit*))\n  call void @__quantum__qis__h__body(%Qubit*
      inttoptr (i64 3 to %Qubit*))\n  call void @__quantum__qis__mz__body(%Qubit*
      inttoptr (i64 2 to %Qubit*), %Result* inttoptr (i64 0 to %Result*)) #1\n  call
      void @__quantum__qis__mz__body(%Qubit* inttoptr (i64 3 to %Qubit*), %Result*
      inttoptr (i64 1 to %Result*)) #1\n  call void @__quantum__rt__tuple_record_output(i64
      2, i8* null)\n  call void @__quantum__rt__result_record_output(%Result* inttoptr
      (i64 0 to %Result*), i8* null)\n  call void @__quantum__rt__result_record_output(%Result*
      inttoptr (i64 1 to %Result*), i8* null)\n  ret void\n}\n\ndeclare void @__quantum__qis__ccx__body(%Qubit*,
      %Qubit*, %Qubit*)\ndeclare void @__quantum__qis__cx__body(%Qubit*, %Qubit*)\ndeclare
      void @__quantum__qis__cy__body(%Qubit*, %Qubit*)\ndeclare void @__quantum__qis__cz__body(%Qubit*,
      %Qubit*)\ndeclare void @__quantum__qis__rx__body(double, %Qubit*)\ndeclare void
      @__quantum__qis__rxx__body(double, %Qubit*, %Qubit*)\ndeclare void @__quantum__qis__ry__body(double,
      %Qubit*)\ndeclare void @__quantum__qis__ryy__body(double, %Qubit*, %Qubit*)\ndeclare
      void @__quantum__qis__rz__body(double, %Qubit*)\ndeclare void @__quantum__qis__rzz__body(double,
      %Qubit*, %Qubit*)\ndeclare void @__quantum__qis__h__body(%Qubit*)\ndeclare void
      @__quantum__qis__s__body(%Qubit*)\ndeclare void @__quantum__qis__s__adj(%Qubit*)\ndeclare
      void @__quantum__qis__t__body(%Qubit*)\ndeclare void @__quantum__qis__t__adj(%Qubit*)\ndeclare
      void @__quantum__qis__x__body(%Qubit*)\ndeclare void @__quantum__qis__y__body(%Qubit*)\ndeclare
      void @__quantum__qis__z__body(%Qubit*)\ndeclare void @__quantum__qis__swap__body(%Qubit*,
      %Qubit*)\ndeclare void @__quantum__qis__mz__body(%Qubit*, %Result* writeonly)
      #1\ndeclare void @__quantum__rt__result_record_output(%Result*, i8*)\ndeclare
      void @__quantum__rt__array_record_output(i64, i8*)\ndeclare void @__quantum__rt__tuple_record_output(i64,
      i8*)\n\nattributes #0 = { "entry_point" "output_labeling_schema" "qir_profiles"="base_profile"
      "required_num_qubits"="4" "required_num_results"="2" }\nattributes #1 = { "irreversible"
      }\n\n; module flags\n\n!llvm.module.flags = !{!0, !1, !2, !3}\n\n!0 = !{i32
      1, !"qir_major_version", i32 1}\n!1 = !{i32 7, !"qir_minor_version", i32 0}\n!2
      = !{i32 1, !"dynamic_qubit_management", i1 false}\n!3 = !{i32 1, !"dynamic_result_management",
      i1 false}\n'''
    headers:
      Accept:
      - application/xml
      Accept-Encoding:
      - gzip, deflate
      Connection:
      - keep-alive
      Content-Length:
      - '3073'
      Content-Type:
      - application/octet-stream
      User-Agent:
      - azsdk-python-storage-blob/12.19.1 Python/3.9.19 (Windows-10-10.0.22631-SP0)
      x-ms-blob-type:
      - BlockBlob
      x-ms-date:
      - Fri, 17 May 2024 17:17:16 GMT
      x-ms-version:
      - '2023-11-03'
    method: PUT
    uri: https://mystorage.blob.core.windows.net/job-00000000-0000-0000-0000-000000000003/inputData?sv=PLACEHOLDER&sig=PLACEHOLDER&se=2050-01-01T00%3A00%3A00Z&srt=co&ss=b&sp=racwl
  response:
    body:
      string: ''
    headers:
      content-length:
      - '0'
      x-ms-version:
      - '2023-11-03'
    status:
      code: 201
      message: Created
- request:
    body: 'b''{"id": "00000000-0000-0000-0000-000000000003", "name": "Job 2", "providerId":
      "quantinuum", "target": "quantinuum.sim.h1-1e", "itemType": "Job", "sessionId":
      "00000000-0000-0000-0000-000000000001", "containerUri": "https://mystorage.blob.core.windows.net/job-00000000-0000-0000-0000-000000000003?sv=PLACEHOLDER&sig=PLACEHOLDER&se=2050-01-01T00%3A00%3A00Z&srt=co&ss=b&sp=racwl",
      "inputDataUri": "https://mystorage.blob.core.windows.net/job-00000000-0000-0000-0000-000000000003/inputData",
      "inputDataFormat": "qir.v1", "inputParams": {"entryPoint": "ENTRYPOINT__main",
      "arguments": [], "targetCapability": "AdaptiveExecution"}, "outputDataFormat":
      "microsoft.quantum-results.v1"}'''
    headers:
      Accept:
      - application/json
      Accept-Encoding:
      - gzip, deflate
      Connection:
      - keep-alive
      Content-Length:
      - '680'
      Content-Type:
      - application/json
      User-Agent:
      - azsdk-python-quantum/0.0.1 Python/3.9.19 (Windows-10-10.0.22631-SP0)
    method: PUT
    uri: https://eastus.quantum.azure.com/subscriptions/00000000-0000-0000-0000-000000000000/resourceGroups/myresourcegroup/providers/Microsoft.Quantum/workspaces/myworkspace/jobs/00000000-0000-0000-0000-000000000003?api-version=2022-09-12-preview&test-sequence-id=1
  response:
    body:
      string: '{"containerUri": "https://mystorage.blob.core.windows.net/job-00000000-0000-0000-0000-000000000003?sv=PLACEHOLDER&sig=PLACEHOLDER&se=2050-01-01T00%3A00%3A00Z&srt=co&ss=b&sp=racwl",
        "inputDataUri": "https://mystorage.blob.core.windows.net/job-00000000-0000-0000-0000-000000000003/inputData",
        "inputDataFormat": "qir.v1", "inputParams": {"entryPoint": "ENTRYPOINT__main",
        "arguments": [], "targetCapability": "AdaptiveExecution"}, "metadata": null,
        "sessionId": "00000000-0000-0000-0000-000000000001", "status": "Waiting",
        "jobType": "QuantumComputing", "outputDataFormat": "microsoft.quantum-results.v1",
        "outputDataUri": "https://mystorage.blob.core.windows.net:443/job-00000000-0000-0000-0000-000000000003/outputData?sv=PLACEHOLDER&sig=PLACEHOLDER&se=2050-01-01T00%3A00%3A00Z&srt=co&ss=b&sp=racwl",
        "beginExecutionTime": null, "cancellationTime": null, "quantumComputingData":
        null, "errorData": null, "isCancelling": false, "tags": [], "name": "Job 2",
        "id": "00000000-0000-0000-0000-000000000003", "providerId": "quantinuum",
        "target": "quantinuum.sim.h1-1e", "creationTime": "2024-05-17T17:17:17.6551467+00:00",
        "endExecutionTime": null, "costEstimate": null, "itemType": "Job"}'
    headers:
      connection:
      - keep-alive
      content-length:
      - '1182'
      content-type:
      - application/json; charset=utf-8
      transfer-encoding:
      - chunked
    status:
      code: 200
      message: OK
- request:
    body: null
    headers:
      Accept:
      - application/json
      Accept-Encoding:
      - gzip, deflate
      Connection:
      - keep-alive
      User-Agent:
      - azsdk-python-quantum/0.0.1 Python/3.9.19 (Windows-10-10.0.22631-SP0)
    method: GET
    uri: https://eastus.quantum.azure.com/subscriptions/00000000-0000-0000-0000-000000000000/resourceGroups/myresourcegroup/providers/Microsoft.Quantum/workspaces/myworkspace/jobs/00000000-0000-0000-0000-000000000002?api-version=2022-09-12-preview&test-sequence-id=1
  response:
    body:
      string: '{"containerUri": "https://mystorage.blob.core.windows.net/job-00000000-0000-0000-0000-000000000002?sv=PLACEHOLDER&sr=c&sig=PLACEHOLDER&se=2050-01-01T00%3A00%3A00Z&sp=rcwl",
        "inputDataUri": "https://mystorage.blob.core.windows.net/job-00000000-0000-0000-0000-000000000002/inputData?sv=PLACEHOLDER&sr=b&sig=PLACEHOLDER&se=2050-01-01T00%3A00%3A00Z&sp=r&rscd=attachment%3B%20filename%3DJob%2B1-00000000-0000-0000-0000-000000000002.input.json",
        "inputDataFormat": "qir.v1", "inputParams": {"entryPoint": "ENTRYPOINT__main",
        "arguments": [], "targetCapability": "AdaptiveExecution"}, "metadata": null,
        "sessionId": "00000000-0000-0000-0000-000000000001", "status": "Waiting",
        "jobType": "QuantumComputing", "outputDataFormat": "microsoft.quantum-results.v1",
        "outputDataUri": "https://mystorage.blob.core.windows.net/job-00000000-0000-0000-0000-000000000002/outputData?sv=PLACEHOLDER&sr=b&sig=PLACEHOLDER&se=2050-01-01T00%3A00%3A00Z&sp=r&rscd=attachment%3B%20filename%3DJob%2B1-00000000-0000-0000-0000-000000000002.output.json",
        "beginExecutionTime": null, "cancellationTime": null, "quantumComputingData":
        {"count": 1}, "errorData": null, "isCancelling": false, "tags": [], "name":
        "Job 1", "id": "00000000-0000-0000-0000-000000000002", "providerId": "quantinuum",
        "target": "quantinuum.sim.h1-1e", "creationTime": "2024-05-17T17:17:13.6945757+00:00",
        "endExecutionTime": null, "costEstimate": null, "itemType": "Job"}'
    headers:
      connection:
      - keep-alive
      content-length:
      - '1413'
      content-type:
      - application/json; charset=utf-8
      transfer-encoding:
      - chunked
    status:
      code: 200
      message: OK
- request:
    body: null
    headers:
      Accept:
      - application/json
      Accept-Encoding:
      - gzip, deflate
      Connection:
      - keep-alive
      User-Agent:
      - azsdk-python-quantum/0.0.1 Python/3.9.19 (Windows-10-10.0.22631-SP0)
    method: GET
    uri: https://eastus.quantum.azure.com/subscriptions/00000000-0000-0000-0000-000000000000/resourceGroups/myresourcegroup/providers/Microsoft.Quantum/workspaces/myworkspace/jobs/00000000-0000-0000-0000-000000000002?api-version=2022-09-12-preview&test-sequence-id=2
  response:
    body:
      string: '{"containerUri": "https://mystorage.blob.core.windows.net/job-00000000-0000-0000-0000-000000000002?sv=PLACEHOLDER&sr=c&sig=PLACEHOLDER&se=2050-01-01T00%3A00%3A00Z&sp=rcwl",
        "inputDataUri": "https://mystorage.blob.core.windows.net/job-00000000-0000-0000-0000-000000000002/inputData?sv=PLACEHOLDER&sr=b&sig=PLACEHOLDER&se=2050-01-01T00%3A00%3A00Z&sp=r&rscd=attachment%3B%20filename%3DJob%2B1-00000000-0000-0000-0000-000000000002.input.json",
        "inputDataFormat": "qir.v1", "inputParams": {"entryPoint": "ENTRYPOINT__main",
        "arguments": [], "targetCapability": "AdaptiveExecution"}, "metadata": null,
        "sessionId": "00000000-0000-0000-0000-000000000001", "status": "Waiting",
        "jobType": "QuantumComputing", "outputDataFormat": "microsoft.quantum-results.v1",
        "outputDataUri": "https://mystorage.blob.core.windows.net/job-00000000-0000-0000-0000-000000000002/outputData?sv=PLACEHOLDER&sr=b&sig=PLACEHOLDER&se=2050-01-01T00%3A00%3A00Z&sp=r&rscd=attachment%3B%20filename%3DJob%2B1-00000000-0000-0000-0000-000000000002.output.json",
        "beginExecutionTime": null, "cancellationTime": null, "quantumComputingData":
        {"count": 1}, "errorData": null, "isCancelling": false, "tags": [], "name":
        "Job 1", "id": "00000000-0000-0000-0000-000000000002", "providerId": "quantinuum",
        "target": "quantinuum.sim.h1-1e", "creationTime": "2024-05-17T17:17:13.6945757+00:00",
        "endExecutionTime": null, "costEstimate": null, "itemType": "Job"}'
    headers:
      connection:
      - keep-alive
      content-length:
      - '1413'
      content-type:
      - application/json; charset=utf-8
      transfer-encoding:
      - chunked
    status:
      code: 200
      message: OK
- request:
    body: null
    headers:
      Accept:
      - application/json
      Accept-Encoding:
      - gzip, deflate
      Connection:
      - keep-alive
      User-Agent:
      - azsdk-python-quantum/0.0.1 Python/3.9.19 (Windows-10-10.0.22631-SP0)
    method: GET
    uri: https://eastus.quantum.azure.com/subscriptions/00000000-0000-0000-0000-000000000000/resourceGroups/myresourcegroup/providers/Microsoft.Quantum/workspaces/myworkspace/jobs/00000000-0000-0000-0000-000000000002?api-version=2022-09-12-preview&test-sequence-id=3
  response:
    body:
      string: '{"containerUri": "https://mystorage.blob.core.windows.net/job-00000000-0000-0000-0000-000000000002?sv=PLACEHOLDER&sr=c&sig=PLACEHOLDER&se=2050-01-01T00%3A00%3A00Z&sp=rcwl",
        "inputDataUri": "https://mystorage.blob.core.windows.net/job-00000000-0000-0000-0000-000000000002/inputData?sv=PLACEHOLDER&sr=b&sig=PLACEHOLDER&se=2050-01-01T00%3A00%3A00Z&sp=r&rscd=attachment%3B%20filename%3DJob%2B1-00000000-0000-0000-0000-000000000002.input.json",
        "inputDataFormat": "qir.v1", "inputParams": {"entryPoint": "ENTRYPOINT__main",
        "arguments": [], "targetCapability": "AdaptiveExecution"}, "metadata": null,
        "sessionId": "00000000-0000-0000-0000-000000000001", "status": "Waiting",
        "jobType": "QuantumComputing", "outputDataFormat": "microsoft.quantum-results.v1",
        "outputDataUri": "https://mystorage.blob.core.windows.net/job-00000000-0000-0000-0000-000000000002/outputData?sv=PLACEHOLDER&sr=b&sig=PLACEHOLDER&se=2050-01-01T00%3A00%3A00Z&sp=r&rscd=attachment%3B%20filename%3DJob%2B1-00000000-0000-0000-0000-000000000002.output.json",
        "beginExecutionTime": null, "cancellationTime": null, "quantumComputingData":
        {"count": 1}, "errorData": null, "isCancelling": false, "tags": [], "name":
        "Job 1", "id": "00000000-0000-0000-0000-000000000002", "providerId": "quantinuum",
        "target": "quantinuum.sim.h1-1e", "creationTime": "2024-05-17T17:17:13.6945757+00:00",
        "endExecutionTime": null, "costEstimate": null, "itemType": "Job"}'
    headers:
      connection:
      - keep-alive
      content-length:
      - '1413'
      content-type:
      - application/json; charset=utf-8
      transfer-encoding:
      - chunked
    status:
      code: 200
      message: OK
- request:
    body: null
    headers:
      Accept:
      - application/json
      Accept-Encoding:
      - gzip, deflate
      Connection:
      - keep-alive
      User-Agent:
      - azsdk-python-quantum/0.0.1 Python/3.9.19 (Windows-10-10.0.22631-SP0)
    method: GET
    uri: https://eastus.quantum.azure.com/subscriptions/00000000-0000-0000-0000-000000000000/resourceGroups/myresourcegroup/providers/Microsoft.Quantum/workspaces/myworkspace/jobs/00000000-0000-0000-0000-000000000002?api-version=2022-09-12-preview&test-sequence-id=4
  response:
    body:
      string: '{"containerUri": "https://mystorage.blob.core.windows.net/job-00000000-0000-0000-0000-000000000002?sv=PLACEHOLDER&sr=c&sig=PLACEHOLDER&se=2050-01-01T00%3A00%3A00Z&sp=rcwl",
        "inputDataUri": "https://mystorage.blob.core.windows.net/job-00000000-0000-0000-0000-000000000002/inputData?sv=PLACEHOLDER&sr=b&sig=PLACEHOLDER&se=2050-01-01T00%3A00%3A00Z&sp=r&rscd=attachment%3B%20filename%3DJob%2B1-00000000-0000-0000-0000-000000000002.input.json",
        "inputDataFormat": "qir.v1", "inputParams": {"entryPoint": "ENTRYPOINT__main",
        "arguments": [], "targetCapability": "AdaptiveExecution"}, "metadata": null,
        "sessionId": "00000000-0000-0000-0000-000000000001", "status": "Waiting",
        "jobType": "QuantumComputing", "outputDataFormat": "microsoft.quantum-results.v1",
        "outputDataUri": "https://mystorage.blob.core.windows.net/job-00000000-0000-0000-0000-000000000002/outputData?sv=PLACEHOLDER&sr=b&sig=PLACEHOLDER&se=2050-01-01T00%3A00%3A00Z&sp=r&rscd=attachment%3B%20filename%3DJob%2B1-00000000-0000-0000-0000-000000000002.output.json",
        "beginExecutionTime": null, "cancellationTime": null, "quantumComputingData":
        {"count": 1}, "errorData": null, "isCancelling": false, "tags": [], "name":
        "Job 1", "id": "00000000-0000-0000-0000-000000000002", "providerId": "quantinuum",
        "target": "quantinuum.sim.h1-1e", "creationTime": "2024-05-17T17:17:13.6945757+00:00",
        "endExecutionTime": null, "costEstimate": null, "itemType": "Job"}'
    headers:
      connection:
      - keep-alive
      content-length:
      - '1413'
      content-type:
      - application/json; charset=utf-8
      transfer-encoding:
      - chunked
    status:
      code: 200
      message: OK
- request:
    body: null
    headers:
      Accept:
      - application/json
      Accept-Encoding:
      - gzip, deflate
      Connection:
      - keep-alive
      User-Agent:
      - azsdk-python-quantum/0.0.1 Python/3.9.19 (Windows-10-10.0.22631-SP0)
    method: GET
    uri: https://eastus.quantum.azure.com/subscriptions/00000000-0000-0000-0000-000000000000/resourceGroups/myresourcegroup/providers/Microsoft.Quantum/workspaces/myworkspace/jobs/00000000-0000-0000-0000-000000000002?api-version=2022-09-12-preview&test-sequence-id=5
  response:
    body:
      string: '{"containerUri": "https://mystorage.blob.core.windows.net/job-00000000-0000-0000-0000-000000000002?sv=PLACEHOLDER&sr=c&sig=PLACEHOLDER&se=2050-01-01T00%3A00%3A00Z&sp=rcwl",
        "inputDataUri": "https://mystorage.blob.core.windows.net/job-00000000-0000-0000-0000-000000000002/inputData?sv=PLACEHOLDER&sr=b&sig=PLACEHOLDER&se=2050-01-01T00%3A00%3A00Z&sp=r&rscd=attachment%3B%20filename%3DJob%2B1-00000000-0000-0000-0000-000000000002.input.json",
        "inputDataFormat": "qir.v1", "inputParams": {"entryPoint": "ENTRYPOINT__main",
        "arguments": [], "targetCapability": "AdaptiveExecution"}, "metadata": null,
        "sessionId": "00000000-0000-0000-0000-000000000001", "status": "Waiting",
        "jobType": "QuantumComputing", "outputDataFormat": "microsoft.quantum-results.v1",
        "outputDataUri": "https://mystorage.blob.core.windows.net/job-00000000-0000-0000-0000-000000000002/outputData?sv=PLACEHOLDER&sr=b&sig=PLACEHOLDER&se=2050-01-01T00%3A00%3A00Z&sp=r&rscd=attachment%3B%20filename%3DJob%2B1-00000000-0000-0000-0000-000000000002.output.json",
        "beginExecutionTime": null, "cancellationTime": null, "quantumComputingData":
        {"count": 1}, "errorData": null, "isCancelling": false, "tags": [], "name":
        "Job 1", "id": "00000000-0000-0000-0000-000000000002", "providerId": "quantinuum",
        "target": "quantinuum.sim.h1-1e", "creationTime": "2024-05-17T17:17:13.6945757+00:00",
        "endExecutionTime": null, "costEstimate": null, "itemType": "Job"}'
    headers:
      connection:
      - keep-alive
      content-length:
      - '1413'
      content-type:
      - application/json; charset=utf-8
      transfer-encoding:
      - chunked
    status:
      code: 200
      message: OK
- request:
    body: null
    headers:
      Accept:
      - application/json
      Accept-Encoding:
      - gzip, deflate
      Connection:
      - keep-alive
      User-Agent:
      - azsdk-python-quantum/0.0.1 Python/3.9.19 (Windows-10-10.0.22631-SP0)
    method: GET
    uri: https://eastus.quantum.azure.com/subscriptions/00000000-0000-0000-0000-000000000000/resourceGroups/myresourcegroup/providers/Microsoft.Quantum/workspaces/myworkspace/jobs/00000000-0000-0000-0000-000000000002?api-version=2022-09-12-preview&test-sequence-id=6
  response:
    body:
      string: '{"containerUri": "https://mystorage.blob.core.windows.net/job-00000000-0000-0000-0000-000000000002?sv=PLACEHOLDER&sr=c&sig=PLACEHOLDER&se=2050-01-01T00%3A00%3A00Z&sp=rcwl",
        "inputDataUri": "https://mystorage.blob.core.windows.net/job-00000000-0000-0000-0000-000000000002/inputData?sv=PLACEHOLDER&sr=b&sig=PLACEHOLDER&se=2050-01-01T00%3A00%3A00Z&sp=r&rscd=attachment%3B%20filename%3DJob%2B1-00000000-0000-0000-0000-000000000002.input.json",
        "inputDataFormat": "qir.v1", "inputParams": {"entryPoint": "ENTRYPOINT__main",
        "arguments": [], "targetCapability": "AdaptiveExecution"}, "metadata": null,
        "sessionId": "00000000-0000-0000-0000-000000000001", "status": "Waiting",
        "jobType": "QuantumComputing", "outputDataFormat": "microsoft.quantum-results.v1",
        "outputDataUri": "https://mystorage.blob.core.windows.net/job-00000000-0000-0000-0000-000000000002/outputData?sv=PLACEHOLDER&sr=b&sig=PLACEHOLDER&se=2050-01-01T00%3A00%3A00Z&sp=r&rscd=attachment%3B%20filename%3DJob%2B1-00000000-0000-0000-0000-000000000002.output.json",
        "beginExecutionTime": null, "cancellationTime": null, "quantumComputingData":
        {"count": 1}, "errorData": null, "isCancelling": false, "tags": [], "name":
        "Job 1", "id": "00000000-0000-0000-0000-000000000002", "providerId": "quantinuum",
        "target": "quantinuum.sim.h1-1e", "creationTime": "2024-05-17T17:17:13.6945757+00:00",
        "endExecutionTime": null, "costEstimate": null, "itemType": "Job"}'
    headers:
      connection:
      - keep-alive
      content-length:
      - '1413'
      content-type:
      - application/json; charset=utf-8
      transfer-encoding:
      - chunked
    status:
      code: 200
      message: OK
- request:
    body: null
    headers:
      Accept:
      - application/json
      Accept-Encoding:
      - gzip, deflate
      Connection:
      - keep-alive
      User-Agent:
      - azsdk-python-quantum/0.0.1 Python/3.9.19 (Windows-10-10.0.22631-SP0)
    method: GET
    uri: https://eastus.quantum.azure.com/subscriptions/00000000-0000-0000-0000-000000000000/resourceGroups/myresourcegroup/providers/Microsoft.Quantum/workspaces/myworkspace/jobs/00000000-0000-0000-0000-000000000002?api-version=2022-09-12-preview&test-sequence-id=7
  response:
    body:
      string: '{"containerUri": "https://mystorage.blob.core.windows.net/job-00000000-0000-0000-0000-000000000002?sv=PLACEHOLDER&sr=c&sig=PLACEHOLDER&se=2050-01-01T00%3A00%3A00Z&sp=rcwl",
        "inputDataUri": "https://mystorage.blob.core.windows.net/job-00000000-0000-0000-0000-000000000002/inputData?sv=PLACEHOLDER&sr=b&sig=PLACEHOLDER&se=2050-01-01T00%3A00%3A00Z&sp=r&rscd=attachment%3B%20filename%3DJob%2B1-00000000-0000-0000-0000-000000000002.input.json",
        "inputDataFormat": "qir.v1", "inputParams": {"entryPoint": "ENTRYPOINT__main",
        "arguments": [], "targetCapability": "AdaptiveExecution"}, "metadata": null,
        "sessionId": "00000000-0000-0000-0000-000000000001", "status": "Waiting",
        "jobType": "QuantumComputing", "outputDataFormat": "microsoft.quantum-results.v1",
        "outputDataUri": "https://mystorage.blob.core.windows.net/job-00000000-0000-0000-0000-000000000002/outputData?sv=PLACEHOLDER&sr=b&sig=PLACEHOLDER&se=2050-01-01T00%3A00%3A00Z&sp=r&rscd=attachment%3B%20filename%3DJob%2B1-00000000-0000-0000-0000-000000000002.output.json",
        "beginExecutionTime": null, "cancellationTime": null, "quantumComputingData":
        {"count": 1}, "errorData": null, "isCancelling": false, "tags": [], "name":
        "Job 1", "id": "00000000-0000-0000-0000-000000000002", "providerId": "quantinuum",
        "target": "quantinuum.sim.h1-1e", "creationTime": "2024-05-17T17:17:13.6945757+00:00",
        "endExecutionTime": null, "costEstimate": null, "itemType": "Job"}'
    headers:
      connection:
      - keep-alive
      content-length:
      - '1413'
      content-type:
      - application/json; charset=utf-8
      transfer-encoding:
      - chunked
    status:
      code: 200
      message: OK
- request:
    body: null
    headers:
      Accept:
      - application/json
      Accept-Encoding:
      - gzip, deflate
      Connection:
      - keep-alive
      User-Agent:
      - azsdk-python-quantum/0.0.1 Python/3.9.19 (Windows-10-10.0.22631-SP0)
    method: GET
    uri: https://eastus.quantum.azure.com/subscriptions/00000000-0000-0000-0000-000000000000/resourceGroups/myresourcegroup/providers/Microsoft.Quantum/workspaces/myworkspace/jobs/00000000-0000-0000-0000-000000000002?api-version=2022-09-12-preview&test-sequence-id=8
  response:
    body:
      string: '{"containerUri": "https://mystorage.blob.core.windows.net/job-00000000-0000-0000-0000-000000000002?sv=PLACEHOLDER&sr=c&sig=PLACEHOLDER&se=2050-01-01T00%3A00%3A00Z&sp=rcwl",
        "inputDataUri": "https://mystorage.blob.core.windows.net/job-00000000-0000-0000-0000-000000000002/inputData?sv=PLACEHOLDER&sr=b&sig=PLACEHOLDER&se=2050-01-01T00%3A00%3A00Z&sp=r&rscd=attachment%3B%20filename%3DJob%2B1-00000000-0000-0000-0000-000000000002.input.json",
        "inputDataFormat": "qir.v1", "inputParams": {"entryPoint": "ENTRYPOINT__main",
        "arguments": [], "targetCapability": "AdaptiveExecution"}, "metadata": null,
        "sessionId": "00000000-0000-0000-0000-000000000001", "status": "Waiting",
        "jobType": "QuantumComputing", "outputDataFormat": "microsoft.quantum-results.v1",
        "outputDataUri": "https://mystorage.blob.core.windows.net/job-00000000-0000-0000-0000-000000000002/outputData?sv=PLACEHOLDER&sr=b&sig=PLACEHOLDER&se=2050-01-01T00%3A00%3A00Z&sp=r&rscd=attachment%3B%20filename%3DJob%2B1-00000000-0000-0000-0000-000000000002.output.json",
        "beginExecutionTime": null, "cancellationTime": null, "quantumComputingData":
        {"count": 1}, "errorData": null, "isCancelling": false, "tags": [], "name":
        "Job 1", "id": "00000000-0000-0000-0000-000000000002", "providerId": "quantinuum",
        "target": "quantinuum.sim.h1-1e", "creationTime": "2024-05-17T17:17:13.6945757+00:00",
        "endExecutionTime": null, "costEstimate": null, "itemType": "Job"}'
    headers:
      connection:
      - keep-alive
      content-length:
      - '1413'
      content-type:
      - application/json; charset=utf-8
      transfer-encoding:
      - chunked
    status:
      code: 200
      message: OK
- request:
    body: null
    headers:
      Accept:
      - application/json
      Accept-Encoding:
      - gzip, deflate
      Connection:
      - keep-alive
      User-Agent:
      - azsdk-python-quantum/0.0.1 Python/3.9.19 (Windows-10-10.0.22631-SP0)
    method: GET
    uri: https://eastus.quantum.azure.com/subscriptions/00000000-0000-0000-0000-000000000000/resourceGroups/myresourcegroup/providers/Microsoft.Quantum/workspaces/myworkspace/jobs/00000000-0000-0000-0000-000000000002?api-version=2022-09-12-preview&test-sequence-id=9
  response:
    body:
      string: '{"containerUri": "https://mystorage.blob.core.windows.net/job-00000000-0000-0000-0000-000000000002?sv=PLACEHOLDER&sr=c&sig=PLACEHOLDER&se=2050-01-01T00%3A00%3A00Z&sp=rcwl",
        "inputDataUri": "https://mystorage.blob.core.windows.net/job-00000000-0000-0000-0000-000000000002/inputData?sv=PLACEHOLDER&sr=b&sig=PLACEHOLDER&se=2050-01-01T00%3A00%3A00Z&sp=r&rscd=attachment%3B%20filename%3DJob%2B1-00000000-0000-0000-0000-000000000002.input.json",
        "inputDataFormat": "qir.v1", "inputParams": {"entryPoint": "ENTRYPOINT__main",
        "arguments": [], "targetCapability": "AdaptiveExecution"}, "metadata": null,
        "sessionId": "00000000-0000-0000-0000-000000000001", "status": "Waiting",
        "jobType": "QuantumComputing", "outputDataFormat": "microsoft.quantum-results.v1",
        "outputDataUri": "https://mystorage.blob.core.windows.net/job-00000000-0000-0000-0000-000000000002/outputData?sv=PLACEHOLDER&sr=b&sig=PLACEHOLDER&se=2050-01-01T00%3A00%3A00Z&sp=r&rscd=attachment%3B%20filename%3DJob%2B1-00000000-0000-0000-0000-000000000002.output.json",
        "beginExecutionTime": null, "cancellationTime": null, "quantumComputingData":
        {"count": 1}, "errorData": null, "isCancelling": false, "tags": [], "name":
        "Job 1", "id": "00000000-0000-0000-0000-000000000002", "providerId": "quantinuum",
        "target": "quantinuum.sim.h1-1e", "creationTime": "2024-05-17T17:17:13.6945757+00:00",
        "endExecutionTime": null, "costEstimate": null, "itemType": "Job"}'
    headers:
      connection:
      - keep-alive
      content-length:
      - '1413'
      content-type:
      - application/json; charset=utf-8
      transfer-encoding:
      - chunked
    status:
      code: 200
      message: OK
- request:
    body: null
    headers:
      Accept:
      - application/json
      Accept-Encoding:
      - gzip, deflate
      Connection:
      - keep-alive
      User-Agent:
      - azsdk-python-quantum/0.0.1 Python/3.9.19 (Windows-10-10.0.22631-SP0)
    method: GET
    uri: https://eastus.quantum.azure.com/subscriptions/00000000-0000-0000-0000-000000000000/resourceGroups/myresourcegroup/providers/Microsoft.Quantum/workspaces/myworkspace/jobs/00000000-0000-0000-0000-000000000002?api-version=2022-09-12-preview&test-sequence-id=10
  response:
    body:
      string: '{"containerUri": "https://mystorage.blob.core.windows.net/job-00000000-0000-0000-0000-000000000002?sv=PLACEHOLDER&sr=c&sig=PLACEHOLDER&se=2050-01-01T00%3A00%3A00Z&sp=rcwl",
        "inputDataUri": "https://mystorage.blob.core.windows.net/job-00000000-0000-0000-0000-000000000002/inputData?sv=PLACEHOLDER&sr=b&sig=PLACEHOLDER&se=2050-01-01T00%3A00%3A00Z&sp=r&rscd=attachment%3B%20filename%3DJob%2B1-00000000-0000-0000-0000-000000000002.input.json",
        "inputDataFormat": "qir.v1", "inputParams": {"entryPoint": "ENTRYPOINT__main",
        "arguments": [], "targetCapability": "AdaptiveExecution"}, "metadata": null,
        "sessionId": "00000000-0000-0000-0000-000000000001", "status": "Succeeded",
        "jobType": "QuantumComputing", "outputDataFormat": "microsoft.quantum-results.v1",
        "outputDataUri": "https://mystorage.blob.core.windows.net/job-00000000-0000-0000-0000-000000000002/outputData?sv=PLACEHOLDER&sr=b&sig=PLACEHOLDER&se=2050-01-01T00%3A00%3A00Z&sp=r&rscd=attachment%3B%20filename%3DJob%2B1-00000000-0000-0000-0000-000000000002.output.json",
        "beginExecutionTime": "2024-05-17T17:17:32.060177+00:00", "cancellationTime":
        null, "quantumComputingData": {"count": 1}, "errorData": null, "isCancelling":
        false, "tags": [], "name": "Job 1", "id": "00000000-0000-0000-0000-000000000002",
        "providerId": "quantinuum", "target": "quantinuum.sim.h1-1e", "creationTime":
        "2024-05-17T17:17:13.6945757+00:00", "endExecutionTime": "2024-05-17T17:17:32.491194+00:00",
        "costEstimate": {"currencyCode": "USD", "events": [{"dimensionId": "ehqc",
        "dimensionName": "EHQC", "measureUnit": "hqc", "amountBilled": 5.01, "amountConsumed":
        5.01, "unitPrice": 0.0}], "estimatedTotal": 0.0}, "itemType": "Job"}'
    headers:
      connection:
      - keep-alive
      content-length:
      - '1665'
      content-type:
      - application/json; charset=utf-8
      transfer-encoding:
      - chunked
    status:
      code: 200
      message: OK
- request:
    body: null
    headers:
      Accept:
      - application/json
      Accept-Encoding:
      - gzip, deflate
      Connection:
      - keep-alive
      User-Agent:
      - azsdk-python-quantum/0.0.1 Python/3.9.19 (Windows-10-10.0.22631-SP0)
    method: GET
    uri: https://eastus.quantum.azure.com/subscriptions/00000000-0000-0000-0000-000000000000/resourceGroups/myresourcegroup/providers/Microsoft.Quantum/workspaces/myworkspace/sessions/00000000-0000-0000-0000-000000000001?api-version=2022-09-12-preview&test-sequence-id=1
  response:
    body:
      string: '{"status": "Executing", "jobFailurePolicy": "Abort", "name": "session-00000000-0000-0000-0000-000000000001",
        "id": "00000000-0000-0000-0000-000000000001", "providerId": "quantinuum",
        "target": "quantinuum.sim.h1-1e", "creationTime": "2024-05-17T17:17:09.7266709Z",
        "endExecutionTime": null, "costEstimate": {"currencyCode": "USD", "events":
        [], "estimatedTotal": 0.0}, "itemType": "Session"}'
    headers:
      connection:
      - keep-alive
      content-length:
      - '391'
      content-type:
      - application/json; charset=utf-8
      transfer-encoding:
      - chunked
    status:
      code: 200
      message: OK
- request:
    body: null
    headers:
      Accept:
      - application/json
      Accept-Encoding:
      - gzip, deflate
      Connection:
      - keep-alive
      Content-Length:
      - '0'
      User-Agent:
      - azsdk-python-quantum/0.0.1 Python/3.9.19 (Windows-10-10.0.22631-SP0)
    method: POST
    uri: https://eastus.quantum.azure.com/subscriptions/00000000-0000-0000-0000-000000000000/resourceGroups/myresourcegroup/providers/Microsoft.Quantum/workspaces/myworkspace/sessions/00000000-0000-0000-0000-000000000001:close?api-version=2022-09-12-preview&test-sequence-id=1
  response:
    body:
      string: '{"status": "Executing", "jobFailurePolicy": "Abort", "name": "session-00000000-0000-0000-0000-000000000001",
        "id": "00000000-0000-0000-0000-000000000001", "providerId": "quantinuum",
        "target": "quantinuum.sim.h1-1e", "creationTime": "2024-05-17T17:17:09.7266709Z",
        "endExecutionTime": null, "costEstimate": {"currencyCode": "USD", "events":
        [], "estimatedTotal": 0.0}, "itemType": "Session"}'
    headers:
      connection:
      - keep-alive
      content-length:
      - '391'
      content-type:
      - application/json; charset=utf-8
      transfer-encoding:
      - chunked
    status:
      code: 200
      message: OK
- request:
    body: null
    headers:
      Accept:
      - '*/*'
      Accept-Encoding:
      - gzip, deflate
      Connection:
      - keep-alive
      User-Agent:
      - azsdk-python-identity/1.16.0 Python/3.9.19 (Windows-10-10.0.22631-SP0)
    method: GET
    uri: https://login.microsoftonline.com/00000000-0000-0000-0000-000000000000/v2.0/.well-known/openid-configuration
  response:
    body:
      string: '{"token_endpoint": "https://login.microsoftonline.com/00000000-0000-0000-0000-000000000000/oauth2/v2.0/token",
        "token_endpoint_auth_methods_supported": ["client_secret_post", "private_key_jwt",
        "client_secret_basic"], "jwks_uri": "https://login.microsoftonline.com/00000000-0000-0000-0000-000000000000/discovery/v2.0/keys",
        "response_modes_supported": ["query", "fragment", "form_post"], "subject_types_supported":
        ["pairwise"], "id_token_signing_alg_values_supported": ["RS256"], "response_types_supported":
        ["code", "id_token", "code id_token", "id_token token"], "scopes_supported":
        ["openid", "profile", "email", "offline_access"], "issuer": "https://login.microsoftonline.com/00000000-0000-0000-0000-000000000000/v2.0",
        "request_uri_parameter_supported": false, "userinfo_endpoint": "https://graph.microsoft.com/oidc/userinfo",
        "authorization_endpoint": "https://login.microsoftonline.com/00000000-0000-0000-0000-000000000000/oauth2/v2.0/authorize",
        "device_authorization_endpoint": "https://login.microsoftonline.com/00000000-0000-0000-0000-000000000000/oauth2/v2.0/devicecode",
        "http_logout_supported": true, "frontchannel_logout_supported": true, "end_session_endpoint":
        "https://login.microsoftonline.com/00000000-0000-0000-0000-000000000000/oauth2/v2.0/logout",
        "claims_supported": ["sub", "iss", "cloud_instance_name", "cloud_instance_host_name",
        "cloud_graph_host_name", "msgraph_host", "aud", "exp", "iat", "auth_time",
        "acr", "nonce", "preferred_username", "name", "tid", "ver", "at_hash", "c_hash",
        "email"], "kerberos_endpoint": "https://login.microsoftonline.com/00000000-0000-0000-0000-000000000000/kerberos",
        "tenant_region_scope": "WW", "cloud_instance_name": "microsoftonline.com",
        "cloud_graph_host_name": "graph.windows.net", "msgraph_host": "graph.microsoft.com",
        "rbac_url": "https://pas.windows.net"}'
    headers:
      content-length:
      - '1826'
      content-type:
      - application/json; charset=utf-8
    status:
      code: 200
      message: OK
- request:
    body: client_id=PLACEHOLDER&grant_type=client_credentials&client_assertion=PLACEHOLDER&client_info=1&client_assertion_type=PLACEHOLDER&scope=https%3A%2F%2Fquantum.microsoft.com%2F.default
    headers:
      Accept:
      - application/json
      Accept-Encoding:
      - gzip, deflate
      Connection:
      - keep-alive
      Content-Length:
      - '181'
      Content-Type:
      - application/x-www-form-urlencoded
      User-Agent:
      - azsdk-python-identity/1.16.0 Python/3.9.19 (Windows-10-10.0.22631-SP0)
      x-client-current-telemetry:
      - 4|730,2|
      x-client-os:
      - win32
      x-client-sku:
      - MSAL.Python
      x-client-ver:
      - 1.28.0
    method: POST
    uri: https://login.microsoftonline.com/00000000-0000-0000-0000-000000000000/oauth2/v2.0/token
  response:
    body:
      string: '{"token_type": "Bearer", "expires_in": 1747502255, "ext_expires_in":
        1747502255, "refresh_in": 31536000, "access_token": "PLACEHOLDER"}'
    headers:
      content-length:
      - '135'
      content-type:
      - application/json; charset=utf-8
    status:
      code: 200
      message: OK
- request:
    body: null
    headers:
      Accept:
      - application/json
      Accept-Encoding:
      - gzip, deflate
      Connection:
      - keep-alive
      User-Agent:
      - testapp azsdk-python-quantum/0.0.1 Python/3.9.19 (Windows-10-10.0.22631-SP0)
    method: GET
    uri: https://eastus.quantum.azure.com/subscriptions/00000000-0000-0000-0000-000000000000/resourceGroups/myresourcegroup/providers/Microsoft.Quantum/workspaces/myworkspace/sessions/00000000-0000-0000-0000-000000000001?api-version=2022-09-12-preview&test-sequence-id=2
  response:
    body:
      string: '{"status": "Executing", "jobFailurePolicy": "Abort", "name": "session-00000000-0000-0000-0000-000000000001",
        "id": "00000000-0000-0000-0000-000000000001", "providerId": "quantinuum",
        "target": "quantinuum.sim.h1-1e", "creationTime": "2024-05-17T17:17:09.7266709Z",
        "endExecutionTime": null, "costEstimate": {"currencyCode": "USD", "events":
        [], "estimatedTotal": 0.0}, "itemType": "Session"}'
    headers:
      connection:
      - keep-alive
      content-length:
      - '391'
      content-type:
      - application/json; charset=utf-8
      transfer-encoding:
      - chunked
    status:
      code: 200
      message: OK
- request:
    body: null
    headers:
      Accept:
      - application/json
      Accept-Encoding:
      - gzip, deflate
      Connection:
      - keep-alive
      User-Agent:
      - testapp azsdk-python-quantum/0.0.1 Python/3.9.19 (Windows-10-10.0.22631-SP0)
    method: GET
    uri: https://eastus.quantum.azure.com/subscriptions/00000000-0000-0000-0000-000000000000/resourceGroups/myresourcegroup/providers/Microsoft.Quantum/workspaces/myworkspace/sessions/00000000-0000-0000-0000-000000000001/jobs?api-version=2022-09-12-preview&test-sequence-id=1
  response:
    body:
      string: '{"value": [{"containerUri": "https://mystorage.blob.core.windows.net/job-00000000-0000-0000-0000-000000000002?sv=PLACEHOLDER&sig=PLACEHOLDER&se=2050-01-01T00%3A00%3A00Z&srt=co&ss=b&sp=racwl",
        "inputDataUri": "https://mystorage.blob.core.windows.net/job-00000000-0000-0000-0000-000000000002/inputData?sv=PLACEHOLDER&sr=b&sig=PLACEHOLDER&se=2050-01-01T00%3A00%3A00Z&sp=rcw",
        "inputDataFormat": "qir.v1", "inputParams": {"entryPoint": "ENTRYPOINT__main",
        "arguments": [], "targetCapability": "AdaptiveExecution"}, "metadata": null,
        "sessionId": "00000000-0000-0000-0000-000000000001", "status": "Succeeded",
        "jobType": "QuantumComputing", "outputDataFormat": "microsoft.quantum-results.v1",
        "outputDataUri": "https://mystorage.blob.core.windows.net:443/job-00000000-0000-0000-0000-000000000002/outputData?sv=PLACEHOLDER&sig=PLACEHOLDER&se=2050-01-01T00%3A00%3A00Z&srt=co&ss=b&sp=racwl",
        "beginExecutionTime": "2024-05-17T17:17:32.060177Z", "cancellationTime": null,
        "quantumComputingData": {"count": 1}, "errorData": null, "isCancelling": false,
        "tags": [], "name": "Job 1", "id": "00000000-0000-0000-0000-000000000002",
        "providerId": "quantinuum", "target": "quantinuum.sim.h1-1e", "creationTime":
        "2024-05-17T17:17:13.6945757Z", "endExecutionTime": "2024-05-17T17:17:32.491194Z",
        "costEstimate": {"currencyCode": "USD", "events": [{"dimensionId": "ehqc",
        "dimensionName": "EHQC", "measureUnit": "hqc", "amountBilled": 5.01, "amountConsumed":
        5.01, "unitPrice": 0.0}], "estimatedTotal": 0.0}, "itemType": "Job"}, {"containerUri":
        "https://mystorage.blob.core.windows.net/job-00000000-0000-0000-0000-000000000003?sv=PLACEHOLDER&sig=PLACEHOLDER&se=2050-01-01T00%3A00%3A00Z&srt=co&ss=b&sp=racwl",
        "inputDataUri": "https://mystorage.blob.core.windows.net/job-00000000-0000-0000-0000-000000000003/inputData?sv=PLACEHOLDER&sr=b&sig=PLACEHOLDER&se=2050-01-01T00%3A00%3A00Z&sp=rcw",
        "inputDataFormat": "qir.v1", "inputParams": {"entryPoint": "ENTRYPOINT__main",
        "arguments": [], "targetCapability": "AdaptiveExecution"}, "metadata": null,
        "sessionId": "00000000-0000-0000-0000-000000000001", "status": "Waiting",
        "jobType": "QuantumComputing", "outputDataFormat": "microsoft.quantum-results.v1",
        "outputDataUri": "https://mystorage.blob.core.windows.net:443/job-00000000-0000-0000-0000-000000000003/outputData?sv=PLACEHOLDER&sig=PLACEHOLDER&se=2050-01-01T00%3A00%3A00Z&srt=co&ss=b&sp=racwl",
        "beginExecutionTime": null, "cancellationTime": null, "quantumComputingData":
        {"count": 1}, "errorData": null, "isCancelling": false, "tags": [], "name":
        "Job 2", "id": "00000000-0000-0000-0000-000000000003", "providerId": "quantinuum",
        "target": "quantinuum.sim.h1-1e", "creationTime": "2024-05-17T17:17:17.6551467Z",
        "endExecutionTime": null, "costEstimate": null, "itemType": "Job"}], "nextLink":
        null}'
    headers:
      connection:
      - keep-alive
      content-length:
      - '2787'
      content-type:
      - application/json; charset=utf-8
      transfer-encoding:
      - chunked
    status:
      code: 200
      message: OK
- request:
    body: null
    headers:
      Accept:
      - application/json
      Accept-Encoding:
      - gzip, deflate
      Connection:
      - keep-alive
      User-Agent:
      - testapp azsdk-python-quantum/0.0.1 Python/3.9.19 (Windows-10-10.0.22631-SP0)
    method: GET
    uri: https://eastus.quantum.azure.com/subscriptions/00000000-0000-0000-0000-000000000000/resourceGroups/myresourcegroup/providers/Microsoft.Quantum/workspaces/myworkspace/jobs/00000000-0000-0000-0000-000000000002?api-version=2022-09-12-preview&test-sequence-id=11
  response:
    body:
      string: '{"containerUri": "https://mystorage.blob.core.windows.net/job-00000000-0000-0000-0000-000000000002?sv=PLACEHOLDER&sr=c&sig=PLACEHOLDER&se=2050-01-01T00%3A00%3A00Z&sp=rcwl",
        "inputDataUri": "https://mystorage.blob.core.windows.net/job-00000000-0000-0000-0000-000000000002/inputData?sv=PLACEHOLDER&sr=b&sig=PLACEHOLDER&se=2050-01-01T00%3A00%3A00Z&sp=r&rscd=attachment%3B%20filename%3DJob%2B1-00000000-0000-0000-0000-000000000002.input.json",
        "inputDataFormat": "qir.v1", "inputParams": {"entryPoint": "ENTRYPOINT__main",
        "arguments": [], "targetCapability": "AdaptiveExecution"}, "metadata": null,
        "sessionId": "00000000-0000-0000-0000-000000000001", "status": "Succeeded",
        "jobType": "QuantumComputing", "outputDataFormat": "microsoft.quantum-results.v1",
        "outputDataUri": "https://mystorage.blob.core.windows.net/job-00000000-0000-0000-0000-000000000002/outputData?sv=PLACEHOLDER&sr=b&sig=PLACEHOLDER&se=2050-01-01T00%3A00%3A00Z&sp=r&rscd=attachment%3B%20filename%3DJob%2B1-00000000-0000-0000-0000-000000000002.output.json",
        "beginExecutionTime": "2024-05-17T17:17:32.060177+00:00", "cancellationTime":
        null, "quantumComputingData": {"count": 1}, "errorData": null, "isCancelling":
        false, "tags": [], "name": "Job 1", "id": "00000000-0000-0000-0000-000000000002",
        "providerId": "quantinuum", "target": "quantinuum.sim.h1-1e", "creationTime":
        "2024-05-17T17:17:13.6945757+00:00", "endExecutionTime": "2024-05-17T17:17:32.491194+00:00",
        "costEstimate": {"currencyCode": "USD", "events": [{"dimensionId": "ehqc",
        "dimensionName": "EHQC", "measureUnit": "hqc", "amountBilled": 5.01, "amountConsumed":
        5.01, "unitPrice": 0.0}], "estimatedTotal": 0.0}, "itemType": "Job"}'
    headers:
      connection:
      - keep-alive
      content-length:
      - '1665'
      content-type:
      - application/json; charset=utf-8
      transfer-encoding:
      - chunked
    status:
      code: 200
      message: OK
- request:
    body: null
    headers:
      Accept:
      - application/json
      Accept-Encoding:
      - gzip, deflate
      Connection:
      - keep-alive
      User-Agent:
      - testapp azsdk-python-quantum/0.0.1 Python/3.9.19 (Windows-10-10.0.22631-SP0)
    method: GET
    uri: https://eastus.quantum.azure.com/subscriptions/00000000-0000-0000-0000-000000000000/resourceGroups/myresourcegroup/providers/Microsoft.Quantum/workspaces/myworkspace/jobs/00000000-0000-0000-0000-000000000003?api-version=2022-09-12-preview&test-sequence-id=1
  response:
    body:
      string: '{"containerUri": "https://mystorage.blob.core.windows.net/job-00000000-0000-0000-0000-000000000003?sv=PLACEHOLDER&sr=c&sig=PLACEHOLDER&se=2050-01-01T00%3A00%3A00Z&sp=rcwl",
        "inputDataUri": "https://mystorage.blob.core.windows.net/job-00000000-0000-0000-0000-000000000003/inputData?sv=PLACEHOLDER&sr=b&sig=PLACEHOLDER&se=2050-01-01T00%3A00%3A00Z&sp=r&rscd=attachment%3B%20filename%3DJob%2B2-00000000-0000-0000-0000-000000000003.input.json",
        "inputDataFormat": "qir.v1", "inputParams": {"entryPoint": "ENTRYPOINT__main",
        "arguments": [], "targetCapability": "AdaptiveExecution"}, "metadata": null,
        "sessionId": "00000000-0000-0000-0000-000000000001", "status": "Executing",
        "jobType": "QuantumComputing", "outputDataFormat": "microsoft.quantum-results.v1",
        "outputDataUri": "https://mystorage.blob.core.windows.net/job-00000000-0000-0000-0000-000000000003/outputData?sv=PLACEHOLDER&sr=b&sig=PLACEHOLDER&se=2050-01-01T00%3A00%3A00Z&sp=r&rscd=attachment%3B%20filename%3DJob%2B2-00000000-0000-0000-0000-000000000003.output.json",
        "beginExecutionTime": "2024-05-17T17:17:37.164282+00:00", "cancellationTime":
        null, "quantumComputingData": {"count": 1}, "errorData": null, "isCancelling":
        false, "tags": [], "name": "Job 2", "id": "00000000-0000-0000-0000-000000000003",
        "providerId": "quantinuum", "target": "quantinuum.sim.h1-1e", "creationTime":
        "2024-05-17T17:17:17.6551467+00:00", "endExecutionTime": null, "costEstimate":
        null, "itemType": "Job"}'
    headers:
      connection:
      - keep-alive
      content-length:
      - '1445'
      content-type:
      - application/json; charset=utf-8
      transfer-encoding:
      - chunked
    status:
      code: 200
      message: OK
- request:
    body: null
    headers:
      Accept:
      - application/json
      Accept-Encoding:
      - gzip, deflate
      Connection:
      - keep-alive
      User-Agent:
      - testapp azsdk-python-quantum/0.0.1 Python/3.9.19 (Windows-10-10.0.22631-SP0)
    method: GET
    uri: https://eastus.quantum.azure.com/subscriptions/00000000-0000-0000-0000-000000000000/resourceGroups/myresourcegroup/providers/Microsoft.Quantum/workspaces/myworkspace/jobs/00000000-0000-0000-0000-000000000003?api-version=2022-09-12-preview&test-sequence-id=2
  response:
    body:
      string: '{"containerUri": "https://mystorage.blob.core.windows.net/job-00000000-0000-0000-0000-000000000003?sv=PLACEHOLDER&sr=c&sig=PLACEHOLDER&se=2050-01-01T00%3A00%3A00Z&sp=rcwl",
        "inputDataUri": "https://mystorage.blob.core.windows.net/job-00000000-0000-0000-0000-000000000003/inputData?sv=PLACEHOLDER&sr=b&sig=PLACEHOLDER&se=2050-01-01T00%3A00%3A00Z&sp=r&rscd=attachment%3B%20filename%3DJob%2B2-00000000-0000-0000-0000-000000000003.input.json",
        "inputDataFormat": "qir.v1", "inputParams": {"entryPoint": "ENTRYPOINT__main",
        "arguments": [], "targetCapability": "AdaptiveExecution"}, "metadata": null,
        "sessionId": "00000000-0000-0000-0000-000000000001", "status": "Executing",
        "jobType": "QuantumComputing", "outputDataFormat": "microsoft.quantum-results.v1",
        "outputDataUri": "https://mystorage.blob.core.windows.net/job-00000000-0000-0000-0000-000000000003/outputData?sv=PLACEHOLDER&sr=b&sig=PLACEHOLDER&se=2050-01-01T00%3A00%3A00Z&sp=r&rscd=attachment%3B%20filename%3DJob%2B2-00000000-0000-0000-0000-000000000003.output.json",
        "beginExecutionTime": "2024-05-17T17:17:37.164282+00:00", "cancellationTime":
        null, "quantumComputingData": {"count": 1}, "errorData": null, "isCancelling":
        false, "tags": [], "name": "Job 2", "id": "00000000-0000-0000-0000-000000000003",
        "providerId": "quantinuum", "target": "quantinuum.sim.h1-1e", "creationTime":
        "2024-05-17T17:17:17.6551467+00:00", "endExecutionTime": null, "costEstimate":
        null, "itemType": "Job"}'
    headers:
      connection:
      - keep-alive
      content-length:
      - '1445'
      content-type:
      - application/json; charset=utf-8
      transfer-encoding:
      - chunked
    status:
      code: 200
      message: OK
- request:
    body: null
    headers:
      Accept:
      - application/json
      Accept-Encoding:
      - gzip, deflate
      Connection:
      - keep-alive
      User-Agent:
      - testapp azsdk-python-quantum/0.0.1 Python/3.9.19 (Windows-10-10.0.22631-SP0)
    method: GET
    uri: https://eastus.quantum.azure.com/subscriptions/00000000-0000-0000-0000-000000000000/resourceGroups/myresourcegroup/providers/Microsoft.Quantum/workspaces/myworkspace/jobs/00000000-0000-0000-0000-000000000003?api-version=2022-09-12-preview&test-sequence-id=3
  response:
    body:
      string: '{"containerUri": "https://mystorage.blob.core.windows.net/job-00000000-0000-0000-0000-000000000003?sv=PLACEHOLDER&sr=c&sig=PLACEHOLDER&se=2050-01-01T00%3A00%3A00Z&sp=rcwl",
        "inputDataUri": "https://mystorage.blob.core.windows.net/job-00000000-0000-0000-0000-000000000003/inputData?sv=PLACEHOLDER&sr=b&sig=PLACEHOLDER&se=2050-01-01T00%3A00%3A00Z&sp=r&rscd=attachment%3B%20filename%3DJob%2B2-00000000-0000-0000-0000-000000000003.input.json",
        "inputDataFormat": "qir.v1", "inputParams": {"entryPoint": "ENTRYPOINT__main",
        "arguments": [], "targetCapability": "AdaptiveExecution"}, "metadata": null,
        "sessionId": "00000000-0000-0000-0000-000000000001", "status": "Executing",
        "jobType": "QuantumComputing", "outputDataFormat": "microsoft.quantum-results.v1",
        "outputDataUri": "https://mystorage.blob.core.windows.net/job-00000000-0000-0000-0000-000000000003/outputData?sv=PLACEHOLDER&sr=b&sig=PLACEHOLDER&se=2050-01-01T00%3A00%3A00Z&sp=r&rscd=attachment%3B%20filename%3DJob%2B2-00000000-0000-0000-0000-000000000003.output.json",
        "beginExecutionTime": "2024-05-17T17:17:37.164282+00:00", "cancellationTime":
        null, "quantumComputingData": {"count": 1}, "errorData": null, "isCancelling":
        false, "tags": [], "name": "Job 2", "id": "00000000-0000-0000-0000-000000000003",
        "providerId": "quantinuum", "target": "quantinuum.sim.h1-1e", "creationTime":
        "2024-05-17T17:17:17.6551467+00:00", "endExecutionTime": null, "costEstimate":
        null, "itemType": "Job"}'
    headers:
      connection:
      - keep-alive
      content-length:
      - '1445'
      content-type:
      - application/json; charset=utf-8
      transfer-encoding:
      - chunked
    status:
      code: 200
      message: OK
- request:
    body: null
    headers:
      Accept:
      - application/json
      Accept-Encoding:
      - gzip, deflate
      Connection:
      - keep-alive
      User-Agent:
      - testapp azsdk-python-quantum/0.0.1 Python/3.9.19 (Windows-10-10.0.22631-SP0)
    method: GET
    uri: https://eastus.quantum.azure.com/subscriptions/00000000-0000-0000-0000-000000000000/resourceGroups/myresourcegroup/providers/Microsoft.Quantum/workspaces/myworkspace/jobs/00000000-0000-0000-0000-000000000003?api-version=2022-09-12-preview&test-sequence-id=4
  response:
    body:
      string: '{"containerUri": "https://mystorage.blob.core.windows.net/job-00000000-0000-0000-0000-000000000003?sv=PLACEHOLDER&sr=c&sig=PLACEHOLDER&se=2050-01-01T00%3A00%3A00Z&sp=rcwl",
        "inputDataUri": "https://mystorage.blob.core.windows.net/job-00000000-0000-0000-0000-000000000003/inputData?sv=PLACEHOLDER&sr=b&sig=PLACEHOLDER&se=2050-01-01T00%3A00%3A00Z&sp=r&rscd=attachment%3B%20filename%3DJob%2B2-00000000-0000-0000-0000-000000000003.input.json",
        "inputDataFormat": "qir.v1", "inputParams": {"entryPoint": "ENTRYPOINT__main",
        "arguments": [], "targetCapability": "AdaptiveExecution"}, "metadata": null,
        "sessionId": "00000000-0000-0000-0000-000000000001", "status": "Succeeded",
        "jobType": "QuantumComputing", "outputDataFormat": "microsoft.quantum-results.v1",
        "outputDataUri": "https://mystorage.blob.core.windows.net/job-00000000-0000-0000-0000-000000000003/outputData?sv=PLACEHOLDER&sr=b&sig=PLACEHOLDER&se=2050-01-01T00%3A00%3A00Z&sp=r&rscd=attachment%3B%20filename%3DJob%2B2-00000000-0000-0000-0000-000000000003.output.json",
        "beginExecutionTime": "2024-05-17T17:17:37.164282+00:00", "cancellationTime":
        null, "quantumComputingData": {"count": 1}, "errorData": null, "isCancelling":
        false, "tags": [], "name": "Job 2", "id": "00000000-0000-0000-0000-000000000003",
        "providerId": "quantinuum", "target": "quantinuum.sim.h1-1e", "creationTime":
        "2024-05-17T17:17:17.6551467+00:00", "endExecutionTime": "2024-05-17T17:17:37.574335+00:00",
        "costEstimate": {"currencyCode": "USD", "events": [{"dimensionId": "ehqc",
        "dimensionName": "EHQC", "measureUnit": "hqc", "amountBilled": 5.01, "amountConsumed":
        5.01, "unitPrice": 0.0}], "estimatedTotal": 0.0}, "itemType": "Job"}'
    headers:
      connection:
      - keep-alive
      content-length:
      - '1665'
      content-type:
      - application/json; charset=utf-8
      transfer-encoding:
      - chunked
    status:
      code: 200
      message: OK
- request:
    body: null
    headers:
      Accept:
      - application/json
      Accept-Encoding:
      - gzip, deflate
      Connection:
      - keep-alive
      User-Agent:
      - testapp azsdk-python-quantum/0.0.1 Python/3.9.19 (Windows-10-10.0.22631-SP0)
    method: GET
    uri: https://eastus.quantum.azure.com/subscriptions/00000000-0000-0000-0000-000000000000/resourceGroups/myresourcegroup/providers/Microsoft.Quantum/workspaces/myworkspace/sessions/00000000-0000-0000-0000-000000000001?api-version=2022-09-12-preview&test-sequence-id=3
  response:
    body:
      string: '{"status": "Succeeded", "jobFailurePolicy": "Abort", "name": "session-00000000-0000-0000-0000-000000000001",
        "id": "00000000-0000-0000-0000-000000000001", "providerId": "quantinuum",
        "target": "quantinuum.sim.h1-1e", "creationTime": "2024-05-17T17:17:09.7266709Z",
        "endExecutionTime": "2024-05-17T17:17:39.2793276Z", "costEstimate": {"currencyCode":
        "USD", "events": [], "estimatedTotal": 0.0}, "itemType": "Session"}'
    headers:
      connection:
      - keep-alive
      content-length:
      - '417'
      content-type:
      - application/json; charset=utf-8
      transfer-encoding:
      - chunked
    status:
      code: 200
      message: OK
version: 1
