interactions:
- request:
    body: null
    headers:
      Accept:
      - '*/*'
      Accept-Encoding:
      - gzip, deflate
      Connection:
      - keep-alive
      User-Agent:
      - azsdk-python-identity/1.17.1 Python/3.9.19 (Windows-10-10.0.22631-SP0)
    method: GET
    uri: https://login.microsoftonline.com/00000000-0000-0000-0000-000000000000/v2.0/.well-known/openid-configuration
  response:
    body:
      string: '{"token_endpoint": "https://login.microsoftonline.com/00000000-0000-0000-0000-000000000000/oauth2/v2.0/token",
        "token_endpoint_auth_methods_supported": ["client_secret_post", "private_key_jwt",
        "client_secret_basic"], "jwks_uri": "https://login.microsoftonline.com/00000000-0000-0000-0000-000000000000/discovery/v2.0/keys",
        "response_modes_supported": ["query", "fragment", "form_post"], "subject_types_supported":
        ["pairwise"], "id_token_signing_alg_values_supported": ["RS256"], "response_types_supported":
        ["code", "id_token", "code id_token", "id_token token"], "scopes_supported":
        ["openid", "profile", "email", "offline_access"], "issuer": "https://login.microsoftonline.com/00000000-0000-0000-0000-000000000000/v2.0",
        "request_uri_parameter_supported": false, "userinfo_endpoint": "https://graph.microsoft.com/oidc/userinfo",
        "authorization_endpoint": "https://login.microsoftonline.com/00000000-0000-0000-0000-000000000000/oauth2/v2.0/authorize",
        "device_authorization_endpoint": "https://login.microsoftonline.com/00000000-0000-0000-0000-000000000000/oauth2/v2.0/devicecode",
        "http_logout_supported": true, "frontchannel_logout_supported": true, "end_session_endpoint":
        "https://login.microsoftonline.com/00000000-0000-0000-0000-000000000000/oauth2/v2.0/logout",
        "claims_supported": ["sub", "iss", "cloud_instance_name", "cloud_instance_host_name",
        "cloud_graph_host_name", "msgraph_host", "aud", "exp", "iat", "auth_time",
        "acr", "nonce", "preferred_username", "name", "tid", "ver", "at_hash", "c_hash",
        "email"], "kerberos_endpoint": "https://login.microsoftonline.com/00000000-0000-0000-0000-000000000000/kerberos",
        "tenant_region_scope": "WW", "cloud_instance_name": "microsoftonline.com",
        "cloud_graph_host_name": "graph.windows.net", "msgraph_host": "graph.microsoft.com",
        "rbac_url": "https://pas.windows.net"}'
    headers:
      content-length:
      - '1826'
      content-type:
      - application/json; charset=utf-8
    status:
      code: 200
      message: OK
- request:
    body: client_id=PLACEHOLDER&grant_type=client_credentials&client_assertion=PLACEHOLDER&client_info=1&client_assertion_type=PLACEHOLDER&scope=https%3A%2F%2Fquantum.microsoft.com%2F.default
    headers:
      Accept:
      - application/json
      Accept-Encoding:
      - gzip, deflate
      Connection:
      - keep-alive
      Content-Length:
      - '181'
      Content-Type:
      - application/x-www-form-urlencoded
      User-Agent:
      - azsdk-python-identity/1.17.1 Python/3.9.19 (Windows-10-10.0.22631-SP0)
      x-client-current-telemetry:
      - 4|730,2|
      x-client-os:
      - win32
      x-client-sku:
      - MSAL.Python
      x-client-ver:
      - 1.30.0
    method: POST
    uri: https://login.microsoftonline.com/00000000-0000-0000-0000-000000000000/oauth2/v2.0/token
  response:
    body:
      string: '{"token_type": "Bearer", "expires_in": 1754790480, "ext_expires_in":
        1754790480, "refresh_in": 31536000, "access_token": "PLACEHOLDER"}'
    headers:
      content-length:
      - '135'
      content-type:
      - application/json; charset=utf-8
    status:
      code: 200
      message: OK
- request:
    body: 'b''{"containerName": "job-00000000-0000-0000-0000-000000000001"}'''
    headers:
      Accept:
      - application/json
      Accept-Encoding:
      - gzip, deflate
      Connection:
      - keep-alive
      Content-Length:
      - '64'
      Content-Type:
      - application/json
      User-Agent:
      - azsdk-python-quantum/0.0.1 Python/3.9.19 (Windows-10-10.0.22631-SP0)
    method: POST
    uri: https://eastus.quantum.azure.com/subscriptions/00000000-0000-0000-0000-000000000000/resourceGroups/myresourcegroup/providers/Microsoft.Quantum/workspaces/myworkspace/storage/sasUri?api-version=2022-09-12-preview&test-sequence-id=1
  response:
    body:
      string: '{"sasUri": "https://mystorage.blob.core.windows.net/job-00000000-0000-0000-0000-000000000001?sv=PLACEHOLDER&sig=PLACEHOLDER&se=2050-01-01T00%3A00%3A00Z&srt=co&ss=b&sp=racwl"}'
    headers:
      connection:
      - keep-alive
      content-length:
      - '174'
      content-type:
      - application/json; charset=utf-8
      transfer-encoding:
      - chunked
    status:
      code: 200
      message: OK
- request:
    body: null
    headers:
      Accept:
      - application/xml
      Accept-Encoding:
      - gzip, deflate
      Connection:
      - keep-alive
      User-Agent:
      - azsdk-python-storage-blob/12.20.0 Python/3.9.19 (Windows-10-10.0.22631-SP0)
      x-ms-date:
      - Sat, 10 Aug 2024 01:48:01 GMT
      x-ms-version:
      - '2024-05-04'
    method: GET
    uri: https://mystorage.blob.core.windows.net/job-00000000-0000-0000-0000-000000000001?restype=container&sv=PLACEHOLDER&sig=PLACEHOLDER&se=2050-01-01T00%3A00%3A00Z&srt=co&ss=b&sp=racwl
  response:
    body:
      string: "\uFEFF<?xml version=\"1.0\" encoding=\"utf-8\"?><Error><Code>ContainerNotFound</Code><Message>The
        specified container does not exist.\nRequestId:c6db9446-901e-0013-34c7-ea6766000000\nTime:2024-08-10T01:48:01.8839860Z</Message></Error>"
    headers:
      content-length:
      - '223'
      content-type:
      - application/xml
      x-ms-version:
      - '2024-05-04'
    status:
      code: 404
      message: The specified container does not exist.
- request:
    body: null
    headers:
      Accept:
      - application/xml
      Accept-Encoding:
      - gzip, deflate
      Connection:
      - keep-alive
      Content-Length:
      - '0'
      User-Agent:
      - azsdk-python-storage-blob/12.20.0 Python/3.9.19 (Windows-10-10.0.22631-SP0)
      x-ms-date:
      - Sat, 10 Aug 2024 01:48:01 GMT
      x-ms-version:
      - '2024-05-04'
    method: PUT
    uri: https://mystorage.blob.core.windows.net/job-00000000-0000-0000-0000-000000000001?restype=container&sv=PLACEHOLDER&sig=PLACEHOLDER&se=2050-01-01T00%3A00%3A00Z&srt=co&ss=b&sp=racwl
  response:
    body:
      string: ''
    headers:
      content-length:
      - '0'
      x-ms-version:
      - '2024-05-04'
    status:
      code: 201
      message: Created
- request:
    body: null
    headers:
      Accept:
      - application/xml
      Accept-Encoding:
      - gzip, deflate
      Connection:
      - keep-alive
      User-Agent:
      - azsdk-python-storage-blob/12.20.0 Python/3.9.19 (Windows-10-10.0.22631-SP0)
      x-ms-date:
      - Sat, 10 Aug 2024 01:48:01 GMT
      x-ms-version:
      - '2024-05-04'
    method: GET
    uri: https://mystorage.blob.core.windows.net/job-00000000-0000-0000-0000-000000000001?restype=container&sv=PLACEHOLDER&sig=PLACEHOLDER&se=2050-01-01T00%3A00%3A00Z&srt=co&ss=b&sp=racwl
  response:
    body:
      string: ''
    headers:
      content-length:
      - '0'
      x-ms-lease-state:
      - available
      x-ms-lease-status:
      - unlocked
      x-ms-version:
      - '2024-05-04'
    status:
      code: 200
      message: OK
- request:
    body: b'a\n\nDECLARE ro BIT[2]\n\nH 0\nCNOT 0 1\n\nMEASURE 0 ro[0]\nMEASURE 1
      ro[1]\n'
    headers:
      Accept:
      - application/xml
      Accept-Encoding:
      - gzip, deflate
      Connection:
      - keep-alive
      Content-Length:
      - '80'
      Content-Type:
      - application/octet-stream
      User-Agent:
      - azsdk-python-storage-blob/12.20.0 Python/3.9.19 (Windows-10-10.0.22631-SP0)
      x-ms-blob-type:
      - BlockBlob
      x-ms-date:
      - Sat, 10 Aug 2024 01:48:01 GMT
      x-ms-version:
      - '2024-05-04'
    method: PUT
    uri: https://mystorage.blob.core.windows.net/job-00000000-0000-0000-0000-000000000001/inputData?sv=PLACEHOLDER&sig=PLACEHOLDER&se=2050-01-01T00%3A00%3A00Z&srt=co&ss=b&sp=racwl
  response:
    body:
      string: ''
    headers:
      content-length:
      - '0'
      x-ms-version:
      - '2024-05-04'
    status:
      code: 201
      message: Created
- request:
    body: 'b''{"id": "00000000-0000-0000-0000-000000000001", "name": "qdk-python-test",
      "providerId": "rigetti", "target": "rigetti.sim.qvm", "itemType": "Job", "containerUri":
      "https://mystorage.blob.core.windows.net/job-00000000-0000-0000-0000-000000000001?sv=PLACEHOLDER&sig=PLACEHOLDER&se=2050-01-01T00%3A00%3A00Z&srt=co&ss=b&sp=racwl",
      "inputDataUri": "https://mystorage.blob.core.windows.net/job-00000000-0000-0000-0000-000000000001/inputData",
      "inputDataFormat": "rigetti.quil.v1", "inputParams": {}, "outputDataFormat":
      "rigetti.quil-results.v1"}'''
    headers:
      Accept:
      - application/json
      Accept-Encoding:
      - gzip, deflate
      Connection:
      - keep-alive
      Content-Length:
      - '543'
      Content-Type:
      - application/json
      User-Agent:
      - azsdk-python-quantum/0.0.1 Python/3.9.19 (Windows-10-10.0.22631-SP0)
    method: PUT
    uri: https://eastus.quantum.azure.com/subscriptions/00000000-0000-0000-0000-000000000000/resourceGroups/myresourcegroup/providers/Microsoft.Quantum/workspaces/myworkspace/jobs/00000000-0000-0000-0000-000000000001?api-version=2022-09-12-preview&test-sequence-id=1
  response:
    body:
      string: '{"containerUri": "https://mystorage.blob.core.windows.net/job-00000000-0000-0000-0000-000000000001?sv=PLACEHOLDER&sig=PLACEHOLDER&se=2050-01-01T00%3A00%3A00Z&srt=co&ss=b&sp=racwl",
        "inputDataUri": "https://mystorage.blob.core.windows.net/job-00000000-0000-0000-0000-000000000001/inputData?sv=PLACEHOLDER&sr=b&sig=PLACEHOLDER&se=2050-01-01T00%3A00%3A00Z&sp=rcw",
        "inputDataFormat": "rigetti.quil.v1", "inputParams": {}, "metadata": null,
        "sessionId": null, "status": "Waiting", "jobType": "QuantumComputing", "outputDataFormat":
        "rigetti.quil-results.v1", "outputDataUri": "https://mystorage.blob.core.windows.net:443/job-00000000-0000-0000-0000-000000000001/outputData?sv=PLACEHOLDER&sig=PLACEHOLDER&se=2050-01-01T00%3A00%3A00Z&srt=co&ss=b&sp=racwl",
        "beginExecutionTime": null, "cancellationTime": null, "quantumComputingData":
        null, "errorData": null, "isCancelling": false, "tags": [], "name": "qdk-python-test",
        "id": "00000000-0000-0000-0000-000000000001", "providerId": "rigetti", "target":
        "rigetti.sim.qvm", "creationTime": "2024-08-10T01:48:02.3858247+00:00", "endExecutionTime":
        null, "costEstimate": null, "itemType": "Job"}'
    headers:
      connection:
      - keep-alive
      content-length:
      - '1135'
      content-type:
      - application/json; charset=utf-8
      transfer-encoding:
      - chunked
    status:
      code: 200
      message: OK
- request:
    body: null
    headers:
      Accept:
      - application/json
      Accept-Encoding:
      - gzip, deflate
      Connection:
      - keep-alive
      User-Agent:
      - azsdk-python-quantum/0.0.1 Python/3.9.19 (Windows-10-10.0.22631-SP0)
    method: GET
    uri: https://eastus.quantum.azure.com/subscriptions/00000000-0000-0000-0000-000000000000/resourceGroups/myresourcegroup/providers/Microsoft.Quantum/workspaces/myworkspace/jobs/00000000-0000-0000-0000-000000000001?api-version=2022-09-12-preview&test-sequence-id=1
  response:
    body:
      string: '{"containerUri": "https://mystorage.blob.core.windows.net/job-00000000-0000-0000-0000-000000000001?sv=PLACEHOLDER&sr=c&sig=PLACEHOLDER&se=2050-01-01T00%3A00%3A00Z&sp=rcwl",
        "inputDataUri": "https://mystorage.blob.core.windows.net/job-00000000-0000-0000-0000-000000000001/inputData?sv=PLACEHOLDER&sr=b&sig=PLACEHOLDER&se=2050-01-01T00%3A00%3A00Z&sp=r&rscd=attachment%3B%20filename%3Dqdk-python-test-00000000-0000-0000-0000-000000000001.input.json",
        "inputDataFormat": "rigetti.quil.v1", "inputParams": {}, "metadata": null,
        "sessionId": null, "status": "Waiting", "jobType": "QuantumComputing", "outputDataFormat":
        "rigetti.quil-results.v1", "outputDataUri": "https://mystorage.blob.core.windows.net/job-00000000-0000-0000-0000-000000000001/outputData?sv=PLACEHOLDER&sr=b&sig=PLACEHOLDER&se=2050-01-01T00%3A00%3A00Z&sp=r&rscd=attachment%3B%20filename%3Dqdk-python-test-00000000-0000-0000-0000-000000000001.output.json",
        "beginExecutionTime": null, "cancellationTime": null, "quantumComputingData":
        null, "errorData": null, "isCancelling": false, "tags": [], "name": "qdk-python-test",
        "id": "00000000-0000-0000-0000-000000000001", "providerId": "rigetti", "target":
        "rigetti.sim.qvm", "creationTime": "2024-08-10T01:48:02.3858247+00:00", "endExecutionTime":
        null, "costEstimate": null, "itemType": "Job"}'
    headers:
      connection:
      - keep-alive
      content-length:
      - '1303'
      content-type:
      - application/json; charset=utf-8
      transfer-encoding:
      - chunked
    status:
      code: 200
      message: OK
- request:
    body: null
    headers:
      Accept:
      - application/json
      Accept-Encoding:
      - gzip, deflate
      Connection:
      - keep-alive
      User-Agent:
      - azsdk-python-quantum/0.0.1 Python/3.9.19 (Windows-10-10.0.22631-SP0)
    method: GET
    uri: https://eastus.quantum.azure.com/subscriptions/00000000-0000-0000-0000-000000000000/resourceGroups/myresourcegroup/providers/Microsoft.Quantum/workspaces/myworkspace/jobs/00000000-0000-0000-0000-000000000001?api-version=2022-09-12-preview&test-sequence-id=2
  response:
    body:
      string: '{"containerUri": "https://mystorage.blob.core.windows.net/job-00000000-0000-0000-0000-000000000001?sv=PLACEHOLDER&sr=c&sig=PLACEHOLDER&se=2050-01-01T00%3A00%3A00Z&sp=rcwl",
        "inputDataUri": "https://mystorage.blob.core.windows.net/job-00000000-0000-0000-0000-000000000001/inputData?sv=PLACEHOLDER&sr=b&sig=PLACEHOLDER&se=2050-01-01T00%3A00%3A00Z&sp=r&rscd=attachment%3B%20filename%3Dqdk-python-test-00000000-0000-0000-0000-000000000001.input.json",
        "inputDataFormat": "rigetti.quil.v1", "inputParams": {}, "metadata": null,
        "sessionId": null, "status": "Waiting", "jobType": "QuantumComputing", "outputDataFormat":
        "rigetti.quil-results.v1", "outputDataUri": "https://mystorage.blob.core.windows.net/job-00000000-0000-0000-0000-000000000001/outputData?sv=PLACEHOLDER&sr=b&sig=PLACEHOLDER&se=2050-01-01T00%3A00%3A00Z&sp=r&rscd=attachment%3B%20filename%3Dqdk-python-test-00000000-0000-0000-0000-000000000001.output.json",
        "beginExecutionTime": null, "cancellationTime": null, "quantumComputingData":
        {"count": 1}, "errorData": null, "isCancelling": false, "tags": [], "name":
        "qdk-python-test", "id": "00000000-0000-0000-0000-000000000001", "providerId":
        "rigetti", "target": "rigetti.sim.qvm", "creationTime": "2024-08-10T01:48:02.3858247+00:00",
        "endExecutionTime": null, "costEstimate": null, "itemType": "Job"}'
    headers:
      connection:
      - keep-alive
      content-length:
      - '1311'
      content-type:
      - application/json; charset=utf-8
      transfer-encoding:
      - chunked
    status:
      code: 200
      message: OK
- request:
    body: null
    headers:
      Accept:
      - application/json
      Accept-Encoding:
      - gzip, deflate
      Connection:
      - keep-alive
      User-Agent:
      - azsdk-python-quantum/0.0.1 Python/3.9.19 (Windows-10-10.0.22631-SP0)
    method: GET
    uri: https://eastus.quantum.azure.com/subscriptions/00000000-0000-0000-0000-000000000000/resourceGroups/myresourcegroup/providers/Microsoft.Quantum/workspaces/myworkspace/jobs/00000000-0000-0000-0000-000000000001?api-version=2022-09-12-preview&test-sequence-id=3
  response:
    body:
      string: '{"containerUri": "https://mystorage.blob.core.windows.net/job-00000000-0000-0000-0000-000000000001?sv=PLACEHOLDER&sr=c&sig=PLACEHOLDER&se=2050-01-01T00%3A00%3A00Z&sp=rcwl",
        "inputDataUri": "https://mystorage.blob.core.windows.net/job-00000000-0000-0000-0000-000000000001/inputData?sv=PLACEHOLDER&sr=b&sig=PLACEHOLDER&se=2050-01-01T00%3A00%3A00Z&sp=r&rscd=attachment%3B%20filename%3Dqdk-python-test-00000000-0000-0000-0000-000000000001.input.json",
        "inputDataFormat": "rigetti.quil.v1", "inputParams": {}, "metadata": null,
        "sessionId": null, "status": "Waiting", "jobType": "QuantumComputing", "outputDataFormat":
        "rigetti.quil-results.v1", "outputDataUri": "https://mystorage.blob.core.windows.net/job-00000000-0000-0000-0000-000000000001/outputData?sv=PLACEHOLDER&sr=b&sig=PLACEHOLDER&se=2050-01-01T00%3A00%3A00Z&sp=r&rscd=attachment%3B%20filename%3Dqdk-python-test-00000000-0000-0000-0000-000000000001.output.json",
        "beginExecutionTime": null, "cancellationTime": null, "quantumComputingData":
        {"count": 1}, "errorData": null, "isCancelling": false, "tags": [], "name":
        "qdk-python-test", "id": "00000000-0000-0000-0000-000000000001", "providerId":
        "rigetti", "target": "rigetti.sim.qvm", "creationTime": "2024-08-10T01:48:02.3858247+00:00",
        "endExecutionTime": null, "costEstimate": null, "itemType": "Job"}'
    headers:
      connection:
      - keep-alive
      content-length:
      - '1311'
      content-type:
      - application/json; charset=utf-8
      transfer-encoding:
      - chunked
    status:
      code: 200
      message: OK
- request:
    body: null
    headers:
      Accept:
      - application/json
      Accept-Encoding:
      - gzip, deflate
      Connection:
      - keep-alive
      User-Agent:
      - azsdk-python-quantum/0.0.1 Python/3.9.19 (Windows-10-10.0.22631-SP0)
    method: GET
    uri: https://eastus.quantum.azure.com/subscriptions/00000000-0000-0000-0000-000000000000/resourceGroups/myresourcegroup/providers/Microsoft.Quantum/workspaces/myworkspace/jobs/00000000-0000-0000-0000-000000000001?api-version=2022-09-12-preview&test-sequence-id=4
  response:
    body:
      string: '{"containerUri": "https://mystorage.blob.core.windows.net/job-00000000-0000-0000-0000-000000000001?sv=PLACEHOLDER&sr=c&sig=PLACEHOLDER&se=2050-01-01T00%3A00%3A00Z&sp=rcwl",
        "inputDataUri": "https://mystorage.blob.core.windows.net/job-00000000-0000-0000-0000-000000000001/inputData?sv=PLACEHOLDER&sr=b&sig=PLACEHOLDER&se=2050-01-01T00%3A00%3A00Z&sp=r&rscd=attachment%3B%20filename%3Dqdk-python-test-00000000-0000-0000-0000-000000000001.input.json",
        "inputDataFormat": "rigetti.quil.v1", "inputParams": {}, "metadata": null,
        "sessionId": null, "status": "Waiting", "jobType": "QuantumComputing", "outputDataFormat":
        "rigetti.quil-results.v1", "outputDataUri": "https://mystorage.blob.core.windows.net/job-00000000-0000-0000-0000-000000000001/outputData?sv=PLACEHOLDER&sr=b&sig=PLACEHOLDER&se=2050-01-01T00%3A00%3A00Z&sp=r&rscd=attachment%3B%20filename%3Dqdk-python-test-00000000-0000-0000-0000-000000000001.output.json",
        "beginExecutionTime": null, "cancellationTime": null, "quantumComputingData":
        {"count": 1}, "errorData": null, "isCancelling": false, "tags": [], "name":
        "qdk-python-test", "id": "00000000-0000-0000-0000-000000000001", "providerId":
        "rigetti", "target": "rigetti.sim.qvm", "creationTime": "2024-08-10T01:48:02.3858247+00:00",
        "endExecutionTime": null, "costEstimate": null, "itemType": "Job"}'
    headers:
      connection:
      - keep-alive
      content-length:
      - '1311'
      content-type:
      - application/json; charset=utf-8
      transfer-encoding:
      - chunked
    status:
      code: 200
      message: OK
- request:
    body: null
    headers:
      Accept:
      - application/json
      Accept-Encoding:
      - gzip, deflate
      Connection:
      - keep-alive
      User-Agent:
      - azsdk-python-quantum/0.0.1 Python/3.9.19 (Windows-10-10.0.22631-SP0)
    method: GET
    uri: https://eastus.quantum.azure.com/subscriptions/00000000-0000-0000-0000-000000000000/resourceGroups/myresourcegroup/providers/Microsoft.Quantum/workspaces/myworkspace/jobs/00000000-0000-0000-0000-000000000001?api-version=2022-09-12-preview&test-sequence-id=5
  response:
    body:
      string: '{"containerUri": "https://mystorage.blob.core.windows.net/job-00000000-0000-0000-0000-000000000001?sv=PLACEHOLDER&sr=c&sig=PLACEHOLDER&se=2050-01-01T00%3A00%3A00Z&sp=rcwl",
        "inputDataUri": "https://mystorage.blob.core.windows.net/job-00000000-0000-0000-0000-000000000001/inputData?sv=PLACEHOLDER&sr=b&sig=PLACEHOLDER&se=2050-01-01T00%3A00%3A00Z&sp=r&rscd=attachment%3B%20filename%3Dqdk-python-test-00000000-0000-0000-0000-000000000001.input.json",
        "inputDataFormat": "rigetti.quil.v1", "inputParams": {}, "metadata": null,
        "sessionId": null, "status": "Waiting", "jobType": "QuantumComputing", "outputDataFormat":
        "rigetti.quil-results.v1", "outputDataUri": "https://mystorage.blob.core.windows.net/job-00000000-0000-0000-0000-000000000001/outputData?sv=PLACEHOLDER&sr=b&sig=PLACEHOLDER&se=2050-01-01T00%3A00%3A00Z&sp=r&rscd=attachment%3B%20filename%3Dqdk-python-test-00000000-0000-0000-0000-000000000001.output.json",
        "beginExecutionTime": null, "cancellationTime": null, "quantumComputingData":
        {"count": 1}, "errorData": null, "isCancelling": false, "tags": [], "name":
        "qdk-python-test", "id": "00000000-0000-0000-0000-000000000001", "providerId":
        "rigetti", "target": "rigetti.sim.qvm", "creationTime": "2024-08-10T01:48:02.3858247+00:00",
        "endExecutionTime": null, "costEstimate": null, "itemType": "Job"}'
    headers:
      connection:
      - keep-alive
      content-length:
      - '1311'
      content-type:
      - application/json; charset=utf-8
      transfer-encoding:
      - chunked
    status:
      code: 200
      message: OK
- request:
    body: null
    headers:
      Accept:
      - application/json
      Accept-Encoding:
      - gzip, deflate
      Connection:
      - keep-alive
      User-Agent:
      - azsdk-python-quantum/0.0.1 Python/3.9.19 (Windows-10-10.0.22631-SP0)
    method: GET
    uri: https://eastus.quantum.azure.com/subscriptions/00000000-0000-0000-0000-000000000000/resourceGroups/myresourcegroup/providers/Microsoft.Quantum/workspaces/myworkspace/jobs/00000000-0000-0000-0000-000000000001?api-version=2022-09-12-preview&test-sequence-id=6
  response:
    body:
      string: '{"containerUri": "https://mystorage.blob.core.windows.net/job-00000000-0000-0000-0000-000000000001?sv=PLACEHOLDER&sr=c&sig=PLACEHOLDER&se=2050-01-01T00%3A00%3A00Z&sp=rcwl",
        "inputDataUri": "https://mystorage.blob.core.windows.net/job-00000000-0000-0000-0000-000000000001/inputData?sv=PLACEHOLDER&sr=b&sig=PLACEHOLDER&se=2050-01-01T00%3A00%3A00Z&sp=r&rscd=attachment%3B%20filename%3Dqdk-python-test-00000000-0000-0000-0000-000000000001.input.json",
        "inputDataFormat": "rigetti.quil.v1", "inputParams": {}, "metadata": null,
        "sessionId": null, "status": "Waiting", "jobType": "QuantumComputing", "outputDataFormat":
        "rigetti.quil-results.v1", "outputDataUri": "https://mystorage.blob.core.windows.net/job-00000000-0000-0000-0000-000000000001/outputData?sv=PLACEHOLDER&sr=b&sig=PLACEHOLDER&se=2050-01-01T00%3A00%3A00Z&sp=r&rscd=attachment%3B%20filename%3Dqdk-python-test-00000000-0000-0000-0000-000000000001.output.json",
        "beginExecutionTime": null, "cancellationTime": null, "quantumComputingData":
        {"count": 1}, "errorData": null, "isCancelling": false, "tags": [], "name":
        "qdk-python-test", "id": "00000000-0000-0000-0000-000000000001", "providerId":
        "rigetti", "target": "rigetti.sim.qvm", "creationTime": "2024-08-10T01:48:02.3858247+00:00",
        "endExecutionTime": null, "costEstimate": null, "itemType": "Job"}'
    headers:
      connection:
      - keep-alive
      content-length:
      - '1311'
      content-type:
      - application/json; charset=utf-8
      transfer-encoding:
      - chunked
    status:
      code: 200
      message: OK
- request:
    body: null
    headers:
      Accept:
      - application/json
      Accept-Encoding:
      - gzip, deflate
      Connection:
      - keep-alive
      User-Agent:
      - azsdk-python-quantum/0.0.1 Python/3.9.19 (Windows-10-10.0.22631-SP0)
    method: GET
    uri: https://eastus.quantum.azure.com/subscriptions/00000000-0000-0000-0000-000000000000/resourceGroups/myresourcegroup/providers/Microsoft.Quantum/workspaces/myworkspace/jobs/00000000-0000-0000-0000-000000000001?api-version=2022-09-12-preview&test-sequence-id=7
  response:
    body:
      string: '{"containerUri": "https://mystorage.blob.core.windows.net/job-00000000-0000-0000-0000-000000000001?sv=PLACEHOLDER&sr=c&sig=PLACEHOLDER&se=2050-01-01T00%3A00%3A00Z&sp=rcwl",
        "inputDataUri": "https://mystorage.blob.core.windows.net/job-00000000-0000-0000-0000-000000000001/inputData?sv=PLACEHOLDER&sr=b&sig=PLACEHOLDER&se=2050-01-01T00%3A00%3A00Z&sp=r&rscd=attachment%3B%20filename%3Dqdk-python-test-00000000-0000-0000-0000-000000000001.input.json",
        "inputDataFormat": "rigetti.quil.v1", "inputParams": {}, "metadata": null,
        "sessionId": null, "status": "Failed", "jobType": "QuantumComputing", "outputDataFormat":
        "rigetti.quil-results.v1", "outputDataUri": "https://mystorage.blob.core.windows.net/job-00000000-0000-0000-0000-000000000001/rawOutputData?sv=PLACEHOLDER&sr=b&sig=PLACEHOLDER&se=2050-01-01T00%3A00%3A00Z&sp=r&rscd=attachment%3B%20filename%3Dqdk-python-test-00000000-0000-0000-0000-000000000001.output.json",
        "beginExecutionTime": "2024-08-10T01:48:05.3379832Z", "cancellationTime":
        null, "quantumComputingData": {"count": 1}, "errorData": {"code": "InvalidInputData",
        "message": "QVM reported a problem running your program: error when calling
        QVM: failed to perform multishot: Encountered the invalid instruction\n\n    a\n\nwhich
        could not be executed because the operator a is not known"}, "isCancelling":
        false, "tags": [], "name": "qdk-python-test", "id": "00000000-0000-0000-0000-000000000001",
        "providerId": "rigetti", "target": "rigetti.sim.qvm", "creationTime": "2024-08-10T01:48:02.3858247+00:00",
        "endExecutionTime": "2024-08-10T01:48:05.7466049Z", "costEstimate": null,
        "itemType": "Job"}'
    headers:
      connection:
      - keep-alive
      content-length:
      - '1613'
      content-type:
      - application/json; charset=utf-8
      transfer-encoding:
      - chunked
    status:
      code: 200
      message: OK
- request:
    body: null
    headers:
      Accept:
      - application/json
      Accept-Encoding:
      - gzip, deflate
      Connection:
      - keep-alive
      User-Agent:
      - azsdk-python-quantum/0.0.1 Python/3.9.19 (Windows-10-10.0.22631-SP0)
    method: GET
    uri: https://eastus.quantum.azure.com/subscriptions/00000000-0000-0000-0000-000000000000/resourceGroups/myresourcegroup/providers/Microsoft.Quantum/workspaces/myworkspace/jobs/00000000-0000-0000-0000-000000000001?api-version=2022-09-12-preview&test-sequence-id=8
  response:
    body:
      string: '{"containerUri": "https://mystorage.blob.core.windows.net/job-00000000-0000-0000-0000-000000000001?sv=PLACEHOLDER&sr=c&sig=PLACEHOLDER&se=2050-01-01T00%3A00%3A00Z&sp=rcwl",
        "inputDataUri": "https://mystorage.blob.core.windows.net/job-00000000-0000-0000-0000-000000000001/inputData?sv=PLACEHOLDER&sr=b&sig=PLACEHOLDER&se=2050-01-01T00%3A00%3A00Z&sp=r&rscd=attachment%3B%20filename%3Dqdk-python-test-00000000-0000-0000-0000-000000000001.input.json",
        "inputDataFormat": "rigetti.quil.v1", "inputParams": {}, "metadata": null,
        "sessionId": null, "status": "Failed", "jobType": "QuantumComputing", "outputDataFormat":
        "rigetti.quil-results.v1", "outputDataUri": "https://mystorage.blob.core.windows.net/job-00000000-0000-0000-0000-000000000001/rawOutputData?sv=PLACEHOLDER&sr=b&sig=PLACEHOLDER&se=2050-01-01T00%3A00%3A00Z&sp=r&rscd=attachment%3B%20filename%3Dqdk-python-test-00000000-0000-0000-0000-000000000001.output.json",
        "beginExecutionTime": "2024-08-10T01:48:05.3379832Z", "cancellationTime":
        null, "quantumComputingData": {"count": 1}, "errorData": {"code": "InvalidInputData",
        "message": "QVM reported a problem running your program: error when calling
        QVM: failed to perform multishot: Encountered the invalid instruction\n\n    a\n\nwhich
        could not be executed because the operator a is not known"}, "isCancelling":
        false, "tags": [], "name": "qdk-python-test", "id": "00000000-0000-0000-0000-000000000001",
        "providerId": "rigetti", "target": "rigetti.sim.qvm", "creationTime": "2024-08-10T01:48:02.3858247+00:00",
        "endExecutionTime": "2024-08-10T01:48:05.7466049Z", "costEstimate": null,
        "itemType": "Job"}'
    headers:
      connection:
      - keep-alive
      content-length:
      - '1613'
      content-type:
      - application/json; charset=utf-8
      transfer-encoding:
      - chunked
    status:
      code: 200
      message: OK
- request:
    body: null
    headers:
      Accept:
      - application/json
      Accept-Encoding:
      - gzip, deflate
      Connection:
      - keep-alive
      User-Agent:
      - azsdk-python-quantum/0.0.1 Python/3.9.19 (Windows-10-10.0.22631-SP0)
    method: GET
    uri: https://eastus.quantum.azure.com/subscriptions/00000000-0000-0000-0000-000000000000/resourceGroups/myresourcegroup/providers/Microsoft.Quantum/workspaces/myworkspace/jobs/00000000-0000-0000-0000-000000000001?api-version=2022-09-12-preview&test-sequence-id=9
  response:
    body:
      string: '{"containerUri": "https://mystorage.blob.core.windows.net/job-00000000-0000-0000-0000-000000000001?sv=PLACEHOLDER&sr=c&sig=PLACEHOLDER&se=2050-01-01T00%3A00%3A00Z&sp=rcwl",
        "inputDataUri": "https://mystorage.blob.core.windows.net/job-00000000-0000-0000-0000-000000000001/inputData?sv=PLACEHOLDER&sr=b&sig=PLACEHOLDER&se=2050-01-01T00%3A00%3A00Z&sp=r&rscd=attachment%3B%20filename%3Dqdk-python-test-00000000-0000-0000-0000-000000000001.input.json",
        "inputDataFormat": "rigetti.quil.v1", "inputParams": {}, "metadata": null,
        "sessionId": null, "status": "Failed", "jobType": "QuantumComputing", "outputDataFormat":
        "rigetti.quil-results.v1", "outputDataUri": "https://mystorage.blob.core.windows.net/job-00000000-0000-0000-0000-000000000001/rawOutputData?sv=PLACEHOLDER&sr=b&sig=PLACEHOLDER&se=2050-01-01T00%3A00%3A00Z&sp=r&rscd=attachment%3B%20filename%3Dqdk-python-test-00000000-0000-0000-0000-000000000001.output.json",
        "beginExecutionTime": "2024-08-10T01:48:05.3379832Z", "cancellationTime":
        null, "quantumComputingData": {"count": 1}, "errorData": {"code": "InvalidInputData",
        "message": "QVM reported a problem running your program: error when calling
        QVM: failed to perform multishot: Encountered the invalid instruction\n\n    a\n\nwhich
        could not be executed because the operator a is not known"}, "isCancelling":
        false, "tags": [], "name": "qdk-python-test", "id": "00000000-0000-0000-0000-000000000001",
        "providerId": "rigetti", "target": "rigetti.sim.qvm", "creationTime": "2024-08-10T01:48:02.3858247+00:00",
        "endExecutionTime": "2024-08-10T01:48:05.7466049Z", "costEstimate": null,
        "itemType": "Job"}'
    headers:
      connection:
      - keep-alive
      content-length:
      - '1613'
      content-type:
      - application/json; charset=utf-8
      transfer-encoding:
      - chunked
    status:
      code: 200
      message: OK
version: 1
