interactions:
- request:
    body: null
    headers:
      Accept:
      - '*/*'
      Accept-Encoding:
      - gzip, deflate
      Connection:
      - keep-alive
      User-Agent:
      - azsdk-python-identity/1.17.1 Python/3.9.19 (Windows-10-10.0.22631-SP0)
    method: GET
    uri: https://login.microsoftonline.com/00000000-0000-0000-0000-000000000000/v2.0/.well-known/openid-configuration
  response:
    body:
      string: '{"token_endpoint": "https://login.microsoftonline.com/00000000-0000-0000-0000-000000000000/oauth2/v2.0/token",
        "token_endpoint_auth_methods_supported": ["client_secret_post", "private_key_jwt",
        "client_secret_basic"], "jwks_uri": "https://login.microsoftonline.com/00000000-0000-0000-0000-000000000000/discovery/v2.0/keys",
        "response_modes_supported": ["query", "fragment", "form_post"], "subject_types_supported":
        ["pairwise"], "id_token_signing_alg_values_supported": ["RS256"], "response_types_supported":
        ["code", "id_token", "code id_token", "id_token token"], "scopes_supported":
        ["openid", "profile", "email", "offline_access"], "issuer": "https://login.microsoftonline.com/00000000-0000-0000-0000-000000000000/v2.0",
        "request_uri_parameter_supported": false, "userinfo_endpoint": "https://graph.microsoft.com/oidc/userinfo",
        "authorization_endpoint": "https://login.microsoftonline.com/00000000-0000-0000-0000-000000000000/oauth2/v2.0/authorize",
        "device_authorization_endpoint": "https://login.microsoftonline.com/00000000-0000-0000-0000-000000000000/oauth2/v2.0/devicecode",
        "http_logout_supported": true, "frontchannel_logout_supported": true, "end_session_endpoint":
        "https://login.microsoftonline.com/00000000-0000-0000-0000-000000000000/oauth2/v2.0/logout",
        "claims_supported": ["sub", "iss", "cloud_instance_name", "cloud_instance_host_name",
        "cloud_graph_host_name", "msgraph_host", "aud", "exp", "iat", "auth_time",
        "acr", "nonce", "preferred_username", "name", "tid", "ver", "at_hash", "c_hash",
        "email"], "kerberos_endpoint": "https://login.microsoftonline.com/00000000-0000-0000-0000-000000000000/kerberos",
        "tenant_region_scope": "WW", "cloud_instance_name": "microsoftonline.com",
        "cloud_graph_host_name": "graph.windows.net", "msgraph_host": "graph.microsoft.com",
        "rbac_url": "https://pas.windows.net"}'
    headers:
      content-length:
      - '1826'
      content-type:
      - application/json; charset=utf-8
    status:
      code: 200
      message: OK
- request:
    body: client_id=PLACEHOLDER&grant_type=client_credentials&client_assertion=PLACEHOLDER&client_info=1&client_assertion_type=PLACEHOLDER&scope=https%3A%2F%2Fquantum.microsoft.com%2F.default
    headers:
      Accept:
      - application/json
      Accept-Encoding:
      - gzip, deflate
      Connection:
      - keep-alive
      Content-Length:
      - '181'
      Content-Type:
      - application/x-www-form-urlencoded
      User-Agent:
      - azsdk-python-identity/1.17.1 Python/3.9.19 (Windows-10-10.0.22631-SP0)
      x-client-current-telemetry:
      - 4|730,2|
      x-client-os:
      - win32
      x-client-sku:
      - MSAL.Python
      x-client-ver:
      - 1.30.0
    method: POST
    uri: https://login.microsoftonline.com/00000000-0000-0000-0000-000000000000/oauth2/v2.0/token
  response:
    body:
      string: '{"token_type": "Bearer", "expires_in": 1756429691, "ext_expires_in":
        1756429691, "refresh_in": 31536000, "access_token": "PLACEHOLDER"}'
    headers:
      content-length:
      - '135'
      content-type:
      - application/json; charset=utf-8
    status:
      code: 200
      message: OK
- request:
    body: null
    headers:
      Accept:
      - application/json
      Accept-Encoding:
      - gzip, deflate
      Connection:
      - keep-alive
      User-Agent:
      - testapp-azure-quantum-cirq azsdk-python-quantum/0.0.1 Python/3.9.19 (Windows-10-10.0.22631-SP0)
    method: GET
    uri: https://eastus.quantum.azure.com/subscriptions/00000000-0000-0000-0000-000000000000/resourceGroups/myresourcegroup/providers/Microsoft.Quantum/workspaces/myworkspace/providerStatus?api-version=2022-09-12-preview&test-sequence-id=1
  response:
    body:
      string: '{"value": [{"id": "microsoft-elements", "currentAvailability": "Available",
        "targets": [{"id": "microsoft.dft", "currentAvailability": "Available", "averageQueueTime":
        0, "statusPage": null}]}, {"id": "ionq", "currentAvailability": "Degraded",
        "targets": [{"id": "ionq.qpu", "currentAvailability": "Unavailable", "averageQueueTime":
        0, "statusPage": null}, {"id": "ionq.qpu.aria-1", "currentAvailability": "Available",
        "averageQueueTime": 8438084, "statusPage": "https://status.ionq.co"}, {"id":
        "ionq.qpu.aria-2", "currentAvailability": "Available", "averageQueueTime":
        2604054, "statusPage": "https://status.ionq.co"}, {"id": "ionq.simulator",
        "currentAvailability": "Available", "averageQueueTime": 1, "statusPage": "https://status.ionq.co"}]},
        {"id": "microsoft-qc", "currentAvailability": "Available", "targets": [{"id":
        "microsoft.estimator", "currentAvailability": "Available", "averageQueueTime":
        0, "statusPage": null}]}, {"id": "pasqal", "currentAvailability": "Degraded",
        "targets": [{"id": "pasqal.sim.emu-tn", "currentAvailability": "Available",
        "averageQueueTime": 273, "statusPage": "https://pasqal.com"}, {"id": "pasqal.qpu.fresnel",
        "currentAvailability": "Degraded", "averageQueueTime": 0, "statusPage": "https://pasqal.com"}]},
        {"id": "quantinuum", "currentAvailability": "Available", "targets": [{"id":
        "quantinuum.qpu.h1-1", "currentAvailability": "Available", "averageQueueTime":
        164985, "statusPage": "https://www.quantinuum.com/hardware/h1"}, {"id": "quantinuum.sim.h1-1sc",
        "currentAvailability": "Available", "averageQueueTime": 0, "statusPage": "https://www.quantinuum.com/hardware/h1"},
        {"id": "quantinuum.sim.h1-1e", "currentAvailability": "Available", "averageQueueTime":
        0, "statusPage": "https://www.quantinuum.com/hardware/h1"}, {"id": "quantinuum.qpu.h2-1",
        "currentAvailability": "Available", "averageQueueTime": 115270, "statusPage":
        "https://www.quantinuum.com/hardware/h2"}, {"id": "quantinuum.sim.h2-1sc",
        "currentAvailability": "Available", "averageQueueTime": 0, "statusPage": "https://www.quantinuum.com/hardware/h2"},
        {"id": "quantinuum.sim.h2-1e", "currentAvailability": "Available", "averageQueueTime":
        0, "statusPage": "https://www.quantinuum.com/hardware/h2"}, {"id": "quantinuum.sim.h1-1sc-preview",
        "currentAvailability": "Available", "averageQueueTime": 0, "statusPage": "https://www.quantinuum.com/hardware/h1"},
        {"id": "quantinuum.sim.h1-1e-preview", "currentAvailability": "Available",
        "averageQueueTime": 0, "statusPage": "https://www.quantinuum.com/hardware/h1"},
        {"id": "quantinuum.sim.h1-2e-preview", "currentAvailability": "Available",
        "averageQueueTime": 0, "statusPage": "https://www.quantinuum.com/hardware/h1"},
        {"id": "quantinuum.qpu.h1-1-preview", "currentAvailability": "Available",
        "averageQueueTime": 164985, "statusPage": "https://www.quantinuum.com/hardware/h1"}]},
        {"id": "rigetti", "currentAvailability": "Available", "targets": [{"id": "rigetti.sim.qvm",
        "currentAvailability": "Available", "averageQueueTime": 5, "statusPage": "https://rigetti.statuspage.io/"},
        {"id": "rigetti.qpu.ankaa-2", "currentAvailability": "Available", "averageQueueTime":
        5, "statusPage": "https://rigetti.statuspage.io/"}]}, {"id": "qci", "currentAvailability":
        "Degraded", "targets": [{"id": "qci.simulator", "currentAvailability": "Available",
        "averageQueueTime": 1, "statusPage": "https://quantumcircuits.com"}, {"id":
        "qci.machine1", "currentAvailability": "Unavailable", "averageQueueTime":
        1, "statusPage": "https://quantumcircuits.com"}, {"id": "qci.simulator.noisy",
        "currentAvailability": "Available", "averageQueueTime": 0, "statusPage": "https://quantumcircuits.com"}]},
        {"id": "Microsoft.Test", "currentAvailability": "Available", "targets": [{"id":
        "echo-rigetti", "currentAvailability": "Available", "averageQueueTime": 1,
        "statusPage": ""}, {"id": "echo-quantinuum", "currentAvailability": "Available",
        "averageQueueTime": 1, "statusPage": ""}, {"id": "echo-qci", "currentAvailability":
        "Available", "averageQueueTime": 1, "statusPage": ""}, {"id": "echo-ionq",
        "currentAvailability": "Available", "averageQueueTime": 1, "statusPage": ""},
        {"id": "echo-aquarius", "currentAvailability": "Available", "averageQueueTime":
        1, "statusPage": ""}, {"id": "sparse-sim-rigetti", "currentAvailability":
        "Available", "averageQueueTime": 1, "statusPage": ""}, {"id": "sparse-sim-quantinuum",
        "currentAvailability": "Available", "averageQueueTime": 1, "statusPage": ""},
        {"id": "sparse-sim-qci", "currentAvailability": "Available", "averageQueueTime":
        1, "statusPage": ""}, {"id": "sparse-sim-ionq", "currentAvailability": "Available",
        "averageQueueTime": 1, "statusPage": ""}, {"id": "echo-output", "currentAvailability":
        "Available", "averageQueueTime": 1, "statusPage": ""}]}], "nextLink": null}'
    headers:
      connection:
      - keep-alive
      content-length:
      - '4751'
      content-type:
      - application/json; charset=utf-8
      transfer-encoding:
      - chunked
    status:
      code: 200
      message: OK
- request:
    body: null
    headers:
      Accept:
      - '*/*'
      Accept-Encoding:
      - gzip, deflate
      Connection:
      - keep-alive
      User-Agent:
      - azsdk-python-identity/1.17.1 Python/3.9.19 (Windows-10-10.0.22631-SP0)
    method: GET
    uri: https://login.microsoftonline.com/00000000-0000-0000-0000-000000000000/v2.0/.well-known/openid-configuration
  response:
    body:
      string: '{"token_endpoint": "https://login.microsoftonline.com/00000000-0000-0000-0000-000000000000/oauth2/v2.0/token",
        "token_endpoint_auth_methods_supported": ["client_secret_post", "private_key_jwt",
        "client_secret_basic"], "jwks_uri": "https://login.microsoftonline.com/00000000-0000-0000-0000-000000000000/discovery/v2.0/keys",
        "response_modes_supported": ["query", "fragment", "form_post"], "subject_types_supported":
        ["pairwise"], "id_token_signing_alg_values_supported": ["RS256"], "response_types_supported":
        ["code", "id_token", "code id_token", "id_token token"], "scopes_supported":
        ["openid", "profile", "email", "offline_access"], "issuer": "https://login.microsoftonline.com/00000000-0000-0000-0000-000000000000/v2.0",
        "request_uri_parameter_supported": false, "userinfo_endpoint": "https://graph.microsoft.com/oidc/userinfo",
        "authorization_endpoint": "https://login.microsoftonline.com/00000000-0000-0000-0000-000000000000/oauth2/v2.0/authorize",
        "device_authorization_endpoint": "https://login.microsoftonline.com/00000000-0000-0000-0000-000000000000/oauth2/v2.0/devicecode",
        "http_logout_supported": true, "frontchannel_logout_supported": true, "end_session_endpoint":
        "https://login.microsoftonline.com/00000000-0000-0000-0000-000000000000/oauth2/v2.0/logout",
        "claims_supported": ["sub", "iss", "cloud_instance_name", "cloud_instance_host_name",
        "cloud_graph_host_name", "msgraph_host", "aud", "exp", "iat", "auth_time",
        "acr", "nonce", "preferred_username", "name", "tid", "ver", "at_hash", "c_hash",
        "email"], "kerberos_endpoint": "https://login.microsoftonline.com/00000000-0000-0000-0000-000000000000/kerberos",
        "tenant_region_scope": "WW", "cloud_instance_name": "microsoftonline.com",
        "cloud_graph_host_name": "graph.windows.net", "msgraph_host": "graph.microsoft.com",
        "rbac_url": "https://pas.windows.net"}'
    headers:
      content-length:
      - '1826'
      content-type:
      - application/json; charset=utf-8
    status:
      code: 200
      message: OK
- request:
    body: client_id=PLACEHOLDER&grant_type=client_credentials&client_assertion=PLACEHOLDER&client_info=1&client_assertion_type=PLACEHOLDER&scope=https%3A%2F%2Fquantum.microsoft.com%2F.default
    headers:
      Accept:
      - application/json
      Accept-Encoding:
      - gzip, deflate
      Connection:
      - keep-alive
      Content-Length:
      - '181'
      Content-Type:
      - application/x-www-form-urlencoded
      User-Agent:
      - azsdk-python-identity/1.17.1 Python/3.9.19 (Windows-10-10.0.22631-SP0)
      x-client-current-telemetry:
      - 4|730,2|
      x-client-os:
      - win32
      x-client-sku:
      - MSAL.Python
      x-client-ver:
      - 1.30.0
    method: POST
    uri: https://login.microsoftonline.com/00000000-0000-0000-0000-000000000000/oauth2/v2.0/token
  response:
    body:
      string: '{"token_type": "Bearer", "expires_in": 1756429692, "ext_expires_in":
        1756429692, "refresh_in": 31536000, "access_token": "PLACEHOLDER"}'
    headers:
      content-length:
      - '135'
      content-type:
      - application/json; charset=utf-8
    status:
      code: 200
      message: OK
- request:
    body: 'b''{"containerName": "job-00000000-0000-0000-0000-000000000001"}'''
    headers:
      Accept:
      - application/json
      Accept-Encoding:
      - gzip, deflate
      Connection:
      - keep-alive
      Content-Length:
      - '64'
      Content-Type:
      - application/json
      User-Agent:
      - azsdk-python-quantum/0.0.1 Python/3.9.19 (Windows-10-10.0.22631-SP0)
    method: POST
    uri: https://eastus.quantum.azure.com/subscriptions/00000000-0000-0000-0000-000000000000/resourceGroups/myresourcegroup/providers/Microsoft.Quantum/workspaces/myworkspace/storage/sasUri?api-version=2022-09-12-preview&test-sequence-id=1
  response:
    body:
      string: '{"sasUri": "https://mystorage.blob.core.windows.net/job-00000000-0000-0000-0000-000000000001?sv=PLACEHOLDER&ss=b&srt=co&spr=https&st=2000-01-01T00%3A00%3A00Z&se=2050-01-01T00%3A00%3A00Z&sp=rwlac&sig=PLACEHOLDER"}'
    headers:
      connection:
      - keep-alive
      content-length:
      - '212'
      content-type:
      - application/json; charset=utf-8
      transfer-encoding:
      - chunked
    status:
      code: 200
      message: OK
- request:
    body: null
    headers:
      Accept:
      - application/xml
      Accept-Encoding:
      - gzip, deflate
      Connection:
      - keep-alive
      User-Agent:
      - azsdk-python-storage-blob/12.20.0 Python/3.9.19 (Windows-10-10.0.22631-SP0)
      x-ms-date:
      - Thu, 29 Aug 2024 01:08:12 GMT
      x-ms-version:
      - '2024-05-04'
    method: GET
    uri: https://mystorage.blob.core.windows.net/job-00000000-0000-0000-0000-000000000001?restype=container&sv=PLACEHOLDER&ss=b&srt=co&spr=https&st=2000-01-01T00%3A00%3A00Z&se=2050-01-01T00%3A00%3A00Z&sp=rwlac&sig=PLACEHOLDER
  response:
    body:
      string: "\uFEFF<?xml version=\"1.0\" encoding=\"utf-8\"?><Error><Code>ContainerNotFound</Code><Message>The
        specified container does not exist.\nRequestId:550fa227-801e-001f-47af-f9f06e000000\nTime:2024-08-29T01:08:13.1819023Z</Message></Error>"
    headers:
      content-length:
      - '223'
      content-type:
      - application/xml
      x-ms-version:
      - '2024-05-04'
    status:
      code: 404
      message: The specified container does not exist.
- request:
    body: null
    headers:
      Accept:
      - application/xml
      Accept-Encoding:
      - gzip, deflate
      Connection:
      - keep-alive
      Content-Length:
      - '0'
      User-Agent:
      - azsdk-python-storage-blob/12.20.0 Python/3.9.19 (Windows-10-10.0.22631-SP0)
      x-ms-date:
      - Thu, 29 Aug 2024 01:08:12 GMT
      x-ms-version:
      - '2024-05-04'
    method: PUT
    uri: https://mystorage.blob.core.windows.net/job-00000000-0000-0000-0000-000000000001?restype=container&sv=PLACEHOLDER&ss=b&srt=co&spr=https&st=2000-01-01T00%3A00%3A00Z&se=2050-01-01T00%3A00%3A00Z&sp=rwlac&sig=PLACEHOLDER
  response:
    body:
      string: ''
    headers:
      content-length:
      - '0'
      x-ms-version:
      - '2024-05-04'
    status:
      code: 201
      message: Created
- request:
    body: null
    headers:
      Accept:
      - application/xml
      Accept-Encoding:
      - gzip, deflate
      Connection:
      - keep-alive
      User-Agent:
      - azsdk-python-storage-blob/12.20.0 Python/3.9.19 (Windows-10-10.0.22631-SP0)
      x-ms-date:
      - Thu, 29 Aug 2024 01:08:12 GMT
      x-ms-version:
      - '2024-05-04'
    method: GET
    uri: https://mystorage.blob.core.windows.net/job-00000000-0000-0000-0000-000000000001?restype=container&sv=PLACEHOLDER&ss=b&srt=co&spr=https&st=2000-01-01T00%3A00%3A00Z&se=2050-01-01T00%3A00%3A00Z&sp=rwlac&sig=PLACEHOLDER
  response:
    body:
      string: ''
    headers:
      content-length:
      - '0'
      x-ms-lease-state:
      - available
      x-ms-lease-status:
      - unlocked
      x-ms-version:
      - '2024-05-04'
    status:
      code: 200
      message: OK
- request:
    body: 'b''// Generated from Cirq v1.3.0\n\nOPENQASM 2.0;\ninclude "qelib1.inc";\n\n\n//
      Qubits: [q(0), q(1), q(2)]\nqreg q[3];\ncreg m_q0[1];\ncreg m_q1[1];\ncreg m_q2[1];\n\n\nh
      q[0];\ncx q[0],q[1];\ncx q[1],q[2];\nmeasure q[0] -> m_q0[0];\nmeasure q[1]
      -> m_q1[0];\nmeasure q[2] -> m_q2[0];\n'''
    headers:
      Accept:
      - application/xml
      Accept-Encoding:
      - gzip, deflate
      Connection:
      - keep-alive
      Content-Length:
      - '287'
      Content-Type:
      - application/octet-stream
      User-Agent:
      - azsdk-python-storage-blob/12.20.0 Python/3.9.19 (Windows-10-10.0.22631-SP0)
      x-ms-blob-type:
      - BlockBlob
      x-ms-date:
      - Thu, 29 Aug 2024 01:08:12 GMT
      x-ms-version:
      - '2024-05-04'
    method: PUT
    uri: https://mystorage.blob.core.windows.net/job-00000000-0000-0000-0000-000000000001/inputData?sv=PLACEHOLDER&ss=b&srt=co&spr=https&st=2000-01-01T00%3A00%3A00Z&se=2050-01-01T00%3A00%3A00Z&sp=rwlac&sig=PLACEHOLDER
  response:
    body:
      string: ''
    headers:
      content-length:
      - '0'
      x-ms-version:
      - '2024-05-04'
    status:
      code: 201
      message: Created
- request:
    body: 'b''{"id": "00000000-0000-0000-0000-000000000001", "name": "cirq-job", "providerId":
      "quantinuum", "target": "quantinuum.sim.h1-1e", "itemType": "Job", "containerUri":
      "https://mystorage.blob.core.windows.net/job-00000000-0000-0000-0000-000000000001?sv=PLACEHOLDER&ss=b&srt=co&spr=https&st=2000-01-01T00%3A00%3A00Z&se=2050-01-01T00%3A00%3A00Z&sp=rwlac&sig=PLACEHOLDER",
      "inputDataUri": "https://mystorage.blob.core.windows.net/job-00000000-0000-0000-0000-000000000001/inputData",
      "inputDataFormat": "honeywell.openqasm.v1", "inputParams": {"count": 500}, "metadata":
      {"qubits": "3", "repetitions": "500", "measurement_dict": "{\''q0\'': [0], \''q1\'':
      [1], \''q2\'': [2]}"}, "outputDataFormat": "honeywell.quantum-results.v1"}'''
    headers:
      Accept:
      - application/json
      Accept-Encoding:
      - gzip, deflate
      Connection:
      - keep-alive
      Content-Length:
      - '719'
      Content-Type:
      - application/json
      User-Agent:
      - azsdk-python-quantum/0.0.1 Python/3.9.19 (Windows-10-10.0.22631-SP0)
    method: PUT
    uri: https://eastus.quantum.azure.com/subscriptions/00000000-0000-0000-0000-000000000000/resourceGroups/myresourcegroup/providers/Microsoft.Quantum/workspaces/myworkspace/jobs/00000000-0000-0000-0000-000000000001?api-version=2022-09-12-preview&test-sequence-id=1
  response:
    body:
      string: '{"containerUri": "https://mystorage.blob.core.windows.net/job-00000000-0000-0000-0000-000000000001?sv=PLACEHOLDER&ss=b&srt=co&spr=https&st=2000-01-01T00%3A00%3A00Z&se=2050-01-01T00%3A00%3A00Z&sp=rwlac&sig=PLACEHOLDER",
        "inputDataUri": "https://mystorage.blob.core.windows.net/job-00000000-0000-0000-0000-000000000001/inputData",
        "inputDataFormat": "honeywell.openqasm.v1", "inputParams": {"count": 500},
        "metadata": {"qubits": "3", "repetitions": "500", "measurement_dict": "{''q0'':
        [0], ''q1'': [1], ''q2'': [2]}"}, "sessionId": null, "status": "Waiting",
        "jobType": "QuantumComputing", "outputDataFormat": "honeywell.quantum-results.v1",
        "outputDataUri": "https://mystorage.blob.core.windows.net:443/job-00000000-0000-0000-0000-000000000001/outputData?sv=PLACEHOLDER&ss=b&srt=co&spr=https&st=2000-01-01T00%3A00%3A00Z&se=2050-01-01T00%3A00%3A00Z&sp=rwlac&sig=PLACEHOLDER",
        "beginExecutionTime": null, "cancellationTime": null, "quantumComputingData":
        null, "errorData": null, "isCancelling": false, "tags": [], "name": "cirq-job",
        "id": "00000000-0000-0000-0000-000000000001", "providerId": "quantinuum",
        "target": "quantinuum.sim.h1-1e", "creationTime": "2024-08-29T01:08:13.6216242+00:00",
        "endExecutionTime": null, "costEstimate": null, "itemType": "Job"}'
    headers:
      connection:
      - keep-alive
      content-length:
      - '1254'
      content-type:
      - application/json; charset=utf-8
      transfer-encoding:
      - chunked
    status:
      code: 200
      message: OK
- request:
    body: null
    headers:
      Accept:
      - application/json
      Accept-Encoding:
      - gzip, deflate
      Connection:
      - keep-alive
      User-Agent:
      - azsdk-python-quantum/0.0.1 Python/3.9.19 (Windows-10-10.0.22631-SP0)
    method: GET
    uri: https://eastus.quantum.azure.com/subscriptions/00000000-0000-0000-0000-000000000000/resourceGroups/myresourcegroup/providers/Microsoft.Quantum/workspaces/myworkspace/jobs/00000000-0000-0000-0000-000000000001?api-version=2022-09-12-preview&test-sequence-id=1
  response:
    body:
      string: '{"containerUri": "https://mystorage.blob.core.windows.net/job-00000000-0000-0000-0000-000000000001?sv=PLACEHOLDER&st=2000-01-01T00%3A00%3A00Z&se=2050-01-01T00%3A00%3A00Z&sr=c&sp=rcwl&sig=PLACEHOLDER",
        "inputDataUri": "https://mystorage.blob.core.windows.net/job-00000000-0000-0000-0000-000000000001/inputData?sv=PLACEHOLDER&st=2000-01-01T00%3A00%3A00Z&se=2050-01-01T00%3A00%3A00Z&sr=b&sp=r&rscd=attachment%3B+filename%3Dcirq-job-00000000-0000-0000-0000-000000000001.input.json&sig=PLACEHOLDER",
        "inputDataFormat": "honeywell.openqasm.v1", "inputParams": {"count": 500},
        "metadata": {"qubits": "3", "repetitions": "500", "measurement_dict": "{''q0'':
        [0], ''q1'': [1], ''q2'': [2]}"}, "sessionId": null, "status": "Waiting",
        "jobType": "QuantumComputing", "outputDataFormat": "honeywell.quantum-results.v1",
        "outputDataUri": "https://mystorage.blob.core.windows.net/job-00000000-0000-0000-0000-000000000001/outputData?sv=PLACEHOLDER&st=2000-01-01T00%3A00%3A00Z&se=2050-01-01T00%3A00%3A00Z&sr=b&sp=r&rscd=attachment%3B+filename%3Dcirq-job-00000000-0000-0000-0000-000000000001.output.json&sig=PLACEHOLDER",
        "beginExecutionTime": null, "cancellationTime": null, "quantumComputingData":
        null, "errorData": null, "isCancelling": false, "tags": [], "name": "cirq-job",
        "id": "00000000-0000-0000-0000-000000000001", "providerId": "quantinuum",
        "target": "quantinuum.sim.h1-1e", "creationTime": "2024-08-29T01:08:13.6216242+00:00",
        "endExecutionTime": null, "costEstimate": null, "itemType": "Job"}'
    headers:
      connection:
      - keep-alive
      content-length:
      - '1483'
      content-type:
      - application/json; charset=utf-8
      transfer-encoding:
      - chunked
    status:
      code: 200
      message: OK
- request:
    body: null
    headers:
      Accept:
      - application/json
      Accept-Encoding:
      - gzip, deflate
      Connection:
      - keep-alive
      User-Agent:
      - azsdk-python-quantum/0.0.1 Python/3.9.19 (Windows-10-10.0.22631-SP0)
    method: GET
    uri: https://eastus.quantum.azure.com/subscriptions/00000000-0000-0000-0000-000000000000/resourceGroups/myresourcegroup/providers/Microsoft.Quantum/workspaces/myworkspace/jobs/00000000-0000-0000-0000-000000000001?api-version=2022-09-12-preview&test-sequence-id=2
  response:
    body:
      string: '{"containerUri": "https://mystorage.blob.core.windows.net/job-00000000-0000-0000-0000-000000000001?sv=PLACEHOLDER&st=2000-01-01T00%3A00%3A00Z&se=2050-01-01T00%3A00%3A00Z&sr=c&sp=rcwl&sig=PLACEHOLDER",
        "inputDataUri": "https://mystorage.blob.core.windows.net/job-00000000-0000-0000-0000-000000000001/inputData?sv=PLACEHOLDER&st=2000-01-01T00%3A00%3A00Z&se=2050-01-01T00%3A00%3A00Z&sr=b&sp=r&rscd=attachment%3B+filename%3Dcirq-job-00000000-0000-0000-0000-000000000001.input.json&sig=PLACEHOLDER",
        "inputDataFormat": "honeywell.openqasm.v1", "inputParams": {"count": 500},
        "metadata": {"qubits": "3", "repetitions": "500", "measurement_dict": "{''q0'':
        [0], ''q1'': [1], ''q2'': [2]}"}, "sessionId": null, "status": "Waiting",
        "jobType": "QuantumComputing", "outputDataFormat": "honeywell.quantum-results.v1",
        "outputDataUri": "https://mystorage.blob.core.windows.net/job-00000000-0000-0000-0000-000000000001/outputData?sv=PLACEHOLDER&st=2000-01-01T00%3A00%3A00Z&se=2050-01-01T00%3A00%3A00Z&sr=b&sp=r&rscd=attachment%3B+filename%3Dcirq-job-00000000-0000-0000-0000-000000000001.output.json&sig=PLACEHOLDER",
        "beginExecutionTime": null, "cancellationTime": null, "quantumComputingData":
        {"count": 1}, "errorData": null, "isCancelling": false, "tags": [], "name":
        "cirq-job", "id": "00000000-0000-0000-0000-000000000001", "providerId": "quantinuum",
        "target": "quantinuum.sim.h1-1e", "creationTime": "2024-08-29T01:08:13.6216242+00:00",
        "endExecutionTime": null, "costEstimate": null, "itemType": "Job"}'
    headers:
      connection:
      - keep-alive
      content-length:
      - '1491'
      content-type:
      - application/json; charset=utf-8
      transfer-encoding:
      - chunked
    status:
      code: 200
      message: OK
- request:
    body: null
    headers:
      Accept:
      - application/json
      Accept-Encoding:
      - gzip, deflate
      Connection:
      - keep-alive
      User-Agent:
      - azsdk-python-quantum/0.0.1 Python/3.9.19 (Windows-10-10.0.22631-SP0)
    method: GET
    uri: https://eastus.quantum.azure.com/subscriptions/00000000-0000-0000-0000-000000000000/resourceGroups/myresourcegroup/providers/Microsoft.Quantum/workspaces/myworkspace/jobs/00000000-0000-0000-0000-000000000001?api-version=2022-09-12-preview&test-sequence-id=3
  response:
    body:
      string: '{"containerUri": "https://mystorage.blob.core.windows.net/job-00000000-0000-0000-0000-000000000001?sv=PLACEHOLDER&st=2000-01-01T00%3A00%3A00Z&se=2050-01-01T00%3A00%3A00Z&sr=c&sp=rcwl&sig=PLACEHOLDER",
        "inputDataUri": "https://mystorage.blob.core.windows.net/job-00000000-0000-0000-0000-000000000001/inputData?sv=PLACEHOLDER&st=2000-01-01T00%3A00%3A00Z&se=2050-01-01T00%3A00%3A00Z&sr=b&sp=r&rscd=attachment%3B+filename%3Dcirq-job-00000000-0000-0000-0000-000000000001.input.json&sig=PLACEHOLDER",
        "inputDataFormat": "honeywell.openqasm.v1", "inputParams": {"count": 500},
        "metadata": {"qubits": "3", "repetitions": "500", "measurement_dict": "{''q0'':
        [0], ''q1'': [1], ''q2'': [2]}"}, "sessionId": null, "status": "Waiting",
        "jobType": "QuantumComputing", "outputDataFormat": "honeywell.quantum-results.v1",
        "outputDataUri": "https://mystorage.blob.core.windows.net/job-00000000-0000-0000-0000-000000000001/outputData?sv=PLACEHOLDER&st=2000-01-01T00%3A00%3A00Z&se=2050-01-01T00%3A00%3A00Z&sr=b&sp=r&rscd=attachment%3B+filename%3Dcirq-job-00000000-0000-0000-0000-000000000001.output.json&sig=PLACEHOLDER",
        "beginExecutionTime": null, "cancellationTime": null, "quantumComputingData":
        {"count": 1}, "errorData": null, "isCancelling": false, "tags": [], "name":
        "cirq-job", "id": "00000000-0000-0000-0000-000000000001", "providerId": "quantinuum",
        "target": "quantinuum.sim.h1-1e", "creationTime": "2024-08-29T01:08:13.6216242+00:00",
        "endExecutionTime": null, "costEstimate": null, "itemType": "Job"}'
    headers:
      connection:
      - keep-alive
      content-length:
      - '1491'
      content-type:
      - application/json; charset=utf-8
      transfer-encoding:
      - chunked
    status:
      code: 200
      message: OK
- request:
    body: null
    headers:
      Accept:
      - application/json
      Accept-Encoding:
      - gzip, deflate
      Connection:
      - keep-alive
      User-Agent:
      - azsdk-python-quantum/0.0.1 Python/3.9.19 (Windows-10-10.0.22631-SP0)
    method: GET
    uri: https://eastus.quantum.azure.com/subscriptions/00000000-0000-0000-0000-000000000000/resourceGroups/myresourcegroup/providers/Microsoft.Quantum/workspaces/myworkspace/jobs/00000000-0000-0000-0000-000000000001?api-version=2022-09-12-preview&test-sequence-id=4
  response:
    body:
      string: '{"containerUri": "https://mystorage.blob.core.windows.net/job-00000000-0000-0000-0000-000000000001?sv=PLACEHOLDER&st=2000-01-01T00%3A00%3A00Z&se=2050-01-01T00%3A00%3A00Z&sr=c&sp=rcwl&sig=PLACEHOLDER",
        "inputDataUri": "https://mystorage.blob.core.windows.net/job-00000000-0000-0000-0000-000000000001/inputData?sv=PLACEHOLDER&st=2000-01-01T00%3A00%3A00Z&se=2050-01-01T00%3A00%3A00Z&sr=b&sp=r&rscd=attachment%3B+filename%3Dcirq-job-00000000-0000-0000-0000-000000000001.input.json&sig=PLACEHOLDER",
        "inputDataFormat": "honeywell.openqasm.v1", "inputParams": {"count": 500},
        "metadata": {"qubits": "3", "repetitions": "500", "measurement_dict": "{''q0'':
        [0], ''q1'': [1], ''q2'': [2]}"}, "sessionId": null, "status": "Waiting",
        "jobType": "QuantumComputing", "outputDataFormat": "honeywell.quantum-results.v1",
        "outputDataUri": "https://mystorage.blob.core.windows.net/job-00000000-0000-0000-0000-000000000001/outputData?sv=PLACEHOLDER&st=2000-01-01T00%3A00%3A00Z&se=2050-01-01T00%3A00%3A00Z&sr=b&sp=r&rscd=attachment%3B+filename%3Dcirq-job-00000000-0000-0000-0000-000000000001.output.json&sig=PLACEHOLDER",
        "beginExecutionTime": null, "cancellationTime": null, "quantumComputingData":
        {"count": 1}, "errorData": null, "isCancelling": false, "tags": [], "name":
        "cirq-job", "id": "00000000-0000-0000-0000-000000000001", "providerId": "quantinuum",
        "target": "quantinuum.sim.h1-1e", "creationTime": "2024-08-29T01:08:13.6216242+00:00",
        "endExecutionTime": null, "costEstimate": null, "itemType": "Job"}'
    headers:
      connection:
      - keep-alive
      content-length:
      - '1491'
      content-type:
      - application/json; charset=utf-8
      transfer-encoding:
      - chunked
    status:
      code: 200
      message: OK
- request:
    body: null
    headers:
      Accept:
      - application/json
      Accept-Encoding:
      - gzip, deflate
      Connection:
      - keep-alive
      User-Agent:
      - azsdk-python-quantum/0.0.1 Python/3.9.19 (Windows-10-10.0.22631-SP0)
    method: GET
    uri: https://eastus.quantum.azure.com/subscriptions/00000000-0000-0000-0000-000000000000/resourceGroups/myresourcegroup/providers/Microsoft.Quantum/workspaces/myworkspace/jobs/00000000-0000-0000-0000-000000000001?api-version=2022-09-12-preview&test-sequence-id=5
  response:
    body:
      string: '{"containerUri": "https://mystorage.blob.core.windows.net/job-00000000-0000-0000-0000-000000000001?sv=PLACEHOLDER&st=2000-01-01T00%3A00%3A00Z&se=2050-01-01T00%3A00%3A00Z&sr=c&sp=rcwl&sig=PLACEHOLDER",
        "inputDataUri": "https://mystorage.blob.core.windows.net/job-00000000-0000-0000-0000-000000000001/inputData?sv=PLACEHOLDER&st=2000-01-01T00%3A00%3A00Z&se=2050-01-01T00%3A00%3A00Z&sr=b&sp=r&rscd=attachment%3B+filename%3Dcirq-job-00000000-0000-0000-0000-000000000001.input.json&sig=PLACEHOLDER",
        "inputDataFormat": "honeywell.openqasm.v1", "inputParams": {"count": 500},
        "metadata": {"qubits": "3", "repetitions": "500", "measurement_dict": "{''q0'':
        [0], ''q1'': [1], ''q2'': [2]}"}, "sessionId": null, "status": "Waiting",
        "jobType": "QuantumComputing", "outputDataFormat": "honeywell.quantum-results.v1",
        "outputDataUri": "https://mystorage.blob.core.windows.net/job-00000000-0000-0000-0000-000000000001/outputData?sv=PLACEHOLDER&st=2000-01-01T00%3A00%3A00Z&se=2050-01-01T00%3A00%3A00Z&sr=b&sp=r&rscd=attachment%3B+filename%3Dcirq-job-00000000-0000-0000-0000-000000000001.output.json&sig=PLACEHOLDER",
        "beginExecutionTime": null, "cancellationTime": null, "quantumComputingData":
        {"count": 1}, "errorData": null, "isCancelling": false, "tags": [], "name":
        "cirq-job", "id": "00000000-0000-0000-0000-000000000001", "providerId": "quantinuum",
        "target": "quantinuum.sim.h1-1e", "creationTime": "2024-08-29T01:08:13.6216242+00:00",
        "endExecutionTime": null, "costEstimate": null, "itemType": "Job"}'
    headers:
      connection:
      - keep-alive
      content-length:
      - '1491'
      content-type:
      - application/json; charset=utf-8
      transfer-encoding:
      - chunked
    status:
      code: 200
      message: OK
- request:
    body: null
    headers:
      Accept:
      - application/json
      Accept-Encoding:
      - gzip, deflate
      Connection:
      - keep-alive
      User-Agent:
      - azsdk-python-quantum/0.0.1 Python/3.9.19 (Windows-10-10.0.22631-SP0)
    method: GET
    uri: https://eastus.quantum.azure.com/subscriptions/00000000-0000-0000-0000-000000000000/resourceGroups/myresourcegroup/providers/Microsoft.Quantum/workspaces/myworkspace/jobs/00000000-0000-0000-0000-000000000001?api-version=2022-09-12-preview&test-sequence-id=6
  response:
    body:
      string: '{"containerUri": "https://mystorage.blob.core.windows.net/job-00000000-0000-0000-0000-000000000001?sv=PLACEHOLDER&st=2000-01-01T00%3A00%3A00Z&se=2050-01-01T00%3A00%3A00Z&sr=c&sp=rcwl&sig=PLACEHOLDER",
        "inputDataUri": "https://mystorage.blob.core.windows.net/job-00000000-0000-0000-0000-000000000001/inputData?sv=PLACEHOLDER&st=2000-01-01T00%3A00%3A00Z&se=2050-01-01T00%3A00%3A00Z&sr=b&sp=r&rscd=attachment%3B+filename%3Dcirq-job-00000000-0000-0000-0000-000000000001.input.json&sig=PLACEHOLDER",
        "inputDataFormat": "honeywell.openqasm.v1", "inputParams": {"count": 500},
        "metadata": {"qubits": "3", "repetitions": "500", "measurement_dict": "{''q0'':
        [0], ''q1'': [1], ''q2'': [2]}"}, "sessionId": null, "status": "Waiting",
        "jobType": "QuantumComputing", "outputDataFormat": "honeywell.quantum-results.v1",
        "outputDataUri": "https://mystorage.blob.core.windows.net/job-00000000-0000-0000-0000-000000000001/outputData?sv=PLACEHOLDER&st=2000-01-01T00%3A00%3A00Z&se=2050-01-01T00%3A00%3A00Z&sr=b&sp=r&rscd=attachment%3B+filename%3Dcirq-job-00000000-0000-0000-0000-000000000001.output.json&sig=PLACEHOLDER",
        "beginExecutionTime": null, "cancellationTime": null, "quantumComputingData":
        {"count": 1}, "errorData": null, "isCancelling": false, "tags": [], "name":
        "cirq-job", "id": "00000000-0000-0000-0000-000000000001", "providerId": "quantinuum",
        "target": "quantinuum.sim.h1-1e", "creationTime": "2024-08-29T01:08:13.6216242+00:00",
        "endExecutionTime": null, "costEstimate": null, "itemType": "Job"}'
    headers:
      connection:
      - keep-alive
      content-length:
      - '1491'
      content-type:
      - application/json; charset=utf-8
      transfer-encoding:
      - chunked
    status:
      code: 200
      message: OK
- request:
    body: null
    headers:
      Accept:
      - application/json
      Accept-Encoding:
      - gzip, deflate
      Connection:
      - keep-alive
      User-Agent:
      - azsdk-python-quantum/0.0.1 Python/3.9.19 (Windows-10-10.0.22631-SP0)
    method: GET
    uri: https://eastus.quantum.azure.com/subscriptions/00000000-0000-0000-0000-000000000000/resourceGroups/myresourcegroup/providers/Microsoft.Quantum/workspaces/myworkspace/jobs/00000000-0000-0000-0000-000000000001?api-version=2022-09-12-preview&test-sequence-id=7
  response:
    body:
      string: '{"containerUri": "https://mystorage.blob.core.windows.net/job-00000000-0000-0000-0000-000000000001?sv=PLACEHOLDER&st=2000-01-01T00%3A00%3A00Z&se=2050-01-01T00%3A00%3A00Z&sr=c&sp=rcwl&sig=PLACEHOLDER",
        "inputDataUri": "https://mystorage.blob.core.windows.net/job-00000000-0000-0000-0000-000000000001/inputData?sv=PLACEHOLDER&st=2000-01-01T00%3A00%3A00Z&se=2050-01-01T00%3A00%3A00Z&sr=b&sp=r&rscd=attachment%3B+filename%3Dcirq-job-00000000-0000-0000-0000-000000000001.input.json&sig=PLACEHOLDER",
        "inputDataFormat": "honeywell.openqasm.v1", "inputParams": {"count": 500},
        "metadata": {"qubits": "3", "repetitions": "500", "measurement_dict": "{''q0'':
        [0], ''q1'': [1], ''q2'': [2]}"}, "sessionId": null, "status": "Waiting",
        "jobType": "QuantumComputing", "outputDataFormat": "honeywell.quantum-results.v1",
        "outputDataUri": "https://mystorage.blob.core.windows.net/job-00000000-0000-0000-0000-000000000001/outputData?sv=PLACEHOLDER&st=2000-01-01T00%3A00%3A00Z&se=2050-01-01T00%3A00%3A00Z&sr=b&sp=r&rscd=attachment%3B+filename%3Dcirq-job-00000000-0000-0000-0000-000000000001.output.json&sig=PLACEHOLDER",
        "beginExecutionTime": null, "cancellationTime": null, "quantumComputingData":
        {"count": 1}, "errorData": null, "isCancelling": false, "tags": [], "name":
        "cirq-job", "id": "00000000-0000-0000-0000-000000000001", "providerId": "quantinuum",
        "target": "quantinuum.sim.h1-1e", "creationTime": "2024-08-29T01:08:13.6216242+00:00",
        "endExecutionTime": null, "costEstimate": null, "itemType": "Job"}'
    headers:
      connection:
      - keep-alive
      content-length:
      - '1491'
      content-type:
      - application/json; charset=utf-8
      transfer-encoding:
      - chunked
    status:
      code: 200
      message: OK
- request:
    body: null
    headers:
      Accept:
      - application/json
      Accept-Encoding:
      - gzip, deflate
      Connection:
      - keep-alive
      User-Agent:
      - azsdk-python-quantum/0.0.1 Python/3.9.19 (Windows-10-10.0.22631-SP0)
    method: GET
    uri: https://eastus.quantum.azure.com/subscriptions/00000000-0000-0000-0000-000000000000/resourceGroups/myresourcegroup/providers/Microsoft.Quantum/workspaces/myworkspace/jobs/00000000-0000-0000-0000-000000000001?api-version=2022-09-12-preview&test-sequence-id=8
  response:
    body:
      string: '{"containerUri": "https://mystorage.blob.core.windows.net/job-00000000-0000-0000-0000-000000000001?sv=PLACEHOLDER&st=2000-01-01T00%3A00%3A00Z&se=2050-01-01T00%3A00%3A00Z&sr=c&sp=rcwl&sig=PLACEHOLDER",
        "inputDataUri": "https://mystorage.blob.core.windows.net/job-00000000-0000-0000-0000-000000000001/inputData?sv=PLACEHOLDER&st=2000-01-01T00%3A00%3A00Z&se=2050-01-01T00%3A00%3A00Z&sr=b&sp=r&rscd=attachment%3B+filename%3Dcirq-job-00000000-0000-0000-0000-000000000001.input.json&sig=PLACEHOLDER",
        "inputDataFormat": "honeywell.openqasm.v1", "inputParams": {"count": 500},
        "metadata": {"qubits": "3", "repetitions": "500", "measurement_dict": "{''q0'':
        [0], ''q1'': [1], ''q2'': [2]}"}, "sessionId": null, "status": "Waiting",
        "jobType": "QuantumComputing", "outputDataFormat": "honeywell.quantum-results.v1",
        "outputDataUri": "https://mystorage.blob.core.windows.net/job-00000000-0000-0000-0000-000000000001/outputData?sv=PLACEHOLDER&st=2000-01-01T00%3A00%3A00Z&se=2050-01-01T00%3A00%3A00Z&sr=b&sp=r&rscd=attachment%3B+filename%3Dcirq-job-00000000-0000-0000-0000-000000000001.output.json&sig=PLACEHOLDER",
        "beginExecutionTime": null, "cancellationTime": null, "quantumComputingData":
        {"count": 1}, "errorData": null, "isCancelling": false, "tags": [], "name":
        "cirq-job", "id": "00000000-0000-0000-0000-000000000001", "providerId": "quantinuum",
        "target": "quantinuum.sim.h1-1e", "creationTime": "2024-08-29T01:08:13.6216242+00:00",
        "endExecutionTime": null, "costEstimate": null, "itemType": "Job"}'
    headers:
      connection:
      - keep-alive
      content-length:
      - '1491'
      content-type:
      - application/json; charset=utf-8
      transfer-encoding:
      - chunked
    status:
      code: 200
      message: OK
- request:
    body: null
    headers:
      Accept:
      - application/json
      Accept-Encoding:
      - gzip, deflate
      Connection:
      - keep-alive
      User-Agent:
      - azsdk-python-quantum/0.0.1 Python/3.9.19 (Windows-10-10.0.22631-SP0)
    method: GET
    uri: https://eastus.quantum.azure.com/subscriptions/00000000-0000-0000-0000-000000000000/resourceGroups/myresourcegroup/providers/Microsoft.Quantum/workspaces/myworkspace/jobs/00000000-0000-0000-0000-000000000001?api-version=2022-09-12-preview&test-sequence-id=9
  response:
    body:
      string: '{"containerUri": "https://mystorage.blob.core.windows.net/job-00000000-0000-0000-0000-000000000001?sv=PLACEHOLDER&st=2000-01-01T00%3A00%3A00Z&se=2050-01-01T00%3A00%3A00Z&sr=c&sp=rcwl&sig=PLACEHOLDER",
        "inputDataUri": "https://mystorage.blob.core.windows.net/job-00000000-0000-0000-0000-000000000001/inputData?sv=PLACEHOLDER&st=2000-01-01T00%3A00%3A00Z&se=2050-01-01T00%3A00%3A00Z&sr=b&sp=r&rscd=attachment%3B+filename%3Dcirq-job-00000000-0000-0000-0000-000000000001.input.json&sig=PLACEHOLDER",
        "inputDataFormat": "honeywell.openqasm.v1", "inputParams": {"count": 500},
        "metadata": {"qubits": "3", "repetitions": "500", "measurement_dict": "{''q0'':
        [0], ''q1'': [1], ''q2'': [2]}"}, "sessionId": null, "status": "Executing",
        "jobType": "QuantumComputing", "outputDataFormat": "honeywell.quantum-results.v1",
        "outputDataUri": "https://mystorage.blob.core.windows.net/job-00000000-0000-0000-0000-000000000001/outputData?sv=PLACEHOLDER&st=2000-01-01T00%3A00%3A00Z&se=2050-01-01T00%3A00%3A00Z&sr=b&sp=r&rscd=attachment%3B+filename%3Dcirq-job-00000000-0000-0000-0000-000000000001.output.json&sig=PLACEHOLDER",
        "beginExecutionTime": "2024-08-29T01:08:22.096563+00:00", "cancellationTime":
        null, "quantumComputingData": {"count": 1}, "errorData": null, "isCancelling":
        false, "tags": [], "name": "cirq-job", "id": "00000000-0000-0000-0000-000000000001",
        "providerId": "quantinuum", "target": "quantinuum.sim.h1-1e", "creationTime":
        "2024-08-29T01:08:13.6216242+00:00", "endExecutionTime": null, "costEstimate":
        null, "itemType": "Job"}'
    headers:
      connection:
      - keep-alive
      content-length:
      - '1523'
      content-type:
      - application/json; charset=utf-8
      transfer-encoding:
      - chunked
    status:
      code: 200
      message: OK
- request:
    body: null
    headers:
      Accept:
      - application/json
      Accept-Encoding:
      - gzip, deflate
      Connection:
      - keep-alive
      User-Agent:
      - azsdk-python-quantum/0.0.1 Python/3.9.19 (Windows-10-10.0.22631-SP0)
    method: GET
    uri: https://eastus.quantum.azure.com/subscriptions/00000000-0000-0000-0000-000000000000/resourceGroups/myresourcegroup/providers/Microsoft.Quantum/workspaces/myworkspace/jobs/00000000-0000-0000-0000-000000000001?api-version=2022-09-12-preview&test-sequence-id=10
  response:
    body:
      string: '{"containerUri": "https://mystorage.blob.core.windows.net/job-00000000-0000-0000-0000-000000000001?sv=PLACEHOLDER&st=2000-01-01T00%3A00%3A00Z&se=2050-01-01T00%3A00%3A00Z&sr=c&sp=rcwl&sig=PLACEHOLDER",
        "inputDataUri": "https://mystorage.blob.core.windows.net/job-00000000-0000-0000-0000-000000000001/inputData?sv=PLACEHOLDER&st=2000-01-01T00%3A00%3A00Z&se=2050-01-01T00%3A00%3A00Z&sr=b&sp=r&rscd=attachment%3B+filename%3Dcirq-job-00000000-0000-0000-0000-000000000001.input.json&sig=PLACEHOLDER",
        "inputDataFormat": "honeywell.openqasm.v1", "inputParams": {"count": 500},
        "metadata": {"qubits": "3", "repetitions": "500", "measurement_dict": "{''q0'':
        [0], ''q1'': [1], ''q2'': [2]}"}, "sessionId": null, "status": "Succeeded",
        "jobType": "QuantumComputing", "outputDataFormat": "honeywell.quantum-results.v1",
        "outputDataUri": "https://mystorage.blob.core.windows.net/job-00000000-0000-0000-0000-000000000001/rawOutputData?sv=PLACEHOLDER&st=2000-01-01T00%3A00%3A00Z&se=2050-01-01T00%3A00%3A00Z&sr=b&sp=r&rscd=attachment%3B+filename%3Dcirq-job-00000000-0000-0000-0000-000000000001.output.json&sig=PLACEHOLDER",
        "beginExecutionTime": "2024-08-29T01:08:22.096563+00:00", "cancellationTime":
        null, "quantumComputingData": {"count": 1}, "errorData": null, "isCancelling":
        false, "tags": [], "name": "cirq-job", "id": "00000000-0000-0000-0000-000000000001",
        "providerId": "quantinuum", "target": "quantinuum.sim.h1-1e", "creationTime":
        "2024-08-29T01:08:13.6216242+00:00", "endExecutionTime": "2024-08-29T01:08:23.047209+00:00",
        "costEstimate": {"currencyCode": "USD", "events": [{"dimensionId": "ehqc",
        "dimensionName": "EHQC", "measureUnit": "hqc", "amountBilled": 10.5, "amountConsumed":
        10.5, "unitPrice": 0.0}], "estimatedTotal": 0.0}, "itemType": "Job"}'
    headers:
      connection:
      - keep-alive
      content-length:
      - '1746'
      content-type:
      - application/json; charset=utf-8
      transfer-encoding:
      - chunked
    status:
      code: 200
      message: OK
- request:
    body: null
    headers:
      Accept:
      - application/xml
      Accept-Encoding:
      - gzip, deflate
      Connection:
      - keep-alive
      User-Agent:
      - azsdk-python-storage-blob/12.20.0 Python/3.9.19 (Windows-10-10.0.22631-SP0)
      x-ms-date:
      - Thu, 29 Aug 2024 01:08:28 GMT
      x-ms-range:
      - bytes=0-33554431
      x-ms-version:
      - '2024-05-04'
    method: GET
    uri: https://mystorage.blob.core.windows.net/job-00000000-0000-0000-0000-000000000001/rawOutputData?sv=PLACEHOLDER&st=2000-01-01T00%3A00%3A00Z&se=2050-01-01T00%3A00%3A00Z&sr=b&sp=r&rscd=attachment%3B%20filename%3Dcirq-job-00000000-0000-0000-0000-000000000001.output.json&sig=PLACEHOLDER
  response:
    body:
      string: '{"m_q0": ["1", "1", "1", "0", "1", "0", "0", "0", "1", "1", "1", "1",
        "1", "1", "0", "0", "1", "1", "0", "1", "0", "1", "0", "0", "1", "1", "0",
        "0", "0", "0", "0", "0", "1", "0", "1", "0", "0", "0", "1", "1", "0", "1",
        "1", "0", "1", "1", "0", "1", "1", "0", "1", "1", "0", "1", "0", "1", "0",
        "0", "1", "1", "1", "0", "0", "1", "1", "0", "1", "0", "0", "1", "0", "1",
        "1", "0", "0", "1", "0", "0", "1", "0", "0", "1", "0", "0", "1", "1", "0",
        "0", "1", "0", "1", "0", "1", "0", "0", "1", "0", "1", "1", "0", "1", "0",
        "1", "0", "0", "0", "0", "1", "0", "0", "0", "0", "0", "0", "1", "1", "1",
        "1", "1", "1", "0", "1", "1", "0", "1", "0", "1", "0", "1", "0", "1", "1",
        "0", "1", "1", "1", "1", "1", "1", "1", "0", "1", "1", "1", "0", "0", "0",
        "1", "1", "0", "0", "0", "0", "1", "0", "1", "0", "1", "0", "0", "1", "0",
        "1", "0", "1", "1", "1", "1", "1", "0", "0", "1", "0", "1", "1", "1", "0",
        "1", "1", "0", "1", "0", "0", "0", "0", "1", "0", "1", "1", "0", "1", "1",
        "1", "1", "0", "0", "0", "1", "0", "0", "1", "1", "0", "1", "0", "1", "1",
        "0", "0", "0", "0", "0", "0", "0", "0", "1", "1", "1", "0", "1", "1", "1",
        "1", "1", "0", "1", "1", "0", "1", "1", "0", "0", "0", "1", "0", "1", "0",
        "0", "1", "0", "0", "0", "1", "1", "0", "1", "1", "1", "0", "0", "0", "0",
        "0", "0", "1", "0", "0", "1", "0", "1", "0", "0", "1", "1", "0", "1", "1",
        "0", "0", "0", "1", "0", "0", "1", "0", "1", "0", "0", "1", "0", "0", "0",
        "1", "1", "0", "0", "1", "0", "1", "0", "0", "0", "0", "1", "1", "1", "1",
        "1", "0", "1", "1", "1", "1", "1", "1", "1", "1", "1", "1", "1", "1", "1",
        "0", "1", "0", "1", "1", "1", "1", "1", "1", "0", "1", "0", "1", "1", "1",
        "1", "0", "1", "0", "0", "0", "0", "0", "1", "0", "1", "0", "1", "1", "1",
        "1", "1", "0", "1", "1", "0", "0", "1", "0", "1", "1", "1", "0", "0", "0",
        "1", "1", "1", "0", "1", "1", "0", "0", "1", "0", "1", "0", "1", "0", "0",
        "0", "1", "0", "0", "0", "1", "1", "0", "1", "0", "0", "1", "1", "0", "1",
        "1", "0", "1", "0", "1", "1", "1", "1", "1", "1", "0", "1", "1", "0", "0",
        "1", "0", "0", "0", "1", "1", "1", "1", "1", "0", "0", "0", "1", "0", "1",
        "1", "1", "0", "1", "0", "0", "0", "0", "0", "1", "0", "1", "0", "0", "0",
        "0", "0", "1", "0", "1", "0", "0", "0", "1", "0", "1", "0", "1", "1", "0",
        "1", "0", "0", "0", "1", "1", "0", "0", "0", "0", "0", "1", "1", "1", "1",
        "1", "1", "0", "1", "0", "1", "0", "1", "0", "0", "1", "1", "0", "1", "1",
        "0", "0", "1", "0", "1", "0", "1", "1", "1", "1", "0", "1", "0", "0", "1",
        "1", "1", "1", "1", "0", "1", "0", "0"], "m_q1": ["1", "1", "1", "0", "0",
        "0", "0", "0", "1", "1", "1", "1", "1", "1", "0", "0", "1", "1", "0", "1",
        "0", "1", "0", "0", "1", "1", "0", "0", "0", "0", "0", "0", "1", "0", "1",
        "0", "0", "0", "1", "1", "0", "1", "1", "0", "1", "1", "0", "1", "1", "0",
        "1", "1", "0", "0", "0", "1", "0", "0", "1", "1", "1", "0", "0", "1", "1",
        "0", "1", "0", "0", "1", "0", "1", "1", "0", "0", "1", "0", "0", "1", "0",
        "0", "1", "0", "0", "1", "1", "0", "0", "1", "0", "1", "0", "1", "0", "0",
        "1", "0", "1", "1", "0", "1", "0", "1", "0", "0", "0", "0", "1", "0", "0",
        "0", "0", "0", "0", "1", "1", "1", "1", "1", "1", "0", "1", "1", "0", "1",
        "0", "1", "0", "1", "0", "1", "1", "0", "1", "1", "1", "1", "1", "1", "1",
        "0", "1", "1", "1", "0", "0", "0", "1", "1", "0", "0", "0", "0", "1", "0",
        "1", "0", "1", "0", "0", "1", "0", "1", "0", "1", "1", "1", "1", "1", "0",
        "0", "1", "0", "1", "1", "1", "0", "1", "1", "0", "1", "0", "0", "0", "0",
        "1", "0", "1", "1", "0", "1", "1", "1", "1", "0", "0", "0", "1", "0", "0",
        "1", "1", "0", "1", "0", "1", "1", "0", "0", "0", "0", "0", "0", "0", "0",
        "1", "1", "1", "0", "1", "1", "1", "1", "1", "0", "1", "1", "0", "1", "1",
        "0", "0", "0", "1", "0", "1", "0", "0", "1", "0", "0", "0", "1", "1", "0",
        "1", "1", "1", "0", "0", "0", "0", "0", "0", "1", "0", "0", "1", "0", "1",
        "0", "0", "1", "1", "0", "1", "1", "0", "0", "0", "1", "0", "0", "1", "0",
        "1", "0", "0", "1", "0", "0", "0", "1", "1", "0", "0", "1", "0", "1", "0",
        "0", "0", "0", "1", "1", "1", "1", "1", "0", "1", "1", "1", "1", "1", "1",
        "1", "1", "1", "1", "1", "1", "1", "0", "1", "0", "1", "1", "1", "1", "1",
        "1", "0", "1", "0", "1", "1", "1", "1", "0", "1", "0", "0", "0", "0", "0",
        "1", "0", "1", "0", "1", "1", "1", "1", "1", "0", "1", "1", "0", "0", "1",
        "0", "1", "1", "1", "0", "0", "0", "1", "1", "1", "0", "1", "1", "0", "0",
        "1", "0", "1", "0", "1", "0", "0", "0", "1", "0", "0", "0", "1", "1", "0",
        "1", "0", "0", "1", "1", "0", "1", "1", "0", "1", "0", "1", "1", "1", "1",
        "1", "1", "0", "1", "1", "0", "0", "1", "0", "0", "0", "1", "1", "1", "1",
        "1", "0", "0", "0", "1", "0", "1", "1", "1", "0", "1", "0", "0", "0", "0",
        "0", "1", "0", "1", "0", "0", "0", "0", "0", "1", "0", "1", "0", "0", "0",
        "1", "0", "1", "0", "1", "1", "0", "1", "0", "0", "0", "1", "1", "0", "0",
        "0", "0", "0", "1", "1", "1", "1", "1", "1", "0", "1", "0", "1", "0", "1",
        "0", "0", "1", "1", "0", "1", "1", "0", "0", "1", "0", "1", "0", "1", "1",
        "1", "1", "0", "1", "0", "0", "1", "1", "1", "1", "1", "0", "1", "0", "0"],
        "m_q2": ["1", "1", "1", "0", "1", "0", "0", "0", "1", "1", "1", "1", "1",
        "1", "0", "0", "1", "1", "0", "1", "0", "1", "0", "0", "1", "1", "0", "0",
        "0", "0", "0", "0", "1", "0", "1", "0", "0", "0", "1", "1", "0", "1", "1",
        "0", "1", "1", "0", "1", "1", "0", "1", "1", "0", "0", "0", "1", "0", "0",
        "1", "1", "1", "0", "0", "1", "1", "0", "1", "0", "0", "1", "0", "1", "1",
        "0", "0", "1", "0", "0", "1", "0", "0", "1", "0", "0", "1", "1", "0", "0",
        "1", "0", "1", "0", "1", "0", "0", "1", "0", "1", "1", "0", "1", "0", "1",
        "0", "0", "0", "0", "1", "0", "0", "0", "0", "0", "0", "1", "1", "1", "1",
        "1", "1", "0", "1", "1", "0", "1", "0", "1", "0", "1", "0", "1", "1", "0",
        "1", "1", "1", "1", "1", "1", "1", "0", "1", "1", "1", "0", "0", "0", "1",
        "1", "0", "0", "0", "0", "1", "0", "1", "0", "1", "0", "0", "1", "0", "1",
        "0", "1", "1", "1", "1", "1", "0", "0", "1", "0", "1", "1", "1", "0", "1",
        "1", "0", "1", "0", "0", "0", "0", "1", "0", "1", "1", "0", "1", "1", "1",
        "1", "0", "0", "0", "1", "0", "0", "1", "1", "0", "1", "0", "1", "1", "0",
        "0", "0", "0", "0", "0", "0", "0", "1", "1", "1", "0", "1", "1", "1", "1",
        "1", "0", "1", "1", "0", "1", "1", "0", "0", "0", "1", "0", "1", "0", "0",
        "1", "0", "0", "0", "1", "1", "0", "1", "1", "1", "0", "0", "0", "0", "0",
        "0", "1", "0", "0", "1", "0", "1", "0", "0", "1", "1", "0", "1", "1", "0",
        "0", "0", "1", "0", "0", "1", "0", "1", "0", "0", "1", "0", "0", "0", "1",
        "1", "0", "0", "1", "0", "1", "0", "0", "0", "0", "1", "1", "1", "1", "1",
        "0", "0", "1", "1", "1", "1", "1", "1", "1", "1", "1", "1", "1", "1", "0",
        "1", "0", "1", "1", "1", "1", "1", "1", "0", "1", "0", "1", "1", "1", "1",
        "0", "1", "0", "0", "0", "0", "0", "1", "0", "1", "0", "1", "1", "1", "1",
        "1", "0", "1", "1", "0", "0", "1", "0", "1", "1", "1", "0", "0", "0", "1",
        "1", "1", "0", "1", "1", "0", "0", "1", "0", "1", "0", "1", "0", "0", "0",
        "1", "0", "0", "0", "1", "1", "0", "1", "0", "0", "1", "1", "0", "1", "1",
        "0", "1", "0", "1", "1", "1", "1", "1", "1", "0", "1", "1", "0", "0", "1",
        "0", "0", "0", "1", "1", "1", "1", "1", "0", "0", "0", "1", "0", "1", "1",
        "1", "0", "1", "0", "0", "0", "0", "0", "1", "0", "1", "0", "0", "0", "0",
        "0", "1", "0", "1", "0", "0", "0", "1", "0", "1", "0", "1", "1", "0", "1",
        "0", "0", "0", "1", "1", "0", "0", "0", "0", "0", "1", "1", "1", "1", "1",
        "1", "0", "1", "0", "1", "0", "1", "0", "0", "1", "1", "0", "1", "1", "0",
        "0", "1", "0", "1", "0", "1", "1", "1", "1", "0", "1", "0", "0", "1", "1",
        "1", "1", "1", "0", "1", "0", "0"]}'
    headers:
      accept-ranges:
      - bytes
      content-length:
      - '7530'
      content-range:
      - bytes 0-7529/7530
      content-type:
      - application/octet-stream
      x-ms-blob-content-md5:
      - TKyCaK/hRvEY1uNjl2kH9g==
      x-ms-blob-type:
      - BlockBlob
      x-ms-creation-time:
      - Thu, 29 Aug 2024 01:08:13 GMT
      x-ms-lease-state:
      - available
      x-ms-lease-status:
      - unlocked
      x-ms-server-encrypted:
      - 'true'
      x-ms-version:
      - '2024-05-04'
    status:
      code: 206
      message: Partial Content
- request:
    body: null
    headers:
      Accept:
      - application/json
      Accept-Encoding:
      - gzip, deflate
      Connection:
      - keep-alive
      User-Agent:
      - azsdk-python-quantum/0.0.1 Python/3.9.19 (Windows-10-10.0.22631-SP0)
    method: GET
    uri: https://eastus.quantum.azure.com/subscriptions/00000000-0000-0000-0000-000000000000/resourceGroups/myresourcegroup/providers/Microsoft.Quantum/workspaces/myworkspace/providerStatus?api-version=2022-09-12-preview&test-sequence-id=2
  response:
    body:
      string: '{"value": [{"id": "microsoft-elements", "currentAvailability": "Available",
        "targets": [{"id": "microsoft.dft", "currentAvailability": "Available", "averageQueueTime":
        0, "statusPage": null}]}, {"id": "ionq", "currentAvailability": "Degraded",
        "targets": [{"id": "ionq.qpu", "currentAvailability": "Unavailable", "averageQueueTime":
        0, "statusPage": null}, {"id": "ionq.qpu.aria-1", "currentAvailability": "Available",
        "averageQueueTime": 8438084, "statusPage": "https://status.ionq.co"}, {"id":
        "ionq.qpu.aria-2", "currentAvailability": "Available", "averageQueueTime":
        2604054, "statusPage": "https://status.ionq.co"}, {"id": "ionq.simulator",
        "currentAvailability": "Available", "averageQueueTime": 1, "statusPage": "https://status.ionq.co"}]},
        {"id": "microsoft-qc", "currentAvailability": "Available", "targets": [{"id":
        "microsoft.estimator", "currentAvailability": "Available", "averageQueueTime":
        0, "statusPage": null}]}, {"id": "pasqal", "currentAvailability": "Degraded",
        "targets": [{"id": "pasqal.sim.emu-tn", "currentAvailability": "Available",
        "averageQueueTime": 273, "statusPage": "https://pasqal.com"}, {"id": "pasqal.qpu.fresnel",
        "currentAvailability": "Degraded", "averageQueueTime": 0, "statusPage": "https://pasqal.com"}]},
        {"id": "quantinuum", "currentAvailability": "Available", "targets": [{"id":
        "quantinuum.qpu.h1-1", "currentAvailability": "Available", "averageQueueTime":
        164985, "statusPage": "https://www.quantinuum.com/hardware/h1"}, {"id": "quantinuum.sim.h1-1sc",
        "currentAvailability": "Available", "averageQueueTime": 0, "statusPage": "https://www.quantinuum.com/hardware/h1"},
        {"id": "quantinuum.sim.h1-1e", "currentAvailability": "Available", "averageQueueTime":
        0, "statusPage": "https://www.quantinuum.com/hardware/h1"}, {"id": "quantinuum.qpu.h2-1",
        "currentAvailability": "Available", "averageQueueTime": 115270, "statusPage":
        "https://www.quantinuum.com/hardware/h2"}, {"id": "quantinuum.sim.h2-1sc",
        "currentAvailability": "Available", "averageQueueTime": 0, "statusPage": "https://www.quantinuum.com/hardware/h2"},
        {"id": "quantinuum.sim.h2-1e", "currentAvailability": "Available", "averageQueueTime":
        0, "statusPage": "https://www.quantinuum.com/hardware/h2"}, {"id": "quantinuum.sim.h1-1sc-preview",
        "currentAvailability": "Available", "averageQueueTime": 0, "statusPage": "https://www.quantinuum.com/hardware/h1"},
        {"id": "quantinuum.sim.h1-1e-preview", "currentAvailability": "Available",
        "averageQueueTime": 0, "statusPage": "https://www.quantinuum.com/hardware/h1"},
        {"id": "quantinuum.sim.h1-2e-preview", "currentAvailability": "Available",
        "averageQueueTime": 0, "statusPage": "https://www.quantinuum.com/hardware/h1"},
        {"id": "quantinuum.qpu.h1-1-preview", "currentAvailability": "Available",
        "averageQueueTime": 164985, "statusPage": "https://www.quantinuum.com/hardware/h1"}]},
        {"id": "rigetti", "currentAvailability": "Available", "targets": [{"id": "rigetti.sim.qvm",
        "currentAvailability": "Available", "averageQueueTime": 5, "statusPage": "https://rigetti.statuspage.io/"},
        {"id": "rigetti.qpu.ankaa-2", "currentAvailability": "Available", "averageQueueTime":
        5, "statusPage": "https://rigetti.statuspage.io/"}]}, {"id": "qci", "currentAvailability":
        "Degraded", "targets": [{"id": "qci.simulator", "currentAvailability": "Available",
        "averageQueueTime": 1, "statusPage": "https://quantumcircuits.com"}, {"id":
        "qci.machine1", "currentAvailability": "Unavailable", "averageQueueTime":
        1, "statusPage": "https://quantumcircuits.com"}, {"id": "qci.simulator.noisy",
        "currentAvailability": "Available", "averageQueueTime": 0, "statusPage": "https://quantumcircuits.com"}]},
        {"id": "Microsoft.Test", "currentAvailability": "Available", "targets": [{"id":
        "echo-rigetti", "currentAvailability": "Available", "averageQueueTime": 1,
        "statusPage": ""}, {"id": "echo-quantinuum", "currentAvailability": "Available",
        "averageQueueTime": 1, "statusPage": ""}, {"id": "echo-qci", "currentAvailability":
        "Available", "averageQueueTime": 1, "statusPage": ""}, {"id": "echo-ionq",
        "currentAvailability": "Available", "averageQueueTime": 1, "statusPage": ""},
        {"id": "echo-aquarius", "currentAvailability": "Available", "averageQueueTime":
        1, "statusPage": ""}, {"id": "sparse-sim-rigetti", "currentAvailability":
        "Available", "averageQueueTime": 1, "statusPage": ""}, {"id": "sparse-sim-quantinuum",
        "currentAvailability": "Available", "averageQueueTime": 1, "statusPage": ""},
        {"id": "sparse-sim-qci", "currentAvailability": "Available", "averageQueueTime":
        1, "statusPage": ""}, {"id": "sparse-sim-ionq", "currentAvailability": "Available",
        "averageQueueTime": 1, "statusPage": ""}, {"id": "echo-output", "currentAvailability":
        "Available", "averageQueueTime": 1, "statusPage": ""}]}], "nextLink": null}'
    headers:
      connection:
      - keep-alive
      content-length:
      - '4751'
      content-type:
      - application/json; charset=utf-8
      transfer-encoding:
      - chunked
    status:
      code: 200
      message: OK
- request:
    body: null
    headers:
      Accept:
      - application/json
      Accept-Encoding:
      - gzip, deflate
      Connection:
      - keep-alive
      User-Agent:
      - azsdk-python-quantum/0.0.1 Python/3.9.19 (Windows-10-10.0.22631-SP0)
    method: GET
    uri: https://eastus.quantum.azure.com/subscriptions/00000000-0000-0000-0000-000000000000/resourceGroups/myresourcegroup/providers/Microsoft.Quantum/workspaces/myworkspace/jobs/00000000-0000-0000-0000-000000000001?api-version=2022-09-12-preview&test-sequence-id=11
  response:
    body:
      string: '{"containerUri": "https://mystorage.blob.core.windows.net/job-00000000-0000-0000-0000-000000000001?sv=PLACEHOLDER&st=2000-01-01T00%3A00%3A00Z&se=2050-01-01T00%3A00%3A00Z&sr=c&sp=rcwl&sig=PLACEHOLDER",
        "inputDataUri": "https://mystorage.blob.core.windows.net/job-00000000-0000-0000-0000-000000000001/inputData?sv=PLACEHOLDER&st=2000-01-01T00%3A00%3A00Z&se=2050-01-01T00%3A00%3A00Z&sr=b&sp=r&rscd=attachment%3B+filename%3Dcirq-job-00000000-0000-0000-0000-000000000001.input.json&sig=PLACEHOLDER",
        "inputDataFormat": "honeywell.openqasm.v1", "inputParams": {"count": 500},
        "metadata": {"qubits": "3", "repetitions": "500", "measurement_dict": "{''q0'':
        [0], ''q1'': [1], ''q2'': [2]}"}, "sessionId": null, "status": "Succeeded",
        "jobType": "QuantumComputing", "outputDataFormat": "honeywell.quantum-results.v1",
        "outputDataUri": "https://mystorage.blob.core.windows.net/job-00000000-0000-0000-0000-000000000001/rawOutputData?sv=PLACEHOLDER&st=2000-01-01T00%3A00%3A00Z&se=2050-01-01T00%3A00%3A00Z&sr=b&sp=r&rscd=attachment%3B+filename%3Dcirq-job-00000000-0000-0000-0000-000000000001.output.json&sig=PLACEHOLDER",
        "beginExecutionTime": "2024-08-29T01:08:22.096563+00:00", "cancellationTime":
        null, "quantumComputingData": {"count": 1}, "errorData": null, "isCancelling":
        false, "tags": [], "name": "cirq-job", "id": "00000000-0000-0000-0000-000000000001",
        "providerId": "quantinuum", "target": "quantinuum.sim.h1-1e", "creationTime":
        "2024-08-29T01:08:13.6216242+00:00", "endExecutionTime": "2024-08-29T01:08:23.047209+00:00",
        "costEstimate": {"currencyCode": "USD", "events": [{"dimensionId": "ehqc",
        "dimensionName": "EHQC", "measureUnit": "hqc", "amountBilled": 10.5, "amountConsumed":
        10.5, "unitPrice": 0.0}], "estimatedTotal": 0.0}, "itemType": "Job"}'
    headers:
      connection:
      - keep-alive
      content-length:
      - '1746'
      content-type:
      - application/json; charset=utf-8
      transfer-encoding:
      - chunked
    status:
      code: 200
      message: OK
- request:
    body: null
    headers:
      Accept:
      - application/json
      Accept-Encoding:
      - gzip, deflate
      Connection:
      - keep-alive
      User-Agent:
      - azsdk-python-quantum/0.0.1 Python/3.9.19 (Windows-10-10.0.22631-SP0)
    method: GET
    uri: https://eastus.quantum.azure.com/subscriptions/00000000-0000-0000-0000-000000000000/resourceGroups/myresourcegroup/providers/Microsoft.Quantum/workspaces/myworkspace/jobs/00000000-0000-0000-0000-000000000001?api-version=2022-09-12-preview&test-sequence-id=12
  response:
    body:
      string: '{"containerUri": "https://mystorage.blob.core.windows.net/job-00000000-0000-0000-0000-000000000001?sv=PLACEHOLDER&st=2000-01-01T00%3A00%3A00Z&se=2050-01-01T00%3A00%3A00Z&sr=c&sp=rcwl&sig=PLACEHOLDER",
        "inputDataUri": "https://mystorage.blob.core.windows.net/job-00000000-0000-0000-0000-000000000001/inputData?sv=PLACEHOLDER&st=2000-01-01T00%3A00%3A00Z&se=2050-01-01T00%3A00%3A00Z&sr=b&sp=r&rscd=attachment%3B+filename%3Dcirq-job-00000000-0000-0000-0000-000000000001.input.json&sig=PLACEHOLDER",
        "inputDataFormat": "honeywell.openqasm.v1", "inputParams": {"count": 500},
        "metadata": {"qubits": "3", "repetitions": "500", "measurement_dict": "{''q0'':
        [0], ''q1'': [1], ''q2'': [2]}"}, "sessionId": null, "status": "Succeeded",
        "jobType": "QuantumComputing", "outputDataFormat": "honeywell.quantum-results.v1",
        "outputDataUri": "https://mystorage.blob.core.windows.net/job-00000000-0000-0000-0000-000000000001/rawOutputData?sv=PLACEHOLDER&st=2000-01-01T00%3A00%3A00Z&se=2050-01-01T00%3A00%3A00Z&sr=b&sp=r&rscd=attachment%3B+filename%3Dcirq-job-00000000-0000-0000-0000-000000000001.output.json&sig=PLACEHOLDER",
        "beginExecutionTime": "2024-08-29T01:08:22.096563+00:00", "cancellationTime":
        null, "quantumComputingData": {"count": 1}, "errorData": null, "isCancelling":
        false, "tags": [], "name": "cirq-job", "id": "00000000-0000-0000-0000-000000000001",
        "providerId": "quantinuum", "target": "quantinuum.sim.h1-1e", "creationTime":
        "2024-08-29T01:08:13.6216242+00:00", "endExecutionTime": "2024-08-29T01:08:23.047209+00:00",
        "costEstimate": {"currencyCode": "USD", "events": [{"dimensionId": "ehqc",
        "dimensionName": "EHQC", "measureUnit": "hqc", "amountBilled": 10.5, "amountConsumed":
        10.5, "unitPrice": 0.0}], "estimatedTotal": 0.0}, "itemType": "Job"}'
    headers:
      connection:
      - keep-alive
      content-length:
      - '1746'
      content-type:
      - application/json; charset=utf-8
      transfer-encoding:
      - chunked
    status:
      code: 200
      message: OK
- request:
    body: null
    headers:
      Accept:
      - application/xml
      Accept-Encoding:
      - gzip, deflate
      Connection:
      - keep-alive
      User-Agent:
      - azsdk-python-storage-blob/12.20.0 Python/3.9.19 (Windows-10-10.0.22631-SP0)
      x-ms-date:
      - Thu, 29 Aug 2024 01:08:29 GMT
      x-ms-range:
      - bytes=0-33554431
      x-ms-version:
      - '2024-05-04'
    method: GET
    uri: https://mystorage.blob.core.windows.net/job-00000000-0000-0000-0000-000000000001/rawOutputData?sv=PLACEHOLDER&st=2000-01-01T00%3A00%3A00Z&se=2050-01-01T00%3A00%3A00Z&sr=b&sp=r&rscd=attachment%3B%20filename%3Dcirq-job-00000000-0000-0000-0000-000000000001.output.json&sig=PLACEHOLDER
  response:
    body:
      string: '{"m_q0": ["1", "1", "1", "0", "1", "0", "0", "0", "1", "1", "1", "1",
        "1", "1", "0", "0", "1", "1", "0", "1", "0", "1", "0", "0", "1", "1", "0",
        "0", "0", "0", "0", "0", "1", "0", "1", "0", "0", "0", "1", "1", "0", "1",
        "1", "0", "1", "1", "0", "1", "1", "0", "1", "1", "0", "1", "0", "1", "0",
        "0", "1", "1", "1", "0", "0", "1", "1", "0", "1", "0", "0", "1", "0", "1",
        "1", "0", "0", "1", "0", "0", "1", "0", "0", "1", "0", "0", "1", "1", "0",
        "0", "1", "0", "1", "0", "1", "0", "0", "1", "0", "1", "1", "0", "1", "0",
        "1", "0", "0", "0", "0", "1", "0", "0", "0", "0", "0", "0", "1", "1", "1",
        "1", "1", "1", "0", "1", "1", "0", "1", "0", "1", "0", "1", "0", "1", "1",
        "0", "1", "1", "1", "1", "1", "1", "1", "0", "1", "1", "1", "0", "0", "0",
        "1", "1", "0", "0", "0", "0", "1", "0", "1", "0", "1", "0", "0", "1", "0",
        "1", "0", "1", "1", "1", "1", "1", "0", "0", "1", "0", "1", "1", "1", "0",
        "1", "1", "0", "1", "0", "0", "0", "0", "1", "0", "1", "1", "0", "1", "1",
        "1", "1", "0", "0", "0", "1", "0", "0", "1", "1", "0", "1", "0", "1", "1",
        "0", "0", "0", "0", "0", "0", "0", "0", "1", "1", "1", "0", "1", "1", "1",
        "1", "1", "0", "1", "1", "0", "1", "1", "0", "0", "0", "1", "0", "1", "0",
        "0", "1", "0", "0", "0", "1", "1", "0", "1", "1", "1", "0", "0", "0", "0",
        "0", "0", "1", "0", "0", "1", "0", "1", "0", "0", "1", "1", "0", "1", "1",
        "0", "0", "0", "1", "0", "0", "1", "0", "1", "0", "0", "1", "0", "0", "0",
        "1", "1", "0", "0", "1", "0", "1", "0", "0", "0", "0", "1", "1", "1", "1",
        "1", "0", "1", "1", "1", "1", "1", "1", "1", "1", "1", "1", "1", "1", "1",
        "0", "1", "0", "1", "1", "1", "1", "1", "1", "0", "1", "0", "1", "1", "1",
        "1", "0", "1", "0", "0", "0", "0", "0", "1", "0", "1", "0", "1", "1", "1",
        "1", "1", "0", "1", "1", "0", "0", "1", "0", "1", "1", "1", "0", "0", "0",
        "1", "1", "1", "0", "1", "1", "0", "0", "1", "0", "1", "0", "1", "0", "0",
        "0", "1", "0", "0", "0", "1", "1", "0", "1", "0", "0", "1", "1", "0", "1",
        "1", "0", "1", "0", "1", "1", "1", "1", "1", "1", "0", "1", "1", "0", "0",
        "1", "0", "0", "0", "1", "1", "1", "1", "1", "0", "0", "0", "1", "0", "1",
        "1", "1", "0", "1", "0", "0", "0", "0", "0", "1", "0", "1", "0", "0", "0",
        "0", "0", "1", "0", "1", "0", "0", "0", "1", "0", "1", "0", "1", "1", "0",
        "1", "0", "0", "0", "1", "1", "0", "0", "0", "0", "0", "1", "1", "1", "1",
        "1", "1", "0", "1", "0", "1", "0", "1", "0", "0", "1", "1", "0", "1", "1",
        "0", "0", "1", "0", "1", "0", "1", "1", "1", "1", "0", "1", "0", "0", "1",
        "1", "1", "1", "1", "0", "1", "0", "0"], "m_q1": ["1", "1", "1", "0", "0",
        "0", "0", "0", "1", "1", "1", "1", "1", "1", "0", "0", "1", "1", "0", "1",
        "0", "1", "0", "0", "1", "1", "0", "0", "0", "0", "0", "0", "1", "0", "1",
        "0", "0", "0", "1", "1", "0", "1", "1", "0", "1", "1", "0", "1", "1", "0",
        "1", "1", "0", "0", "0", "1", "0", "0", "1", "1", "1", "0", "0", "1", "1",
        "0", "1", "0", "0", "1", "0", "1", "1", "0", "0", "1", "0", "0", "1", "0",
        "0", "1", "0", "0", "1", "1", "0", "0", "1", "0", "1", "0", "1", "0", "0",
        "1", "0", "1", "1", "0", "1", "0", "1", "0", "0", "0", "0", "1", "0", "0",
        "0", "0", "0", "0", "1", "1", "1", "1", "1", "1", "0", "1", "1", "0", "1",
        "0", "1", "0", "1", "0", "1", "1", "0", "1", "1", "1", "1", "1", "1", "1",
        "0", "1", "1", "1", "0", "0", "0", "1", "1", "0", "0", "0", "0", "1", "0",
        "1", "0", "1", "0", "0", "1", "0", "1", "0", "1", "1", "1", "1", "1", "0",
        "0", "1", "0", "1", "1", "1", "0", "1", "1", "0", "1", "0", "0", "0", "0",
        "1", "0", "1", "1", "0", "1", "1", "1", "1", "0", "0", "0", "1", "0", "0",
        "1", "1", "0", "1", "0", "1", "1", "0", "0", "0", "0", "0", "0", "0", "0",
        "1", "1", "1", "0", "1", "1", "1", "1", "1", "0", "1", "1", "0", "1", "1",
        "0", "0", "0", "1", "0", "1", "0", "0", "1", "0", "0", "0", "1", "1", "0",
        "1", "1", "1", "0", "0", "0", "0", "0", "0", "1", "0", "0", "1", "0", "1",
        "0", "0", "1", "1", "0", "1", "1", "0", "0", "0", "1", "0", "0", "1", "0",
        "1", "0", "0", "1", "0", "0", "0", "1", "1", "0", "0", "1", "0", "1", "0",
        "0", "0", "0", "1", "1", "1", "1", "1", "0", "1", "1", "1", "1", "1", "1",
        "1", "1", "1", "1", "1", "1", "1", "0", "1", "0", "1", "1", "1", "1", "1",
        "1", "0", "1", "0", "1", "1", "1", "1", "0", "1", "0", "0", "0", "0", "0",
        "1", "0", "1", "0", "1", "1", "1", "1", "1", "0", "1", "1", "0", "0", "1",
        "0", "1", "1", "1", "0", "0", "0", "1", "1", "1", "0", "1", "1", "0", "0",
        "1", "0", "1", "0", "1", "0", "0", "0", "1", "0", "0", "0", "1", "1", "0",
        "1", "0", "0", "1", "1", "0", "1", "1", "0", "1", "0", "1", "1", "1", "1",
        "1", "1", "0", "1", "1", "0", "0", "1", "0", "0", "0", "1", "1", "1", "1",
        "1", "0", "0", "0", "1", "0", "1", "1", "1", "0", "1", "0", "0", "0", "0",
        "0", "1", "0", "1", "0", "0", "0", "0", "0", "1", "0", "1", "0", "0", "0",
        "1", "0", "1", "0", "1", "1", "0", "1", "0", "0", "0", "1", "1", "0", "0",
        "0", "0", "0", "1", "1", "1", "1", "1", "1", "0", "1", "0", "1", "0", "1",
        "0", "0", "1", "1", "0", "1", "1", "0", "0", "1", "0", "1", "0", "1", "1",
        "1", "1", "0", "1", "0", "0", "1", "1", "1", "1", "1", "0", "1", "0", "0"],
        "m_q2": ["1", "1", "1", "0", "1", "0", "0", "0", "1", "1", "1", "1", "1",
        "1", "0", "0", "1", "1", "0", "1", "0", "1", "0", "0", "1", "1", "0", "0",
        "0", "0", "0", "0", "1", "0", "1", "0", "0", "0", "1", "1", "0", "1", "1",
        "0", "1", "1", "0", "1", "1", "0", "1", "1", "0", "0", "0", "1", "0", "0",
        "1", "1", "1", "0", "0", "1", "1", "0", "1", "0", "0", "1", "0", "1", "1",
        "0", "0", "1", "0", "0", "1", "0", "0", "1", "0", "0", "1", "1", "0", "0",
        "1", "0", "1", "0", "1", "0", "0", "1", "0", "1", "1", "0", "1", "0", "1",
        "0", "0", "0", "0", "1", "0", "0", "0", "0", "0", "0", "1", "1", "1", "1",
        "1", "1", "0", "1", "1", "0", "1", "0", "1", "0", "1", "0", "1", "1", "0",
        "1", "1", "1", "1", "1", "1", "1", "0", "1", "1", "1", "0", "0", "0", "1",
        "1", "0", "0", "0", "0", "1", "0", "1", "0", "1", "0", "0", "1", "0", "1",
        "0", "1", "1", "1", "1", "1", "0", "0", "1", "0", "1", "1", "1", "0", "1",
        "1", "0", "1", "0", "0", "0", "0", "1", "0", "1", "1", "0", "1", "1", "1",
        "1", "0", "0", "0", "1", "0", "0", "1", "1", "0", "1", "0", "1", "1", "0",
        "0", "0", "0", "0", "0", "0", "0", "1", "1", "1", "0", "1", "1", "1", "1",
        "1", "0", "1", "1", "0", "1", "1", "0", "0", "0", "1", "0", "1", "0", "0",
        "1", "0", "0", "0", "1", "1", "0", "1", "1", "1", "0", "0", "0", "0", "0",
        "0", "1", "0", "0", "1", "0", "1", "0", "0", "1", "1", "0", "1", "1", "0",
        "0", "0", "1", "0", "0", "1", "0", "1", "0", "0", "1", "0", "0", "0", "1",
        "1", "0", "0", "1", "0", "1", "0", "0", "0", "0", "1", "1", "1", "1", "1",
        "0", "0", "1", "1", "1", "1", "1", "1", "1", "1", "1", "1", "1", "1", "0",
        "1", "0", "1", "1", "1", "1", "1", "1", "0", "1", "0", "1", "1", "1", "1",
        "0", "1", "0", "0", "0", "0", "0", "1", "0", "1", "0", "1", "1", "1", "1",
        "1", "0", "1", "1", "0", "0", "1", "0", "1", "1", "1", "0", "0", "0", "1",
        "1", "1", "0", "1", "1", "0", "0", "1", "0", "1", "0", "1", "0", "0", "0",
        "1", "0", "0", "0", "1", "1", "0", "1", "0", "0", "1", "1", "0", "1", "1",
        "0", "1", "0", "1", "1", "1", "1", "1", "1", "0", "1", "1", "0", "0", "1",
        "0", "0", "0", "1", "1", "1", "1", "1", "0", "0", "0", "1", "0", "1", "1",
        "1", "0", "1", "0", "0", "0", "0", "0", "1", "0", "1", "0", "0", "0", "0",
        "0", "1", "0", "1", "0", "0", "0", "1", "0", "1", "0", "1", "1", "0", "1",
        "0", "0", "0", "1", "1", "0", "0", "0", "0", "0", "1", "1", "1", "1", "1",
        "1", "0", "1", "0", "1", "0", "1", "0", "0", "1", "1", "0", "1", "1", "0",
        "0", "1", "0", "1", "0", "1", "1", "1", "1", "0", "1", "0", "0", "1", "1",
        "1", "1", "1", "0", "1", "0", "0"]}'
    headers:
      accept-ranges:
      - bytes
      content-length:
      - '7530'
      content-range:
      - bytes 0-7529/7530
      content-type:
      - application/octet-stream
      x-ms-blob-content-md5:
      - TKyCaK/hRvEY1uNjl2kH9g==
      x-ms-blob-type:
      - BlockBlob
      x-ms-creation-time:
      - Thu, 29 Aug 2024 01:08:13 GMT
      x-ms-lease-state:
      - available
      x-ms-lease-status:
      - unlocked
      x-ms-server-encrypted:
      - 'true'
      x-ms-version:
      - '2024-05-04'
    status:
      code: 206
      message: Partial Content
- request:
    body: null
    headers:
      Accept:
      - application/xml
      Accept-Encoding:
      - gzip, deflate
      Connection:
      - keep-alive
      User-Agent:
      - azsdk-python-storage-blob/12.20.0 Python/3.9.19 (Windows-10-10.0.22631-SP0)
      x-ms-date:
      - Thu, 29 Aug 2024 01:08:29 GMT
      x-ms-range:
      - bytes=0-33554431
      x-ms-version:
      - '2024-05-04'
    method: GET
    uri: https://mystorage.blob.core.windows.net/job-00000000-0000-0000-0000-000000000001/rawOutputData?sv=PLACEHOLDER&st=2000-01-01T00%3A00%3A00Z&se=2050-01-01T00%3A00%3A00Z&sr=b&sp=r&rscd=attachment%3B%20filename%3Dcirq-job-00000000-0000-0000-0000-000000000001.output.json&sig=PLACEHOLDER
  response:
    body:
      string: '{"m_q0": ["1", "1", "1", "0", "1", "0", "0", "0", "1", "1", "1", "1",
        "1", "1", "0", "0", "1", "1", "0", "1", "0", "1", "0", "0", "1", "1", "0",
        "0", "0", "0", "0", "0", "1", "0", "1", "0", "0", "0", "1", "1", "0", "1",
        "1", "0", "1", "1", "0", "1", "1", "0", "1", "1", "0", "1", "0", "1", "0",
        "0", "1", "1", "1", "0", "0", "1", "1", "0", "1", "0", "0", "1", "0", "1",
        "1", "0", "0", "1", "0", "0", "1", "0", "0", "1", "0", "0", "1", "1", "0",
        "0", "1", "0", "1", "0", "1", "0", "0", "1", "0", "1", "1", "0", "1", "0",
        "1", "0", "0", "0", "0", "1", "0", "0", "0", "0", "0", "0", "1", "1", "1",
        "1", "1", "1", "0", "1", "1", "0", "1", "0", "1", "0", "1", "0", "1", "1",
        "0", "1", "1", "1", "1", "1", "1", "1", "0", "1", "1", "1", "0", "0", "0",
        "1", "1", "0", "0", "0", "0", "1", "0", "1", "0", "1", "0", "0", "1", "0",
        "1", "0", "1", "1", "1", "1", "1", "0", "0", "1", "0", "1", "1", "1", "0",
        "1", "1", "0", "1", "0", "0", "0", "0", "1", "0", "1", "1", "0", "1", "1",
        "1", "1", "0", "0", "0", "1", "0", "0", "1", "1", "0", "1", "0", "1", "1",
        "0", "0", "0", "0", "0", "0", "0", "0", "1", "1", "1", "0", "1", "1", "1",
        "1", "1", "0", "1", "1", "0", "1", "1", "0", "0", "0", "1", "0", "1", "0",
        "0", "1", "0", "0", "0", "1", "1", "0", "1", "1", "1", "0", "0", "0", "0",
        "0", "0", "1", "0", "0", "1", "0", "1", "0", "0", "1", "1", "0", "1", "1",
        "0", "0", "0", "1", "0", "0", "1", "0", "1", "0", "0", "1", "0", "0", "0",
        "1", "1", "0", "0", "1", "0", "1", "0", "0", "0", "0", "1", "1", "1", "1",
        "1", "0", "1", "1", "1", "1", "1", "1", "1", "1", "1", "1", "1", "1", "1",
        "0", "1", "0", "1", "1", "1", "1", "1", "1", "0", "1", "0", "1", "1", "1",
        "1", "0", "1", "0", "0", "0", "0", "0", "1", "0", "1", "0", "1", "1", "1",
        "1", "1", "0", "1", "1", "0", "0", "1", "0", "1", "1", "1", "0", "0", "0",
        "1", "1", "1", "0", "1", "1", "0", "0", "1", "0", "1", "0", "1", "0", "0",
        "0", "1", "0", "0", "0", "1", "1", "0", "1", "0", "0", "1", "1", "0", "1",
        "1", "0", "1", "0", "1", "1", "1", "1", "1", "1", "0", "1", "1", "0", "0",
        "1", "0", "0", "0", "1", "1", "1", "1", "1", "0", "0", "0", "1", "0", "1",
        "1", "1", "0", "1", "0", "0", "0", "0", "0", "1", "0", "1", "0", "0", "0",
        "0", "0", "1", "0", "1", "0", "0", "0", "1", "0", "1", "0", "1", "1", "0",
        "1", "0", "0", "0", "1", "1", "0", "0", "0", "0", "0", "1", "1", "1", "1",
        "1", "1", "0", "1", "0", "1", "0", "1", "0", "0", "1", "1", "0", "1", "1",
        "0", "0", "1", "0", "1", "0", "1", "1", "1", "1", "0", "1", "0", "0", "1",
        "1", "1", "1", "1", "0", "1", "0", "0"], "m_q1": ["1", "1", "1", "0", "0",
        "0", "0", "0", "1", "1", "1", "1", "1", "1", "0", "0", "1", "1", "0", "1",
        "0", "1", "0", "0", "1", "1", "0", "0", "0", "0", "0", "0", "1", "0", "1",
        "0", "0", "0", "1", "1", "0", "1", "1", "0", "1", "1", "0", "1", "1", "0",
        "1", "1", "0", "0", "0", "1", "0", "0", "1", "1", "1", "0", "0", "1", "1",
        "0", "1", "0", "0", "1", "0", "1", "1", "0", "0", "1", "0", "0", "1", "0",
        "0", "1", "0", "0", "1", "1", "0", "0", "1", "0", "1", "0", "1", "0", "0",
        "1", "0", "1", "1", "0", "1", "0", "1", "0", "0", "0", "0", "1", "0", "0",
        "0", "0", "0", "0", "1", "1", "1", "1", "1", "1", "0", "1", "1", "0", "1",
        "0", "1", "0", "1", "0", "1", "1", "0", "1", "1", "1", "1", "1", "1", "1",
        "0", "1", "1", "1", "0", "0", "0", "1", "1", "0", "0", "0", "0", "1", "0",
        "1", "0", "1", "0", "0", "1", "0", "1", "0", "1", "1", "1", "1", "1", "0",
        "0", "1", "0", "1", "1", "1", "0", "1", "1", "0", "1", "0", "0", "0", "0",
        "1", "0", "1", "1", "0", "1", "1", "1", "1", "0", "0", "0", "1", "0", "0",
        "1", "1", "0", "1", "0", "1", "1", "0", "0", "0", "0", "0", "0", "0", "0",
        "1", "1", "1", "0", "1", "1", "1", "1", "1", "0", "1", "1", "0", "1", "1",
        "0", "0", "0", "1", "0", "1", "0", "0", "1", "0", "0", "0", "1", "1", "0",
        "1", "1", "1", "0", "0", "0", "0", "0", "0", "1", "0", "0", "1", "0", "1",
        "0", "0", "1", "1", "0", "1", "1", "0", "0", "0", "1", "0", "0", "1", "0",
        "1", "0", "0", "1", "0", "0", "0", "1", "1", "0", "0", "1", "0", "1", "0",
        "0", "0", "0", "1", "1", "1", "1", "1", "0", "1", "1", "1", "1", "1", "1",
        "1", "1", "1", "1", "1", "1", "1", "0", "1", "0", "1", "1", "1", "1", "1",
        "1", "0", "1", "0", "1", "1", "1", "1", "0", "1", "0", "0", "0", "0", "0",
        "1", "0", "1", "0", "1", "1", "1", "1", "1", "0", "1", "1", "0", "0", "1",
        "0", "1", "1", "1", "0", "0", "0", "1", "1", "1", "0", "1", "1", "0", "0",
        "1", "0", "1", "0", "1", "0", "0", "0", "1", "0", "0", "0", "1", "1", "0",
        "1", "0", "0", "1", "1", "0", "1", "1", "0", "1", "0", "1", "1", "1", "1",
        "1", "1", "0", "1", "1", "0", "0", "1", "0", "0", "0", "1", "1", "1", "1",
        "1", "0", "0", "0", "1", "0", "1", "1", "1", "0", "1", "0", "0", "0", "0",
        "0", "1", "0", "1", "0", "0", "0", "0", "0", "1", "0", "1", "0", "0", "0",
        "1", "0", "1", "0", "1", "1", "0", "1", "0", "0", "0", "1", "1", "0", "0",
        "0", "0", "0", "1", "1", "1", "1", "1", "1", "0", "1", "0", "1", "0", "1",
        "0", "0", "1", "1", "0", "1", "1", "0", "0", "1", "0", "1", "0", "1", "1",
        "1", "1", "0", "1", "0", "0", "1", "1", "1", "1", "1", "0", "1", "0", "0"],
        "m_q2": ["1", "1", "1", "0", "1", "0", "0", "0", "1", "1", "1", "1", "1",
        "1", "0", "0", "1", "1", "0", "1", "0", "1", "0", "0", "1", "1", "0", "0",
        "0", "0", "0", "0", "1", "0", "1", "0", "0", "0", "1", "1", "0", "1", "1",
        "0", "1", "1", "0", "1", "1", "0", "1", "1", "0", "0", "0", "1", "0", "0",
        "1", "1", "1", "0", "0", "1", "1", "0", "1", "0", "0", "1", "0", "1", "1",
        "0", "0", "1", "0", "0", "1", "0", "0", "1", "0", "0", "1", "1", "0", "0",
        "1", "0", "1", "0", "1", "0", "0", "1", "0", "1", "1", "0", "1", "0", "1",
        "0", "0", "0", "0", "1", "0", "0", "0", "0", "0", "0", "1", "1", "1", "1",
        "1", "1", "0", "1", "1", "0", "1", "0", "1", "0", "1", "0", "1", "1", "0",
        "1", "1", "1", "1", "1", "1", "1", "0", "1", "1", "1", "0", "0", "0", "1",
        "1", "0", "0", "0", "0", "1", "0", "1", "0", "1", "0", "0", "1", "0", "1",
        "0", "1", "1", "1", "1", "1", "0", "0", "1", "0", "1", "1", "1", "0", "1",
        "1", "0", "1", "0", "0", "0", "0", "1", "0", "1", "1", "0", "1", "1", "1",
        "1", "0", "0", "0", "1", "0", "0", "1", "1", "0", "1", "0", "1", "1", "0",
        "0", "0", "0", "0", "0", "0", "0", "1", "1", "1", "0", "1", "1", "1", "1",
        "1", "0", "1", "1", "0", "1", "1", "0", "0", "0", "1", "0", "1", "0", "0",
        "1", "0", "0", "0", "1", "1", "0", "1", "1", "1", "0", "0", "0", "0", "0",
        "0", "1", "0", "0", "1", "0", "1", "0", "0", "1", "1", "0", "1", "1", "0",
        "0", "0", "1", "0", "0", "1", "0", "1", "0", "0", "1", "0", "0", "0", "1",
        "1", "0", "0", "1", "0", "1", "0", "0", "0", "0", "1", "1", "1", "1", "1",
        "0", "0", "1", "1", "1", "1", "1", "1", "1", "1", "1", "1", "1", "1", "0",
        "1", "0", "1", "1", "1", "1", "1", "1", "0", "1", "0", "1", "1", "1", "1",
        "0", "1", "0", "0", "0", "0", "0", "1", "0", "1", "0", "1", "1", "1", "1",
        "1", "0", "1", "1", "0", "0", "1", "0", "1", "1", "1", "0", "0", "0", "1",
        "1", "1", "0", "1", "1", "0", "0", "1", "0", "1", "0", "1", "0", "0", "0",
        "1", "0", "0", "0", "1", "1", "0", "1", "0", "0", "1", "1", "0", "1", "1",
        "0", "1", "0", "1", "1", "1", "1", "1", "1", "0", "1", "1", "0", "0", "1",
        "0", "0", "0", "1", "1", "1", "1", "1", "0", "0", "0", "1", "0", "1", "1",
        "1", "0", "1", "0", "0", "0", "0", "0", "1", "0", "1", "0", "0", "0", "0",
        "0", "1", "0", "1", "0", "0", "0", "1", "0", "1", "0", "1", "1", "0", "1",
        "0", "0", "0", "1", "1", "0", "0", "0", "0", "0", "1", "1", "1", "1", "1",
        "1", "0", "1", "0", "1", "0", "1", "0", "0", "1", "1", "0", "1", "1", "0",
        "0", "1", "0", "1", "0", "1", "1", "1", "1", "0", "1", "0", "0", "1", "1",
        "1", "1", "1", "0", "1", "0", "0"]}'
    headers:
      accept-ranges:
      - bytes
      content-length:
      - '7530'
      content-range:
      - bytes 0-7529/7530
      content-type:
      - application/octet-stream
      x-ms-blob-content-md5:
      - TKyCaK/hRvEY1uNjl2kH9g==
      x-ms-blob-type:
      - BlockBlob
      x-ms-creation-time:
      - Thu, 29 Aug 2024 01:08:13 GMT
      x-ms-lease-state:
      - available
      x-ms-lease-status:
      - unlocked
      x-ms-server-encrypted:
      - 'true'
      x-ms-version:
      - '2024-05-04'
    status:
      code: 206
      message: Partial Content
version: 1
