interactions:
- request:
    body: client_id=00000000-0000-0000-0000-000000000000&grant_type=client_credentials&client_info=1&client_secret=PLACEHOLDER&scope=https%3A%2F%2Fquantum.microsoft.com%2F.default
    headers:
      Accept:
      - application/json
      Accept-Encoding:
      - gzip, deflate
      Connection:
      - keep-alive
      Content-Length:
      - '192'
      Content-Type:
      - application/x-www-form-urlencoded
      User-Agent:
      - azsdk-python-identity/1.6.0 Python/3.7.4 (Darwin-20.5.0-x86_64-i386-64bit)
      x-client-cpu:
      - x64
      x-client-current-telemetry:
      - 1|730,0|
      x-client-os:
      - darwin
      x-client-sku:
      - MSAL.Python
      x-client-ver:
      - 1.10.0
    method: POST
    uri: https://login.microsoftonline.com/00000000-0000-0000-0000-000000000000/oauth2/v2.0/token
  response:
    body:
      string: '{"token_type": "Bearer", "expires_in": 86399, "ext_expires_in": 86399,
        "access_token": "fake_token"}'
    headers:
      content-length:
      - '1722'
      content-type:
      - application/json; charset=utf-8
    status:
      code: 200
      message: OK
- request:
    body: 'b''{"containerName": "job-00000000-0000-0000-0000-000000000000"}'''
    headers:
      Accept:
      - application/json
      Accept-Encoding:
      - gzip, deflate
      Connection:
      - keep-alive
      Content-Length:
      - '61'
      Content-Type:
      - application/json
      User-Agent:
      - azsdk-python-quantum/0.0.0.1 Python/3.7.4 (Darwin-20.5.0-x86_64-i386-64bit)
    method: POST
    uri: https://eastus.quantum.azure.com/v1.0/subscriptions/00000000-0000-0000-0000-000000000000/resourceGroups/myresourcegroup/providers/Microsoft.Quantum/workspaces/myworkspace/storage/sasUri
  response:
    body:
      string: '{"sasUri": "https://mystorage.blob.core.windows.net/job-00000000-0000-0000-0000-000000000000?sv=PLACEHOLDER&sig=PLACEHOLDER&se=PLACEHOLDER&srt=co&ss=b&sp=racw",
        "access_token": "fake_token"}'
    headers:
      content-length:
      - '207'
      content-type:
      - application/json; charset=utf-8
      transfer-encoding:
      - chunked
    status:
      code: 200
      message: OK
- request:
    body: None
    headers:
      Accept:
      - application/xml
      Accept-Encoding:
      - gzip, deflate
      Connection:
      - keep-alive
      User-Agent:
      - azsdk-python-storage-blob/12.8.0 Python/3.7.4 (Darwin-20.5.0-x86_64-i386-64bit)
      x-ms-date:
      - Fri, 11 Jun 2021 17:20:56 GMT
      x-ms-version:
      - '2020-06-12'
    method: GET
    uri: https://mystorage.blob.core.windows.net/job-00000000-0000-0000-0000-000000000000?restype=container&sv=PLACEHOLDER&sig=PLACEHOLDER&se=PLACEHOLDER&srt=co&ss=b&sp=racw
  response:
    body:
      string: "\uFEFF<?xml version=\"1.0\" encoding=\"utf-8\"?><Error><Code>ContainerNotFound</Code><Message>The
        specified container does not exist.\nRequestId:0641aae8-801e-005c-24e6-5ecab5000000\nTime:2021-06-11T17:20:57.1555961Z</Message></Error>"
    headers:
      content-length:
      - '225'
      content-type:
      - application/xml
      x-ms-version:
      - '2020-06-12'
    status:
      code: 404
      message: The specified container does not exist.
- request:
    body: None
    headers:
      Accept:
      - application/xml
      Accept-Encoding:
      - gzip, deflate
      Connection:
      - keep-alive
      Content-Length:
      - '0'
      User-Agent:
      - azsdk-python-storage-blob/12.8.0 Python/3.7.4 (Darwin-20.5.0-x86_64-i386-64bit)
      x-ms-date:
      - Fri, 11 Jun 2021 17:20:56 GMT
      x-ms-version:
      - '2020-06-12'
    method: PUT
    uri: https://mystorage.blob.core.windows.net/job-00000000-0000-0000-0000-000000000000?restype=container&sv=PLACEHOLDER&sig=PLACEHOLDER&se=PLACEHOLDER&srt=co&ss=b&sp=racw
  response:
    body:
      string: ''
    headers:
      content-length:
      - '0'
      x-ms-version:
      - '2020-06-12'
    status:
      code: 201
      message: Created
- request:
    body: 'b''{"containerName": "job-00000000-0000-0000-0000-000000000000"}'''
    headers:
      Accept:
      - application/json
      Accept-Encoding:
      - gzip, deflate
      Connection:
      - keep-alive
      Content-Length:
      - '61'
      Content-Type:
      - application/json
      User-Agent:
      - azsdk-python-quantum/0.0.0.1 Python/3.7.4 (Darwin-20.5.0-x86_64-i386-64bit)
    method: POST
    uri: https://eastus.quantum.azure.com/v1.0/subscriptions/00000000-0000-0000-0000-000000000000/resourceGroups/myresourcegroup/providers/Microsoft.Quantum/workspaces/myworkspace/storage/sasUri
  response:
    body:
      string: '{"sasUri": "https://mystorage.blob.core.windows.net/job-00000000-0000-0000-0000-000000000000?sv=PLACEHOLDER&sig=PLACEHOLDER&se=PLACEHOLDER&srt=co&ss=b&sp=racw",
        "access_token": "fake_token"}'
    headers:
      content-length:
      - '205'
      content-type:
      - application/json; charset=utf-8
      transfer-encoding:
      - chunked
    status:
      code: 200
      message: OK
- request:
    body: None
    headers:
      Accept:
      - application/xml
      Accept-Encoding:
      - gzip, deflate
      Connection:
      - keep-alive
      User-Agent:
      - azsdk-python-storage-blob/12.8.0 Python/3.7.4 (Darwin-20.5.0-x86_64-i386-64bit)
      x-ms-date:
      - Fri, 11 Jun 2021 17:20:57 GMT
      x-ms-version:
      - '2020-06-12'
    method: GET
    uri: https://mystorage.blob.core.windows.net/job-00000000-0000-0000-0000-000000000000?restype=container&sv=PLACEHOLDER&sig=PLACEHOLDER&se=PLACEHOLDER&srt=co&ss=b&sp=racw
  response:
    body:
      string: ''
    headers:
      content-length:
      - '0'
      x-ms-lease-state:
      - available
      x-ms-lease-status:
      - unlocked
      x-ms-version:
      - '2020-06-12'
    status:
      code: 200
      message: OK
- request:
    body: b'\x1f\x8b\x08\x00y\x9b\xc3`\x02\xffU\xcbA\n\x80 \x10\x05\xd0\xab\xc8\xac5RkQW\t\t2\x83\x16e\xa4\x05!\xde=\xab\x85\xcdj\xe6\xff\xc7\x0f\xa0\xad\xf3\xfdt\xac\xda\xcfv\x85\x96\x048\xcd\xee\xbe\x1fxQ\x02%\xe0\xaf\xcd<q;\x06\xfbf\xb3/.\x15]\x00\x9d\x0e\x93\xa9\x9b\xc7\xb7\xe1\x94\x94*R\xf2I\x9dA
      h\x10\xf0\x0c"\x83D\x0bV!\xf9M0\x08\x15U\x8c7\xc4,d\x84\xd8\x00\x00\x00'
    headers:
      Accept:
      - application/xml
      Accept-Encoding:
      - gzip, deflate
      Connection:
      - keep-alive
      Content-Length:
      - '125'
      Content-Type:
      - application/octet-stream
      User-Agent:
      - azsdk-python-storage-blob/12.8.0 Python/3.7.4 (Darwin-20.5.0-x86_64-i386-64bit)
      x-ms-blob-type:
      - BlockBlob
      x-ms-date:
      - Fri, 11 Jun 2021 17:20:58 GMT
      x-ms-encryption-algorithm:
      - AES256
      x-ms-version:
      - '2020-06-12'
    method: PUT
    uri: https://mystorage.blob.core.windows.net/job-00000000-0000-0000-0000-000000000000/inputData?sv=PLACEHOLDER&sig=PLACEHOLDER&se=PLACEHOLDER&srt=co&ss=b&sp=racw
  response:
    body:
      string: ''
    headers:
      content-length:
      - '0'
      x-ms-version:
      - '2020-06-12'
    status:
      code: 201
      message: Created
- request:
    body: 'b''{"id": "00000000-0000-0000-0000-000000000000", "name": "Test-PticmSolver-\\"20210101-000000\\"",
      "containerUri": "https://mystorage.blob.core.windows.net/job-00000000-0000-0000-0000-000000000000",
      "inputDataUri": "https://mystorage.blob.core.windows.net/job-00000000-0000-0000-0000-000000000000/inputData",
      "inputDataFormat": "microsoft.qio.v2", "inputParams": {"num_sweeps_per_run":
      "99"}, "providerId": "1qbit", "target": "1qbit.pticm", "outputDataFormat": "microsoft.qio-results.v1"}'''
    headers:
      Accept:
      - application/json
      Accept-Encoding:
      - gzip, deflate
      Connection:
      - keep-alive
      Content-Length:
      - '482'
      Content-Type:
      - application/json
      User-Agent:
      - azsdk-python-quantum/0.0.0.1 Python/3.7.4 (Darwin-20.5.0-x86_64-i386-64bit)
    method: PUT
    uri: https://eastus.quantum.azure.com/v1.0/subscriptions/00000000-0000-0000-0000-000000000000/resourceGroups/myresourcegroup/providers/Microsoft.Quantum/workspaces/myworkspace/jobs/00000000-0000-0000-0000-000000000000
  response:
    body:
      string: '{"containerUri": "https://mystorage.blob.core.windows.net/job-00000000-0000-0000-0000-000000000000",
        "inputDataUri": "https://mystorage.blob.core.windows.net/job-00000000-0000-0000-0000-000000000000/inputData",
        "inputDataFormat": "microsoft.qio.v2", "inputParams": {"num_sweeps_per_run":
        "99"}, "providerId": "1qbit", "target": "1qbit.pticm", "metadata": null, "name":
        "Test-PticmSolver-\"20210101-000000\"", "id": "00000000-0000-0000-0000-000000000000",
        "status": "Waiting", "outputDataFormat": "microsoft.qio-results.v1", "outputDataUri":
        "https://e2etests.blob.core.windows.net:443/job-00000000-0000-0000-0000-000000000000/outputData",
        "creationTime": "2021-06-11T17:20:59.0227708+00:00", "beginExecutionTime":
        null, "endExecutionTime": null, "cancellationTime": null, "errorData": null,
        "isCancelling": false, "tags": [], "access_token": "fake_token"}'
    headers:
      content-length:
      - '785'
      content-type:
      - application/json; charset=utf-8
      transfer-encoding:
      - chunked
    status:
      code: 200
      message: OK
- request:
    body: None
    headers:
      Accept:
      - application/json
      Accept-Encoding:
      - gzip, deflate
      Connection:
      - keep-alive
      User-Agent:
      - azsdk-python-quantum/0.0.0.1 Python/3.7.4 (Darwin-20.5.0-x86_64-i386-64bit)
    method: GET
    uri: https://eastus.quantum.azure.com/v1.0/subscriptions/00000000-0000-0000-0000-000000000000/resourceGroups/myresourcegroup/providers/Microsoft.Quantum/workspaces/myworkspace/jobs/00000000-0000-0000-0000-000000000000
  response:
    body:
      string: '{"containerUri": "https://mystorage.blob.core.windows.net/job-00000000-0000-0000-0000-000000000000",
        "inputDataUri": "https://mystorage.blob.core.windows.net/job-00000000-0000-0000-0000-000000000000/inputData?sv=PLACEHOLDER&sr=b&sig=PLACEHOLDER&se=PLACEHOLDER&sp=r&rscd=attachment%3B%20filename%3DTest-PticmSolver-%252220210101-000000%2522-6142309a-cad9-11eb-bc31-acde48001122.input.json",
        "inputDataFormat": "microsoft.qio.v2", "inputParams": {"num_sweeps_per_run":
        "99"}, "providerId": "1qbit", "target": "1qbit.pticm", "metadata": null, "name":
        "Test-PticmSolver-\"20210101-000000\"", "id": "00000000-0000-0000-0000-000000000000",
        "status": "Succeeded", "outputDataFormat": "microsoft.qio-results.v1", "outputDataUri":
        "https://mystorage.blob.core.windows.net/job-00000000-0000-0000-0000-000000000000/rawOutputData?sv=PLACEHOLDER&sr=b&sig=PLACEHOLDER&se=PLACEHOLDER&sp=r&rscd=attachment%3B%20filename%3DTest-PticmSolver-%252220210101-000000%2522-6142309a-cad9-11eb-bc31-acde48001122.output.json",
        "creationTime": "2021-06-11T17:20:59.0227708+00:00", "beginExecutionTime":
        "2021-06-11T17:21:00.096166Z", "endExecutionTime": "2021-06-11T17:21:00.235199Z",
        "cancellationTime": null, "errorData": null, "isCancelling": false, "tags":
        [], "access_token": "fake_token"}'
    headers:
      content-length:
      - '1297'
      content-type:
      - application/json; charset=utf-8
      transfer-encoding:
      - chunked
    status:
      code: 200
      message: OK
- request:
    body: None
    headers:
      Accept:
      - application/json
      Accept-Encoding:
      - gzip, deflate
      Connection:
      - keep-alive
      User-Agent:
      - azsdk-python-quantum/0.0.0.1 Python/3.7.4 (Darwin-20.5.0-x86_64-i386-64bit)
    method: GET
    uri: https://eastus.quantum.azure.com/v1.0/subscriptions/00000000-0000-0000-0000-000000000000/resourceGroups/myresourcegroup/providers/Microsoft.Quantum/workspaces/myworkspace/jobs/00000000-0000-0000-0000-000000000000
  response:
    body:
      string: '{"containerUri": "https://mystorage.blob.core.windows.net/job-00000000-0000-0000-0000-000000000000",
        "inputDataUri": "https://mystorage.blob.core.windows.net/job-00000000-0000-0000-0000-000000000000/inputData?sv=PLACEHOLDER&sr=b&sig=PLACEHOLDER&se=PLACEHOLDER&sp=r&rscd=attachment%3B%20filename%3DTest-PticmSolver-%252220210101-000000%2522-6142309a-cad9-11eb-bc31-acde48001122.input.json",
        "inputDataFormat": "microsoft.qio.v2", "inputParams": {"num_sweeps_per_run":
        "99"}, "providerId": "1qbit", "target": "1qbit.pticm", "metadata": null, "name":
        "Test-PticmSolver-\"20210101-000000\"", "id": "00000000-0000-0000-0000-000000000000",
        "status": "Succeeded", "outputDataFormat": "microsoft.qio-results.v1", "outputDataUri":
        "https://mystorage.blob.core.windows.net/job-00000000-0000-0000-0000-000000000000/rawOutputData?sv=PLACEHOLDER&sr=b&sig=PLACEHOLDER&se=PLACEHOLDER&sp=r&rscd=attachment%3B%20filename%3DTest-PticmSolver-%252220210101-000000%2522-6142309a-cad9-11eb-bc31-acde48001122.output.json",
        "creationTime": "2021-06-11T17:20:59.0227708+00:00", "beginExecutionTime":
        "2021-06-11T17:21:00.096166Z", "endExecutionTime": "2021-06-11T17:21:00.235199Z",
        "cancellationTime": null, "errorData": null, "isCancelling": false, "tags":
        [], "access_token": "fake_token"}'
    headers:
      content-length:
      - '1297'
      content-type:
      - application/json; charset=utf-8
      transfer-encoding:
      - chunked
    status:
      code: 200
      message: OK
- request:
    body: None
    headers:
      Accept:
      - application/xml
      Accept-Encoding:
      - gzip, deflate
      Connection:
      - keep-alive
      User-Agent:
      - azsdk-python-storage-blob/12.8.0 Python/3.7.4 (Darwin-20.5.0-x86_64-i386-64bit)
      x-ms-date:
      - Fri, 11 Jun 2021 17:21:03 GMT
      x-ms-encryption-algorithm:
      - AES256
      x-ms-range:
      - bytes=0-33554431
      x-ms-version:
      - '2020-06-12'
    method: GET
    uri: https://mystorage.blob.core.windows.net/job-00000000-0000-0000-0000-000000000000/rawOutputData?sv=PLACEHOLDER&sr=b&sig=PLACEHOLDER&se=PLACEHOLDER&sp=r&rscd=attachment%3B%20filename%3DTest-PticmSolver-%252220210101-000000%2522-6142309a-cad9-11eb-bc31-acde48001122.output.json
  response:
    body:
      string: '{"input_data_uri": "https://mystorage.blob.core.windows.net/job-00000000-0000-0000-0000-000000000000/inputData?sv=PLACEHOLDER&sr=b&sig=PLACEHOLDER&se=PLACEHOLDER&sp=rcw",
        "input_params": {"auto_set_temperatures": "true", "elite_threshold": "0.3",
        "frac_icm_thermal_layers": "0.5", "frac_sweeps_fixing": "0.15", "frac_sweeps_idle":
        "1", "frac_sweeps_stagnation": "1", "goal": "OPTIMIZE", "high_temp": "0.693001",
        "low_temp": "0.0693001", "manual_temperatures": "", "max_samples_per_layer":
        "10", "max_total_sweeps": "1000", "mc_acceptance_probability": "[ 0.0157343,
        0.0236014, 0.0355894, 0.0470779, 0.0268482, 0.0546953, 0.0594406, 0.0817932,
        0.0576923, 0.0971528, 0.105519, 0.138861, 0.108766, 0.143482, 0.153347, 0.177323,
        0.167832, 0.206668, 0.208541, 0.266983, 0.213287, 0.298576, 0.28509, 0.278721,
        0.35015, 0.353521, 0.379246, 0.426074, 0.43544, 0.503746 ]", "num_elite_temps":
        "4", "num_replicas": "2", "num_sweeps_per_run": "99", "num_temps": "30", "pt_acceptance_probability":
        "[ 0.0034965, 0.0034965, 0.0014985, 0, 0.0904096, 0.105395, 0.0934066, 0.0184815,
        0.194306, 0.159341, 0.165335, 0.00599401, 0.0304695, 0.0579421, 0.0629371,
        0.0154845, 0.0849151, 0.134366, 0.35964, 0.0639361, 0.552448, 0.352647, 0.24026,
        0.587912, 0.487512, 0.520979, 0.476523, 0.322677, 0.36014 ]", "runs_counter":
        "10", "scaling_factor": "4", "scaling_type": "MEDIAN", "solver_name": "PTICM",
        "sweeps_to_best": "1", "time_to_best": "2", "total_sweeps": "1000", "var_fixing_type":
        "NO_FIXING"}, "solutions": [{"configuration": {"0": "1", "1": "1", "2": "0",
        "3": "1"}, "cost": -5.0}], "target": "1qbit.pticm", "version": "v1", "access_token":
        "fake_token"}'
    headers:
      accept-ranges:
      - bytes
      content-length:
      - '1591'
      content-type:
      - text/plain; charset=utf-8
      x-ms-blob-content-md5:
      - ei4TlOm/Dpj1X6hJ+oDFOw==
      x-ms-blob-type:
      - BlockBlob
      x-ms-creation-time:
      - Fri, 11 Jun 2021 17:20:59 GMT
      x-ms-lease-state:
      - available
      x-ms-lease-status:
      - unlocked
      x-ms-server-encrypted:
      - 'true'
      x-ms-version:
      - '2020-06-12'
    status:
      code: 206
      message: Partial Content
- request:
    body: None
    headers:
      Accept:
      - application/json
      Accept-Encoding:
      - gzip, deflate
      Connection:
      - keep-alive
      User-Agent:
      - azsdk-python-quantum/0.0.0.1 Python/3.7.4 (Darwin-20.5.0-x86_64-i386-64bit)
    method: GET
    uri: https://eastus.quantum.azure.com/v1.0/subscriptions/00000000-0000-0000-0000-000000000000/resourceGroups/myresourcegroup/providers/Microsoft.Quantum/workspaces/myworkspace/jobs/00000000-0000-0000-0000-000000000000
  response:
    body:
      string: '{"containerUri": "https://mystorage.blob.core.windows.net/job-00000000-0000-0000-0000-000000000000",
        "inputDataUri": "https://mystorage.blob.core.windows.net/job-00000000-0000-0000-0000-000000000000/inputData?sv=PLACEHOLDER&sr=b&sig=PLACEHOLDER&se=PLACEHOLDER&sp=r&rscd=attachment%3B%20filename%3DTest-PticmSolver-%252220210101-000000%2522-6142309a-cad9-11eb-bc31-acde48001122.input.json",
        "inputDataFormat": "microsoft.qio.v2", "inputParams": {"num_sweeps_per_run":
        "99"}, "providerId": "1qbit", "target": "1qbit.pticm", "metadata": null, "name":
        "Test-PticmSolver-\"20210101-000000\"", "id": "00000000-0000-0000-0000-000000000000",
        "status": "Succeeded", "outputDataFormat": "microsoft.qio-results.v1", "outputDataUri":
        "https://mystorage.blob.core.windows.net/job-00000000-0000-0000-0000-000000000000/rawOutputData?sv=PLACEHOLDER&sr=b&sig=PLACEHOLDER&se=PLACEHOLDER&sp=r&rscd=attachment%3B%20filename%3DTest-PticmSolver-%252220210101-000000%2522-6142309a-cad9-11eb-bc31-acde48001122.output.json",
        "creationTime": "2021-06-11T17:20:59.0227708+00:00", "beginExecutionTime":
        "2021-06-11T17:21:00.096166Z", "endExecutionTime": "2021-06-11T17:21:00.235199Z",
        "cancellationTime": null, "errorData": null, "isCancelling": false, "tags":
        [], "access_token": "fake_token"}'
    headers:
      content-length:
      - '1293'
      content-type:
      - application/json; charset=utf-8
      transfer-encoding:
      - chunked
    status:
      code: 200
      message: OK
version: 1
