interactions:
- request:
    body: client_id=PLACEHOLDER&grant_type=client_credentials&client_assertion=PLACEHOLDER&client_info=1&client_assertion_type=PLACEHOLDER&scope=https%3A%2F%2Fquantum.microsoft.com%2F.default
    headers:
      Accept:
      - application/json
      Accept-Encoding:
      - gzip, deflate
      Connection:
      - keep-alive
      Content-Length:
      - '181'
      Content-Type:
      - application/x-www-form-urlencoded
      User-Agent:
      - azsdk-python-identity/1.17.1 Python/3.9.19 (Windows-10-10.0.22631-SP0)
      x-client-current-telemetry:
      - 4|730,2|
      x-client-os:
      - win32
      x-client-sku:
      - MSAL.Python
      x-client-ver:
      - 1.29.0
    method: POST
    uri: https://login.microsoftonline.com/00000000-0000-0000-0000-000000000000/oauth2/v2.0/token
  response:
    body:
      string: '{"token_type": "Bearer", "expires_in": 1753913718, "ext_expires_in":
        1753913718, "refresh_in": 31536000, "access_token": "PLACEHOLDER"}'
    headers:
      content-length:
      - '135'
      content-type:
      - application/json; charset=utf-8
    status:
      code: 200
      message: OK
- request:
    body: null
    headers:
      Accept:
      - application/json
      Accept-Encoding:
      - gzip, deflate
      Connection:
      - keep-alive
      User-Agent:
      - testapp-azure-quantum-qiskit azsdk-python-quantum/1.2.4 Python/3.9.19 (Windows-10-10.0.22631-SP0)
    method: GET
    uri: https://eastus.quantum.azure.com/subscriptions/00000000-0000-0000-0000-000000000000/resourceGroups/myresourcegroup/providers/Microsoft.Quantum/workspaces/myworkspace/providerStatus?api-version=2022-09-12-preview&test-sequence-id=1
  response:
    body:
      string: '{"value": [{"id": "microsoft-elements", "currentAvailability": "Available",
        "targets": [{"id": "microsoft.dft", "currentAvailability": "Available", "averageQueueTime":
        0, "statusPage": null}]}, {"id": "ionq", "currentAvailability": "Degraded",
        "targets": [{"id": "ionq.qpu", "currentAvailability": "Available", "averageQueueTime":
        1203558, "statusPage": "https://status.ionq.co"}, {"id": "ionq.qpu.aria-1",
        "currentAvailability": "Unavailable", "averageQueueTime": 1151142, "statusPage":
        "https://status.ionq.co"}, {"id": "ionq.qpu.aria-2", "currentAvailability":
        "Available", "averageQueueTime": 557518, "statusPage": "https://status.ionq.co"},
        {"id": "ionq.simulator", "currentAvailability": "Available", "averageQueueTime":
        12209, "statusPage": "https://status.ionq.co"}]}, {"id": "microsoft-qc", "currentAvailability":
        "Available", "targets": [{"id": "microsoft.estimator", "currentAvailability":
        "Available", "averageQueueTime": 0, "statusPage": null}]}, {"id": "pasqal",
        "currentAvailability": "Degraded", "targets": [{"id": "pasqal.sim.emu-tn",
        "currentAvailability": "Available", "averageQueueTime": 284, "statusPage":
        "https://pasqal.com"}, {"id": "pasqal.qpu.fresnel", "currentAvailability":
        "Degraded", "averageQueueTime": 0, "statusPage": "https://pasqal.com"}]},
        {"id": "quantinuum", "currentAvailability": "Degraded", "targets": [{"id":
        "quantinuum.qpu.h1-1", "currentAvailability": "Degraded", "averageQueueTime":
        0, "statusPage": "https://www.quantinuum.com/hardware/h1"}, {"id": "quantinuum.sim.h1-1sc",
        "currentAvailability": "Available", "averageQueueTime": 0, "statusPage": "https://www.quantinuum.com/hardware/h1"},
        {"id": "quantinuum.sim.h1-1e", "currentAvailability": "Available", "averageQueueTime":
        107, "statusPage": "https://www.quantinuum.com/hardware/h1"}, {"id": "quantinuum.qpu.h2-1",
        "currentAvailability": "Available", "averageQueueTime": 39847, "statusPage":
        "https://www.quantinuum.com/hardware/h2"}, {"id": "quantinuum.sim.h2-1sc",
        "currentAvailability": "Available", "averageQueueTime": 0, "statusPage": "https://www.quantinuum.com/hardware/h2"},
        {"id": "quantinuum.sim.h2-1e", "currentAvailability": "Available", "averageQueueTime":
        1751, "statusPage": "https://www.quantinuum.com/hardware/h2"}, {"id": "quantinuum.sim.h1-1sc-preview",
        "currentAvailability": "Available", "averageQueueTime": 0, "statusPage": "https://www.quantinuum.com/hardware/h1"},
        {"id": "quantinuum.sim.h1-1e-preview", "currentAvailability": "Available",
        "averageQueueTime": 107, "statusPage": "https://www.quantinuum.com/hardware/h1"},
        {"id": "quantinuum.sim.h1-2e-preview", "currentAvailability": "Available",
        "averageQueueTime": 7621, "statusPage": "https://www.quantinuum.com/hardware/h1"},
        {"id": "quantinuum.qpu.h1-1-preview", "currentAvailability": "Degraded", "averageQueueTime":
        0, "statusPage": "https://www.quantinuum.com/hardware/h1"}]}, {"id": "rigetti",
        "currentAvailability": "Available", "targets": [{"id": "rigetti.sim.qvm",
        "currentAvailability": "Available", "averageQueueTime": 5, "statusPage": "https://rigetti.statuspage.io/"},
        {"id": "rigetti.qpu.ankaa-2", "currentAvailability": "Available", "averageQueueTime":
        5, "statusPage": "https://rigetti.statuspage.io/"}]}, {"id": "qci", "currentAvailability":
        "Degraded", "targets": [{"id": "qci.simulator", "currentAvailability": "Available",
        "averageQueueTime": 1, "statusPage": "https://quantumcircuits.com"}, {"id":
        "qci.machine1", "currentAvailability": "Unavailable", "averageQueueTime":
        1, "statusPage": "https://quantumcircuits.com"}, {"id": "qci.simulator.noisy",
        "currentAvailability": "Available", "averageQueueTime": 0, "statusPage": "https://quantumcircuits.com"}]},
        {"id": "Microsoft.Test", "currentAvailability": "Available", "targets": [{"id":
        "echo-rigetti", "currentAvailability": "Available", "averageQueueTime": 1,
        "statusPage": ""}, {"id": "echo-quantinuum", "currentAvailability": "Available",
        "averageQueueTime": 1, "statusPage": ""}, {"id": "echo-qci", "currentAvailability":
        "Available", "averageQueueTime": 1, "statusPage": ""}, {"id": "echo-ionq",
        "currentAvailability": "Available", "averageQueueTime": 1, "statusPage": ""},
        {"id": "echo-aquarius", "currentAvailability": "Available", "averageQueueTime":
        1, "statusPage": ""}, {"id": "sparse-sim-rigetti", "currentAvailability":
        "Available", "averageQueueTime": 1, "statusPage": ""}, {"id": "sparse-sim-quantinuum",
        "currentAvailability": "Available", "averageQueueTime": 1, "statusPage": ""},
        {"id": "sparse-sim-qci", "currentAvailability": "Available", "averageQueueTime":
        1, "statusPage": ""}, {"id": "sparse-sim-ionq", "currentAvailability": "Available",
        "averageQueueTime": 1, "statusPage": ""}, {"id": "echo-output", "currentAvailability":
        "Available", "averageQueueTime": 1, "statusPage": ""}]}], "nextLink": null}'
    headers:
      connection:
      - keep-alive
      content-length:
      - '4776'
      content-type:
      - application/json; charset=utf-8
      transfer-encoding:
      - chunked
    status:
      code: 200
      message: OK
- request:
    body: 'b''{"containerName": "job-00000000-0000-0000-0000-000000000001"}'''
    headers:
      Accept:
      - application/json
      Accept-Encoding:
      - gzip, deflate
      Connection:
      - keep-alive
      Content-Length:
      - '64'
      Content-Type:
      - application/json
      User-Agent:
      - testapp-azure-quantum-qiskit azsdk-python-quantum/1.2.4 Python/3.9.19 (Windows-10-10.0.22631-SP0)
    method: POST
    uri: https://eastus.quantum.azure.com/subscriptions/00000000-0000-0000-0000-000000000000/resourceGroups/myresourcegroup/providers/Microsoft.Quantum/workspaces/myworkspace/storage/sasUri?api-version=2022-09-12-preview&test-sequence-id=1
  response:
    body:
      string: '{"sasUri": "https://mystorage.blob.core.windows.net/job-00000000-0000-0000-0000-000000000001?sv=PLACEHOLDER&sig=PLACEHOLDER&se=2050-01-01T00%3A00%3A00Z&srt=co&ss=b&sp=racwl"}'
    headers:
      connection:
      - keep-alive
      content-length:
      - '174'
      content-type:
      - application/json; charset=utf-8
      transfer-encoding:
      - chunked
    status:
      code: 200
      message: OK
- request:
    body: null
    headers:
      Accept:
      - application/xml
      Accept-Encoding:
      - gzip, deflate
      Connection:
      - keep-alive
      User-Agent:
      - azsdk-python-storage-blob/12.20.0 Python/3.9.19 (Windows-10-10.0.22631-SP0)
      x-ms-date:
      - Tue, 30 Jul 2024 22:15:18 GMT
      x-ms-version:
      - '2024-05-04'
    method: GET
    uri: https://mystorage.blob.core.windows.net/job-00000000-0000-0000-0000-000000000001?restype=container&sv=PLACEHOLDER&sig=PLACEHOLDER&se=2050-01-01T00%3A00%3A00Z&srt=co&ss=b&sp=racwl
  response:
    body:
      string: "\uFEFF<?xml version=\"1.0\" encoding=\"utf-8\"?><Error><Code>ContainerNotFound</Code><Message>The
        specified container does not exist.\nRequestId:ff0170d4-101e-001d-31cd-e24ed6000000\nTime:2024-07-30T22:15:14.0045206Z</Message></Error>"
    headers:
      content-length:
      - '223'
      content-type:
      - application/xml
      x-ms-version:
      - '2024-05-04'
    status:
      code: 404
      message: The specified container does not exist.
- request:
    body: null
    headers:
      Accept:
      - application/xml
      Accept-Encoding:
      - gzip, deflate
      Connection:
      - keep-alive
      Content-Length:
      - '0'
      User-Agent:
      - azsdk-python-storage-blob/12.20.0 Python/3.9.19 (Windows-10-10.0.22631-SP0)
      x-ms-date:
      - Tue, 30 Jul 2024 22:15:19 GMT
      x-ms-version:
      - '2024-05-04'
    method: PUT
    uri: https://mystorage.blob.core.windows.net/job-00000000-0000-0000-0000-000000000001?restype=container&sv=PLACEHOLDER&sig=PLACEHOLDER&se=2050-01-01T00%3A00%3A00Z&srt=co&ss=b&sp=racwl
  response:
    body:
      string: ''
    headers:
      content-length:
      - '0'
      x-ms-version:
      - '2024-05-04'
    status:
      code: 201
      message: Created
- request:
    body: null
    headers:
      Accept:
      - application/xml
      Accept-Encoding:
      - gzip, deflate
      Connection:
      - keep-alive
      User-Agent:
      - azsdk-python-storage-blob/12.20.0 Python/3.9.19 (Windows-10-10.0.22631-SP0)
      x-ms-date:
      - Tue, 30 Jul 2024 22:15:19 GMT
      x-ms-version:
      - '2024-05-04'
    method: GET
    uri: https://mystorage.blob.core.windows.net/job-00000000-0000-0000-0000-000000000001?restype=container&sv=PLACEHOLDER&sig=PLACEHOLDER&se=2050-01-01T00%3A00%3A00Z&srt=co&ss=b&sp=racwl
  response:
    body:
      string: ''
    headers:
      content-length:
      - '0'
      x-ms-lease-state:
      - available
      x-ms-lease-status:
      - unlocked
      x-ms-version:
      - '2024-05-04'
    status:
      code: 200
      message: OK
- request:
    body: 'b''{"gateset": "qis", "qubits": 4, "circuit": [{"gate": "h", "targets":
      [0]}, {"gate": "x", "targets": [1], "controls": [0]}, {"gate": "x", "targets":
      [2], "controls": [1]}, {"gate": "h", "targets": [3]}]}'''
    headers:
      Accept:
      - application/xml
      Accept-Encoding:
      - gzip, deflate
      Connection:
      - keep-alive
      Content-Length:
      - '205'
      Content-Type:
      - application/octet-stream
      User-Agent:
      - azsdk-python-storage-blob/12.20.0 Python/3.9.19 (Windows-10-10.0.22631-SP0)
      x-ms-blob-type:
      - BlockBlob
      x-ms-date:
      - Tue, 30 Jul 2024 22:15:19 GMT
      x-ms-version:
      - '2024-05-04'
    method: PUT
    uri: https://mystorage.blob.core.windows.net/job-00000000-0000-0000-0000-000000000001/inputData?sv=PLACEHOLDER&sig=PLACEHOLDER&se=2050-01-01T00%3A00%3A00Z&srt=co&ss=b&sp=racwl
  response:
    body:
      string: ''
    headers:
      content-length:
      - '0'
      x-ms-version:
      - '2024-05-04'
    status:
      code: 201
      message: Created
- request:
    body: 'b''{"id": "00000000-0000-0000-0000-000000000001", "name": "Qiskit Sample
      - 3-qubit GHZ circuit", "providerId": "ionq", "target": "ionq.simulator", "itemType":
      "Job", "containerUri": "https://mystorage.blob.core.windows.net/job-00000000-0000-0000-0000-000000000001?sv=PLACEHOLDER&sig=PLACEHOLDER&se=2050-01-01T00%3A00%3A00Z&srt=co&ss=b&sp=racwl",
      "inputDataUri": "https://mystorage.blob.core.windows.net/job-00000000-0000-0000-0000-000000000001/inputData",
      "inputDataFormat": "ionq.circuit.v1", "inputParams": {"shots": 500, "count":
      500}, "metadata": {"qiskit": "True", "name": "Qiskit Sample - 3-qubit GHZ circuit",
      "num_qubits": "4", "metadata": "{}", "meas_map": "[0, 1, 2]"}, "outputDataFormat":
      "ionq.quantum-results.v1"}'''
    headers:
      Accept:
      - application/json
      Accept-Encoding:
      - gzip, deflate
      Connection:
      - keep-alive
      Content-Length:
      - '726'
      Content-Type:
      - application/json
      User-Agent:
      - testapp-azure-quantum-qiskit azsdk-python-quantum/1.2.4 Python/3.9.19 (Windows-10-10.0.22631-SP0)
    method: PUT
    uri: https://eastus.quantum.azure.com/subscriptions/00000000-0000-0000-0000-000000000000/resourceGroups/myresourcegroup/providers/Microsoft.Quantum/workspaces/myworkspace/jobs/00000000-0000-0000-0000-000000000001?api-version=2022-09-12-preview&test-sequence-id=1
  response:
    body:
      string: '{"containerUri": "https://mystorage.blob.core.windows.net/job-00000000-0000-0000-0000-000000000001?sv=PLACEHOLDER&sig=PLACEHOLDER&se=2050-01-01T00%3A00%3A00Z&srt=co&ss=b&sp=racwl",
        "inputDataUri": "https://mystorage.blob.core.windows.net/job-00000000-0000-0000-0000-000000000001/inputData?sv=PLACEHOLDER&sr=b&sig=PLACEHOLDER&se=2050-01-01T00%3A00%3A00Z&sp=rcw",
        "inputDataFormat": "ionq.circuit.v1", "inputParams": {"shots": 500, "count":
        500}, "metadata": {"qiskit": "True", "name": "Qiskit Sample - 3-qubit GHZ
        circuit", "num_qubits": "4", "metadata": "{}", "meas_map": "[0, 1, 2]"}, "sessionId":
        null, "status": "Waiting", "jobType": "QuantumComputing", "outputDataFormat":
        "ionq.quantum-results.v1", "outputDataUri": "https://mystorage.blob.core.windows.net:443/job-00000000-0000-0000-0000-000000000001/outputData?sv=PLACEHOLDER&sig=PLACEHOLDER&se=2050-01-01T00%3A00%3A00Z&srt=co&ss=b&sp=racwl",
        "beginExecutionTime": null, "cancellationTime": null, "quantumComputingData":
        null, "errorData": null, "isCancelling": false, "tags": [], "name": "Qiskit
        Sample - 3-qubit GHZ circuit", "id": "00000000-0000-0000-0000-000000000001",
        "providerId": "ionq", "target": "ionq.simulator", "creationTime": "2024-07-30T22:15:14.54153+00:00",
        "endExecutionTime": null, "costEstimate": null, "itemType": "Job"}'
    headers:
      connection:
      - keep-alive
      content-length:
      - '1298'
      content-type:
      - application/json; charset=utf-8
      transfer-encoding:
      - chunked
    status:
      code: 200
      message: OK
- request:
    body: null
    headers:
      Accept:
      - application/json
      Accept-Encoding:
      - gzip, deflate
      Connection:
      - keep-alive
      User-Agent:
      - testapp-azure-quantum-qiskit azsdk-python-quantum/1.2.4 Python/3.9.19 (Windows-10-10.0.22631-SP0)
    method: GET
    uri: https://eastus.quantum.azure.com/subscriptions/00000000-0000-0000-0000-000000000000/resourceGroups/myresourcegroup/providers/Microsoft.Quantum/workspaces/myworkspace/jobs/00000000-0000-0000-0000-000000000001?api-version=2022-09-12-preview&test-sequence-id=1
  response:
    body:
      string: '{"containerUri": "https://mystorage.blob.core.windows.net/job-00000000-0000-0000-0000-000000000001?sv=PLACEHOLDER&sr=c&sig=PLACEHOLDER&se=2050-01-01T00%3A00%3A00Z&sp=rcwl",
        "inputDataUri": "https://mystorage.blob.core.windows.net/job-00000000-0000-0000-0000-000000000001/inputData?sv=PLACEHOLDER&sr=b&sig=PLACEHOLDER&se=2050-01-01T00%3A00%3A00Z&sp=r&rscd=attachment%3B%20filename%3DQiskit%2BSample%2B-%2B3-qubit%2BGHZ%2Bcircuit-00000000-0000-0000-0000-000000000001.input.json",
        "inputDataFormat": "ionq.circuit.v1", "inputParams": {"shots": 500, "count":
        500}, "metadata": {"qiskit": "True", "name": "Qiskit Sample - 3-qubit GHZ
        circuit", "num_qubits": "4", "metadata": "{}", "meas_map": "[0, 1, 2]"}, "sessionId":
        null, "status": "Waiting", "jobType": "QuantumComputing", "outputDataFormat":
        "ionq.quantum-results.v1", "outputDataUri": "https://mystorage.blob.core.windows.net/job-00000000-0000-0000-0000-000000000001/outputData?sv=PLACEHOLDER&sr=b&sig=PLACEHOLDER&se=2050-01-01T00%3A00%3A00Z&sp=r&rscd=attachment%3B%20filename%3DQiskit%2BSample%2B-%2B3-qubit%2BGHZ%2Bcircuit-00000000-0000-0000-0000-000000000001.output.json",
        "beginExecutionTime": null, "cancellationTime": null, "quantumComputingData":
        null, "errorData": null, "isCancelling": false, "tags": [], "name": "Qiskit
        Sample - 3-qubit GHZ circuit", "id": "00000000-0000-0000-0000-000000000001",
        "providerId": "ionq", "target": "ionq.simulator", "creationTime": "2024-07-30T22:15:14.54153+00:00",
        "endExecutionTime": null, "costEstimate": null, "itemType": "Job"}'
    headers:
      connection:
      - keep-alive
      content-length:
      - '1526'
      content-type:
      - application/json; charset=utf-8
      transfer-encoding:
      - chunked
    status:
      code: 200
      message: OK
- request:
    body: null
    headers:
      Accept:
      - application/json
      Accept-Encoding:
      - gzip, deflate
      Connection:
      - keep-alive
      User-Agent:
      - testapp-azure-quantum-qiskit azsdk-python-quantum/1.2.4 Python/3.9.19 (Windows-10-10.0.22631-SP0)
    method: GET
    uri: https://eastus.quantum.azure.com/subscriptions/00000000-0000-0000-0000-000000000000/resourceGroups/myresourcegroup/providers/Microsoft.Quantum/workspaces/myworkspace/jobs/00000000-0000-0000-0000-000000000001?api-version=2022-09-12-preview&test-sequence-id=2
  response:
    body:
      string: '{"containerUri": "https://mystorage.blob.core.windows.net/job-00000000-0000-0000-0000-000000000001?sv=PLACEHOLDER&sr=c&sig=PLACEHOLDER&se=2050-01-01T00%3A00%3A00Z&sp=rcwl",
        "inputDataUri": "https://mystorage.blob.core.windows.net/job-00000000-0000-0000-0000-000000000001/inputData?sv=PLACEHOLDER&sr=b&sig=PLACEHOLDER&se=2050-01-01T00%3A00%3A00Z&sp=r&rscd=attachment%3B%20filename%3DQiskit%2BSample%2B-%2B3-qubit%2BGHZ%2Bcircuit-00000000-0000-0000-0000-000000000001.input.json",
        "inputDataFormat": "ionq.circuit.v1", "inputParams": {"shots": 500, "count":
        500}, "metadata": {"qiskit": "True", "name": "Qiskit Sample - 3-qubit GHZ
        circuit", "num_qubits": "4", "metadata": "{}", "meas_map": "[0, 1, 2]"}, "sessionId":
        null, "status": "Waiting", "jobType": "QuantumComputing", "outputDataFormat":
        "ionq.quantum-results.v1", "outputDataUri": "https://mystorage.blob.core.windows.net/job-00000000-0000-0000-0000-000000000001/outputData?sv=PLACEHOLDER&sr=b&sig=PLACEHOLDER&se=2050-01-01T00%3A00%3A00Z&sp=r&rscd=attachment%3B%20filename%3DQiskit%2BSample%2B-%2B3-qubit%2BGHZ%2Bcircuit-00000000-0000-0000-0000-000000000001.output.json",
        "beginExecutionTime": null, "cancellationTime": null, "quantumComputingData":
        {"count": 1}, "errorData": null, "isCancelling": false, "tags": [], "name":
        "Qiskit Sample - 3-qubit GHZ circuit", "id": "00000000-0000-0000-0000-000000000001",
        "providerId": "ionq", "target": "ionq.simulator", "creationTime": "2024-07-30T22:15:14.54153+00:00",
        "endExecutionTime": null, "costEstimate": null, "itemType": "Job"}'
    headers:
      connection:
      - keep-alive
      content-length:
      - '1534'
      content-type:
      - application/json; charset=utf-8
      transfer-encoding:
      - chunked
    status:
      code: 200
      message: OK
- request:
    body: null
    headers:
      Accept:
      - application/json
      Accept-Encoding:
      - gzip, deflate
      Connection:
      - keep-alive
      User-Agent:
      - testapp-azure-quantum-qiskit azsdk-python-quantum/1.2.4 Python/3.9.19 (Windows-10-10.0.22631-SP0)
    method: GET
    uri: https://eastus.quantum.azure.com/subscriptions/00000000-0000-0000-0000-000000000000/resourceGroups/myresourcegroup/providers/Microsoft.Quantum/workspaces/myworkspace/jobs/00000000-0000-0000-0000-000000000001?api-version=2022-09-12-preview&test-sequence-id=3
  response:
    body:
      string: '{"containerUri": "https://mystorage.blob.core.windows.net/job-00000000-0000-0000-0000-000000000001?sv=PLACEHOLDER&sr=c&sig=PLACEHOLDER&se=2050-01-01T00%3A00%3A00Z&sp=rcwl",
        "inputDataUri": "https://mystorage.blob.core.windows.net/job-00000000-0000-0000-0000-000000000001/inputData?sv=PLACEHOLDER&sr=b&sig=PLACEHOLDER&se=2050-01-01T00%3A00%3A00Z&sp=r&rscd=attachment%3B%20filename%3DQiskit%2BSample%2B-%2B3-qubit%2BGHZ%2Bcircuit-00000000-0000-0000-0000-000000000001.input.json",
        "inputDataFormat": "ionq.circuit.v1", "inputParams": {"shots": 500, "count":
        500}, "metadata": {"qiskit": "True", "name": "Qiskit Sample - 3-qubit GHZ
        circuit", "num_qubits": "4", "metadata": "{}", "meas_map": "[0, 1, 2]"}, "sessionId":
        null, "status": "Waiting", "jobType": "QuantumComputing", "outputDataFormat":
        "ionq.quantum-results.v1", "outputDataUri": "https://mystorage.blob.core.windows.net/job-00000000-0000-0000-0000-000000000001/outputData?sv=PLACEHOLDER&sr=b&sig=PLACEHOLDER&se=2050-01-01T00%3A00%3A00Z&sp=r&rscd=attachment%3B%20filename%3DQiskit%2BSample%2B-%2B3-qubit%2BGHZ%2Bcircuit-00000000-0000-0000-0000-000000000001.output.json",
        "beginExecutionTime": null, "cancellationTime": null, "quantumComputingData":
        {"count": 1}, "errorData": null, "isCancelling": false, "tags": [], "name":
        "Qiskit Sample - 3-qubit GHZ circuit", "id": "00000000-0000-0000-0000-000000000001",
        "providerId": "ionq", "target": "ionq.simulator", "creationTime": "2024-07-30T22:15:14.54153+00:00",
        "endExecutionTime": null, "costEstimate": null, "itemType": "Job"}'
    headers:
      connection:
      - keep-alive
      content-length:
      - '1534'
      content-type:
      - application/json; charset=utf-8
      transfer-encoding:
      - chunked
    status:
      code: 200
      message: OK
- request:
    body: null
    headers:
      Accept:
      - application/json
      Accept-Encoding:
      - gzip, deflate
      Connection:
      - keep-alive
      User-Agent:
      - testapp-azure-quantum-qiskit azsdk-python-quantum/1.2.4 Python/3.9.19 (Windows-10-10.0.22631-SP0)
    method: GET
    uri: https://eastus.quantum.azure.com/subscriptions/00000000-0000-0000-0000-000000000000/resourceGroups/myresourcegroup/providers/Microsoft.Quantum/workspaces/myworkspace/jobs/00000000-0000-0000-0000-000000000001?api-version=2022-09-12-preview&test-sequence-id=4
  response:
    body:
      string: '{"containerUri": "https://mystorage.blob.core.windows.net/job-00000000-0000-0000-0000-000000000001?sv=PLACEHOLDER&sr=c&sig=PLACEHOLDER&se=2050-01-01T00%3A00%3A00Z&sp=rcwl",
        "inputDataUri": "https://mystorage.blob.core.windows.net/job-00000000-0000-0000-0000-000000000001/inputData?sv=PLACEHOLDER&sr=b&sig=PLACEHOLDER&se=2050-01-01T00%3A00%3A00Z&sp=r&rscd=attachment%3B%20filename%3DQiskit%2BSample%2B-%2B3-qubit%2BGHZ%2Bcircuit-00000000-0000-0000-0000-000000000001.input.json",
        "inputDataFormat": "ionq.circuit.v1", "inputParams": {"shots": 500, "count":
        500}, "metadata": {"qiskit": "True", "name": "Qiskit Sample - 3-qubit GHZ
        circuit", "num_qubits": "4", "metadata": "{}", "meas_map": "[0, 1, 2]"}, "sessionId":
        null, "status": "Waiting", "jobType": "QuantumComputing", "outputDataFormat":
        "ionq.quantum-results.v1", "outputDataUri": "https://mystorage.blob.core.windows.net/job-00000000-0000-0000-0000-000000000001/outputData?sv=PLACEHOLDER&sr=b&sig=PLACEHOLDER&se=2050-01-01T00%3A00%3A00Z&sp=r&rscd=attachment%3B%20filename%3DQiskit%2BSample%2B-%2B3-qubit%2BGHZ%2Bcircuit-00000000-0000-0000-0000-000000000001.output.json",
        "beginExecutionTime": null, "cancellationTime": null, "quantumComputingData":
        {"count": 1}, "errorData": null, "isCancelling": false, "tags": [], "name":
        "Qiskit Sample - 3-qubit GHZ circuit", "id": "00000000-0000-0000-0000-000000000001",
        "providerId": "ionq", "target": "ionq.simulator", "creationTime": "2024-07-30T22:15:14.54153+00:00",
        "endExecutionTime": null, "costEstimate": null, "itemType": "Job"}'
    headers:
      connection:
      - keep-alive
      content-length:
      - '1534'
      content-type:
      - application/json; charset=utf-8
      transfer-encoding:
      - chunked
    status:
      code: 200
      message: OK
- request:
    body: null
    headers:
      Accept:
      - application/json
      Accept-Encoding:
      - gzip, deflate
      Connection:
      - keep-alive
      User-Agent:
      - testapp-azure-quantum-qiskit azsdk-python-quantum/1.2.4 Python/3.9.19 (Windows-10-10.0.22631-SP0)
    method: GET
    uri: https://eastus.quantum.azure.com/subscriptions/00000000-0000-0000-0000-000000000000/resourceGroups/myresourcegroup/providers/Microsoft.Quantum/workspaces/myworkspace/jobs/00000000-0000-0000-0000-000000000001?api-version=2022-09-12-preview&test-sequence-id=5
  response:
    body:
      string: '{"containerUri": "https://mystorage.blob.core.windows.net/job-00000000-0000-0000-0000-000000000001?sv=PLACEHOLDER&sr=c&sig=PLACEHOLDER&se=2050-01-01T00%3A00%3A00Z&sp=rcwl",
        "inputDataUri": "https://mystorage.blob.core.windows.net/job-00000000-0000-0000-0000-000000000001/inputData?sv=PLACEHOLDER&sr=b&sig=PLACEHOLDER&se=2050-01-01T00%3A00%3A00Z&sp=r&rscd=attachment%3B%20filename%3DQiskit%2BSample%2B-%2B3-qubit%2BGHZ%2Bcircuit-00000000-0000-0000-0000-000000000001.input.json",
        "inputDataFormat": "ionq.circuit.v1", "inputParams": {"shots": 500, "count":
        500}, "metadata": {"qiskit": "True", "name": "Qiskit Sample - 3-qubit GHZ
        circuit", "num_qubits": "4", "metadata": "{}", "meas_map": "[0, 1, 2]"}, "sessionId":
        null, "status": "Waiting", "jobType": "QuantumComputing", "outputDataFormat":
        "ionq.quantum-results.v1", "outputDataUri": "https://mystorage.blob.core.windows.net/job-00000000-0000-0000-0000-000000000001/outputData?sv=PLACEHOLDER&sr=b&sig=PLACEHOLDER&se=2050-01-01T00%3A00%3A00Z&sp=r&rscd=attachment%3B%20filename%3DQiskit%2BSample%2B-%2B3-qubit%2BGHZ%2Bcircuit-00000000-0000-0000-0000-000000000001.output.json",
        "beginExecutionTime": null, "cancellationTime": null, "quantumComputingData":
        {"count": 1}, "errorData": null, "isCancelling": false, "tags": [], "name":
        "Qiskit Sample - 3-qubit GHZ circuit", "id": "00000000-0000-0000-0000-000000000001",
        "providerId": "ionq", "target": "ionq.simulator", "creationTime": "2024-07-30T22:15:14.54153+00:00",
        "endExecutionTime": null, "costEstimate": null, "itemType": "Job"}'
    headers:
      connection:
      - keep-alive
      content-length:
      - '1534'
      content-type:
      - application/json; charset=utf-8
      transfer-encoding:
      - chunked
    status:
      code: 200
      message: OK
- request:
    body: null
    headers:
      Accept:
      - application/json
      Accept-Encoding:
      - gzip, deflate
      Connection:
      - keep-alive
      User-Agent:
      - testapp-azure-quantum-qiskit azsdk-python-quantum/1.2.4 Python/3.9.19 (Windows-10-10.0.22631-SP0)
    method: GET
    uri: https://eastus.quantum.azure.com/subscriptions/00000000-0000-0000-0000-000000000000/resourceGroups/myresourcegroup/providers/Microsoft.Quantum/workspaces/myworkspace/jobs/00000000-0000-0000-0000-000000000001?api-version=2022-09-12-preview&test-sequence-id=6
  response:
    body:
      string: '{"containerUri": "https://mystorage.blob.core.windows.net/job-00000000-0000-0000-0000-000000000001?sv=PLACEHOLDER&sr=c&sig=PLACEHOLDER&se=2050-01-01T00%3A00%3A00Z&sp=rcwl",
        "inputDataUri": "https://mystorage.blob.core.windows.net/job-00000000-0000-0000-0000-000000000001/inputData?sv=PLACEHOLDER&sr=b&sig=PLACEHOLDER&se=2050-01-01T00%3A00%3A00Z&sp=r&rscd=attachment%3B%20filename%3DQiskit%2BSample%2B-%2B3-qubit%2BGHZ%2Bcircuit-00000000-0000-0000-0000-000000000001.input.json",
        "inputDataFormat": "ionq.circuit.v1", "inputParams": {"shots": 500, "count":
        500}, "metadata": {"qiskit": "True", "name": "Qiskit Sample - 3-qubit GHZ
        circuit", "num_qubits": "4", "metadata": "{}", "meas_map": "[0, 1, 2]"}, "sessionId":
        null, "status": "Waiting", "jobType": "QuantumComputing", "outputDataFormat":
        "ionq.quantum-results.v1", "outputDataUri": "https://mystorage.blob.core.windows.net/job-00000000-0000-0000-0000-000000000001/outputData?sv=PLACEHOLDER&sr=b&sig=PLACEHOLDER&se=2050-01-01T00%3A00%3A00Z&sp=r&rscd=attachment%3B%20filename%3DQiskit%2BSample%2B-%2B3-qubit%2BGHZ%2Bcircuit-00000000-0000-0000-0000-000000000001.output.json",
        "beginExecutionTime": null, "cancellationTime": null, "quantumComputingData":
        {"count": 1}, "errorData": null, "isCancelling": false, "tags": [], "name":
        "Qiskit Sample - 3-qubit GHZ circuit", "id": "00000000-0000-0000-0000-000000000001",
        "providerId": "ionq", "target": "ionq.simulator", "creationTime": "2024-07-30T22:15:14.54153+00:00",
        "endExecutionTime": null, "costEstimate": null, "itemType": "Job"}'
    headers:
      connection:
      - keep-alive
      content-length:
      - '1534'
      content-type:
      - application/json; charset=utf-8
      transfer-encoding:
      - chunked
    status:
      code: 200
      message: OK
- request:
    body: null
    headers:
      Accept:
      - application/json
      Accept-Encoding:
      - gzip, deflate
      Connection:
      - keep-alive
      User-Agent:
      - testapp-azure-quantum-qiskit azsdk-python-quantum/1.2.4 Python/3.9.19 (Windows-10-10.0.22631-SP0)
    method: GET
    uri: https://eastus.quantum.azure.com/subscriptions/00000000-0000-0000-0000-000000000000/resourceGroups/myresourcegroup/providers/Microsoft.Quantum/workspaces/myworkspace/jobs/00000000-0000-0000-0000-000000000001?api-version=2022-09-12-preview&test-sequence-id=7
  response:
    body:
      string: '{"containerUri": "https://mystorage.blob.core.windows.net/job-00000000-0000-0000-0000-000000000001?sv=PLACEHOLDER&sr=c&sig=PLACEHOLDER&se=2050-01-01T00%3A00%3A00Z&sp=rcwl",
        "inputDataUri": "https://mystorage.blob.core.windows.net/job-00000000-0000-0000-0000-000000000001/inputData?sv=PLACEHOLDER&sr=b&sig=PLACEHOLDER&se=2050-01-01T00%3A00%3A00Z&sp=r&rscd=attachment%3B%20filename%3DQiskit%2BSample%2B-%2B3-qubit%2BGHZ%2Bcircuit-00000000-0000-0000-0000-000000000001.input.json",
        "inputDataFormat": "ionq.circuit.v1", "inputParams": {"shots": 500, "count":
        500}, "metadata": {"qiskit": "True", "name": "Qiskit Sample - 3-qubit GHZ
        circuit", "num_qubits": "4", "metadata": "{}", "meas_map": "[0, 1, 2]"}, "sessionId":
        null, "status": "Succeeded", "jobType": "QuantumComputing", "outputDataFormat":
        "ionq.quantum-results.v1", "outputDataUri": "https://mystorage.blob.core.windows.net/job-00000000-0000-0000-0000-000000000001/rawOutputData?sv=PLACEHOLDER&sr=b&sig=PLACEHOLDER&se=2050-01-01T00%3A00%3A00Z&sp=r&rscd=attachment%3B%20filename%3DQiskit%2BSample%2B-%2B3-qubit%2BGHZ%2Bcircuit-00000000-0000-0000-0000-000000000001.output.json",
        "beginExecutionTime": "2024-07-30T22:15:16.268Z", "cancellationTime": null,
        "quantumComputingData": {"count": 1}, "errorData": null, "isCancelling": false,
        "tags": [], "name": "Qiskit Sample - 3-qubit GHZ circuit", "id": "00000000-0000-0000-0000-000000000001",
        "providerId": "ionq", "target": "ionq.simulator", "creationTime": "2024-07-30T22:15:14.54153+00:00",
        "endExecutionTime": "2024-07-30T22:15:16.419Z", "costEstimate": {"currencyCode":
        "USD", "events": [{"dimensionId": "gs1q", "dimensionName": "1Q Gate Shot",
        "measureUnit": "1q gate shot", "amountBilled": 0.0, "amountConsumed": 0.0,
        "unitPrice": 0.0}, {"dimensionId": "gs2q", "dimensionName": "2Q Gate Shot",
        "measureUnit": "2q gate shot", "amountBilled": 0.0, "amountConsumed": 0.0,
        "unitPrice": 0.0}], "estimatedTotal": 0.0}, "itemType": "Job"}'
    headers:
      connection:
      - keep-alive
      content-length:
      - '1939'
      content-type:
      - application/json; charset=utf-8
      transfer-encoding:
      - chunked
    status:
      code: 200
      message: OK
- request:
    body: null
    headers:
      Accept:
      - application/json
      Accept-Encoding:
      - gzip, deflate
      Connection:
      - keep-alive
      User-Agent:
      - testapp-azure-quantum-qiskit azsdk-python-quantum/1.2.4 Python/3.9.19 (Windows-10-10.0.22631-SP0)
    method: GET
    uri: https://eastus.quantum.azure.com/subscriptions/00000000-0000-0000-0000-000000000000/resourceGroups/myresourcegroup/providers/Microsoft.Quantum/workspaces/myworkspace/jobs/00000000-0000-0000-0000-000000000001?api-version=2022-09-12-preview&test-sequence-id=8
  response:
    body:
      string: '{"containerUri": "https://mystorage.blob.core.windows.net/job-00000000-0000-0000-0000-000000000001?sv=PLACEHOLDER&sr=c&sig=PLACEHOLDER&se=2050-01-01T00%3A00%3A00Z&sp=rcwl",
        "inputDataUri": "https://mystorage.blob.core.windows.net/job-00000000-0000-0000-0000-000000000001/inputData?sv=PLACEHOLDER&sr=b&sig=PLACEHOLDER&se=2050-01-01T00%3A00%3A00Z&sp=r&rscd=attachment%3B%20filename%3DQiskit%2BSample%2B-%2B3-qubit%2BGHZ%2Bcircuit-00000000-0000-0000-0000-000000000001.input.json",
        "inputDataFormat": "ionq.circuit.v1", "inputParams": {"shots": 500, "count":
        500}, "metadata": {"qiskit": "True", "name": "Qiskit Sample - 3-qubit GHZ
        circuit", "num_qubits": "4", "metadata": "{}", "meas_map": "[0, 1, 2]"}, "sessionId":
        null, "status": "Succeeded", "jobType": "QuantumComputing", "outputDataFormat":
        "ionq.quantum-results.v1", "outputDataUri": "https://mystorage.blob.core.windows.net/job-00000000-0000-0000-0000-000000000001/rawOutputData?sv=PLACEHOLDER&sr=b&sig=PLACEHOLDER&se=2050-01-01T00%3A00%3A00Z&sp=r&rscd=attachment%3B%20filename%3DQiskit%2BSample%2B-%2B3-qubit%2BGHZ%2Bcircuit-00000000-0000-0000-0000-000000000001.output.json",
        "beginExecutionTime": "2024-07-30T22:15:16.268Z", "cancellationTime": null,
        "quantumComputingData": {"count": 1}, "errorData": null, "isCancelling": false,
        "tags": [], "name": "Qiskit Sample - 3-qubit GHZ circuit", "id": "00000000-0000-0000-0000-000000000001",
        "providerId": "ionq", "target": "ionq.simulator", "creationTime": "2024-07-30T22:15:14.54153+00:00",
        "endExecutionTime": "2024-07-30T22:15:16.419Z", "costEstimate": {"currencyCode":
        "USD", "events": [{"dimensionId": "gs1q", "dimensionName": "1Q Gate Shot",
        "measureUnit": "1q gate shot", "amountBilled": 0.0, "amountConsumed": 0.0,
        "unitPrice": 0.0}, {"dimensionId": "gs2q", "dimensionName": "2Q Gate Shot",
        "measureUnit": "2q gate shot", "amountBilled": 0.0, "amountConsumed": 0.0,
        "unitPrice": 0.0}], "estimatedTotal": 0.0}, "itemType": "Job"}'
    headers:
      connection:
      - keep-alive
      content-length:
      - '1939'
      content-type:
      - application/json; charset=utf-8
      transfer-encoding:
      - chunked
    status:
      code: 200
      message: OK
- request:
    body: null
    headers:
      Accept:
      - application/json
      Accept-Encoding:
      - gzip, deflate
      Connection:
      - keep-alive
      User-Agent:
      - testapp-azure-quantum-qiskit azsdk-python-quantum/1.2.4 Python/3.9.19 (Windows-10-10.0.22631-SP0)
    method: GET
    uri: https://eastus.quantum.azure.com/subscriptions/00000000-0000-0000-0000-000000000000/resourceGroups/myresourcegroup/providers/Microsoft.Quantum/workspaces/myworkspace/jobs/00000000-0000-0000-0000-000000000001?api-version=2022-09-12-preview&test-sequence-id=9
  response:
    body:
      string: '{"containerUri": "https://mystorage.blob.core.windows.net/job-00000000-0000-0000-0000-000000000001?sv=PLACEHOLDER&sr=c&sig=PLACEHOLDER&se=2050-01-01T00%3A00%3A00Z&sp=rcwl",
        "inputDataUri": "https://mystorage.blob.core.windows.net/job-00000000-0000-0000-0000-000000000001/inputData?sv=PLACEHOLDER&sr=b&sig=PLACEHOLDER&se=2050-01-01T00%3A00%3A00Z&sp=r&rscd=attachment%3B%20filename%3DQiskit%2BSample%2B-%2B3-qubit%2BGHZ%2Bcircuit-00000000-0000-0000-0000-000000000001.input.json",
        "inputDataFormat": "ionq.circuit.v1", "inputParams": {"shots": 500, "count":
        500}, "metadata": {"qiskit": "True", "name": "Qiskit Sample - 3-qubit GHZ
        circuit", "num_qubits": "4", "metadata": "{}", "meas_map": "[0, 1, 2]"}, "sessionId":
        null, "status": "Succeeded", "jobType": "QuantumComputing", "outputDataFormat":
        "ionq.quantum-results.v1", "outputDataUri": "https://mystorage.blob.core.windows.net/job-00000000-0000-0000-0000-000000000001/rawOutputData?sv=PLACEHOLDER&sr=b&sig=PLACEHOLDER&se=2050-01-01T00%3A00%3A00Z&sp=r&rscd=attachment%3B%20filename%3DQiskit%2BSample%2B-%2B3-qubit%2BGHZ%2Bcircuit-00000000-0000-0000-0000-000000000001.output.json",
        "beginExecutionTime": "2024-07-30T22:15:16.268Z", "cancellationTime": null,
        "quantumComputingData": {"count": 1}, "errorData": null, "isCancelling": false,
        "tags": [], "name": "Qiskit Sample - 3-qubit GHZ circuit", "id": "00000000-0000-0000-0000-000000000001",
        "providerId": "ionq", "target": "ionq.simulator", "creationTime": "2024-07-30T22:15:14.54153+00:00",
        "endExecutionTime": "2024-07-30T22:15:16.419Z", "costEstimate": {"currencyCode":
        "USD", "events": [{"dimensionId": "gs1q", "dimensionName": "1Q Gate Shot",
        "measureUnit": "1q gate shot", "amountBilled": 0.0, "amountConsumed": 0.0,
        "unitPrice": 0.0}, {"dimensionId": "gs2q", "dimensionName": "2Q Gate Shot",
        "measureUnit": "2q gate shot", "amountBilled": 0.0, "amountConsumed": 0.0,
        "unitPrice": 0.0}], "estimatedTotal": 0.0}, "itemType": "Job"}'
    headers:
      connection:
      - keep-alive
      content-length:
      - '1939'
      content-type:
      - application/json; charset=utf-8
      transfer-encoding:
      - chunked
    status:
      code: 200
      message: OK
- request:
    body: null
    headers:
      Accept:
      - application/json
      Accept-Encoding:
      - gzip, deflate
      Connection:
      - keep-alive
      User-Agent:
      - testapp-azure-quantum-qiskit azsdk-python-quantum/1.2.4 Python/3.9.19 (Windows-10-10.0.22631-SP0)
    method: GET
    uri: https://eastus.quantum.azure.com/subscriptions/00000000-0000-0000-0000-000000000000/resourceGroups/myresourcegroup/providers/Microsoft.Quantum/workspaces/myworkspace/providerStatus?api-version=2022-09-12-preview&test-sequence-id=2
  response:
    body:
      string: '{"value": [{"id": "microsoft-elements", "currentAvailability": "Available",
        "targets": [{"id": "microsoft.dft", "currentAvailability": "Available", "averageQueueTime":
        0, "statusPage": null}]}, {"id": "ionq", "currentAvailability": "Degraded",
        "targets": [{"id": "ionq.qpu", "currentAvailability": "Available", "averageQueueTime":
        1203558, "statusPage": "https://status.ionq.co"}, {"id": "ionq.qpu.aria-1",
        "currentAvailability": "Unavailable", "averageQueueTime": 1151142, "statusPage":
        "https://status.ionq.co"}, {"id": "ionq.qpu.aria-2", "currentAvailability":
        "Available", "averageQueueTime": 557518, "statusPage": "https://status.ionq.co"},
        {"id": "ionq.simulator", "currentAvailability": "Available", "averageQueueTime":
        12209, "statusPage": "https://status.ionq.co"}]}, {"id": "microsoft-qc", "currentAvailability":
        "Available", "targets": [{"id": "microsoft.estimator", "currentAvailability":
        "Available", "averageQueueTime": 0, "statusPage": null}]}, {"id": "pasqal",
        "currentAvailability": "Degraded", "targets": [{"id": "pasqal.sim.emu-tn",
        "currentAvailability": "Available", "averageQueueTime": 284, "statusPage":
        "https://pasqal.com"}, {"id": "pasqal.qpu.fresnel", "currentAvailability":
        "Degraded", "averageQueueTime": 0, "statusPage": "https://pasqal.com"}]},
        {"id": "quantinuum", "currentAvailability": "Degraded", "targets": [{"id":
        "quantinuum.qpu.h1-1", "currentAvailability": "Degraded", "averageQueueTime":
        0, "statusPage": "https://www.quantinuum.com/hardware/h1"}, {"id": "quantinuum.sim.h1-1sc",
        "currentAvailability": "Available", "averageQueueTime": 0, "statusPage": "https://www.quantinuum.com/hardware/h1"},
        {"id": "quantinuum.sim.h1-1e", "currentAvailability": "Available", "averageQueueTime":
        107, "statusPage": "https://www.quantinuum.com/hardware/h1"}, {"id": "quantinuum.qpu.h2-1",
        "currentAvailability": "Available", "averageQueueTime": 39847, "statusPage":
        "https://www.quantinuum.com/hardware/h2"}, {"id": "quantinuum.sim.h2-1sc",
        "currentAvailability": "Available", "averageQueueTime": 0, "statusPage": "https://www.quantinuum.com/hardware/h2"},
        {"id": "quantinuum.sim.h2-1e", "currentAvailability": "Available", "averageQueueTime":
        1751, "statusPage": "https://www.quantinuum.com/hardware/h2"}, {"id": "quantinuum.sim.h1-1sc-preview",
        "currentAvailability": "Available", "averageQueueTime": 0, "statusPage": "https://www.quantinuum.com/hardware/h1"},
        {"id": "quantinuum.sim.h1-1e-preview", "currentAvailability": "Available",
        "averageQueueTime": 107, "statusPage": "https://www.quantinuum.com/hardware/h1"},
        {"id": "quantinuum.sim.h1-2e-preview", "currentAvailability": "Available",
        "averageQueueTime": 7621, "statusPage": "https://www.quantinuum.com/hardware/h1"},
        {"id": "quantinuum.qpu.h1-1-preview", "currentAvailability": "Degraded", "averageQueueTime":
        0, "statusPage": "https://www.quantinuum.com/hardware/h1"}]}, {"id": "rigetti",
        "currentAvailability": "Available", "targets": [{"id": "rigetti.sim.qvm",
        "currentAvailability": "Available", "averageQueueTime": 5, "statusPage": "https://rigetti.statuspage.io/"},
        {"id": "rigetti.qpu.ankaa-2", "currentAvailability": "Available", "averageQueueTime":
        5, "statusPage": "https://rigetti.statuspage.io/"}]}, {"id": "qci", "currentAvailability":
        "Degraded", "targets": [{"id": "qci.simulator", "currentAvailability": "Available",
        "averageQueueTime": 1, "statusPage": "https://quantumcircuits.com"}, {"id":
        "qci.machine1", "currentAvailability": "Unavailable", "averageQueueTime":
        1, "statusPage": "https://quantumcircuits.com"}, {"id": "qci.simulator.noisy",
        "currentAvailability": "Available", "averageQueueTime": 0, "statusPage": "https://quantumcircuits.com"}]},
        {"id": "Microsoft.Test", "currentAvailability": "Available", "targets": [{"id":
        "echo-rigetti", "currentAvailability": "Available", "averageQueueTime": 1,
        "statusPage": ""}, {"id": "echo-quantinuum", "currentAvailability": "Available",
        "averageQueueTime": 1, "statusPage": ""}, {"id": "echo-qci", "currentAvailability":
        "Available", "averageQueueTime": 1, "statusPage": ""}, {"id": "echo-ionq",
        "currentAvailability": "Available", "averageQueueTime": 1, "statusPage": ""},
        {"id": "echo-aquarius", "currentAvailability": "Available", "averageQueueTime":
        1, "statusPage": ""}, {"id": "sparse-sim-rigetti", "currentAvailability":
        "Available", "averageQueueTime": 1, "statusPage": ""}, {"id": "sparse-sim-quantinuum",
        "currentAvailability": "Available", "averageQueueTime": 1, "statusPage": ""},
        {"id": "sparse-sim-qci", "currentAvailability": "Available", "averageQueueTime":
        1, "statusPage": ""}, {"id": "sparse-sim-ionq", "currentAvailability": "Available",
        "averageQueueTime": 1, "statusPage": ""}, {"id": "echo-output", "currentAvailability":
        "Available", "averageQueueTime": 1, "statusPage": ""}]}], "nextLink": null}'
    headers:
      connection:
      - keep-alive
      content-length:
      - '4776'
      content-type:
      - application/json; charset=utf-8
      transfer-encoding:
      - chunked
    status:
      code: 200
      message: OK
- request:
    body: null
    headers:
      Accept:
      - application/json
      Accept-Encoding:
      - gzip, deflate
      Connection:
      - keep-alive
      User-Agent:
      - testapp-azure-quantum-qiskit azsdk-python-quantum/1.2.4 Python/3.9.19 (Windows-10-10.0.22631-SP0)
    method: GET
    uri: https://eastus.quantum.azure.com/subscriptions/00000000-0000-0000-0000-000000000000/resourceGroups/myresourcegroup/providers/Microsoft.Quantum/workspaces/myworkspace/jobs/00000000-0000-0000-0000-000000000001?api-version=2022-09-12-preview&test-sequence-id=10
  response:
    body:
      string: '{"containerUri": "https://mystorage.blob.core.windows.net/job-00000000-0000-0000-0000-000000000001?sv=PLACEHOLDER&sr=c&sig=PLACEHOLDER&se=2050-01-01T00%3A00%3A00Z&sp=rcwl",
        "inputDataUri": "https://mystorage.blob.core.windows.net/job-00000000-0000-0000-0000-000000000001/inputData?sv=PLACEHOLDER&sr=b&sig=PLACEHOLDER&se=2050-01-01T00%3A00%3A00Z&sp=r&rscd=attachment%3B%20filename%3DQiskit%2BSample%2B-%2B3-qubit%2BGHZ%2Bcircuit-00000000-0000-0000-0000-000000000001.input.json",
        "inputDataFormat": "ionq.circuit.v1", "inputParams": {"shots": 500, "count":
        500}, "metadata": {"qiskit": "True", "name": "Qiskit Sample - 3-qubit GHZ
        circuit", "num_qubits": "4", "metadata": "{}", "meas_map": "[0, 1, 2]"}, "sessionId":
        null, "status": "Succeeded", "jobType": "QuantumComputing", "outputDataFormat":
        "ionq.quantum-results.v1", "outputDataUri": "https://mystorage.blob.core.windows.net/job-00000000-0000-0000-0000-000000000001/rawOutputData?sv=PLACEHOLDER&sr=b&sig=PLACEHOLDER&se=2050-01-01T00%3A00%3A00Z&sp=r&rscd=attachment%3B%20filename%3DQiskit%2BSample%2B-%2B3-qubit%2BGHZ%2Bcircuit-00000000-0000-0000-0000-000000000001.output.json",
        "beginExecutionTime": "2024-07-30T22:15:16.268Z", "cancellationTime": null,
        "quantumComputingData": {"count": 1}, "errorData": null, "isCancelling": false,
        "tags": [], "name": "Qiskit Sample - 3-qubit GHZ circuit", "id": "00000000-0000-0000-0000-000000000001",
        "providerId": "ionq", "target": "ionq.simulator", "creationTime": "2024-07-30T22:15:14.54153+00:00",
        "endExecutionTime": "2024-07-30T22:15:16.419Z", "costEstimate": {"currencyCode":
        "USD", "events": [{"dimensionId": "gs1q", "dimensionName": "1Q Gate Shot",
        "measureUnit": "1q gate shot", "amountBilled": 0.0, "amountConsumed": 0.0,
        "unitPrice": 0.0}, {"dimensionId": "gs2q", "dimensionName": "2Q Gate Shot",
        "measureUnit": "2q gate shot", "amountBilled": 0.0, "amountConsumed": 0.0,
        "unitPrice": 0.0}], "estimatedTotal": 0.0}, "itemType": "Job"}'
    headers:
      connection:
      - keep-alive
      content-length:
      - '1939'
      content-type:
      - application/json; charset=utf-8
      transfer-encoding:
      - chunked
    status:
      code: 200
      message: OK
version: 1
