interactions:
- request:
    body: client_id=PLACEHOLDER&grant_type=client_credentials&client_info=1&client_secret=PLACEHOLDER&claims=PLACEHOLDER&scope=https%3A%2F%2Fquantum.microsoft.com%2F.default
    headers:
      Accept:
      - application/json
      Accept-Encoding:
      - gzip, deflate
      Connection:
      - keep-alive
      Content-Length:
      - '163'
      Content-Type:
      - application/x-www-form-urlencoded
      User-Agent:
      - azsdk-python-identity/1.12.0 Python/3.9.16 (Windows-10-10.0.22621-SP0)
      x-client-cpu:
      - x64
      x-client-current-telemetry:
      - 4|730,0|
      x-client-os:
      - win32
      x-client-sku:
      - MSAL.Python
      x-client-ver:
      - 1.21.0
    method: POST
    uri: https://login.microsoftonline.com/00000000-0000-0000-0000-000000000000/oauth2/v2.0/token
  response:
    body:
      string: '{"token_type": "Bearer", "expires_in": 86399, "ext_expires_in": 86399,
        "refresh_in": 43199, "access_token": "fake_token"}'
    headers:
      content-length:
      - '121'
      content-type:
      - application/json; charset=utf-8
    status:
      code: 200
      message: OK
- request:
    body: 'b''{"containerName": "job-00000000-0000-0000-0000-000000000001"}'''
    headers:
      Accept:
      - application/json
      Accept-Encoding:
      - gzip, deflate
      Connection:
      - keep-alive
      Content-Length:
      - '64'
      Content-Type:
      - application/json
      User-Agent:
      - testapp azsdk-python-quantum/0.0.1 Python/3.9.16 (Windows-10-10.0.22621-SP0)
    method: POST
    uri: https://eastus.quantum.azure.com/subscriptions/00000000-0000-0000-0000-000000000000/resourceGroups/myresourcegroup/providers/Microsoft.Quantum/workspaces/myworkspace/storage/sasUri?api-version=2022-09-12-preview
  response:
    body:
      string: '{"sasUri": "https://mystorage.blob.core.windows.net/job-00000000-0000-0000-0000-000000000001?sv=PLACEHOLDER&sig=PLACEHOLDER&se=PLACEHOLDER&srt=co&ss=b&sp=racw",
        "access_token": "fake_token"}'
    headers:
      connection:
      - keep-alive
      content-length:
      - '190'
      content-type:
      - application/json; charset=utf-8
      transfer-encoding:
      - chunked
    status:
      code: 200
      message: OK
- request:
    body: null
    headers:
      Accept:
      - application/xml
      Accept-Encoding:
      - gzip, deflate
      Connection:
      - keep-alive
      User-Agent:
      - azsdk-python-storage-blob/12.15.0 Python/3.9.16 (Windows-10-10.0.22621-SP0)
      x-ms-date:
      - Tue, 02 May 2023 14:19:41 GMT
      x-ms-version:
      - '2021-12-02'
    method: GET
    uri: https://mystorage.blob.core.windows.net/job-00000000-0000-0000-0000-000000000001?restype=container&sv=PLACEHOLDER&sig=PLACEHOLDER&se=PLACEHOLDER&srt=co&ss=b&sp=racw
  response:
    body:
      string: "\uFEFF<?xml version=\"1.0\" encoding=\"utf-8\"?><Error><Code>ContainerNotFound</Code><Message>The
        specified container does not exist.\nRequestId:61159259-201e-0025-4c01-7d1b0b000000\nTime:2023-05-02T14:19:42.4296474Z</Message></Error>"
    headers:
      content-length:
      - '223'
      content-type:
      - application/xml
      x-ms-version:
      - '2021-12-02'
    status:
      code: 404
      message: The specified container does not exist.
- request:
    body: null
    headers:
      Accept:
      - application/xml
      Accept-Encoding:
      - gzip, deflate
      Connection:
      - keep-alive
      Content-Length:
      - '0'
      User-Agent:
      - azsdk-python-storage-blob/12.15.0 Python/3.9.16 (Windows-10-10.0.22621-SP0)
      x-ms-date:
      - Tue, 02 May 2023 14:19:42 GMT
      x-ms-version:
      - '2021-12-02'
    method: PUT
    uri: https://mystorage.blob.core.windows.net/job-00000000-0000-0000-0000-000000000001?restype=container&sv=PLACEHOLDER&sig=PLACEHOLDER&se=PLACEHOLDER&srt=co&ss=b&sp=racw
  response:
    body:
      string: ''
    headers:
      content-length:
      - '0'
      x-ms-version:
      - '2021-12-02'
    status:
      code: 201
      message: Created
- request:
    body: null
    headers:
      Accept:
      - application/xml
      Accept-Encoding:
      - gzip, deflate
      Connection:
      - keep-alive
      User-Agent:
      - azsdk-python-storage-blob/12.15.0 Python/3.9.16 (Windows-10-10.0.22621-SP0)
      x-ms-date:
      - Tue, 02 May 2023 14:19:42 GMT
      x-ms-version:
      - '2021-12-02'
    method: GET
    uri: https://mystorage.blob.core.windows.net/job-00000000-0000-0000-0000-000000000001?restype=container&sv=PLACEHOLDER&sig=PLACEHOLDER&se=PLACEHOLDER&srt=co&ss=b&sp=racw
  response:
    body:
      string: ''
    headers:
      content-length:
      - '0'
      x-ms-lease-state:
      - available
      x-ms-lease-status:
      - unlocked
      x-ms-version:
      - '2021-12-02'
    status:
      code: 200
      message: OK
- request:
    body: b'\x1f\x8b\x08\x00\xfc\x1bQd\x02\xff\xed\xd21k\xc2@\x18\xc6\xf13\xe9\xd0\x06\x049:9I\xc6\xd2\xc8\x9b4\xb1t\xb3\xdf\xa0\x83{\x88\x10\xe5
      \x9e\x87&K?]?ZO\x0b\t88\x89K\xff\xbf\xe5\xbd\xe7\x1e\x8ew\xb9\xed\xb7q\xc6\xba\xae\xdd\x98\xa6.\xdd\xba\x94\xb9[\xab\xdb\x12o\x91\xe7\xe7\xe9]N\xc9\xde\xd2\xfe|\xbeO3)\n5\x13u\x07\xdd\xb1\xad\x0e~\xbd\xfa\x9f\xa2R\x87\xe9\\\xa6\xe3\xa7\xbf\xfc\xf8\xa3\x83\x91\xea\xe3\xf3R\x07\xc1\x10\xe3S\x1c\xf5Q\xf9\x18\x0e\xed\xc4\xbf\r\x87vrj\x03\xbd\x88\xf2\xe8\xc1V\xbbZ\xbfN_V\xf5\xb1M\xbe\xf6\xaek\xaa\xd6\xec\xed\xa7\xb5u\xd5\x18\xbbM\xe2\xcc\x7f\x03)$K\xe4=\xfd\xc8%V\x00\x00\x00\x00\x00\x00\x00\x00\x00\x00\x00\x00\x00\x80k~\x01\x9eq\x17Y\x00(\x00\x00'
    headers:
      Accept:
      - application/xml
      Accept-Encoding:
      - gzip, deflate
      Connection:
      - keep-alive
      Content-Length:
      - '684'
      Content-Type:
      - application/octet-stream
      User-Agent:
      - azsdk-python-storage-blob/12.15.0 Python/3.9.16 (Windows-10-10.0.22621-SP0)
      x-ms-blob-type:
      - BlockBlob
      x-ms-date:
      - Tue, 02 May 2023 14:19:43 GMT
      x-ms-version:
      - '2021-12-02'
    method: PUT
    uri: https://mystorage.blob.core.windows.net/job-00000000-0000-0000-0000-000000000001/inputData?sv=PLACEHOLDER&sig=PLACEHOLDER&se=PLACEHOLDER&srt=co&ss=b&sp=racw
  response:
    body:
      string: ''
    headers:
      content-length:
      - '0'
      x-ms-version:
      - '2021-12-02'
    status:
      code: 201
      message: Created
- request:
    body: 'b''{"id": "00000000-0000-0000-0000-000000000001", "name": "Test-PopulationAnnealing-\\"20210101-000000\\"",
      "providerId": "Microsoft", "target": "microsoft.populationannealing.cpu", "itemType":
      "Job", "containerUri": "https://mystorage.blob.core.windows.net/job-00000000-0000-0000-0000-000000000001?sv=PLACEHOLDER&sig=PLACEHOLDER&se=PLACEHOLDER&srt=co&ss=b&sp=racw",
      "inputDataUri": "https://mystorage.blob.core.windows.net/job-00000000-0000-0000-0000-000000000001/inputData",
      "inputDataFormat": "microsoft.qio.v2", "inputParams": {"params": {"sweeps":
      200}}, "outputDataFormat": "microsoft.qio-results.v2"}'''
    headers:
      Accept:
      - application/json
      Accept-Encoding:
      - gzip, deflate
      Connection:
      - keep-alive
      Content-Length:
      - '607'
      Content-Type:
      - application/json
      User-Agent:
      - testapp azsdk-python-quantum/0.0.1 Python/3.9.16 (Windows-10-10.0.22621-SP0)
    method: PUT
    uri: https://eastus.quantum.azure.com/subscriptions/00000000-0000-0000-0000-000000000000/resourceGroups/myresourcegroup/providers/Microsoft.Quantum/workspaces/myworkspace/jobs/00000000-0000-0000-0000-000000000001?api-version=2022-09-12-preview
  response:
    body:
      string: '{"containerUri": "https://mystorage.blob.core.windows.net/job-00000000-0000-0000-0000-000000000001?sv=PLACEHOLDER&sig=PLACEHOLDER&se=PLACEHOLDER&srt=co&ss=b&sp=racw",
        "inputDataUri": "https://mystorage.blob.core.windows.net/job-00000000-0000-0000-0000-000000000001/inputData?sv=PLACEHOLDER&sr=b&sig=PLACEHOLDER&se=PLACEHOLDER&sp=rcw",
        "inputDataFormat": "microsoft.qio.v2", "inputParams": {"params": {"sweeps":
        200}}, "metadata": null, "sessionId": null, "status": "Waiting", "jobType":
        "Optimization", "outputDataFormat": "microsoft.qio-results.v2", "outputDataUri":
        "https://mystorage.blob.core.windows.net:443/job-00000000-0000-0000-0000-000000000001/outputData?sv=PLACEHOLDER&sig=PLACEHOLDER&se=PLACEHOLDER&srt=co&ss=b&sp=racw",
        "beginExecutionTime": null, "cancellationTime": null, "quantumComputingData":
        null, "errorData": null, "isCancelling": false, "tags": [], "name": "Test-PopulationAnnealing-\"20210101-000000\"",
        "id": "00000000-0000-0000-0000-000000000001", "providerId": "microsoft", "target":
        "microsoft.populationannealing.cpu", "creationTime": "2023-05-02T14:19:43.2691711+00:00",
        "endExecutionTime": null, "costEstimate": null, "itemType": "Job", "access_token":
        "fake_token"}'
    headers:
      connection:
      - keep-alive
      content-length:
      - '1196'
      content-type:
      - application/json; charset=utf-8
      transfer-encoding:
      - chunked
    status:
      code: 200
      message: OK
- request:
    body: null
    headers:
      Accept:
      - application/json
      Accept-Encoding:
      - gzip, deflate
      Connection:
      - keep-alive
      User-Agent:
      - testapp azsdk-python-quantum/0.0.1 Python/3.9.16 (Windows-10-10.0.22621-SP0)
    method: GET
    uri: https://eastus.quantum.azure.com/subscriptions/00000000-0000-0000-0000-000000000000/resourceGroups/myresourcegroup/providers/Microsoft.Quantum/workspaces/myworkspace/jobs/00000000-0000-0000-0000-000000000001?api-version=2022-09-12-preview
  response:
    body:
      string: '{"containerUri": "https://mystorage.blob.core.windows.net/job-00000000-0000-0000-0000-000000000001?sv=PLACEHOLDER&sig=PLACEHOLDER&se=PLACEHOLDER&srt=co&ss=b&sp=racw",
        "inputDataUri": "https://mystorage.blob.core.windows.net/job-00000000-0000-0000-0000-000000000001/inputData?sv=PLACEHOLDER&sr=b&sig=PLACEHOLDER&se=PLACEHOLDER&sp=r&rscd=attachment%3B%20filename%3DTest-PopulationAnnealing-%252220210101-000000%2522-00000000-0000-0000-0000-000000000001.input.json",
        "inputDataFormat": "microsoft.qio.v2", "inputParams": {"params": {"sweeps":
        200}}, "metadata": null, "sessionId": null, "status": "Succeeded", "jobType":
        "Optimization", "outputDataFormat": "microsoft.qio-results.v2", "outputDataUri":
        "https://mystorage.blob.core.windows.net/job-00000000-0000-0000-0000-000000000001/rawOutputData?sv=PLACEHOLDER&sr=b&sig=PLACEHOLDER&se=PLACEHOLDER&sp=r&rscd=attachment%3B%20filename%3DTest-PopulationAnnealing-%252220210101-000000%2522-00000000-0000-0000-0000-000000000001.output.json",
        "beginExecutionTime": "2023-05-02T14:19:21.7980197Z", "cancellationTime":
        null, "quantumComputingData": null, "errorData": null, "isCancelling": false,
        "tags": [], "name": "Test-PopulationAnnealing-\"20210101-000000\"", "id":
        "00000000-0000-0000-0000-000000000001", "providerId": "microsoft", "target":
        "microsoft.populationannealing.cpu", "creationTime": "2023-05-02T14:19:43.2691711+00:00",
        "endExecutionTime": "2023-05-02T14:19:21.9036993Z", "costEstimate": null,
        "itemType": "Job", "access_token": "fake_token"}'
    headers:
      connection:
      - keep-alive
      content-length:
      - '1500'
      content-type:
      - application/json; charset=utf-8
      transfer-encoding:
      - chunked
    status:
      code: 200
      message: OK
- request:
    body: null
    headers:
      Accept:
      - application/xml
      Accept-Encoding:
      - gzip, deflate
      Connection:
      - keep-alive
      User-Agent:
      - azsdk-python-storage-blob/12.15.0 Python/3.9.16 (Windows-10-10.0.22621-SP0)
      x-ms-date:
      - Tue, 02 May 2023 14:19:45 GMT
      x-ms-range:
      - bytes=0-33554431
      x-ms-version:
      - '2021-12-02'
    method: GET
    uri: https://mystorage.blob.core.windows.net/job-00000000-0000-0000-0000-000000000001/rawOutputData?sv=PLACEHOLDER&sr=b&sig=PLACEHOLDER&se=PLACEHOLDER&sp=r&rscd=attachment%3B%20filename%3DTest-PopulationAnnealing-%252220210101-000000%2522-00000000-0000-0000-0000-000000000001.output.json
  response:
    body:
      string: '{"version": "1.0", "configuration": {"0": 1, "1": 1, "2": 0, "3": 1},
        "cost": -5.0, "parameters": {"alpha": 2.0, "beta": {"final": 5.0, "initial":
        0.0, "type": "linear"}, "beta_start": 0.0, "beta_stop": 5.0, "constant_population":
        false, "population": 72, "seed": 2687274134, "sweeps": 200, "sweeps_per_replica":
        1}, "solutions": [{"configuration": {"0": 1, "1": 1, "2": 0, "3": 1}, "cost":
        -5.0}], "access_token": "fake_token"}'
    headers:
      accept-ranges:
      - bytes
      content-length:
      - '428'
      content-range:
      - bytes 0-570/571
      content-type:
      - application/json
      x-ms-blob-content-md5:
      - obr1mYEaFT+J+9/nt2gMpw==
      x-ms-blob-type:
      - BlockBlob
      x-ms-creation-time:
      - Tue, 02 May 2023 14:19:43 GMT
      x-ms-lease-state:
      - available
      x-ms-lease-status:
      - unlocked
      x-ms-server-encrypted:
      - 'true'
      x-ms-version:
      - '2021-12-02'
    status:
      code: 206
      message: Partial Content
- request:
    body: null
    headers:
      Accept:
      - application/json
      Accept-Encoding:
      - gzip, deflate
      Connection:
      - keep-alive
      User-Agent:
      - testapp azsdk-python-quantum/0.0.1 Python/3.9.16 (Windows-10-10.0.22621-SP0)
    method: GET
    uri: https://eastus.quantum.azure.com/subscriptions/00000000-0000-0000-0000-000000000000/resourceGroups/myresourcegroup/providers/Microsoft.Quantum/workspaces/myworkspace/jobs/00000000-0000-0000-0000-000000000001?api-version=2022-09-12-preview
  response:
    body:
      string: '{"containerUri": "https://mystorage.blob.core.windows.net/job-00000000-0000-0000-0000-000000000001?sv=PLACEHOLDER&sig=PLACEHOLDER&se=PLACEHOLDER&srt=co&ss=b&sp=racw",
        "inputDataUri": "https://mystorage.blob.core.windows.net/job-00000000-0000-0000-0000-000000000001/inputData?sv=PLACEHOLDER&sr=b&sig=PLACEHOLDER&se=PLACEHOLDER&sp=r&rscd=attachment%3B%20filename%3DTest-PopulationAnnealing-%252220210101-000000%2522-00000000-0000-0000-0000-000000000001.input.json",
        "inputDataFormat": "microsoft.qio.v2", "inputParams": {"params": {"sweeps":
        200}}, "metadata": null, "sessionId": null, "status": "Succeeded", "jobType":
        "Optimization", "outputDataFormat": "microsoft.qio-results.v2", "outputDataUri":
        "https://mystorage.blob.core.windows.net/job-00000000-0000-0000-0000-000000000001/rawOutputData?sv=PLACEHOLDER&sr=b&sig=PLACEHOLDER&se=PLACEHOLDER&sp=r&rscd=attachment%3B%20filename%3DTest-PopulationAnnealing-%252220210101-000000%2522-00000000-0000-0000-0000-000000000001.output.json",
        "beginExecutionTime": "2023-05-02T14:19:21.7980197Z", "cancellationTime":
        null, "quantumComputingData": null, "errorData": null, "isCancelling": false,
        "tags": [], "name": "Test-PopulationAnnealing-\"20210101-000000\"", "id":
        "00000000-0000-0000-0000-000000000001", "providerId": "microsoft", "target":
        "microsoft.populationannealing.cpu", "creationTime": "2023-05-02T14:19:43.2691711+00:00",
        "endExecutionTime": "2023-05-02T14:19:21.9036993Z", "costEstimate": null,
        "itemType": "Job", "access_token": "fake_token"}'
    headers:
      connection:
      - keep-alive
      content-length:
      - '1500'
      content-type:
      - application/json; charset=utf-8
      transfer-encoding:
      - chunked
    status:
      code: 200
      message: OK
version: 1
