interactions:
- request:
    body: client_id=PLACEHOLDER&grant_type=client_credentials&client_info=1&client_secret=PLACEHOLDER&scope=https%3A%2F%2Fquantum.microsoft.com%2F.default
    headers:
      Accept:
      - application/json
      Accept-Encoding:
      - gzip, deflate
      Connection:
      - keep-alive
      Content-Length:
      - '144'
      Content-Type:
      - application/x-www-form-urlencoded
      User-Agent:
      - azsdk-python-identity/1.15.0 Python/3.9.19 (Windows-10-10.0.22631-SP0)
      x-client-current-telemetry:
      - 4|730,2|
      x-client-os:
      - win32
      x-client-sku:
      - MSAL.Python
      x-client-ver:
      - 1.28.0
    method: POST
    uri: https://login.microsoftonline.com/00000000-0000-0000-0000-000000000000/oauth2/v2.0/token
  response:
    body:
      string: '{"token_type": "Bearer", "expires_in": 1744817239, "ext_expires_in":
        1744817239, "refresh_in": 31536000, "access_token": "PLACEHOLDER"}'
    headers:
      content-length:
      - '135'
      content-type:
      - application/json; charset=utf-8
    status:
      code: 200
      message: OK
- request:
    body: 'b''{"id": "00000000-0000-0000-0000-000000000001", "name": "session-00000000-0000-0000-0000-000000000001",
      "providerId": "microsoft.test", "target": "echo-quantinuum", "itemType": "Session"}'''
    headers:
      Accept:
      - application/json
      Accept-Encoding:
      - gzip, deflate
      Connection:
      - keep-alive
      Content-Length:
      - '189'
      Content-Type:
      - application/json
      User-Agent:
      - testapp azsdk-python-quantum/0.0.1 Python/3.9.19 (Windows-10-10.0.22631-SP0)
    method: PUT
    uri: https://eastus.quantum.azure.com/subscriptions/00000000-0000-0000-0000-000000000000/resourceGroups/myresourcegroup/providers/Microsoft.Quantum/workspaces/myworkspace/sessions/00000000-0000-0000-0000-000000000001?api-version=2022-09-12-preview&test-sequence-id=1
  response:
    body:
      string: '{"status": "Waiting", "jobFailurePolicy": "Abort", "name": "session-00000000-0000-0000-0000-000000000001",
        "id": "00000000-0000-0000-0000-000000000001", "providerId": "microsoft.test",
        "target": "echo-quantinuum", "creationTime": "2024-04-16T15:27:20.8978189Z",
        "endExecutionTime": null, "costEstimate": null, "itemType": "Session"}'
    headers:
      connection:
      - keep-alive
      content-length:
      - '332'
      content-type:
      - application/json; charset=utf-8
      transfer-encoding:
      - chunked
    status:
      code: 200
      message: OK
- request:
    body: client_id=PLACEHOLDER&grant_type=client_credentials&client_info=1&client_secret=PLACEHOLDER&scope=https%3A%2F%2Fquantum.microsoft.com%2F.default
    headers:
      Accept:
      - application/json
      Accept-Encoding:
      - gzip, deflate
      Connection:
      - keep-alive
      Content-Length:
      - '144'
      Content-Type:
      - application/x-www-form-urlencoded
      User-Agent:
      - azsdk-python-identity/1.15.0 Python/3.9.19 (Windows-10-10.0.22631-SP0)
      x-client-current-telemetry:
      - 4|730,2|
      x-client-os:
      - win32
      x-client-sku:
      - MSAL.Python
      x-client-ver:
      - 1.28.0
    method: POST
    uri: https://login.microsoftonline.com/00000000-0000-0000-0000-000000000000/oauth2/v2.0/token
  response:
    body:
      string: '{"token_type": "Bearer", "expires_in": 1744817241, "ext_expires_in":
        1744817241, "refresh_in": 31536000, "access_token": "PLACEHOLDER"}'
    headers:
      content-length:
      - '135'
      content-type:
      - application/json; charset=utf-8
    status:
      code: 200
      message: OK
- request:
    body: 'b''{"containerName": "job-00000000-0000-0000-0000-000000000002"}'''
    headers:
      Accept:
      - application/json
      Accept-Encoding:
      - gzip, deflate
      Connection:
      - keep-alive
      Content-Length:
      - '64'
      Content-Type:
      - application/json
      User-Agent:
      - testapp-azure-quantum-qsharp azsdk-python-quantum/0.0.1 Python/3.9.19 (Windows-10-10.0.22631-SP0)
    method: POST
    uri: https://eastus.quantum.azure.com/subscriptions/00000000-0000-0000-0000-000000000000/resourceGroups/myresourcegroup/providers/Microsoft.Quantum/workspaces/myworkspace/storage/sasUri?api-version=2022-09-12-preview&test-sequence-id=1
  response:
    body:
      string: '{"sasUri": "https://mystorage.blob.core.windows.net/job-00000000-0000-0000-0000-000000000002?sv=PLACEHOLDER&sig=PLACEHOLDER&se=2050-01-01T00%3A00%3A00Z&srt=co&ss=b&sp=racwl"}'
    headers:
      connection:
      - keep-alive
      content-length:
      - '174'
      content-type:
      - application/json; charset=utf-8
      transfer-encoding:
      - chunked
    status:
      code: 200
      message: OK
- request:
    body: null
    headers:
      Accept:
      - application/xml
      Accept-Encoding:
      - gzip, deflate
      Connection:
      - keep-alive
      User-Agent:
      - azsdk-python-storage-blob/12.19.1 Python/3.9.19 (Windows-10-10.0.22631-SP0)
      x-ms-date:
      - Tue, 16 Apr 2024 15:27:22 GMT
      x-ms-version:
      - '2023-11-03'
    method: GET
    uri: https://mystorage.blob.core.windows.net/job-00000000-0000-0000-0000-000000000002?restype=container&sv=PLACEHOLDER&sig=PLACEHOLDER&se=2050-01-01T00%3A00%3A00Z&srt=co&ss=b&sp=racwl
  response:
    body:
      string: "\uFEFF<?xml version=\"1.0\" encoding=\"utf-8\"?><Error><Code>ContainerNotFound</Code><Message>The
        specified container does not exist.\nRequestId:d3e53427-801e-004f-1f12-905d94000000\nTime:2024-04-16T15:27:23.6848993Z</Message></Error>"
    headers:
      content-length:
      - '223'
      content-type:
      - application/xml
      x-ms-version:
      - '2023-11-03'
    status:
      code: 404
      message: The specified container does not exist.
- request:
    body: null
    headers:
      Accept:
      - application/xml
      Accept-Encoding:
      - gzip, deflate
      Connection:
      - keep-alive
      Content-Length:
      - '0'
      User-Agent:
      - azsdk-python-storage-blob/12.19.1 Python/3.9.19 (Windows-10-10.0.22631-SP0)
      x-ms-date:
      - Tue, 16 Apr 2024 15:27:23 GMT
      x-ms-version:
      - '2023-11-03'
    method: PUT
    uri: https://mystorage.blob.core.windows.net/job-00000000-0000-0000-0000-000000000002?restype=container&sv=PLACEHOLDER&sig=PLACEHOLDER&se=2050-01-01T00%3A00%3A00Z&srt=co&ss=b&sp=racwl
  response:
    body:
      string: ''
    headers:
      content-length:
      - '0'
      x-ms-version:
      - '2023-11-03'
    status:
      code: 201
      message: Created
- request:
    body: null
    headers:
      Accept:
      - application/xml
      Accept-Encoding:
      - gzip, deflate
      Connection:
      - keep-alive
      User-Agent:
      - azsdk-python-storage-blob/12.19.1 Python/3.9.19 (Windows-10-10.0.22631-SP0)
      x-ms-date:
      - Tue, 16 Apr 2024 15:27:24 GMT
      x-ms-version:
      - '2023-11-03'
    method: GET
    uri: https://mystorage.blob.core.windows.net/job-00000000-0000-0000-0000-000000000002?restype=container&sv=PLACEHOLDER&sig=PLACEHOLDER&se=2050-01-01T00%3A00%3A00Z&srt=co&ss=b&sp=racwl
  response:
    body:
      string: ''
    headers:
      content-length:
      - '0'
      x-ms-lease-state:
      - available
      x-ms-lease-status:
      - unlocked
      x-ms-version:
      - '2023-11-03'
    status:
      code: 200
      message: OK
- request:
    body: 'b''%Result = type opaque\n%Qubit = type opaque\n\ndefine void @ENTRYPOINT__main()
      #0 {\n  call void @__quantum__qis__h__body(%Qubit* inttoptr (i64 0 to %Qubit*))\n  call
      void @__quantum__qis__cx__body(%Qubit* inttoptr (i64 0 to %Qubit*), %Qubit*
      inttoptr (i64 1 to %Qubit*))\n  call void @__quantum__qis__h__body(%Qubit* inttoptr
      (i64 2 to %Qubit*))\n  call void @__quantum__qis__cz__body(%Qubit* inttoptr
      (i64 2 to %Qubit*), %Qubit* inttoptr (i64 0 to %Qubit*))\n  call void @__quantum__qis__h__body(%Qubit*
      inttoptr (i64 2 to %Qubit*))\n  call void @__quantum__qis__h__body(%Qubit* inttoptr
      (i64 3 to %Qubit*))\n  call void @__quantum__qis__cz__body(%Qubit* inttoptr
      (i64 3 to %Qubit*), %Qubit* inttoptr (i64 1 to %Qubit*))\n  call void @__quantum__qis__h__body(%Qubit*
      inttoptr (i64 3 to %Qubit*))\n  call void @__quantum__qis__mz__body(%Qubit*
      inttoptr (i64 2 to %Qubit*), %Result* inttoptr (i64 0 to %Result*)) #1\n  call
      void @__quantum__qis__mz__body(%Qubit* inttoptr (i64 3 to %Qubit*), %Result*
      inttoptr (i64 1 to %Result*)) #1\n  call void @__quantum__rt__tuple_record_output(i64
      2, i8* null)\n  call void @__quantum__rt__result_record_output(%Result* inttoptr
      (i64 0 to %Result*), i8* null)\n  call void @__quantum__rt__result_record_output(%Result*
      inttoptr (i64 1 to %Result*), i8* null)\n  ret void\n}\n\ndeclare void @__quantum__qis__ccx__body(%Qubit*,
      %Qubit*, %Qubit*)\ndeclare void @__quantum__qis__cx__body(%Qubit*, %Qubit*)\ndeclare
      void @__quantum__qis__cy__body(%Qubit*, %Qubit*)\ndeclare void @__quantum__qis__cz__body(%Qubit*,
      %Qubit*)\ndeclare void @__quantum__qis__rx__body(double, %Qubit*)\ndeclare void
      @__quantum__qis__rxx__body(double, %Qubit*, %Qubit*)\ndeclare void @__quantum__qis__ry__body(double,
      %Qubit*)\ndeclare void @__quantum__qis__ryy__body(double, %Qubit*, %Qubit*)\ndeclare
      void @__quantum__qis__rz__body(double, %Qubit*)\ndeclare void @__quantum__qis__rzz__body(double,
      %Qubit*, %Qubit*)\ndeclare void @__quantum__qis__h__body(%Qubit*)\ndeclare void
      @__quantum__qis__s__body(%Qubit*)\ndeclare void @__quantum__qis__s__adj(%Qubit*)\ndeclare
      void @__quantum__qis__t__body(%Qubit*)\ndeclare void @__quantum__qis__t__adj(%Qubit*)\ndeclare
      void @__quantum__qis__x__body(%Qubit*)\ndeclare void @__quantum__qis__y__body(%Qubit*)\ndeclare
      void @__quantum__qis__z__body(%Qubit*)\ndeclare void @__quantum__qis__swap__body(%Qubit*,
      %Qubit*)\ndeclare void @__quantum__qis__mz__body(%Qubit*, %Result* writeonly)
      #1\ndeclare void @__quantum__rt__result_record_output(%Result*, i8*)\ndeclare
      void @__quantum__rt__array_record_output(i64, i8*)\ndeclare void @__quantum__rt__tuple_record_output(i64,
      i8*)\n\nattributes #0 = { "entry_point" "output_labeling_schema" "qir_profiles"="base_profile"
      "required_num_qubits"="4" "required_num_results"="2" }\nattributes #1 = { "irreversible"
      }\n\n; module flags\n\n!llvm.module.flags = !{!0, !1, !2, !3}\n\n!0 = !{i32
      1, !"qir_major_version", i32 1}\n!1 = !{i32 7, !"qir_minor_version", i32 0}\n!2
      = !{i32 1, !"dynamic_qubit_management", i1 false}\n!3 = !{i32 1, !"dynamic_result_management",
      i1 false}\n'''
    headers:
      Accept:
      - application/xml
      Accept-Encoding:
      - gzip, deflate
      Connection:
      - keep-alive
      Content-Length:
      - '3073'
      Content-Type:
      - application/octet-stream
      User-Agent:
      - azsdk-python-storage-blob/12.19.1 Python/3.9.19 (Windows-10-10.0.22631-SP0)
      x-ms-blob-type:
      - BlockBlob
      x-ms-date:
      - Tue, 16 Apr 2024 15:27:24 GMT
      x-ms-version:
      - '2023-11-03'
    method: PUT
    uri: https://mystorage.blob.core.windows.net/job-00000000-0000-0000-0000-000000000002/inputData?sv=PLACEHOLDER&sig=PLACEHOLDER&se=2050-01-01T00%3A00%3A00Z&srt=co&ss=b&sp=racwl
  response:
    body:
      string: ''
    headers:
      content-length:
      - '0'
      x-ms-version:
      - '2023-11-03'
    status:
      code: 201
      message: Created
- request:
    body: 'b''{"id": "00000000-0000-0000-0000-000000000002", "name": "Job 1", "providerId":
      "microsoft.test", "target": "echo-quantinuum", "itemType": "Job", "sessionId":
      "00000000-0000-0000-0000-000000000001", "containerUri": "https://mystorage.blob.core.windows.net/job-00000000-0000-0000-0000-000000000002?sv=PLACEHOLDER&sig=PLACEHOLDER&se=2050-01-01T00%3A00%3A00Z&srt=co&ss=b&sp=racwl",
      "inputDataUri": "https://mystorage.blob.core.windows.net/job-00000000-0000-0000-0000-000000000002/inputData",
      "inputDataFormat": "qir.v1", "inputParams": {"entryPoint": "ENTRYPOINT__main",
      "arguments": [], "targetCapability": "AdaptiveExecution"}, "outputDataFormat":
      "honeywell.qir.v1"}'''
    headers:
      Accept:
      - application/json
      Accept-Encoding:
      - gzip, deflate
      Connection:
      - keep-alive
      Content-Length:
      - '667'
      Content-Type:
      - application/json
      User-Agent:
      - testapp-azure-quantum-qsharp azsdk-python-quantum/0.0.1 Python/3.9.19 (Windows-10-10.0.22631-SP0)
    method: PUT
    uri: https://eastus.quantum.azure.com/subscriptions/00000000-0000-0000-0000-000000000000/resourceGroups/myresourcegroup/providers/Microsoft.Quantum/workspaces/myworkspace/jobs/00000000-0000-0000-0000-000000000002?api-version=2022-09-12-preview&test-sequence-id=1
  response:
    body:
      string: '{"containerUri": "https://mystorage.blob.core.windows.net/job-00000000-0000-0000-0000-000000000002?sv=PLACEHOLDER&sig=PLACEHOLDER&se=2050-01-01T00%3A00%3A00Z&srt=co&ss=b&sp=racwl",
        "inputDataUri": "https://mystorage.blob.core.windows.net/job-00000000-0000-0000-0000-000000000002/inputData",
        "inputDataFormat": "qir.v1", "inputParams": {"entryPoint": "ENTRYPOINT__main",
        "arguments": [], "targetCapability": "AdaptiveExecution"}, "metadata": null,
        "sessionId": "00000000-0000-0000-0000-000000000001", "status": "Waiting",
        "jobType": "QuantumComputing", "outputDataFormat": "honeywell.qir.v1", "outputDataUri":
        "https://mystorage.blob.core.windows.net:443/job-00000000-0000-0000-0000-000000000002/outputData?sv=PLACEHOLDER&sig=PLACEHOLDER&se=2050-01-01T00%3A00%3A00Z&srt=co&ss=b&sp=racwl",
        "beginExecutionTime": null, "cancellationTime": null, "quantumComputingData":
        null, "errorData": null, "isCancelling": false, "tags": [], "name": "Job 1",
        "id": "00000000-0000-0000-0000-000000000002", "providerId": "microsoft.test",
        "target": "echo-quantinuum", "creationTime": "2024-04-16T15:27:25.0353041+00:00",
        "endExecutionTime": null, "costEstimate": null, "itemType": "Job"}'
    headers:
      connection:
      - keep-alive
      content-length:
      - '1169'
      content-type:
      - application/json; charset=utf-8
      transfer-encoding:
      - chunked
    status:
      code: 200
      message: OK
- request:
    body: client_id=PLACEHOLDER&grant_type=client_credentials&client_info=1&client_secret=PLACEHOLDER&scope=https%3A%2F%2Fquantum.microsoft.com%2F.default
    headers:
      Accept:
      - application/json
      Accept-Encoding:
      - gzip, deflate
      Connection:
      - keep-alive
      Content-Length:
      - '144'
      Content-Type:
      - application/x-www-form-urlencoded
      User-Agent:
      - azsdk-python-identity/1.15.0 Python/3.9.19 (Windows-10-10.0.22631-SP0)
      x-client-current-telemetry:
      - 4|730,2|
      x-client-os:
      - win32
      x-client-sku:
      - MSAL.Python
      x-client-ver:
      - 1.28.0
    method: POST
    uri: https://login.microsoftonline.com/00000000-0000-0000-0000-000000000000/oauth2/v2.0/token
  response:
    body:
      string: '{"token_type": "Bearer", "expires_in": 1744817246, "ext_expires_in":
        1744817246, "refresh_in": 31536000, "access_token": "PLACEHOLDER"}'
    headers:
      content-length:
      - '135'
      content-type:
      - application/json; charset=utf-8
    status:
      code: 200
      message: OK
- request:
    body: 'b''{"containerName": "job-00000000-0000-0000-0000-000000000003"}'''
    headers:
      Accept:
      - application/json
      Accept-Encoding:
      - gzip, deflate
      Connection:
      - keep-alive
      Content-Length:
      - '64'
      Content-Type:
      - application/json
      User-Agent:
      - azsdk-python-quantum/0.0.1 Python/3.9.19 (Windows-10-10.0.22631-SP0)
    method: POST
    uri: https://eastus.quantum.azure.com/subscriptions/00000000-0000-0000-0000-000000000000/resourceGroups/myresourcegroup/providers/Microsoft.Quantum/workspaces/myworkspace/storage/sasUri?api-version=2022-09-12-preview&test-sequence-id=2
  response:
    body:
      string: '{"sasUri": "https://mystorage.blob.core.windows.net/job-00000000-0000-0000-0000-000000000003?sv=PLACEHOLDER&sig=PLACEHOLDER&se=2050-01-01T00%3A00%3A00Z&srt=co&ss=b&sp=racwl"}'
    headers:
      connection:
      - keep-alive
      content-length:
      - '174'
      content-type:
      - application/json; charset=utf-8
      transfer-encoding:
      - chunked
    status:
      code: 200
      message: OK
- request:
    body: null
    headers:
      Accept:
      - application/xml
      Accept-Encoding:
      - gzip, deflate
      Connection:
      - keep-alive
      User-Agent:
      - azsdk-python-storage-blob/12.19.1 Python/3.9.19 (Windows-10-10.0.22631-SP0)
      x-ms-date:
      - Tue, 16 Apr 2024 15:27:27 GMT
      x-ms-version:
      - '2023-11-03'
    method: GET
    uri: https://mystorage.blob.core.windows.net/job-00000000-0000-0000-0000-000000000003?restype=container&sv=PLACEHOLDER&sig=PLACEHOLDER&se=2050-01-01T00%3A00%3A00Z&srt=co&ss=b&sp=racwl
  response:
    body:
      string: "\uFEFF<?xml version=\"1.0\" encoding=\"utf-8\"?><Error><Code>ContainerNotFound</Code><Message>The
        specified container does not exist.\nRequestId:405c69fb-a01e-0058-1b12-90f49f000000\nTime:2024-04-16T15:27:27.8053219Z</Message></Error>"
    headers:
      content-length:
      - '223'
      content-type:
      - application/xml
      x-ms-version:
      - '2023-11-03'
    status:
      code: 404
      message: The specified container does not exist.
- request:
    body: null
    headers:
      Accept:
      - application/xml
      Accept-Encoding:
      - gzip, deflate
      Connection:
      - keep-alive
      Content-Length:
      - '0'
      User-Agent:
      - azsdk-python-storage-blob/12.19.1 Python/3.9.19 (Windows-10-10.0.22631-SP0)
      x-ms-date:
      - Tue, 16 Apr 2024 15:27:27 GMT
      x-ms-version:
      - '2023-11-03'
    method: PUT
    uri: https://mystorage.blob.core.windows.net/job-00000000-0000-0000-0000-000000000003?restype=container&sv=PLACEHOLDER&sig=PLACEHOLDER&se=2050-01-01T00%3A00%3A00Z&srt=co&ss=b&sp=racwl
  response:
    body:
      string: ''
    headers:
      content-length:
      - '0'
      x-ms-version:
      - '2023-11-03'
    status:
      code: 201
      message: Created
- request:
    body: null
    headers:
      Accept:
      - application/xml
      Accept-Encoding:
      - gzip, deflate
      Connection:
      - keep-alive
      User-Agent:
      - azsdk-python-storage-blob/12.19.1 Python/3.9.19 (Windows-10-10.0.22631-SP0)
      x-ms-date:
      - Tue, 16 Apr 2024 15:27:28 GMT
      x-ms-version:
      - '2023-11-03'
    method: GET
    uri: https://mystorage.blob.core.windows.net/job-00000000-0000-0000-0000-000000000003?restype=container&sv=PLACEHOLDER&sig=PLACEHOLDER&se=2050-01-01T00%3A00%3A00Z&srt=co&ss=b&sp=racwl
  response:
    body:
      string: ''
    headers:
      content-length:
      - '0'
      x-ms-lease-state:
      - available
      x-ms-lease-status:
      - unlocked
      x-ms-version:
      - '2023-11-03'
    status:
      code: 200
      message: OK
- request:
    body: 'b''%Result = type opaque\n%Qubit = type opaque\n\ndefine void @ENTRYPOINT__main()
      #0 {\n  call void @__quantum__qis__h__body(%Qubit* inttoptr (i64 0 to %Qubit*))\n  call
      void @__quantum__qis__cx__body(%Qubit* inttoptr (i64 0 to %Qubit*), %Qubit*
      inttoptr (i64 1 to %Qubit*))\n  call void @__quantum__qis__h__body(%Qubit* inttoptr
      (i64 2 to %Qubit*))\n  call void @__quantum__qis__cz__body(%Qubit* inttoptr
      (i64 2 to %Qubit*), %Qubit* inttoptr (i64 0 to %Qubit*))\n  call void @__quantum__qis__h__body(%Qubit*
      inttoptr (i64 2 to %Qubit*))\n  call void @__quantum__qis__h__body(%Qubit* inttoptr
      (i64 3 to %Qubit*))\n  call void @__quantum__qis__cz__body(%Qubit* inttoptr
      (i64 3 to %Qubit*), %Qubit* inttoptr (i64 1 to %Qubit*))\n  call void @__quantum__qis__h__body(%Qubit*
      inttoptr (i64 3 to %Qubit*))\n  call void @__quantum__qis__mz__body(%Qubit*
      inttoptr (i64 2 to %Qubit*), %Result* inttoptr (i64 0 to %Result*)) #1\n  call
      void @__quantum__qis__mz__body(%Qubit* inttoptr (i64 3 to %Qubit*), %Result*
      inttoptr (i64 1 to %Result*)) #1\n  call void @__quantum__rt__tuple_record_output(i64
      2, i8* null)\n  call void @__quantum__rt__result_record_output(%Result* inttoptr
      (i64 0 to %Result*), i8* null)\n  call void @__quantum__rt__result_record_output(%Result*
      inttoptr (i64 1 to %Result*), i8* null)\n  ret void\n}\n\ndeclare void @__quantum__qis__ccx__body(%Qubit*,
      %Qubit*, %Qubit*)\ndeclare void @__quantum__qis__cx__body(%Qubit*, %Qubit*)\ndeclare
      void @__quantum__qis__cy__body(%Qubit*, %Qubit*)\ndeclare void @__quantum__qis__cz__body(%Qubit*,
      %Qubit*)\ndeclare void @__quantum__qis__rx__body(double, %Qubit*)\ndeclare void
      @__quantum__qis__rxx__body(double, %Qubit*, %Qubit*)\ndeclare void @__quantum__qis__ry__body(double,
      %Qubit*)\ndeclare void @__quantum__qis__ryy__body(double, %Qubit*, %Qubit*)\ndeclare
      void @__quantum__qis__rz__body(double, %Qubit*)\ndeclare void @__quantum__qis__rzz__body(double,
      %Qubit*, %Qubit*)\ndeclare void @__quantum__qis__h__body(%Qubit*)\ndeclare void
      @__quantum__qis__s__body(%Qubit*)\ndeclare void @__quantum__qis__s__adj(%Qubit*)\ndeclare
      void @__quantum__qis__t__body(%Qubit*)\ndeclare void @__quantum__qis__t__adj(%Qubit*)\ndeclare
      void @__quantum__qis__x__body(%Qubit*)\ndeclare void @__quantum__qis__y__body(%Qubit*)\ndeclare
      void @__quantum__qis__z__body(%Qubit*)\ndeclare void @__quantum__qis__swap__body(%Qubit*,
      %Qubit*)\ndeclare void @__quantum__qis__mz__body(%Qubit*, %Result* writeonly)
      #1\ndeclare void @__quantum__rt__result_record_output(%Result*, i8*)\ndeclare
      void @__quantum__rt__array_record_output(i64, i8*)\ndeclare void @__quantum__rt__tuple_record_output(i64,
      i8*)\n\nattributes #0 = { "entry_point" "output_labeling_schema" "qir_profiles"="base_profile"
      "required_num_qubits"="4" "required_num_results"="2" }\nattributes #1 = { "irreversible"
      }\n\n; module flags\n\n!llvm.module.flags = !{!0, !1, !2, !3}\n\n!0 = !{i32
      1, !"qir_major_version", i32 1}\n!1 = !{i32 7, !"qir_minor_version", i32 0}\n!2
      = !{i32 1, !"dynamic_qubit_management", i1 false}\n!3 = !{i32 1, !"dynamic_result_management",
      i1 false}\n'''
    headers:
      Accept:
      - application/xml
      Accept-Encoding:
      - gzip, deflate
      Connection:
      - keep-alive
      Content-Length:
      - '3073'
      Content-Type:
      - application/octet-stream
      User-Agent:
      - azsdk-python-storage-blob/12.19.1 Python/3.9.19 (Windows-10-10.0.22631-SP0)
      x-ms-blob-type:
      - BlockBlob
      x-ms-date:
      - Tue, 16 Apr 2024 15:27:28 GMT
      x-ms-version:
      - '2023-11-03'
    method: PUT
    uri: https://mystorage.blob.core.windows.net/job-00000000-0000-0000-0000-000000000003/inputData?sv=PLACEHOLDER&sig=PLACEHOLDER&se=2050-01-01T00%3A00%3A00Z&srt=co&ss=b&sp=racwl
  response:
    body:
      string: ''
    headers:
      content-length:
      - '0'
      x-ms-version:
      - '2023-11-03'
    status:
      code: 201
      message: Created
- request:
    body: 'b''{"id": "00000000-0000-0000-0000-000000000003", "name": "Job 2", "providerId":
      "microsoft.test", "target": "echo-quantinuum", "itemType": "Job", "sessionId":
      "00000000-0000-0000-0000-000000000001", "containerUri": "https://mystorage.blob.core.windows.net/job-00000000-0000-0000-0000-000000000003?sv=PLACEHOLDER&sig=PLACEHOLDER&se=2050-01-01T00%3A00%3A00Z&srt=co&ss=b&sp=racwl",
      "inputDataUri": "https://mystorage.blob.core.windows.net/job-00000000-0000-0000-0000-000000000003/inputData",
      "inputDataFormat": "qir.v1", "inputParams": {"entryPoint": "ENTRYPOINT__main",
      "arguments": [], "targetCapability": "AdaptiveExecution"}, "outputDataFormat":
      "honeywell.qir.v1"}'''
    headers:
      Accept:
      - application/json
      Accept-Encoding:
      - gzip, deflate
      Connection:
      - keep-alive
      Content-Length:
      - '667'
      Content-Type:
      - application/json
      User-Agent:
      - azsdk-python-quantum/0.0.1 Python/3.9.19 (Windows-10-10.0.22631-SP0)
    method: PUT
    uri: https://eastus.quantum.azure.com/subscriptions/00000000-0000-0000-0000-000000000000/resourceGroups/myresourcegroup/providers/Microsoft.Quantum/workspaces/myworkspace/jobs/00000000-0000-0000-0000-000000000003?api-version=2022-09-12-preview&test-sequence-id=1
  response:
    body:
      string: '{"containerUri": "https://mystorage.blob.core.windows.net/job-00000000-0000-0000-0000-000000000003?sv=PLACEHOLDER&sig=PLACEHOLDER&se=2050-01-01T00%3A00%3A00Z&srt=co&ss=b&sp=racwl",
        "inputDataUri": "https://mystorage.blob.core.windows.net/job-00000000-0000-0000-0000-000000000003/inputData?sv=PLACEHOLDER&sr=b&sig=PLACEHOLDER&se=2050-01-01T00%3A00%3A00Z&sp=rcw",
        "inputDataFormat": "qir.v1", "inputParams": {"entryPoint": "ENTRYPOINT__main",
        "arguments": [], "targetCapability": "AdaptiveExecution"}, "metadata": null,
        "sessionId": "00000000-0000-0000-0000-000000000001", "status": "Waiting",
        "jobType": "QuantumComputing", "outputDataFormat": "honeywell.qir.v1", "outputDataUri":
        "https://mystorage.blob.core.windows.net:443/job-00000000-0000-0000-0000-000000000003/outputData?sv=PLACEHOLDER&sig=PLACEHOLDER&se=2050-01-01T00%3A00%3A00Z&srt=co&ss=b&sp=racwl",
        "beginExecutionTime": null, "cancellationTime": null, "quantumComputingData":
        null, "errorData": null, "isCancelling": false, "tags": [], "name": "Job 2",
        "id": "00000000-0000-0000-0000-000000000003", "providerId": "microsoft.test",
        "target": "echo-quantinuum", "creationTime": "2024-04-16T15:27:29.1273416+00:00",
        "endExecutionTime": null, "costEstimate": null, "itemType": "Job"}'
    headers:
      connection:
      - keep-alive
      content-length:
      - '1240'
      content-type:
      - application/json; charset=utf-8
      transfer-encoding:
      - chunked
    status:
      code: 200
      message: OK
- request:
    body: null
    headers:
      Accept:
      - application/json
      Accept-Encoding:
      - gzip, deflate
      Connection:
      - keep-alive
      User-Agent:
      - azsdk-python-quantum/0.0.1 Python/3.9.19 (Windows-10-10.0.22631-SP0)
    method: GET
    uri: https://eastus.quantum.azure.com/subscriptions/00000000-0000-0000-0000-000000000000/resourceGroups/myresourcegroup/providers/Microsoft.Quantum/workspaces/myworkspace/jobs/00000000-0000-0000-0000-000000000002?api-version=2022-09-12-preview&test-sequence-id=1
  response:
    body:
      string: '{"containerUri": "https://mystorage.blob.core.windows.net/job-00000000-0000-0000-0000-000000000002?sv=PLACEHOLDER&sr=c&sig=PLACEHOLDER&se=2050-01-01T00%3A00%3A00Z&sp=rcwl",
        "inputDataUri": "https://mystorage.blob.core.windows.net/job-00000000-0000-0000-0000-000000000002/inputData?sv=PLACEHOLDER&sr=b&sig=PLACEHOLDER&se=2050-01-01T00%3A00%3A00Z&sp=r&rscd=attachment%3B%20filename%3DJob%2B1-00000000-0000-0000-0000-000000000002.input.json",
        "inputDataFormat": "qir.v1", "inputParams": {"entryPoint": "ENTRYPOINT__main",
        "arguments": [], "targetCapability": "AdaptiveExecution"}, "metadata": null,
        "sessionId": "00000000-0000-0000-0000-000000000001", "status": "Executing",
        "jobType": "QuantumComputing", "outputDataFormat": "honeywell.qir.v1", "outputDataUri":
        "https://mystorage.blob.core.windows.net/job-00000000-0000-0000-0000-000000000002/outputData?sv=PLACEHOLDER&sr=b&sig=PLACEHOLDER&se=2050-01-01T00%3A00%3A00Z&sp=r&rscd=attachment%3B%20filename%3DJob%2B1-00000000-0000-0000-0000-000000000002.output.json",
        "beginExecutionTime": "2024-04-16T15:27:28.333Z", "cancellationTime": null,
        "quantumComputingData": {"count": 1}, "errorData": null, "isCancelling": false,
        "tags": [], "name": "Job 1", "id": "00000000-0000-0000-0000-000000000002",
        "providerId": "microsoft.test", "target": "echo-quantinuum", "creationTime":
        "2024-04-16T15:27:25.0353041+00:00", "endExecutionTime": null, "costEstimate":
        null, "itemType": "Job"}'
    headers:
      connection:
      - keep-alive
      content-length:
      - '1424'
      content-type:
      - application/json; charset=utf-8
      transfer-encoding:
      - chunked
    status:
      code: 200
      message: OK
- request:
    body: null
    headers:
      Accept:
      - application/json
      Accept-Encoding:
      - gzip, deflate
      Connection:
      - keep-alive
      User-Agent:
      - azsdk-python-quantum/0.0.1 Python/3.9.19 (Windows-10-10.0.22631-SP0)
    method: GET
    uri: https://eastus.quantum.azure.com/subscriptions/00000000-0000-0000-0000-000000000000/resourceGroups/myresourcegroup/providers/Microsoft.Quantum/workspaces/myworkspace/jobs/00000000-0000-0000-0000-000000000002?api-version=2022-09-12-preview&test-sequence-id=2
  response:
    body:
      string: '{"containerUri": "https://mystorage.blob.core.windows.net/job-00000000-0000-0000-0000-000000000002?sv=PLACEHOLDER&sr=c&sig=PLACEHOLDER&se=2050-01-01T00%3A00%3A00Z&sp=rcwl",
        "inputDataUri": "https://mystorage.blob.core.windows.net/job-00000000-0000-0000-0000-000000000002/inputData?sv=PLACEHOLDER&sr=b&sig=PLACEHOLDER&se=2050-01-01T00%3A00%3A00Z&sp=r&rscd=attachment%3B%20filename%3DJob%2B1-00000000-0000-0000-0000-000000000002.input.json",
        "inputDataFormat": "qir.v1", "inputParams": {"entryPoint": "ENTRYPOINT__main",
        "arguments": [], "targetCapability": "AdaptiveExecution"}, "metadata": null,
        "sessionId": "00000000-0000-0000-0000-000000000001", "status": "Executing",
        "jobType": "QuantumComputing", "outputDataFormat": "honeywell.qir.v1", "outputDataUri":
        "https://mystorage.blob.core.windows.net/job-00000000-0000-0000-0000-000000000002/outputData?sv=PLACEHOLDER&sr=b&sig=PLACEHOLDER&se=2050-01-01T00%3A00%3A00Z&sp=r&rscd=attachment%3B%20filename%3DJob%2B1-00000000-0000-0000-0000-000000000002.output.json",
        "beginExecutionTime": "2024-04-16T15:27:28.333Z", "cancellationTime": null,
        "quantumComputingData": {"count": 1}, "errorData": null, "isCancelling": false,
        "tags": [], "name": "Job 1", "id": "00000000-0000-0000-0000-000000000002",
        "providerId": "microsoft.test", "target": "echo-quantinuum", "creationTime":
        "2024-04-16T15:27:25.0353041+00:00", "endExecutionTime": null, "costEstimate":
        null, "itemType": "Job"}'
    headers:
      connection:
      - keep-alive
      content-length:
      - '1424'
      content-type:
      - application/json; charset=utf-8
      transfer-encoding:
      - chunked
    status:
      code: 200
      message: OK
- request:
    body: null
    headers:
      Accept:
      - application/json
      Accept-Encoding:
      - gzip, deflate
      Connection:
      - keep-alive
      User-Agent:
      - azsdk-python-quantum/0.0.1 Python/3.9.19 (Windows-10-10.0.22631-SP0)
    method: GET
    uri: https://eastus.quantum.azure.com/subscriptions/00000000-0000-0000-0000-000000000000/resourceGroups/myresourcegroup/providers/Microsoft.Quantum/workspaces/myworkspace/jobs/00000000-0000-0000-0000-000000000002?api-version=2022-09-12-preview&test-sequence-id=3
  response:
    body:
      string: '{"containerUri": "https://mystorage.blob.core.windows.net/job-00000000-0000-0000-0000-000000000002?sv=PLACEHOLDER&sr=c&sig=PLACEHOLDER&se=2050-01-01T00%3A00%3A00Z&sp=rcwl",
        "inputDataUri": "https://mystorage.blob.core.windows.net/job-00000000-0000-0000-0000-000000000002/inputData?sv=PLACEHOLDER&sr=b&sig=PLACEHOLDER&se=2050-01-01T00%3A00%3A00Z&sp=r&rscd=attachment%3B%20filename%3DJob%2B1-00000000-0000-0000-0000-000000000002.input.json",
        "inputDataFormat": "qir.v1", "inputParams": {"entryPoint": "ENTRYPOINT__main",
        "arguments": [], "targetCapability": "AdaptiveExecution"}, "metadata": null,
        "sessionId": "00000000-0000-0000-0000-000000000001", "status": "Executing",
        "jobType": "QuantumComputing", "outputDataFormat": "honeywell.qir.v1", "outputDataUri":
        "https://mystorage.blob.core.windows.net/job-00000000-0000-0000-0000-000000000002/outputData?sv=PLACEHOLDER&sr=b&sig=PLACEHOLDER&se=2050-01-01T00%3A00%3A00Z&sp=r&rscd=attachment%3B%20filename%3DJob%2B1-00000000-0000-0000-0000-000000000002.output.json",
        "beginExecutionTime": "2024-04-16T15:27:28.333Z", "cancellationTime": null,
        "quantumComputingData": {"count": 1}, "errorData": null, "isCancelling": false,
        "tags": [], "name": "Job 1", "id": "00000000-0000-0000-0000-000000000002",
        "providerId": "microsoft.test", "target": "echo-quantinuum", "creationTime":
        "2024-04-16T15:27:25.0353041+00:00", "endExecutionTime": null, "costEstimate":
        null, "itemType": "Job"}'
    headers:
      connection:
      - keep-alive
      content-length:
      - '1424'
      content-type:
      - application/json; charset=utf-8
      transfer-encoding:
      - chunked
    status:
      code: 200
      message: OK
- request:
    body: null
    headers:
      Accept:
      - application/json
      Accept-Encoding:
      - gzip, deflate
      Connection:
      - keep-alive
      User-Agent:
      - azsdk-python-quantum/0.0.1 Python/3.9.19 (Windows-10-10.0.22631-SP0)
    method: GET
    uri: https://eastus.quantum.azure.com/subscriptions/00000000-0000-0000-0000-000000000000/resourceGroups/myresourcegroup/providers/Microsoft.Quantum/workspaces/myworkspace/jobs/00000000-0000-0000-0000-000000000002?api-version=2022-09-12-preview&test-sequence-id=4
  response:
    body:
      string: '{"containerUri": "https://mystorage.blob.core.windows.net/job-00000000-0000-0000-0000-000000000002?sv=PLACEHOLDER&sr=c&sig=PLACEHOLDER&se=2050-01-01T00%3A00%3A00Z&sp=rcwl",
        "inputDataUri": "https://mystorage.blob.core.windows.net/job-00000000-0000-0000-0000-000000000002/inputData?sv=PLACEHOLDER&sr=b&sig=PLACEHOLDER&se=2050-01-01T00%3A00%3A00Z&sp=r&rscd=attachment%3B%20filename%3DJob%2B1-00000000-0000-0000-0000-000000000002.input.json",
        "inputDataFormat": "qir.v1", "inputParams": {"entryPoint": "ENTRYPOINT__main",
        "arguments": [], "targetCapability": "AdaptiveExecution"}, "metadata": null,
        "sessionId": "00000000-0000-0000-0000-000000000001", "status": "Executing",
        "jobType": "QuantumComputing", "outputDataFormat": "honeywell.qir.v1", "outputDataUri":
        "https://mystorage.blob.core.windows.net/job-00000000-0000-0000-0000-000000000002/outputData?sv=PLACEHOLDER&sr=b&sig=PLACEHOLDER&se=2050-01-01T00%3A00%3A00Z&sp=r&rscd=attachment%3B%20filename%3DJob%2B1-00000000-0000-0000-0000-000000000002.output.json",
        "beginExecutionTime": "2024-04-16T15:27:28.333Z", "cancellationTime": null,
        "quantumComputingData": {"count": 1}, "errorData": null, "isCancelling": false,
        "tags": [], "name": "Job 1", "id": "00000000-0000-0000-0000-000000000002",
        "providerId": "microsoft.test", "target": "echo-quantinuum", "creationTime":
        "2024-04-16T15:27:25.0353041+00:00", "endExecutionTime": null, "costEstimate":
        null, "itemType": "Job"}'
    headers:
      connection:
      - keep-alive
      content-length:
      - '1424'
      content-type:
      - application/json; charset=utf-8
      transfer-encoding:
      - chunked
    status:
      code: 200
      message: OK
- request:
    body: null
    headers:
      Accept:
      - application/json
      Accept-Encoding:
      - gzip, deflate
      Connection:
      - keep-alive
      User-Agent:
      - azsdk-python-quantum/0.0.1 Python/3.9.19 (Windows-10-10.0.22631-SP0)
    method: GET
    uri: https://eastus.quantum.azure.com/subscriptions/00000000-0000-0000-0000-000000000000/resourceGroups/myresourcegroup/providers/Microsoft.Quantum/workspaces/myworkspace/jobs/00000000-0000-0000-0000-000000000002?api-version=2022-09-12-preview&test-sequence-id=5
  response:
    body:
      string: '{"containerUri": "https://mystorage.blob.core.windows.net/job-00000000-0000-0000-0000-000000000002?sv=PLACEHOLDER&sr=c&sig=PLACEHOLDER&se=2050-01-01T00%3A00%3A00Z&sp=rcwl",
        "inputDataUri": "https://mystorage.blob.core.windows.net/job-00000000-0000-0000-0000-000000000002/inputData?sv=PLACEHOLDER&sr=b&sig=PLACEHOLDER&se=2050-01-01T00%3A00%3A00Z&sp=r&rscd=attachment%3B%20filename%3DJob%2B1-00000000-0000-0000-0000-000000000002.input.json",
        "inputDataFormat": "qir.v1", "inputParams": {"entryPoint": "ENTRYPOINT__main",
        "arguments": [], "targetCapability": "AdaptiveExecution"}, "metadata": null,
        "sessionId": "00000000-0000-0000-0000-000000000001", "status": "Executing",
        "jobType": "QuantumComputing", "outputDataFormat": "honeywell.qir.v1", "outputDataUri":
        "https://mystorage.blob.core.windows.net/job-00000000-0000-0000-0000-000000000002/outputData?sv=PLACEHOLDER&sr=b&sig=PLACEHOLDER&se=2050-01-01T00%3A00%3A00Z&sp=r&rscd=attachment%3B%20filename%3DJob%2B1-00000000-0000-0000-0000-000000000002.output.json",
        "beginExecutionTime": "2024-04-16T15:27:28.333Z", "cancellationTime": null,
        "quantumComputingData": {"count": 1}, "errorData": null, "isCancelling": false,
        "tags": [], "name": "Job 1", "id": "00000000-0000-0000-0000-000000000002",
        "providerId": "microsoft.test", "target": "echo-quantinuum", "creationTime":
        "2024-04-16T15:27:25.0353041+00:00", "endExecutionTime": null, "costEstimate":
        null, "itemType": "Job"}'
    headers:
      connection:
      - keep-alive
      content-length:
      - '1424'
      content-type:
      - application/json; charset=utf-8
      transfer-encoding:
      - chunked
    status:
      code: 200
      message: OK
- request:
    body: null
    headers:
      Accept:
      - application/json
      Accept-Encoding:
      - gzip, deflate
      Connection:
      - keep-alive
      User-Agent:
      - azsdk-python-quantum/0.0.1 Python/3.9.19 (Windows-10-10.0.22631-SP0)
    method: GET
    uri: https://eastus.quantum.azure.com/subscriptions/00000000-0000-0000-0000-000000000000/resourceGroups/myresourcegroup/providers/Microsoft.Quantum/workspaces/myworkspace/jobs/00000000-0000-0000-0000-000000000002?api-version=2022-09-12-preview&test-sequence-id=6
  response:
    body:
      string: '{"containerUri": "https://mystorage.blob.core.windows.net/job-00000000-0000-0000-0000-000000000002?sv=PLACEHOLDER&sr=c&sig=PLACEHOLDER&se=2050-01-01T00%3A00%3A00Z&sp=rcwl",
        "inputDataUri": "https://mystorage.blob.core.windows.net/job-00000000-0000-0000-0000-000000000002/inputData?sv=PLACEHOLDER&sr=b&sig=PLACEHOLDER&se=2050-01-01T00%3A00%3A00Z&sp=r&rscd=attachment%3B%20filename%3DJob%2B1-00000000-0000-0000-0000-000000000002.input.json",
        "inputDataFormat": "qir.v1", "inputParams": {"entryPoint": "ENTRYPOINT__main",
        "arguments": [], "targetCapability": "AdaptiveExecution"}, "metadata": null,
        "sessionId": "00000000-0000-0000-0000-000000000001", "status": "Executing",
        "jobType": "QuantumComputing", "outputDataFormat": "honeywell.qir.v1", "outputDataUri":
        "https://mystorage.blob.core.windows.net/job-00000000-0000-0000-0000-000000000002/outputData?sv=PLACEHOLDER&sr=b&sig=PLACEHOLDER&se=2050-01-01T00%3A00%3A00Z&sp=r&rscd=attachment%3B%20filename%3DJob%2B1-00000000-0000-0000-0000-000000000002.output.json",
        "beginExecutionTime": "2024-04-16T15:27:28.333Z", "cancellationTime": null,
        "quantumComputingData": {"count": 1}, "errorData": null, "isCancelling": false,
        "tags": [], "name": "Job 1", "id": "00000000-0000-0000-0000-000000000002",
        "providerId": "microsoft.test", "target": "echo-quantinuum", "creationTime":
        "2024-04-16T15:27:25.0353041+00:00", "endExecutionTime": null, "costEstimate":
        null, "itemType": "Job"}'
    headers:
      connection:
      - keep-alive
      content-length:
      - '1424'
      content-type:
      - application/json; charset=utf-8
      transfer-encoding:
      - chunked
    status:
      code: 200
      message: OK
- request:
    body: null
    headers:
      Accept:
      - application/json
      Accept-Encoding:
      - gzip, deflate
      Connection:
      - keep-alive
      User-Agent:
      - azsdk-python-quantum/0.0.1 Python/3.9.19 (Windows-10-10.0.22631-SP0)
    method: GET
    uri: https://eastus.quantum.azure.com/subscriptions/00000000-0000-0000-0000-000000000000/resourceGroups/myresourcegroup/providers/Microsoft.Quantum/workspaces/myworkspace/jobs/00000000-0000-0000-0000-000000000002?api-version=2022-09-12-preview&test-sequence-id=7
  response:
    body:
      string: '{"containerUri": "https://mystorage.blob.core.windows.net/job-00000000-0000-0000-0000-000000000002?sv=PLACEHOLDER&sr=c&sig=PLACEHOLDER&se=2050-01-01T00%3A00%3A00Z&sp=rcwl",
        "inputDataUri": "https://mystorage.blob.core.windows.net/job-00000000-0000-0000-0000-000000000002/inputData?sv=PLACEHOLDER&sr=b&sig=PLACEHOLDER&se=2050-01-01T00%3A00%3A00Z&sp=r&rscd=attachment%3B%20filename%3DJob%2B1-00000000-0000-0000-0000-000000000002.input.json",
        "inputDataFormat": "qir.v1", "inputParams": {"entryPoint": "ENTRYPOINT__main",
        "arguments": [], "targetCapability": "AdaptiveExecution"}, "metadata": null,
        "sessionId": "00000000-0000-0000-0000-000000000001", "status": "Executing",
        "jobType": "QuantumComputing", "outputDataFormat": "honeywell.qir.v1", "outputDataUri":
        "https://mystorage.blob.core.windows.net/job-00000000-0000-0000-0000-000000000002/outputData?sv=PLACEHOLDER&sr=b&sig=PLACEHOLDER&se=2050-01-01T00%3A00%3A00Z&sp=r&rscd=attachment%3B%20filename%3DJob%2B1-00000000-0000-0000-0000-000000000002.output.json",
        "beginExecutionTime": "2024-04-16T15:27:28.333Z", "cancellationTime": null,
        "quantumComputingData": {"count": 1}, "errorData": null, "isCancelling": false,
        "tags": [], "name": "Job 1", "id": "00000000-0000-0000-0000-000000000002",
        "providerId": "microsoft.test", "target": "echo-quantinuum", "creationTime":
        "2024-04-16T15:27:25.0353041+00:00", "endExecutionTime": null, "costEstimate":
        null, "itemType": "Job"}'
    headers:
      connection:
      - keep-alive
      content-length:
      - '1424'
      content-type:
      - application/json; charset=utf-8
      transfer-encoding:
      - chunked
    status:
      code: 200
      message: OK
- request:
    body: null
    headers:
      Accept:
      - application/json
      Accept-Encoding:
      - gzip, deflate
      Connection:
      - keep-alive
      User-Agent:
      - azsdk-python-quantum/0.0.1 Python/3.9.19 (Windows-10-10.0.22631-SP0)
    method: GET
    uri: https://eastus.quantum.azure.com/subscriptions/00000000-0000-0000-0000-000000000000/resourceGroups/myresourcegroup/providers/Microsoft.Quantum/workspaces/myworkspace/jobs/00000000-0000-0000-0000-000000000002?api-version=2022-09-12-preview&test-sequence-id=8
  response:
    body:
      string: '{"containerUri": "https://mystorage.blob.core.windows.net/job-00000000-0000-0000-0000-000000000002?sv=PLACEHOLDER&sr=c&sig=PLACEHOLDER&se=2050-01-01T00%3A00%3A00Z&sp=rcwl",
        "inputDataUri": "https://mystorage.blob.core.windows.net/job-00000000-0000-0000-0000-000000000002/inputData?sv=PLACEHOLDER&sr=b&sig=PLACEHOLDER&se=2050-01-01T00%3A00%3A00Z&sp=r&rscd=attachment%3B%20filename%3DJob%2B1-00000000-0000-0000-0000-000000000002.input.json",
        "inputDataFormat": "qir.v1", "inputParams": {"entryPoint": "ENTRYPOINT__main",
        "arguments": [], "targetCapability": "AdaptiveExecution"}, "metadata": null,
        "sessionId": "00000000-0000-0000-0000-000000000001", "status": "Executing",
        "jobType": "QuantumComputing", "outputDataFormat": "honeywell.qir.v1", "outputDataUri":
        "https://mystorage.blob.core.windows.net/job-00000000-0000-0000-0000-000000000002/outputData?sv=PLACEHOLDER&sr=b&sig=PLACEHOLDER&se=2050-01-01T00%3A00%3A00Z&sp=r&rscd=attachment%3B%20filename%3DJob%2B1-00000000-0000-0000-0000-000000000002.output.json",
        "beginExecutionTime": "2024-04-16T15:27:28.333Z", "cancellationTime": null,
        "quantumComputingData": {"count": 1}, "errorData": null, "isCancelling": false,
        "tags": [], "name": "Job 1", "id": "00000000-0000-0000-0000-000000000002",
        "providerId": "microsoft.test", "target": "echo-quantinuum", "creationTime":
        "2024-04-16T15:27:25.0353041+00:00", "endExecutionTime": null, "costEstimate":
        null, "itemType": "Job"}'
    headers:
      connection:
      - keep-alive
      content-length:
      - '1424'
      content-type:
      - application/json; charset=utf-8
      transfer-encoding:
      - chunked
    status:
      code: 200
      message: OK
- request:
    body: null
    headers:
      Accept:
      - application/json
      Accept-Encoding:
      - gzip, deflate
      Connection:
      - keep-alive
      User-Agent:
      - azsdk-python-quantum/0.0.1 Python/3.9.19 (Windows-10-10.0.22631-SP0)
    method: GET
    uri: https://eastus.quantum.azure.com/subscriptions/00000000-0000-0000-0000-000000000000/resourceGroups/myresourcegroup/providers/Microsoft.Quantum/workspaces/myworkspace/jobs/00000000-0000-0000-0000-000000000002?api-version=2022-09-12-preview&test-sequence-id=9
  response:
    body:
      string: '{"containerUri": "https://mystorage.blob.core.windows.net/job-00000000-0000-0000-0000-000000000002?sv=PLACEHOLDER&sr=c&sig=PLACEHOLDER&se=2050-01-01T00%3A00%3A00Z&sp=rcwl",
        "inputDataUri": "https://mystorage.blob.core.windows.net/job-00000000-0000-0000-0000-000000000002/inputData?sv=PLACEHOLDER&sr=b&sig=PLACEHOLDER&se=2050-01-01T00%3A00%3A00Z&sp=r&rscd=attachment%3B%20filename%3DJob%2B1-00000000-0000-0000-0000-000000000002.input.json",
        "inputDataFormat": "qir.v1", "inputParams": {"entryPoint": "ENTRYPOINT__main",
        "arguments": [], "targetCapability": "AdaptiveExecution"}, "metadata": null,
        "sessionId": "00000000-0000-0000-0000-000000000001", "status": "Executing",
        "jobType": "QuantumComputing", "outputDataFormat": "honeywell.qir.v1", "outputDataUri":
        "https://mystorage.blob.core.windows.net/job-00000000-0000-0000-0000-000000000002/outputData?sv=PLACEHOLDER&sr=b&sig=PLACEHOLDER&se=2050-01-01T00%3A00%3A00Z&sp=r&rscd=attachment%3B%20filename%3DJob%2B1-00000000-0000-0000-0000-000000000002.output.json",
        "beginExecutionTime": "2024-04-16T15:27:28.333Z", "cancellationTime": null,
        "quantumComputingData": {"count": 1}, "errorData": null, "isCancelling": false,
        "tags": [], "name": "Job 1", "id": "00000000-0000-0000-0000-000000000002",
        "providerId": "microsoft.test", "target": "echo-quantinuum", "creationTime":
        "2024-04-16T15:27:25.0353041+00:00", "endExecutionTime": null, "costEstimate":
        null, "itemType": "Job"}'
    headers:
      connection:
      - keep-alive
      content-length:
      - '1424'
      content-type:
      - application/json; charset=utf-8
      transfer-encoding:
      - chunked
    status:
      code: 200
      message: OK
- request:
    body: null
    headers:
      Accept:
      - application/json
      Accept-Encoding:
      - gzip, deflate
      Connection:
      - keep-alive
      User-Agent:
      - azsdk-python-quantum/0.0.1 Python/3.9.19 (Windows-10-10.0.22631-SP0)
    method: GET
    uri: https://eastus.quantum.azure.com/subscriptions/00000000-0000-0000-0000-000000000000/resourceGroups/myresourcegroup/providers/Microsoft.Quantum/workspaces/myworkspace/jobs/00000000-0000-0000-0000-000000000002?api-version=2022-09-12-preview&test-sequence-id=10
  response:
    body:
      string: '{"containerUri": "https://mystorage.blob.core.windows.net/job-00000000-0000-0000-0000-000000000002?sv=PLACEHOLDER&sr=c&sig=PLACEHOLDER&se=2050-01-01T00%3A00%3A00Z&sp=rcwl",
        "inputDataUri": "https://mystorage.blob.core.windows.net/job-00000000-0000-0000-0000-000000000002/inputData?sv=PLACEHOLDER&sr=b&sig=PLACEHOLDER&se=2050-01-01T00%3A00%3A00Z&sp=r&rscd=attachment%3B%20filename%3DJob%2B1-00000000-0000-0000-0000-000000000002.input.json",
        "inputDataFormat": "qir.v1", "inputParams": {"entryPoint": "ENTRYPOINT__main",
        "arguments": [], "targetCapability": "AdaptiveExecution"}, "metadata": null,
        "sessionId": "00000000-0000-0000-0000-000000000001", "status": "Executing",
        "jobType": "QuantumComputing", "outputDataFormat": "honeywell.qir.v1", "outputDataUri":
        "https://mystorage.blob.core.windows.net/job-00000000-0000-0000-0000-000000000002/outputData?sv=PLACEHOLDER&sr=b&sig=PLACEHOLDER&se=2050-01-01T00%3A00%3A00Z&sp=r&rscd=attachment%3B%20filename%3DJob%2B1-00000000-0000-0000-0000-000000000002.output.json",
        "beginExecutionTime": "2024-04-16T15:27:28.333Z", "cancellationTime": null,
        "quantumComputingData": {"count": 1}, "errorData": null, "isCancelling": false,
        "tags": [], "name": "Job 1", "id": "00000000-0000-0000-0000-000000000002",
        "providerId": "microsoft.test", "target": "echo-quantinuum", "creationTime":
        "2024-04-16T15:27:25.0353041+00:00", "endExecutionTime": null, "costEstimate":
        null, "itemType": "Job"}'
    headers:
      connection:
      - keep-alive
      content-length:
      - '1424'
      content-type:
      - application/json; charset=utf-8
      transfer-encoding:
      - chunked
    status:
      code: 200
      message: OK
- request:
    body: null
    headers:
      Accept:
      - application/json
      Accept-Encoding:
      - gzip, deflate
      Connection:
      - keep-alive
      User-Agent:
      - azsdk-python-quantum/0.0.1 Python/3.9.19 (Windows-10-10.0.22631-SP0)
    method: GET
    uri: https://eastus.quantum.azure.com/subscriptions/00000000-0000-0000-0000-000000000000/resourceGroups/myresourcegroup/providers/Microsoft.Quantum/workspaces/myworkspace/jobs/00000000-0000-0000-0000-000000000002?api-version=2022-09-12-preview&test-sequence-id=11
  response:
    body:
      string: '{"containerUri": "https://mystorage.blob.core.windows.net/job-00000000-0000-0000-0000-000000000002?sv=PLACEHOLDER&sr=c&sig=PLACEHOLDER&se=2050-01-01T00%3A00%3A00Z&sp=rcwl",
        "inputDataUri": "https://mystorage.blob.core.windows.net/job-00000000-0000-0000-0000-000000000002/inputData?sv=PLACEHOLDER&sr=b&sig=PLACEHOLDER&se=2050-01-01T00%3A00%3A00Z&sp=r&rscd=attachment%3B%20filename%3DJob%2B1-00000000-0000-0000-0000-000000000002.input.json",
        "inputDataFormat": "qir.v1", "inputParams": {"entryPoint": "ENTRYPOINT__main",
        "arguments": [], "targetCapability": "AdaptiveExecution"}, "metadata": null,
        "sessionId": "00000000-0000-0000-0000-000000000001", "status": "Succeeded",
        "jobType": "QuantumComputing", "outputDataFormat": "honeywell.qir.v1", "outputDataUri":
        "https://mystorage.blob.core.windows.net/job-00000000-0000-0000-0000-000000000002/rawOutputData?sv=PLACEHOLDER&sr=b&sig=PLACEHOLDER&se=2050-01-01T00%3A00%3A00Z&sp=r&rscd=attachment%3B%20filename%3DJob%2B1-00000000-0000-0000-0000-000000000002.output.json",
        "beginExecutionTime": "2024-04-16T15:27:28.333Z", "cancellationTime": null,
        "quantumComputingData": {"count": 1}, "errorData": null, "isCancelling": false,
        "tags": [], "name": "Job 1", "id": "00000000-0000-0000-0000-000000000002",
        "providerId": "microsoft.test", "target": "echo-quantinuum", "creationTime":
        "2024-04-16T15:27:25.0353041+00:00", "endExecutionTime": "2024-04-16T15:27:50.325Z",
        "costEstimate": null, "itemType": "Job"}'
    headers:
      connection:
      - keep-alive
      content-length:
      - '1449'
      content-type:
      - application/json; charset=utf-8
      transfer-encoding:
      - chunked
    status:
      code: 200
      message: OK
- request:
    body: null
    headers:
      Accept:
      - application/json
      Accept-Encoding:
      - gzip, deflate
      Connection:
      - keep-alive
      User-Agent:
      - azsdk-python-quantum/0.0.1 Python/3.9.19 (Windows-10-10.0.22631-SP0)
    method: GET
    uri: https://eastus.quantum.azure.com/subscriptions/00000000-0000-0000-0000-000000000000/resourceGroups/myresourcegroup/providers/Microsoft.Quantum/workspaces/myworkspace/sessions/00000000-0000-0000-0000-000000000001?api-version=2022-09-12-preview&test-sequence-id=1
  response:
    body:
      string: '{"status": "Executing", "jobFailurePolicy": "Abort", "name": "session-00000000-0000-0000-0000-000000000001",
        "id": "00000000-0000-0000-0000-000000000001", "providerId": "microsoft.test",
        "target": "echo-quantinuum", "creationTime": "2024-04-16T15:27:20.8978189Z",
        "endExecutionTime": null, "costEstimate": null, "itemType": "Session"}'
    headers:
      connection:
      - keep-alive
      content-length:
      - '334'
      content-type:
      - application/json; charset=utf-8
      transfer-encoding:
      - chunked
    status:
      code: 200
      message: OK
- request:
    body: null
    headers:
      Accept:
      - application/json
      Accept-Encoding:
      - gzip, deflate
      Connection:
      - keep-alive
      Content-Length:
      - '0'
      User-Agent:
      - azsdk-python-quantum/0.0.1 Python/3.9.19 (Windows-10-10.0.22631-SP0)
    method: POST
    uri: https://eastus.quantum.azure.com/subscriptions/00000000-0000-0000-0000-000000000000/resourceGroups/myresourcegroup/providers/Microsoft.Quantum/workspaces/myworkspace/sessions/00000000-0000-0000-0000-000000000001:close?api-version=2022-09-12-preview&test-sequence-id=1
  response:
    body:
      string: '{"status": "Succeeded", "jobFailurePolicy": "Abort", "name": "session-00000000-0000-0000-0000-000000000001",
        "id": "00000000-0000-0000-0000-000000000001", "providerId": "microsoft.test",
        "target": "echo-quantinuum", "creationTime": "2024-04-16T15:27:20.8978189Z",
        "endExecutionTime": "2024-04-16T15:27:54.8490371Z", "costEstimate": null,
        "itemType": "Session"}'
    headers:
      connection:
      - keep-alive
      content-length:
      - '360'
      content-type:
      - application/json; charset=utf-8
      transfer-encoding:
      - chunked
    status:
      code: 200
      message: OK
- request:
    body: client_id=PLACEHOLDER&grant_type=client_credentials&client_info=1&client_secret=PLACEHOLDER&scope=https%3A%2F%2Fquantum.microsoft.com%2F.default
    headers:
      Accept:
      - application/json
      Accept-Encoding:
      - gzip, deflate
      Connection:
      - keep-alive
      Content-Length:
      - '144'
      Content-Type:
      - application/x-www-form-urlencoded
      User-Agent:
      - azsdk-python-identity/1.15.0 Python/3.9.19 (Windows-10-10.0.22631-SP0)
      x-client-current-telemetry:
      - 4|730,2|
      x-client-os:
      - win32
      x-client-sku:
      - MSAL.Python
      x-client-ver:
      - 1.28.0
    method: POST
    uri: https://login.microsoftonline.com/00000000-0000-0000-0000-000000000000/oauth2/v2.0/token
  response:
    body:
      string: '{"token_type": "Bearer", "expires_in": 1744817275, "ext_expires_in":
        1744817275, "refresh_in": 31536000, "access_token": "PLACEHOLDER"}'
    headers:
      content-length:
      - '135'
      content-type:
      - application/json; charset=utf-8
    status:
      code: 200
      message: OK
- request:
    body: null
    headers:
      Accept:
      - application/json
      Accept-Encoding:
      - gzip, deflate
      Connection:
      - keep-alive
      User-Agent:
      - testapp azsdk-python-quantum/0.0.1 Python/3.9.19 (Windows-10-10.0.22631-SP0)
    method: GET
    uri: https://eastus.quantum.azure.com/subscriptions/00000000-0000-0000-0000-000000000000/resourceGroups/myresourcegroup/providers/Microsoft.Quantum/workspaces/myworkspace/sessions/00000000-0000-0000-0000-000000000001?api-version=2022-09-12-preview&test-sequence-id=2
  response:
    body:
      string: '{"status": "Succeeded", "jobFailurePolicy": "Abort", "name": "session-00000000-0000-0000-0000-000000000001",
        "id": "00000000-0000-0000-0000-000000000001", "providerId": "microsoft.test",
        "target": "echo-quantinuum", "creationTime": "2024-04-16T15:27:20.8978189Z",
        "endExecutionTime": "2024-04-16T15:27:54.8490371Z", "costEstimate": null,
        "itemType": "Session"}'
    headers:
      connection:
      - keep-alive
      content-length:
      - '360'
      content-type:
      - application/json; charset=utf-8
      transfer-encoding:
      - chunked
    status:
      code: 200
      message: OK
- request:
    body: null
    headers:
      Accept:
      - application/json
      Accept-Encoding:
      - gzip, deflate
      Connection:
      - keep-alive
      User-Agent:
      - testapp azsdk-python-quantum/0.0.1 Python/3.9.19 (Windows-10-10.0.22631-SP0)
    method: GET
    uri: https://eastus.quantum.azure.com/subscriptions/00000000-0000-0000-0000-000000000000/resourceGroups/myresourcegroup/providers/Microsoft.Quantum/workspaces/myworkspace/sessions/00000000-0000-0000-0000-000000000001/jobs?api-version=2022-09-12-preview&test-sequence-id=1
  response:
    body:
      string: '{"value": [{"containerUri": "https://mystorage.blob.core.windows.net/job-00000000-0000-0000-0000-000000000002?sv=PLACEHOLDER&sig=PLACEHOLDER&se=2050-01-01T00%3A00%3A00Z&srt=co&ss=b&sp=racwl",
        "inputDataUri": "https://mystorage.blob.core.windows.net/job-00000000-0000-0000-0000-000000000002/inputData?sv=PLACEHOLDER&sr=b&sig=PLACEHOLDER&se=2050-01-01T00%3A00%3A00Z&sp=rcw",
        "inputDataFormat": "qir.v1", "inputParams": {"entryPoint": "ENTRYPOINT__main",
        "arguments": [], "targetCapability": "AdaptiveExecution"}, "metadata": null,
        "sessionId": "00000000-0000-0000-0000-000000000001", "status": "Succeeded",
        "jobType": "QuantumComputing", "outputDataFormat": "honeywell.qir.v1", "outputDataUri":
        "https://mystorage.blob.core.windows.net:443/job-00000000-0000-0000-0000-000000000002/rawOutputData?sv=PLACEHOLDER&sig=PLACEHOLDER&se=2050-01-01T00%3A00%3A00Z&srt=co&ss=b&sp=racwl",
        "beginExecutionTime": "2024-04-16T15:27:28.333Z", "cancellationTime": null,
        "quantumComputingData": {"count": 1}, "errorData": null, "isCancelling": false,
        "tags": [], "name": "Job 1", "id": "00000000-0000-0000-0000-000000000002",
        "providerId": "microsoft.test", "target": "echo-quantinuum", "creationTime":
        "2024-04-16T15:27:25.0353041Z", "endExecutionTime": "2024-04-16T15:27:50.325Z",
        "costEstimate": null, "itemType": "Job"}, {"containerUri": "https://mystorage.blob.core.windows.net/job-00000000-0000-0000-0000-000000000003?sv=PLACEHOLDER&sig=PLACEHOLDER&se=2050-01-01T00%3A00%3A00Z&srt=co&ss=b&sp=racwl",
        "inputDataUri": "https://mystorage.blob.core.windows.net/job-00000000-0000-0000-0000-000000000003/inputData?sv=PLACEHOLDER&sr=b&sig=PLACEHOLDER&se=2050-01-01T00%3A00%3A00Z&sp=rcw",
        "inputDataFormat": "qir.v1", "inputParams": {"entryPoint": "ENTRYPOINT__main",
        "arguments": [], "targetCapability": "AdaptiveExecution"}, "metadata": null,
        "sessionId": "00000000-0000-0000-0000-000000000001", "status": "Succeeded",
        "jobType": "QuantumComputing", "outputDataFormat": "honeywell.qir.v1", "outputDataUri":
        "https://mystorage.blob.core.windows.net:443/job-00000000-0000-0000-0000-000000000003/rawOutputData?sv=PLACEHOLDER&sig=PLACEHOLDER&se=2050-01-01T00%3A00%3A00Z&srt=co&ss=b&sp=racwl",
        "beginExecutionTime": "2024-04-16T15:27:31.667Z", "cancellationTime": null,
        "quantumComputingData": {"count": 1}, "errorData": null, "isCancelling": false,
        "tags": [], "name": "Job 2", "id": "00000000-0000-0000-0000-000000000003",
        "providerId": "microsoft.test", "target": "echo-quantinuum", "creationTime":
        "2024-04-16T15:27:29.1273416Z", "endExecutionTime": "2024-04-16T15:27:32.277Z",
        "costEstimate": null, "itemType": "Job"}], "nextLink": null}'
    headers:
      connection:
      - keep-alive
      content-length:
      - '2617'
      content-type:
      - application/json; charset=utf-8
      transfer-encoding:
      - chunked
    status:
      code: 200
      message: OK
- request:
    body: null
    headers:
      Accept:
      - application/json
      Accept-Encoding:
      - gzip, deflate
      Connection:
      - keep-alive
      User-Agent:
      - testapp azsdk-python-quantum/0.0.1 Python/3.9.19 (Windows-10-10.0.22631-SP0)
    method: GET
    uri: https://eastus.quantum.azure.com/subscriptions/00000000-0000-0000-0000-000000000000/resourceGroups/myresourcegroup/providers/Microsoft.Quantum/workspaces/myworkspace/jobs/00000000-0000-0000-0000-000000000002?api-version=2022-09-12-preview&test-sequence-id=12
  response:
    body:
      string: '{"containerUri": "https://mystorage.blob.core.windows.net/job-00000000-0000-0000-0000-000000000002?sv=PLACEHOLDER&sr=c&sig=PLACEHOLDER&se=2050-01-01T00%3A00%3A00Z&sp=rcwl",
        "inputDataUri": "https://mystorage.blob.core.windows.net/job-00000000-0000-0000-0000-000000000002/inputData?sv=PLACEHOLDER&sr=b&sig=PLACEHOLDER&se=2050-01-01T00%3A00%3A00Z&sp=r&rscd=attachment%3B%20filename%3DJob%2B1-00000000-0000-0000-0000-000000000002.input.json",
        "inputDataFormat": "qir.v1", "inputParams": {"entryPoint": "ENTRYPOINT__main",
        "arguments": [], "targetCapability": "AdaptiveExecution"}, "metadata": null,
        "sessionId": "00000000-0000-0000-0000-000000000001", "status": "Succeeded",
        "jobType": "QuantumComputing", "outputDataFormat": "honeywell.qir.v1", "outputDataUri":
        "https://mystorage.blob.core.windows.net/job-00000000-0000-0000-0000-000000000002/rawOutputData?sv=PLACEHOLDER&sr=b&sig=PLACEHOLDER&se=2050-01-01T00%3A00%3A00Z&sp=r&rscd=attachment%3B%20filename%3DJob%2B1-00000000-0000-0000-0000-000000000002.output.json",
        "beginExecutionTime": "2024-04-16T15:27:28.333Z", "cancellationTime": null,
        "quantumComputingData": {"count": 1}, "errorData": null, "isCancelling": false,
        "tags": [], "name": "Job 1", "id": "00000000-0000-0000-0000-000000000002",
        "providerId": "microsoft.test", "target": "echo-quantinuum", "creationTime":
        "2024-04-16T15:27:25.0353041+00:00", "endExecutionTime": "2024-04-16T15:27:50.325Z",
        "costEstimate": null, "itemType": "Job"}'
    headers:
      connection:
      - keep-alive
      content-length:
      - '1449'
      content-type:
      - application/json; charset=utf-8
      transfer-encoding:
      - chunked
    status:
      code: 200
      message: OK
- request:
    body: null
    headers:
      Accept:
      - application/json
      Accept-Encoding:
      - gzip, deflate
      Connection:
      - keep-alive
      User-Agent:
      - testapp azsdk-python-quantum/0.0.1 Python/3.9.19 (Windows-10-10.0.22631-SP0)
    method: GET
    uri: https://eastus.quantum.azure.com/subscriptions/00000000-0000-0000-0000-000000000000/resourceGroups/myresourcegroup/providers/Microsoft.Quantum/workspaces/myworkspace/jobs/00000000-0000-0000-0000-000000000003?api-version=2022-09-12-preview&test-sequence-id=1
  response:
    body:
      string: '{"containerUri": "https://mystorage.blob.core.windows.net/job-00000000-0000-0000-0000-000000000003?sv=PLACEHOLDER&sr=c&sig=PLACEHOLDER&se=2050-01-01T00%3A00%3A00Z&sp=rcwl",
        "inputDataUri": "https://mystorage.blob.core.windows.net/job-00000000-0000-0000-0000-000000000003/inputData?sv=PLACEHOLDER&sr=b&sig=PLACEHOLDER&se=2050-01-01T00%3A00%3A00Z&sp=r&rscd=attachment%3B%20filename%3DJob%2B2-00000000-0000-0000-0000-000000000003.input.json",
        "inputDataFormat": "qir.v1", "inputParams": {"entryPoint": "ENTRYPOINT__main",
        "arguments": [], "targetCapability": "AdaptiveExecution"}, "metadata": null,
        "sessionId": "00000000-0000-0000-0000-000000000001", "status": "Succeeded",
        "jobType": "QuantumComputing", "outputDataFormat": "honeywell.qir.v1", "outputDataUri":
        "https://mystorage.blob.core.windows.net/job-00000000-0000-0000-0000-000000000003/rawOutputData?sv=PLACEHOLDER&sr=b&sig=PLACEHOLDER&se=2050-01-01T00%3A00%3A00Z&sp=r&rscd=attachment%3B%20filename%3DJob%2B2-00000000-0000-0000-0000-000000000003.output.json",
        "beginExecutionTime": "2024-04-16T15:27:31.667Z", "cancellationTime": null,
        "quantumComputingData": {"count": 1}, "errorData": null, "isCancelling": false,
        "tags": [], "name": "Job 2", "id": "00000000-0000-0000-0000-000000000003",
        "providerId": "microsoft.test", "target": "echo-quantinuum", "creationTime":
        "2024-04-16T15:27:29.1273416+00:00", "endExecutionTime": "2024-04-16T15:27:32.277Z",
        "costEstimate": null, "itemType": "Job"}'
    headers:
      connection:
      - keep-alive
      content-length:
      - '1449'
      content-type:
      - application/json; charset=utf-8
      transfer-encoding:
      - chunked
    status:
      code: 200
      message: OK
- request:
    body: null
    headers:
      Accept:
      - application/json
      Accept-Encoding:
      - gzip, deflate
      Connection:
      - keep-alive
      User-Agent:
      - testapp azsdk-python-quantum/0.0.1 Python/3.9.19 (Windows-10-10.0.22631-SP0)
    method: GET
    uri: https://eastus.quantum.azure.com/subscriptions/00000000-0000-0000-0000-000000000000/resourceGroups/myresourcegroup/providers/Microsoft.Quantum/workspaces/myworkspace/sessions/00000000-0000-0000-0000-000000000001?api-version=2022-09-12-preview&test-sequence-id=3
  response:
    body:
      string: '{"status": "Succeeded", "jobFailurePolicy": "Abort", "name": "session-00000000-0000-0000-0000-000000000001",
        "id": "00000000-0000-0000-0000-000000000001", "providerId": "microsoft.test",
        "target": "echo-quantinuum", "creationTime": "2024-04-16T15:27:20.8978189Z",
        "endExecutionTime": "2024-04-16T15:27:54.8490371Z", "costEstimate": null,
        "itemType": "Session"}'
    headers:
      connection:
      - keep-alive
      content-length:
      - '360'
      content-type:
      - application/json; charset=utf-8
      transfer-encoding:
      - chunked
    status:
      code: 200
      message: OK
version: 1
