interactions:
- request:
    body: client_id=PLACEHOLDER&grant_type=client_credentials&client_info=1&client_secret=PLACEHOLDER&claims=PLACEHOLDER&scope=https%3A%2F%2Fquantum.microsoft.com%2F.default
    headers:
      Accept:
      - application/json
      Accept-Encoding:
      - gzip, deflate, br
      Connection:
      - keep-alive
      Content-Length:
      - '293'
      Content-Type:
      - application/x-www-form-urlencoded
      User-Agent:
      - azsdk-python-identity/1.10.0 Python/3.9.13 (Windows-10-10.0.22000-SP0)
      x-client-cpu:
      - x64
      x-client-current-telemetry:
      - 4|730,0|
      x-client-os:
      - win32
      x-client-sku:
      - MSAL.Python
      x-client-ver:
      - 1.18.0
    method: POST
    uri: https://login.microsoftonline.com/00000000-0000-0000-0000-000000000000/oauth2/v2.0/token
  response:
    body:
      string: '{"token_type": "Bearer", "expires_in": 86399, "ext_expires_in": 86399,
        "refresh_in": 43199, "access_token": "fake_token"}'
    headers:
      content-length:
      - '1720'
      content-type:
      - application/json; charset=utf-8
    status:
      code: 200
      message: OK
- request:
    body: 'b''{"containerName": "job-00000000-0000-0000-0000-000000000000"}'''
    headers:
      Accept:
      - application/json
      Accept-Encoding:
      - gzip, deflate, br
      Connection:
      - keep-alive
      Content-Length:
      - '61'
      Content-Type:
      - application/json
      User-Agent:
      - testapp azsdk-python-quantum/0.0.0.1 Python/3.9.13 (Windows-10-10.0.22000-SP0)
    method: POST
    uri: https://eastus.quantum.azure.com/v1.0/subscriptions/00000000-0000-0000-0000-000000000000/resourceGroups/myresourcegroup/providers/Microsoft.Quantum/workspaces/myworkspace/storage/sasUri
  response:
    body:
      string: '{"sasUri": "https://mystorage.blob.core.windows.net/job-00000000-0000-0000-0000-000000000000?sv=PLACEHOLDER&sig=PLACEHOLDER&se=PLACEHOLDER&srt=co&ss=b&sp=racw",
        "access_token": "fake_token"}'
    headers:
      content-length:
      - '159'
      content-type:
      - application/json; charset=utf-8
      transfer-encoding:
      - chunked
    status:
      code: 200
      message: OK
- request:
    body: null
    headers:
      Accept:
      - application/xml
      Accept-Encoding:
      - gzip, deflate, br
      Connection:
      - keep-alive
      User-Agent:
      - azsdk-python-storage-blob/12.11.0 Python/3.9.13 (Windows-10-10.0.22000-SP0)
      x-ms-date:
      - Fri, 16 Sep 2022 16:48:55 GMT
      x-ms-version:
      - '2021-04-10'
    method: GET
    uri: https://mystorage.blob.core.windows.net/job-00000000-0000-0000-0000-000000000000?restype=container&sv=PLACEHOLDER&sig=PLACEHOLDER&se=PLACEHOLDER&srt=co&ss=b&sp=racw
  response:
    body:
      string: "\uFEFF<?xml version=\"1.0\" encoding=\"utf-8\"?><Error><Code>ContainerNotFound</Code><Message>The
        specified container does not exist.\nRequestId:6e5fcf1a-601e-0079-0aec-c94e53000000\nTime:2022-09-16T16:48:56.5506928Z</Message></Error>"
    headers:
      content-length:
      - '223'
      content-type:
      - application/xml
      x-ms-version:
      - '2021-04-10'
    status:
      code: 404
      message: The specified container does not exist.
- request:
    body: null
    headers:
      Accept:
      - application/xml
      Accept-Encoding:
      - gzip, deflate, br
      Connection:
      - keep-alive
      Content-Length:
      - '0'
      User-Agent:
      - azsdk-python-storage-blob/12.11.0 Python/3.9.13 (Windows-10-10.0.22000-SP0)
      x-ms-date:
      - Fri, 16 Sep 2022 16:48:56 GMT
      x-ms-version:
      - '2021-04-10'
    method: PUT
    uri: https://mystorage.blob.core.windows.net/job-00000000-0000-0000-0000-000000000000?restype=container&sv=PLACEHOLDER&sig=PLACEHOLDER&se=PLACEHOLDER&srt=co&ss=b&sp=racw
  response:
    body:
      string: ''
    headers:
      content-length:
      - '0'
      x-ms-version:
      - '2021-04-10'
    status:
      code: 201
      message: Created
- request:
    body: null
    headers:
      Accept:
      - application/xml
      Accept-Encoding:
      - gzip, deflate, br
      Connection:
      - keep-alive
      User-Agent:
      - azsdk-python-storage-blob/12.11.0 Python/3.9.13 (Windows-10-10.0.22000-SP0)
      x-ms-date:
      - Fri, 16 Sep 2022 16:48:56 GMT
      x-ms-version:
      - '2021-04-10'
    method: GET
    uri: https://mystorage.blob.core.windows.net/job-00000000-0000-0000-0000-000000000000?restype=container&sv=PLACEHOLDER&sig=PLACEHOLDER&se=PLACEHOLDER&srt=co&ss=b&sp=racw
  response:
    body:
      string: ''
    headers:
      content-length:
      - '0'
      x-ms-lease-state:
      - available
      x-ms-lease-status:
      - unlocked
      x-ms-version:
      - '2021-04-10'
    status:
      code: 200
      message: OK
- request:
    body: 'b''{"qubits": 3, "circuit": [{"gate": "h", "target": 0}, {"gate": "cnot",
      "control": 0, "target": 1}, {"gate": "cnot", "control": 0, "target": 2}]}'''
    headers:
      Accept:
      - application/xml
      Accept-Encoding:
      - gzip, deflate, br
      Connection:
      - keep-alive
      Content-Length:
      - '144'
      Content-Type:
      - application/octet-stream
      User-Agent:
      - azsdk-python-storage-blob/12.11.0 Python/3.9.13 (Windows-10-10.0.22000-SP0)
      x-ms-blob-type:
      - BlockBlob
      x-ms-date:
      - Fri, 16 Sep 2022 16:48:57 GMT
      x-ms-version:
      - '2021-04-10'
    method: PUT
    uri: https://mystorage.blob.core.windows.net/job-00000000-0000-0000-0000-000000000000/inputData?sv=PLACEHOLDER&sig=PLACEHOLDER&se=PLACEHOLDER&srt=co&ss=b&sp=racw
  response:
    body:
      string: ''
    headers:
      content-length:
      - '0'
      x-ms-version:
      - '2021-04-10'
    status:
      code: 201
      message: Created
- request:
    body: 'b''{"id": "00000000-0000-0000-0000-000000000000", "name": "ionq-3ghz-job",
      "containerUri": "https://mystorage.blob.core.windows.net/job-00000000-0000-0000-0000-000000000000?sv=PLACEHOLDER&sig=PLACEHOLDER&se=PLACEHOLDER&srt=co&ss=b&sp=racw",
      "inputDataUri": "https://mystorage.blob.core.windows.net/job-00000000-0000-0000-0000-000000000000/inputData",
      "inputDataFormat": "ionq.circuit.v1", "inputParams": {}, "providerId": "IonQ",
      "target": "ionq.simulator", "outputDataFormat": "ionq.quantum-results.v1"}'''
    headers:
      Accept:
      - application/json
      Accept-Encoding:
      - gzip, deflate, br
      Connection:
      - keep-alive
      Content-Length:
      - '562'
      Content-Type:
      - application/json
      User-Agent:
      - testapp azsdk-python-quantum/0.0.0.1 Python/3.9.13 (Windows-10-10.0.22000-SP0)
    method: PUT
    uri: https://eastus.quantum.azure.com/v1.0/subscriptions/00000000-0000-0000-0000-000000000000/resourceGroups/myresourcegroup/providers/Microsoft.Quantum/workspaces/myworkspace/jobs/00000000-0000-0000-0000-000000000000
  response:
    body:
      string: '{"containerUri": "https://mystorage.blob.core.windows.net/job-00000000-0000-0000-0000-000000000000?sv=PLACEHOLDER&sig=PLACEHOLDER&se=PLACEHOLDER&srt=co&ss=b&sp=racw",
        "inputDataUri": "https://mystorage.blob.core.windows.net/job-00000000-0000-0000-0000-000000000000/inputData?sv=PLACEHOLDER&sr=b&sig=PLACEHOLDER&se=PLACEHOLDER&sp=rcw",
        "inputDataFormat": "ionq.circuit.v1", "inputParams": {}, "providerId": "ionq",
        "target": "ionq.simulator", "metadata": null, "name": "ionq-3ghz-job", "id":
        "00000000-0000-0000-0000-000000000000", "status": "Waiting", "outputDataFormat":
        "ionq.quantum-results.v1", "outputDataUri": "https://mystorage.blob.core.windows.net:443/job-00000000-0000-0000-0000-000000000000/outputData?sv=PLACEHOLDER&sig=PLACEHOLDER&se=PLACEHOLDER&srt=co&ss=b&sp=racw",
        "creationTime": "2022-09-16T16:48:57.568993+00:00", "beginExecutionTime":
        null, "endExecutionTime": null, "cancellationTime": null, "costEstimate":
        null, "errorData": null, "isCancelling": false, "tags": [], "access_token":
        "fake_token"}'
    headers:
      content-length:
      - '950'
      content-type:
      - application/json; charset=utf-8
      transfer-encoding:
      - chunked
    status:
      code: 200
      message: OK
- request:
    body: null
    headers:
      Accept:
      - application/json
      Accept-Encoding:
      - gzip, deflate, br
      Connection:
      - keep-alive
      User-Agent:
      - testapp azsdk-python-quantum/0.0.0.1 Python/3.9.13 (Windows-10-10.0.22000-SP0)
    method: GET
    uri: https://eastus.quantum.azure.com/v1.0/subscriptions/00000000-0000-0000-0000-000000000000/resourceGroups/myresourcegroup/providers/Microsoft.Quantum/workspaces/myworkspace/jobs/00000000-0000-0000-0000-000000000000
  response:
    body:
      string: '{"containerUri": "https://mystorage.blob.core.windows.net/job-00000000-0000-0000-0000-000000000000?sv=PLACEHOLDER&sig=PLACEHOLDER&se=PLACEHOLDER&srt=co&ss=b&sp=racw",
        "inputDataUri": "https://mystorage.blob.core.windows.net/job-00000000-0000-0000-0000-000000000000/inputData?sv=PLACEHOLDER&sr=b&sig=PLACEHOLDER&se=PLACEHOLDER&sp=r&rscd=attachment%3B%20filename%3Dionq-3ghz-job-00000000-0000-0000-0000-000000000000.input.json",
        "inputDataFormat": "ionq.circuit.v1", "inputParams": {}, "providerId": "ionq",
        "target": "ionq.simulator", "metadata": null, "name": "ionq-3ghz-job", "id":
        "00000000-0000-0000-0000-000000000000", "status": "Succeeded", "outputDataFormat":
        "ionq.quantum-results.v1", "outputDataUri": "https://mystorage.blob.core.windows.net/job-00000000-0000-0000-0000-000000000000/rawOutputData?sv=PLACEHOLDER&sr=b&sig=PLACEHOLDER&se=PLACEHOLDER&sp=r&rscd=attachment%3B%20filename%3Dionq-3ghz-job-00000000-0000-0000-0000-000000000000.output.json",
        "creationTime": "2022-09-16T16:48:57.568993+00:00", "beginExecutionTime":
        "2022-09-16T16:49:05.896Z", "endExecutionTime": "2022-09-16T16:49:05.924Z",
        "cancellationTime": null, "costEstimate": {"currencyCode": "USD", "events":
        [{"dimensionId": "gs1q", "dimensionName": "1Q Gate Shot", "measureUnit": "1q
        gate shot", "amountBilled": 0.0, "amountConsumed": 0.0, "unitPrice": 0.0},
        {"dimensionId": "gs2q", "dimensionName": "2Q Gate Shot", "measureUnit": "2q
        gate shot", "amountBilled": 0.0, "amountConsumed": 0.0, "unitPrice": 0.0}],
        "estimatedTotal": 0.0}, "errorData": null, "isCancelling": false, "tags":
        [], "access_token": "fake_token"}'
    headers:
      content-length:
      - '1500'
      content-type:
      - application/json; charset=utf-8
      transfer-encoding:
      - chunked
    status:
      code: 200
      message: OK
- request:
    body: null
    headers:
      Accept:
      - application/json
      Accept-Encoding:
      - gzip, deflate, br
      Connection:
      - keep-alive
      User-Agent:
      - testapp azsdk-python-quantum/0.0.0.1 Python/3.9.13 (Windows-10-10.0.22000-SP0)
    method: GET
    uri: https://eastus.quantum.azure.com/v1.0/subscriptions/00000000-0000-0000-0000-000000000000/resourceGroups/myresourcegroup/providers/Microsoft.Quantum/workspaces/myworkspace/jobs/00000000-0000-0000-0000-000000000000
  response:
    body:
      string: '{"containerUri": "https://mystorage.blob.core.windows.net/job-00000000-0000-0000-0000-000000000000?sv=PLACEHOLDER&sig=PLACEHOLDER&se=PLACEHOLDER&srt=co&ss=b&sp=racw",
        "inputDataUri": "https://mystorage.blob.core.windows.net/job-00000000-0000-0000-0000-000000000000/inputData?sv=PLACEHOLDER&sr=b&sig=PLACEHOLDER&se=PLACEHOLDER&sp=r&rscd=attachment%3B%20filename%3Dionq-3ghz-job-00000000-0000-0000-0000-000000000000.input.json",
        "inputDataFormat": "ionq.circuit.v1", "inputParams": {}, "providerId": "ionq",
        "target": "ionq.simulator", "metadata": null, "name": "ionq-3ghz-job", "id":
        "00000000-0000-0000-0000-000000000000", "status": "Succeeded", "outputDataFormat":
        "ionq.quantum-results.v1", "outputDataUri": "https://mystorage.blob.core.windows.net/job-00000000-0000-0000-0000-000000000000/rawOutputData?sv=PLACEHOLDER&sr=b&sig=PLACEHOLDER&se=PLACEHOLDER&sp=r&rscd=attachment%3B%20filename%3Dionq-3ghz-job-00000000-0000-0000-0000-000000000000.output.json",
        "creationTime": "2022-09-16T16:48:57.568993+00:00", "beginExecutionTime":
        "2022-09-16T16:49:05.896Z", "endExecutionTime": "2022-09-16T16:49:05.924Z",
        "cancellationTime": null, "costEstimate": {"currencyCode": "USD", "events":
        [{"dimensionId": "gs1q", "dimensionName": "1Q Gate Shot", "measureUnit": "1q
        gate shot", "amountBilled": 0.0, "amountConsumed": 0.0, "unitPrice": 0.0},
        {"dimensionId": "gs2q", "dimensionName": "2Q Gate Shot", "measureUnit": "2q
        gate shot", "amountBilled": 0.0, "amountConsumed": 0.0, "unitPrice": 0.0}],
        "estimatedTotal": 0.0}, "errorData": null, "isCancelling": false, "tags":
        [], "access_token": "fake_token"}'
    headers:
      content-length:
      - '1500'
      content-type:
      - application/json; charset=utf-8
      transfer-encoding:
      - chunked
    status:
      code: 200
      message: OK
- request:
    body: null
    headers:
      Accept:
      - application/xml
      Accept-Encoding:
      - gzip, deflate, br
      Connection:
      - keep-alive
      User-Agent:
      - azsdk-python-storage-blob/12.11.0 Python/3.9.13 (Windows-10-10.0.22000-SP0)
      x-ms-date:
      - Fri, 16 Sep 2022 16:49:07 GMT
      x-ms-range:
      - bytes=0-33554431
      x-ms-version:
      - '2021-04-10'
    method: GET
    uri: https://mystorage.blob.core.windows.net/job-00000000-0000-0000-0000-000000000000/rawOutputData?sv=PLACEHOLDER&sr=b&sig=PLACEHOLDER&se=PLACEHOLDER&sp=r&rscd=attachment%3B%20filename%3Dionq-3ghz-job-00000000-0000-0000-0000-000000000000.output.json
  response:
    body:
      string: '{"histogram": {"0": 0.5, "7": 0.5}, "access_token": "fake_token"}'
    headers:
      accept-ranges:
      - bytes
      content-length:
      - '31'
      content-range:
      - bytes 0-30/31
      content-type:
      - application/json
      x-ms-blob-type:
      - BlockBlob
      x-ms-creation-time:
      - Fri, 16 Sep 2022 16:49:03 GMT
      x-ms-lease-state:
      - available
      x-ms-lease-status:
      - unlocked
      x-ms-server-encrypted:
      - 'true'
      x-ms-version:
      - '2021-04-10'
    status:
      code: 206
      message: Partial Content
version: 1
