interactions:
- request:
    body: client_id=PLACEHOLDER&grant_type=client_credentials&client_assertion=PLACEHOLDER&client_info=1&client_assertion_type=PLACEHOLDER&scope=https%3A%2F%2Fquantum.microsoft.com%2F.default
    headers:
      Accept:
      - application/json
      Accept-Encoding:
      - gzip, deflate
      Connection:
      - keep-alive
      Content-Length:
      - '181'
      Content-Type:
      - application/x-www-form-urlencoded
      User-Agent:
      - azsdk-python-identity/1.16.0 Python/3.9.19 (Windows-10-10.0.22631-SP0)
      x-client-current-telemetry:
      - 4|730,2|
      x-client-os:
      - win32
      x-client-sku:
      - MSAL.Python
      x-client-ver:
      - 1.28.0
    method: POST
    uri: https://login.microsoftonline.com/00000000-0000-0000-0000-000000000000/oauth2/v2.0/token
  response:
    body:
      string: '{"token_type": "Bearer", "expires_in": 1746122702, "ext_expires_in":
        1746122702, "refresh_in": 31536000, "access_token": "PLACEHOLDER"}'
    headers:
      content-length:
      - '135'
      content-type:
      - application/json; charset=utf-8
    status:
      code: 200
      message: OK
- request:
    body: null
    headers:
      Accept:
      - application/json
      Accept-Encoding:
      - gzip, deflate
      Connection:
      - keep-alive
      User-Agent:
      - testapp-azure-quantum-qiskit azsdk-python-quantum/0.0.1 Python/3.9.19 (Windows-10-10.0.22631-SP0)
    method: GET
    uri: https://eastus.quantum.azure.com/subscriptions/00000000-0000-0000-0000-000000000000/resourceGroups/myresourcegroup/providers/Microsoft.Quantum/workspaces/myworkspace/providerStatus?api-version=2022-09-12-preview&test-sequence-id=1
  response:
    body:
      string: '{"value": [{"id": "microsoft-elements", "currentAvailability": "Available",
        "targets": [{"id": "microsoft.dft", "currentAvailability": "Available", "averageQueueTime":
        0, "statusPage": null}]}, {"id": "ionq", "currentAvailability": "Degraded",
        "targets": [{"id": "ionq.qpu", "currentAvailability": "Available", "averageQueueTime":
        501293, "statusPage": "https://status.ionq.co"}, {"id": "ionq.qpu.aria-1",
        "currentAvailability": "Unavailable", "averageQueueTime": 737920, "statusPage":
        "https://status.ionq.co"}, {"id": "ionq.qpu.aria-2", "currentAvailability":
        "Unavailable", "averageQueueTime": 0, "statusPage": "https://status.ionq.co"},
        {"id": "ionq.simulator", "currentAvailability": "Available", "averageQueueTime":
        2, "statusPage": "https://status.ionq.co"}]}, {"id": "microsoft-qc", "currentAvailability":
        "Available", "targets": [{"id": "microsoft.estimator", "currentAvailability":
        "Available", "averageQueueTime": 0, "statusPage": null}]}, {"id": "pasqal",
        "currentAvailability": "Degraded", "targets": [{"id": "pasqal.sim.emu-tn",
        "currentAvailability": "Available", "averageQueueTime": 256, "statusPage":
        "https://pasqal.com"}, {"id": "pasqal.qpu.fresnel", "currentAvailability":
        "Degraded", "averageQueueTime": 0, "statusPage": "https://pasqal.com"}]},
        {"id": "rigetti", "currentAvailability": "Degraded", "targets": [{"id": "rigetti.sim.qvm",
        "currentAvailability": "Available", "averageQueueTime": 5, "statusPage": "https://rigetti.statuspage.io/"},
        {"id": "rigetti.qpu.ankaa-2", "currentAvailability": "Degraded", "averageQueueTime":
        5, "statusPage": "https://rigetti.statuspage.io/"}]}, {"id": "qci", "currentAvailability":
        "Available", "targets": [{"id": "qci.simulator", "currentAvailability": "Available",
        "averageQueueTime": 1, "statusPage": "https://quantumcircuits.com"}, {"id":
        "qci.machine1", "currentAvailability": "Available", "averageQueueTime": 1,
        "statusPage": "https://quantumcircuits.com"}, {"id": "qci.simulator.noisy",
        "currentAvailability": "Available", "averageQueueTime": 0, "statusPage": "https://quantumcircuits.com"}]},
        {"id": "quantinuum", "currentAvailability": "Available", "targets": [{"id":
        "quantinuum.qpu.h1-1", "currentAvailability": "Available", "averageQueueTime":
        26106, "statusPage": "https://www.quantinuum.com/hardware/h1"}, {"id": "quantinuum.sim.h1-1sc",
        "currentAvailability": "Available", "averageQueueTime": 4, "statusPage": "https://www.quantinuum.com/hardware/h1"},
        {"id": "quantinuum.sim.h1-1e", "currentAvailability": "Available", "averageQueueTime":
        5, "statusPage": "https://www.quantinuum.com/hardware/h1"}, {"id": "quantinuum.qpu.h2-1",
        "currentAvailability": "Available", "averageQueueTime": 349980, "statusPage":
        "https://www.quantinuum.com/hardware/h2"}, {"id": "quantinuum.sim.h2-1sc",
        "currentAvailability": "Available", "averageQueueTime": 1, "statusPage": "https://www.quantinuum.com/hardware/h2"},
        {"id": "quantinuum.sim.h2-1e", "currentAvailability": "Available", "averageQueueTime":
        895, "statusPage": "https://www.quantinuum.com/hardware/h2"}, {"id": "quantinuum.sim.h1-1sc-preview",
        "currentAvailability": "Available", "averageQueueTime": 4, "statusPage": "https://www.quantinuum.com/hardware/h1"},
        {"id": "quantinuum.sim.h1-1e-preview", "currentAvailability": "Available",
        "averageQueueTime": 5, "statusPage": "https://www.quantinuum.com/hardware/h1"},
        {"id": "quantinuum.sim.h1-2e-preview", "currentAvailability": "Available",
        "averageQueueTime": 27901, "statusPage": "https://www.quantinuum.com/hardware/h1"},
        {"id": "quantinuum.qpu.h1-1-preview", "currentAvailability": "Available",
        "averageQueueTime": 26106, "statusPage": "https://www.quantinuum.com/hardware/h1"}]},
        {"id": "Microsoft.Test", "currentAvailability": "Available", "targets": [{"id":
        "echo-rigetti", "currentAvailability": "Available", "averageQueueTime": 1,
        "statusPage": ""}, {"id": "echo-quantinuum", "currentAvailability": "Available",
        "averageQueueTime": 1, "statusPage": ""}, {"id": "echo-qci", "currentAvailability":
        "Available", "averageQueueTime": 1, "statusPage": ""}, {"id": "echo-ionq",
        "currentAvailability": "Available", "averageQueueTime": 1, "statusPage": ""},
        {"id": "echo-aquarius", "currentAvailability": "Available", "averageQueueTime":
        1, "statusPage": ""}, {"id": "sparse-sim-rigetti", "currentAvailability":
        "Available", "averageQueueTime": 1, "statusPage": ""}, {"id": "sparse-sim-quantinuum",
        "currentAvailability": "Available", "averageQueueTime": 1, "statusPage": ""},
        {"id": "sparse-sim-qci", "currentAvailability": "Available", "averageQueueTime":
        1, "statusPage": ""}, {"id": "sparse-sim-ionq", "currentAvailability": "Available",
        "averageQueueTime": 1, "statusPage": ""}, {"id": "echo-output", "currentAvailability":
        "Available", "averageQueueTime": 1, "statusPage": ""}]}], "nextLink": null}'
    headers:
      connection:
      - keep-alive
      content-length:
      - '4772'
      content-type:
      - application/json; charset=utf-8
      transfer-encoding:
      - chunked
    status:
      code: 200
      message: OK
- request:
    body: 'b''{"id": "00000000-0000-0000-0000-000000000001", "name": "session-00000000-0000-0000-0000-000000000001",
      "providerId": "ionq", "target": "ionq.simulator", "itemType": "Session"}'''
    headers:
      Accept:
      - application/json
      Accept-Encoding:
      - gzip, deflate
      Connection:
      - keep-alive
      Content-Length:
      - '178'
      Content-Type:
      - application/json
      User-Agent:
      - testapp-azure-quantum-qiskit azsdk-python-quantum/0.0.1 Python/3.9.19 (Windows-10-10.0.22631-SP0)
    method: PUT
    uri: https://eastus.quantum.azure.com/subscriptions/00000000-0000-0000-0000-000000000000/resourceGroups/myresourcegroup/providers/Microsoft.Quantum/workspaces/myworkspace/sessions/00000000-0000-0000-0000-000000000001?api-version=2022-09-12-preview&test-sequence-id=1
  response:
    body:
      string: '{"status": "Waiting", "jobFailurePolicy": "Abort", "name": "session-00000000-0000-0000-0000-000000000001",
        "id": "00000000-0000-0000-0000-000000000001", "providerId": "ionq", "target":
        "ionq.simulator", "creationTime": "2024-05-01T18:05:04.6011743Z", "endExecutionTime":
        null, "costEstimate": null, "itemType": "Session"}'
    headers:
      connection:
      - keep-alive
      content-length:
      - '321'
      content-type:
      - application/json; charset=utf-8
      transfer-encoding:
      - chunked
    status:
      code: 200
      message: OK
- request:
    body: 'b''{"containerName": "job-00000000-0000-0000-0000-000000000002"}'''
    headers:
      Accept:
      - application/json
      Accept-Encoding:
      - gzip, deflate
      Connection:
      - keep-alive
      Content-Length:
      - '64'
      Content-Type:
      - application/json
      User-Agent:
      - testapp-azure-quantum-qiskit azsdk-python-quantum/0.0.1 Python/3.9.19 (Windows-10-10.0.22631-SP0)
    method: POST
    uri: https://eastus.quantum.azure.com/subscriptions/00000000-0000-0000-0000-000000000000/resourceGroups/myresourcegroup/providers/Microsoft.Quantum/workspaces/myworkspace/storage/sasUri?api-version=2022-09-12-preview&test-sequence-id=1
  response:
    body:
      string: '{"sasUri": "https://mystorage.blob.core.windows.net/job-00000000-0000-0000-0000-000000000002?sv=PLACEHOLDER&sig=PLACEHOLDER&se=2050-01-01T00%3A00%3A00Z&srt=co&ss=b&sp=racwl"}'
    headers:
      connection:
      - keep-alive
      content-length:
      - '174'
      content-type:
      - application/json; charset=utf-8
      transfer-encoding:
      - chunked
    status:
      code: 200
      message: OK
- request:
    body: null
    headers:
      Accept:
      - application/xml
      Accept-Encoding:
      - gzip, deflate
      Connection:
      - keep-alive
      User-Agent:
      - azsdk-python-storage-blob/12.19.1 Python/3.9.19 (Windows-10-10.0.22631-SP0)
      x-ms-date:
      - Wed, 01 May 2024 18:05:04 GMT
      x-ms-version:
      - '2023-11-03'
    method: GET
    uri: https://mystorage.blob.core.windows.net/job-00000000-0000-0000-0000-000000000002?restype=container&sv=PLACEHOLDER&sig=PLACEHOLDER&se=2050-01-01T00%3A00%3A00Z&srt=co&ss=b&sp=racwl
  response:
    body:
      string: "\uFEFF<?xml version=\"1.0\" encoding=\"utf-8\"?><Error><Code>ContainerNotFound</Code><Message>The
        specified container does not exist.\nRequestId:70e66df0-901e-0021-71f2-9b08bb000000\nTime:2024-05-01T18:05:06.0842938Z</Message></Error>"
    headers:
      content-length:
      - '223'
      content-type:
      - application/xml
      x-ms-version:
      - '2023-11-03'
    status:
      code: 404
      message: The specified container does not exist.
- request:
    body: null
    headers:
      Accept:
      - application/xml
      Accept-Encoding:
      - gzip, deflate
      Connection:
      - keep-alive
      Content-Length:
      - '0'
      User-Agent:
      - azsdk-python-storage-blob/12.19.1 Python/3.9.19 (Windows-10-10.0.22631-SP0)
      x-ms-date:
      - Wed, 01 May 2024 18:05:05 GMT
      x-ms-version:
      - '2023-11-03'
    method: PUT
    uri: https://mystorage.blob.core.windows.net/job-00000000-0000-0000-0000-000000000002?restype=container&sv=PLACEHOLDER&sig=PLACEHOLDER&se=2050-01-01T00%3A00%3A00Z&srt=co&ss=b&sp=racwl
  response:
    body:
      string: ''
    headers:
      content-length:
      - '0'
      x-ms-version:
      - '2023-11-03'
    status:
      code: 201
      message: Created
- request:
    body: null
    headers:
      Accept:
      - application/xml
      Accept-Encoding:
      - gzip, deflate
      Connection:
      - keep-alive
      User-Agent:
      - azsdk-python-storage-blob/12.19.1 Python/3.9.19 (Windows-10-10.0.22631-SP0)
      x-ms-date:
      - Wed, 01 May 2024 18:05:05 GMT
      x-ms-version:
      - '2023-11-03'
    method: GET
    uri: https://mystorage.blob.core.windows.net/job-00000000-0000-0000-0000-000000000002?restype=container&sv=PLACEHOLDER&sig=PLACEHOLDER&se=2050-01-01T00%3A00%3A00Z&srt=co&ss=b&sp=racwl
  response:
    body:
      string: ''
    headers:
      content-length:
      - '0'
      x-ms-lease-state:
      - available
      x-ms-lease-status:
      - unlocked
      x-ms-version:
      - '2023-11-03'
    status:
      code: 200
      message: OK
- request:
    body: 'b''{"gateset": "qis", "qubits": 2, "circuit": [{"gate": "h", "targets":
      [0]}, {"gate": "x", "targets": [1], "controls": [0]}]}'''
    headers:
      Accept:
      - application/xml
      Accept-Encoding:
      - gzip, deflate
      Connection:
      - keep-alive
      Content-Length:
      - '126'
      Content-Type:
      - application/octet-stream
      User-Agent:
      - azsdk-python-storage-blob/12.19.1 Python/3.9.19 (Windows-10-10.0.22631-SP0)
      x-ms-blob-type:
      - BlockBlob
      x-ms-date:
      - Wed, 01 May 2024 18:05:06 GMT
      x-ms-version:
      - '2023-11-03'
    method: PUT
    uri: https://mystorage.blob.core.windows.net/job-00000000-0000-0000-0000-000000000002/inputData?sv=PLACEHOLDER&sig=PLACEHOLDER&se=2050-01-01T00%3A00%3A00Z&srt=co&ss=b&sp=racwl
  response:
    body:
      string: ''
    headers:
      content-length:
      - '0'
      x-ms-version:
      - '2023-11-03'
    status:
      code: 201
      message: Created
- request:
    body: 'b''{"id": "00000000-0000-0000-0000-000000000002", "name": "Job 1", "providerId":
      "ionq", "target": "ionq.simulator", "itemType": "Job", "sessionId": "00000000-0000-0000-0000-000000000001",
      "containerUri": "https://mystorage.blob.core.windows.net/job-00000000-0000-0000-0000-000000000002?sv=PLACEHOLDER&sig=PLACEHOLDER&se=2050-01-01T00%3A00%3A00Z&srt=co&ss=b&sp=racwl",
      "inputDataUri": "https://mystorage.blob.core.windows.net/job-00000000-0000-0000-0000-000000000002/inputData",
      "inputDataFormat": "ionq.circuit.v1", "inputParams": {"shots": 100, "count":
      100}, "metadata": {"qiskit": "True", "name": "BellState", "num_qubits": "2",
      "metadata": "{}", "meas_map": "[0, 1]"}, "outputDataFormat": "ionq.quantum-results.v1"}'''
    headers:
      Accept:
      - application/json
      Accept-Encoding:
      - gzip, deflate
      Connection:
      - keep-alive
      Content-Length:
      - '720'
      Content-Type:
      - application/json
      User-Agent:
      - testapp-azure-quantum-qiskit azsdk-python-quantum/0.0.1 Python/3.9.19 (Windows-10-10.0.22631-SP0)
    method: PUT
    uri: https://eastus.quantum.azure.com/subscriptions/00000000-0000-0000-0000-000000000000/resourceGroups/myresourcegroup/providers/Microsoft.Quantum/workspaces/myworkspace/jobs/00000000-0000-0000-0000-000000000002?api-version=2022-09-12-preview&test-sequence-id=1
  response:
    body:
      string: '{"containerUri": "https://mystorage.blob.core.windows.net/job-00000000-0000-0000-0000-000000000002?sv=PLACEHOLDER&sig=PLACEHOLDER&se=2050-01-01T00%3A00%3A00Z&srt=co&ss=b&sp=racwl",
        "inputDataUri": "https://mystorage.blob.core.windows.net/job-00000000-0000-0000-0000-000000000002/inputData?sv=PLACEHOLDER&sr=b&sig=PLACEHOLDER&se=2050-01-01T00%3A00%3A00Z&sp=rcw",
        "inputDataFormat": "ionq.circuit.v1", "inputParams": {"shots": 100, "count":
        100}, "metadata": {"qiskit": "True", "name": "BellState", "num_qubits": "2",
        "metadata": "{}", "meas_map": "[0, 1]"}, "sessionId": "00000000-0000-0000-0000-000000000001",
        "status": "Waiting", "jobType": "QuantumComputing", "outputDataFormat": "ionq.quantum-results.v1",
        "outputDataUri": "https://mystorage.blob.core.windows.net:443/job-00000000-0000-0000-0000-000000000002/outputData?sv=PLACEHOLDER&sig=PLACEHOLDER&se=2050-01-01T00%3A00%3A00Z&srt=co&ss=b&sp=racwl",
        "beginExecutionTime": null, "cancellationTime": null, "quantumComputingData":
        null, "errorData": null, "isCancelling": false, "tags": [], "name": "Job 1",
        "id": "00000000-0000-0000-0000-000000000002", "providerId": "ionq", "target":
        "ionq.simulator", "creationTime": "2024-05-01T18:05:07.8713528+00:00", "endExecutionTime":
        null, "costEstimate": null, "itemType": "Job"}'
    headers:
      connection:
      - keep-alive
      content-length:
      - '1275'
      content-type:
      - application/json; charset=utf-8
      transfer-encoding:
      - chunked
    status:
      code: 200
      message: OK
- request:
    body: 'b''{"containerName": "job-00000000-0000-0000-0000-000000000003"}'''
    headers:
      Accept:
      - application/json
      Accept-Encoding:
      - gzip, deflate
      Connection:
      - keep-alive
      Content-Length:
      - '64'
      Content-Type:
      - application/json
      User-Agent:
      - testapp-azure-quantum-qiskit azsdk-python-quantum/0.0.1 Python/3.9.19 (Windows-10-10.0.22631-SP0)
    method: POST
    uri: https://eastus.quantum.azure.com/subscriptions/00000000-0000-0000-0000-000000000000/resourceGroups/myresourcegroup/providers/Microsoft.Quantum/workspaces/myworkspace/storage/sasUri?api-version=2022-09-12-preview&test-sequence-id=2
  response:
    body:
      string: '{"sasUri": "https://mystorage.blob.core.windows.net/job-00000000-0000-0000-0000-000000000003?sv=PLACEHOLDER&sig=PLACEHOLDER&se=2050-01-01T00%3A00%3A00Z&srt=co&ss=b&sp=racwl"}'
    headers:
      connection:
      - keep-alive
      content-length:
      - '174'
      content-type:
      - application/json; charset=utf-8
      transfer-encoding:
      - chunked
    status:
      code: 200
      message: OK
- request:
    body: null
    headers:
      Accept:
      - application/xml
      Accept-Encoding:
      - gzip, deflate
      Connection:
      - keep-alive
      User-Agent:
      - azsdk-python-storage-blob/12.19.1 Python/3.9.19 (Windows-10-10.0.22631-SP0)
      x-ms-date:
      - Wed, 01 May 2024 18:05:07 GMT
      x-ms-version:
      - '2023-11-03'
    method: GET
    uri: https://mystorage.blob.core.windows.net/job-00000000-0000-0000-0000-000000000003?restype=container&sv=PLACEHOLDER&sig=PLACEHOLDER&se=2050-01-01T00%3A00%3A00Z&srt=co&ss=b&sp=racwl
  response:
    body:
      string: "\uFEFF<?xml version=\"1.0\" encoding=\"utf-8\"?><Error><Code>ContainerNotFound</Code><Message>The
        specified container does not exist.\nRequestId:42d4a825-301e-004a-18f2-9b8f4f000000\nTime:2024-05-01T18:05:09.6701941Z</Message></Error>"
    headers:
      content-length:
      - '223'
      content-type:
      - application/xml
      x-ms-version:
      - '2023-11-03'
    status:
      code: 404
      message: The specified container does not exist.
- request:
    body: null
    headers:
      Accept:
      - application/xml
      Accept-Encoding:
      - gzip, deflate
      Connection:
      - keep-alive
      Content-Length:
      - '0'
      User-Agent:
      - azsdk-python-storage-blob/12.19.1 Python/3.9.19 (Windows-10-10.0.22631-SP0)
      x-ms-date:
      - Wed, 01 May 2024 18:05:08 GMT
      x-ms-version:
      - '2023-11-03'
    method: PUT
    uri: https://mystorage.blob.core.windows.net/job-00000000-0000-0000-0000-000000000003?restype=container&sv=PLACEHOLDER&sig=PLACEHOLDER&se=2050-01-01T00%3A00%3A00Z&srt=co&ss=b&sp=racwl
  response:
    body:
      string: ''
    headers:
      content-length:
      - '0'
      x-ms-version:
      - '2023-11-03'
    status:
      code: 201
      message: Created
- request:
    body: null
    headers:
      Accept:
      - application/xml
      Accept-Encoding:
      - gzip, deflate
      Connection:
      - keep-alive
      User-Agent:
      - azsdk-python-storage-blob/12.19.1 Python/3.9.19 (Windows-10-10.0.22631-SP0)
      x-ms-date:
      - Wed, 01 May 2024 18:05:08 GMT
      x-ms-version:
      - '2023-11-03'
    method: GET
    uri: https://mystorage.blob.core.windows.net/job-00000000-0000-0000-0000-000000000003?restype=container&sv=PLACEHOLDER&sig=PLACEHOLDER&se=2050-01-01T00%3A00%3A00Z&srt=co&ss=b&sp=racwl
  response:
    body:
      string: ''
    headers:
      content-length:
      - '0'
      x-ms-lease-state:
      - available
      x-ms-lease-status:
      - unlocked
      x-ms-version:
      - '2023-11-03'
    status:
      code: 200
      message: OK
- request:
    body: 'b''{"gateset": "qis", "qubits": 2, "circuit": [{"gate": "h", "targets":
      [0]}, {"gate": "x", "targets": [1], "controls": [0]}]}'''
    headers:
      Accept:
      - application/xml
      Accept-Encoding:
      - gzip, deflate
      Connection:
      - keep-alive
      Content-Length:
      - '126'
      Content-Type:
      - application/octet-stream
      User-Agent:
      - azsdk-python-storage-blob/12.19.1 Python/3.9.19 (Windows-10-10.0.22631-SP0)
      x-ms-blob-type:
      - BlockBlob
      x-ms-date:
      - Wed, 01 May 2024 18:05:10 GMT
      x-ms-version:
      - '2023-11-03'
    method: PUT
    uri: https://mystorage.blob.core.windows.net/job-00000000-0000-0000-0000-000000000003/inputData?sv=PLACEHOLDER&sig=PLACEHOLDER&se=2050-01-01T00%3A00%3A00Z&srt=co&ss=b&sp=racwl
  response:
    body:
      string: ''
    headers:
      content-length:
      - '0'
      x-ms-version:
      - '2023-11-03'
    status:
      code: 201
      message: Created
- request:
    body: 'b''{"id": "00000000-0000-0000-0000-000000000003", "name": "Job 2", "providerId":
      "ionq", "target": "ionq.simulator", "itemType": "Job", "sessionId": "00000000-0000-0000-0000-000000000001",
      "containerUri": "https://mystorage.blob.core.windows.net/job-00000000-0000-0000-0000-000000000003?sv=PLACEHOLDER&sig=PLACEHOLDER&se=2050-01-01T00%3A00%3A00Z&srt=co&ss=b&sp=racwl",
      "inputDataUri": "https://mystorage.blob.core.windows.net/job-00000000-0000-0000-0000-000000000003/inputData",
      "inputDataFormat": "ionq.circuit.v1", "inputParams": {"shots": 100, "count":
      100}, "metadata": {"qiskit": "True", "name": "BellState", "num_qubits": "2",
      "metadata": "{}", "meas_map": "[0, 1]"}, "outputDataFormat": "ionq.quantum-results.v1"}'''
    headers:
      Accept:
      - application/json
      Accept-Encoding:
      - gzip, deflate
      Connection:
      - keep-alive
      Content-Length:
      - '720'
      Content-Type:
      - application/json
      User-Agent:
      - testapp-azure-quantum-qiskit azsdk-python-quantum/0.0.1 Python/3.9.19 (Windows-10-10.0.22631-SP0)
    method: PUT
    uri: https://eastus.quantum.azure.com/subscriptions/00000000-0000-0000-0000-000000000000/resourceGroups/myresourcegroup/providers/Microsoft.Quantum/workspaces/myworkspace/jobs/00000000-0000-0000-0000-000000000003?api-version=2022-09-12-preview&test-sequence-id=1
  response:
    body:
      string: '{"containerUri": "https://mystorage.blob.core.windows.net/job-00000000-0000-0000-0000-000000000003?sv=PLACEHOLDER&sig=PLACEHOLDER&se=2050-01-01T00%3A00%3A00Z&srt=co&ss=b&sp=racwl",
        "inputDataUri": "https://mystorage.blob.core.windows.net/job-00000000-0000-0000-0000-000000000003/inputData?sv=PLACEHOLDER&sr=b&sig=PLACEHOLDER&se=2050-01-01T00%3A00%3A00Z&sp=rcw",
        "inputDataFormat": "ionq.circuit.v1", "inputParams": {"shots": 100, "count":
        100}, "metadata": {"qiskit": "True", "name": "BellState", "num_qubits": "2",
        "metadata": "{}", "meas_map": "[0, 1]"}, "sessionId": "00000000-0000-0000-0000-000000000001",
        "status": "Waiting", "jobType": "QuantumComputing", "outputDataFormat": "ionq.quantum-results.v1",
        "outputDataUri": "https://mystorage.blob.core.windows.net:443/job-00000000-0000-0000-0000-000000000003/outputData?sv=PLACEHOLDER&sig=PLACEHOLDER&se=2050-01-01T00%3A00%3A00Z&srt=co&ss=b&sp=racwl",
        "beginExecutionTime": null, "cancellationTime": null, "quantumComputingData":
        null, "errorData": null, "isCancelling": false, "tags": [], "name": "Job 2",
        "id": "00000000-0000-0000-0000-000000000003", "providerId": "ionq", "target":
        "ionq.simulator", "creationTime": "2024-05-01T18:05:11.9373677+00:00", "endExecutionTime":
        null, "costEstimate": null, "itemType": "Job"}'
    headers:
      connection:
      - keep-alive
      content-length:
      - '1275'
      content-type:
      - application/json; charset=utf-8
      transfer-encoding:
      - chunked
    status:
      code: 200
      message: OK
- request:
    body: null
    headers:
      Accept:
      - application/json
      Accept-Encoding:
      - gzip, deflate
      Connection:
      - keep-alive
      User-Agent:
      - testapp-azure-quantum-qiskit azsdk-python-quantum/0.0.1 Python/3.9.19 (Windows-10-10.0.22631-SP0)
    method: GET
    uri: https://eastus.quantum.azure.com/subscriptions/00000000-0000-0000-0000-000000000000/resourceGroups/myresourcegroup/providers/Microsoft.Quantum/workspaces/myworkspace/jobs/00000000-0000-0000-0000-000000000002?api-version=2022-09-12-preview&test-sequence-id=1
  response:
    body:
      string: '{"containerUri": "https://mystorage.blob.core.windows.net/job-00000000-0000-0000-0000-000000000002?sv=PLACEHOLDER&sr=c&sig=PLACEHOLDER&se=2050-01-01T00%3A00%3A00Z&sp=rcwl",
        "inputDataUri": "https://mystorage.blob.core.windows.net/job-00000000-0000-0000-0000-000000000002/inputData?sv=PLACEHOLDER&sr=b&sig=PLACEHOLDER&se=2050-01-01T00%3A00%3A00Z&sp=r&rscd=attachment%3B%20filename%3DJob%2B1-00000000-0000-0000-0000-000000000002.input.json",
        "inputDataFormat": "ionq.circuit.v1", "inputParams": {"shots": 100, "count":
        100}, "metadata": {"qiskit": "True", "name": "BellState", "num_qubits": "2",
        "metadata": "{}", "meas_map": "[0, 1]"}, "sessionId": "00000000-0000-0000-0000-000000000001",
        "status": "Waiting", "jobType": "QuantumComputing", "outputDataFormat": "ionq.quantum-results.v1",
        "outputDataUri": "https://mystorage.blob.core.windows.net/job-00000000-0000-0000-0000-000000000002/outputData?sv=PLACEHOLDER&sr=b&sig=PLACEHOLDER&se=2050-01-01T00%3A00%3A00Z&sp=r&rscd=attachment%3B%20filename%3DJob%2B1-00000000-0000-0000-0000-000000000002.output.json",
        "beginExecutionTime": null, "cancellationTime": null, "quantumComputingData":
        {"count": 1}, "errorData": null, "isCancelling": false, "tags": [], "name":
        "Job 1", "id": "00000000-0000-0000-0000-000000000002", "providerId": "ionq",
        "target": "ionq.simulator", "creationTime": "2024-05-01T18:05:07.8713528+00:00",
        "endExecutionTime": null, "costEstimate": null, "itemType": "Job"}'
    headers:
      connection:
      - keep-alive
      content-length:
      - '1435'
      content-type:
      - application/json; charset=utf-8
      transfer-encoding:
      - chunked
    status:
      code: 200
      message: OK
- request:
    body: null
    headers:
      Accept:
      - application/json
      Accept-Encoding:
      - gzip, deflate
      Connection:
      - keep-alive
      User-Agent:
      - testapp-azure-quantum-qiskit azsdk-python-quantum/0.0.1 Python/3.9.19 (Windows-10-10.0.22631-SP0)
    method: GET
    uri: https://eastus.quantum.azure.com/subscriptions/00000000-0000-0000-0000-000000000000/resourceGroups/myresourcegroup/providers/Microsoft.Quantum/workspaces/myworkspace/jobs/00000000-0000-0000-0000-000000000002?api-version=2022-09-12-preview&test-sequence-id=2
  response:
    body:
      string: '{"containerUri": "https://mystorage.blob.core.windows.net/job-00000000-0000-0000-0000-000000000002?sv=PLACEHOLDER&sr=c&sig=PLACEHOLDER&se=2050-01-01T00%3A00%3A00Z&sp=rcwl",
        "inputDataUri": "https://mystorage.blob.core.windows.net/job-00000000-0000-0000-0000-000000000002/inputData?sv=PLACEHOLDER&sr=b&sig=PLACEHOLDER&se=2050-01-01T00%3A00%3A00Z&sp=r&rscd=attachment%3B%20filename%3DJob%2B1-00000000-0000-0000-0000-000000000002.input.json",
        "inputDataFormat": "ionq.circuit.v1", "inputParams": {"shots": 100, "count":
        100}, "metadata": {"qiskit": "True", "name": "BellState", "num_qubits": "2",
        "metadata": "{}", "meas_map": "[0, 1]"}, "sessionId": "00000000-0000-0000-0000-000000000001",
        "status": "Succeeded", "jobType": "QuantumComputing", "outputDataFormat":
        "ionq.quantum-results.v1", "outputDataUri": "https://mystorage.blob.core.windows.net/job-00000000-0000-0000-0000-000000000002/rawOutputData?sv=PLACEHOLDER&sr=b&sig=PLACEHOLDER&se=2050-01-01T00%3A00%3A00Z&sp=r&rscd=attachment%3B%20filename%3DJob%2B1-00000000-0000-0000-0000-000000000002.output.json",
        "beginExecutionTime": "2024-05-01T18:05:11.705Z", "cancellationTime": null,
        "quantumComputingData": {"count": 1}, "errorData": null, "isCancelling": false,
        "tags": [], "name": "Job 1", "id": "00000000-0000-0000-0000-000000000002",
        "providerId": "ionq", "target": "ionq.simulator", "creationTime": "2024-05-01T18:05:07.8713528+00:00",
        "endExecutionTime": "2024-05-01T18:05:11.716Z", "costEstimate": {"currencyCode":
        "USD", "events": [{"dimensionId": "gs1q", "dimensionName": "1Q Gate Shot",
        "measureUnit": "1q gate shot", "amountBilled": 0.0, "amountConsumed": 0.0,
        "unitPrice": 0.0}, {"dimensionId": "gs2q", "dimensionName": "2Q Gate Shot",
        "measureUnit": "2q gate shot", "amountBilled": 0.0, "amountConsumed": 0.0,
        "unitPrice": 0.0}], "estimatedTotal": 0.0}, "itemType": "Job"}'
    headers:
      connection:
      - keep-alive
      content-length:
      - '1840'
      content-type:
      - application/json; charset=utf-8
      transfer-encoding:
      - chunked
    status:
      code: 200
      message: OK
- request:
    body: null
    headers:
      Accept:
      - application/json
      Accept-Encoding:
      - gzip, deflate
      Connection:
      - keep-alive
      User-Agent:
      - testapp-azure-quantum-qiskit azsdk-python-quantum/0.0.1 Python/3.9.19 (Windows-10-10.0.22631-SP0)
    method: GET
    uri: https://eastus.quantum.azure.com/subscriptions/00000000-0000-0000-0000-000000000000/resourceGroups/myresourcegroup/providers/Microsoft.Quantum/workspaces/myworkspace/sessions/00000000-0000-0000-0000-000000000001?api-version=2022-09-12-preview&test-sequence-id=1
  response:
    body:
      string: '{"status": "Executing", "jobFailurePolicy": "Abort", "name": "session-00000000-0000-0000-0000-000000000001",
        "id": "00000000-0000-0000-0000-000000000001", "providerId": "ionq", "target":
        "ionq.simulator", "creationTime": "2024-05-01T18:05:04.6011743Z", "endExecutionTime":
        null, "costEstimate": {"currencyCode": "USD", "events": [], "estimatedTotal":
        0.0}, "itemType": "Session"}'
    headers:
      connection:
      - keep-alive
      content-length:
      - '379'
      content-type:
      - application/json; charset=utf-8
      transfer-encoding:
      - chunked
    status:
      code: 200
      message: OK
- request:
    body: null
    headers:
      Accept:
      - application/json
      Accept-Encoding:
      - gzip, deflate
      Connection:
      - keep-alive
      Content-Length:
      - '0'
      User-Agent:
      - testapp-azure-quantum-qiskit azsdk-python-quantum/0.0.1 Python/3.9.19 (Windows-10-10.0.22631-SP0)
    method: POST
    uri: https://eastus.quantum.azure.com/subscriptions/00000000-0000-0000-0000-000000000000/resourceGroups/myresourcegroup/providers/Microsoft.Quantum/workspaces/myworkspace/sessions/00000000-0000-0000-0000-000000000001:close?api-version=2022-09-12-preview&test-sequence-id=1
  response:
    body:
      string: '{"status": "Succeeded", "jobFailurePolicy": "Abort", "name": "session-00000000-0000-0000-0000-000000000001",
        "id": "00000000-0000-0000-0000-000000000001", "providerId": "ionq", "target":
        "ionq.simulator", "creationTime": "2024-05-01T18:05:04.6011743Z", "endExecutionTime":
        "2024-05-01T18:05:18.0948946Z", "costEstimate": {"currencyCode": "USD", "events":
        [], "estimatedTotal": 0.0}, "itemType": "Session"}'
    headers:
      connection:
      - keep-alive
      content-length:
      - '405'
      content-type:
      - application/json; charset=utf-8
      transfer-encoding:
      - chunked
    status:
      code: 200
      message: OK
- request:
    body: client_id=PLACEHOLDER&grant_type=client_credentials&client_assertion=PLACEHOLDER&client_info=1&client_assertion_type=PLACEHOLDER&scope=https%3A%2F%2Fquantum.microsoft.com%2F.default
    headers:
      Accept:
      - application/json
      Accept-Encoding:
      - gzip, deflate
      Connection:
      - keep-alive
      Content-Length:
      - '181'
      Content-Type:
      - application/x-www-form-urlencoded
      User-Agent:
      - azsdk-python-identity/1.16.0 Python/3.9.19 (Windows-10-10.0.22631-SP0)
      x-client-current-telemetry:
      - 4|730,2|
      x-client-os:
      - win32
      x-client-sku:
      - MSAL.Python
      x-client-ver:
      - 1.28.0
    method: POST
    uri: https://login.microsoftonline.com/00000000-0000-0000-0000-000000000000/oauth2/v2.0/token
  response:
    body:
      string: '{"token_type": "Bearer", "expires_in": 1746122718, "ext_expires_in":
        1746122718, "refresh_in": 31536000, "access_token": "PLACEHOLDER"}'
    headers:
      content-length:
      - '135'
      content-type:
      - application/json; charset=utf-8
    status:
      code: 200
      message: OK
- request:
    body: null
    headers:
      Accept:
      - application/json
      Accept-Encoding:
      - gzip, deflate
      Connection:
      - keep-alive
      User-Agent:
      - testapp azsdk-python-quantum/0.0.1 Python/3.9.19 (Windows-10-10.0.22631-SP0)
    method: GET
    uri: https://eastus.quantum.azure.com/subscriptions/00000000-0000-0000-0000-000000000000/resourceGroups/myresourcegroup/providers/Microsoft.Quantum/workspaces/myworkspace/sessions/00000000-0000-0000-0000-000000000001?api-version=2022-09-12-preview&test-sequence-id=2
  response:
    body:
      string: '{"status": "Succeeded", "jobFailurePolicy": "Abort", "name": "session-00000000-0000-0000-0000-000000000001",
        "id": "00000000-0000-0000-0000-000000000001", "providerId": "ionq", "target":
        "ionq.simulator", "creationTime": "2024-05-01T18:05:04.6011743Z", "endExecutionTime":
        "2024-05-01T18:05:18.0948946Z", "costEstimate": {"currencyCode": "USD", "events":
        [], "estimatedTotal": 0.0}, "itemType": "Session"}'
    headers:
      connection:
      - keep-alive
      content-length:
      - '405'
      content-type:
      - application/json; charset=utf-8
      transfer-encoding:
      - chunked
    status:
      code: 200
      message: OK
- request:
    body: null
    headers:
      Accept:
      - application/json
      Accept-Encoding:
      - gzip, deflate
      Connection:
      - keep-alive
      User-Agent:
      - testapp azsdk-python-quantum/0.0.1 Python/3.9.19 (Windows-10-10.0.22631-SP0)
    method: GET
    uri: https://eastus.quantum.azure.com/subscriptions/00000000-0000-0000-0000-000000000000/resourceGroups/myresourcegroup/providers/Microsoft.Quantum/workspaces/myworkspace/sessions/00000000-0000-0000-0000-000000000001/jobs?api-version=2022-09-12-preview&test-sequence-id=1
  response:
    body:
      string: '{"value": [{"containerUri": "https://mystorage.blob.core.windows.net/job-00000000-0000-0000-0000-000000000002?sv=PLACEHOLDER&sig=PLACEHOLDER&se=2050-01-01T00%3A00%3A00Z&srt=co&ss=b&sp=racwl",
        "inputDataUri": "https://mystorage.blob.core.windows.net/job-00000000-0000-0000-0000-000000000002/inputData?sv=PLACEHOLDER&sr=b&sig=PLACEHOLDER&se=2050-01-01T00%3A00%3A00Z&sp=rcw",
        "inputDataFormat": "ionq.circuit.v1", "inputParams": {"shots": 100, "count":
        100}, "metadata": {"qiskit": "True", "name": "BellState", "num_qubits": "2",
        "metadata": "{}", "meas_map": "[0, 1]"}, "sessionId": "00000000-0000-0000-0000-000000000001",
        "status": "Succeeded", "jobType": "QuantumComputing", "outputDataFormat":
        "ionq.quantum-results.v1", "outputDataUri": "https://mystorage.blob.core.windows.net/job-00000000-0000-0000-0000-000000000002/rawOutputData?sv=PLACEHOLDER&sr=b&sig=PLACEHOLDER&se=2050-01-01T00%3A00%3A00Z&sp=rcw",
        "beginExecutionTime": "2024-05-01T18:05:11.705Z", "cancellationTime": null,
        "quantumComputingData": {"count": 1}, "errorData": null, "isCancelling": false,
        "tags": [], "name": "Job 1", "id": "00000000-0000-0000-0000-000000000002",
        "providerId": "ionq", "target": "ionq.simulator", "creationTime": "2024-05-01T18:05:07.8713528Z",
        "endExecutionTime": "2024-05-01T18:05:11.716Z", "costEstimate": {"currencyCode":
        "USD", "events": [{"dimensionId": "gs1q", "dimensionName": "1Q Gate Shot",
        "measureUnit": "1q gate shot", "amountBilled": 0.0, "amountConsumed": 0.0,
        "unitPrice": 0.0}, {"dimensionId": "gs2q", "dimensionName": "2Q Gate Shot",
        "measureUnit": "2q gate shot", "amountBilled": 0.0, "amountConsumed": 0.0,
        "unitPrice": 0.0}], "estimatedTotal": 0.0}, "itemType": "Job"}, {"containerUri":
        "https://mystorage.blob.core.windows.net/job-00000000-0000-0000-0000-000000000003?sv=PLACEHOLDER&sig=PLACEHOLDER&se=2050-01-01T00%3A00%3A00Z&srt=co&ss=b&sp=racwl",
        "inputDataUri": "https://mystorage.blob.core.windows.net/job-00000000-0000-0000-0000-000000000003/inputData?sv=PLACEHOLDER&sr=b&sig=PLACEHOLDER&se=2050-01-01T00%3A00%3A00Z&sp=rcw",
        "inputDataFormat": "ionq.circuit.v1", "inputParams": {"shots": 100, "count":
        100}, "metadata": {"qiskit": "True", "name": "BellState", "num_qubits": "2",
        "metadata": "{}", "meas_map": "[0, 1]"}, "sessionId": "00000000-0000-0000-0000-000000000001",
        "status": "Succeeded", "jobType": "QuantumComputing", "outputDataFormat":
        "ionq.quantum-results.v1", "outputDataUri": "https://mystorage.blob.core.windows.net/job-00000000-0000-0000-0000-000000000003/rawOutputData?sv=PLACEHOLDER&sr=b&sig=PLACEHOLDER&se=2050-01-01T00%3A00%3A00Z&sp=rcw",
        "beginExecutionTime": "2024-05-01T18:05:15.137Z", "cancellationTime": null,
        "quantumComputingData": {"count": 1}, "errorData": null, "isCancelling": false,
        "tags": [], "name": "Job 2", "id": "00000000-0000-0000-0000-000000000003",
        "providerId": "ionq", "target": "ionq.simulator", "creationTime": "2024-05-01T18:05:11.9373677Z",
        "endExecutionTime": "2024-05-01T18:05:15.149Z", "costEstimate": {"currencyCode":
        "USD", "events": [{"dimensionId": "gs1q", "dimensionName": "1Q Gate Shot",
        "measureUnit": "1q gate shot", "amountBilled": 0.0, "amountConsumed": 0.0,
        "unitPrice": 0.0}, {"dimensionId": "gs2q", "dimensionName": "2Q Gate Shot",
        "measureUnit": "2q gate shot", "amountBilled": 0.0, "amountConsumed": 0.0,
        "unitPrice": 0.0}], "estimatedTotal": 0.0}, "itemType": "Job"}], "nextLink":
        null}'
    headers:
      connection:
      - keep-alive
      content-length:
      - '3373'
      content-type:
      - application/json; charset=utf-8
      transfer-encoding:
      - chunked
    status:
      code: 200
      message: OK
- request:
    body: null
    headers:
      Accept:
      - application/json
      Accept-Encoding:
      - gzip, deflate
      Connection:
      - keep-alive
      User-Agent:
      - testapp azsdk-python-quantum/0.0.1 Python/3.9.19 (Windows-10-10.0.22631-SP0)
    method: GET
    uri: https://eastus.quantum.azure.com/subscriptions/00000000-0000-0000-0000-000000000000/resourceGroups/myresourcegroup/providers/Microsoft.Quantum/workspaces/myworkspace/jobs/00000000-0000-0000-0000-000000000002?api-version=2022-09-12-preview&test-sequence-id=3
  response:
    body:
      string: '{"containerUri": "https://mystorage.blob.core.windows.net/job-00000000-0000-0000-0000-000000000002?sv=PLACEHOLDER&sr=c&sig=PLACEHOLDER&se=2050-01-01T00%3A00%3A00Z&sp=rcwl",
        "inputDataUri": "https://mystorage.blob.core.windows.net/job-00000000-0000-0000-0000-000000000002/inputData?sv=PLACEHOLDER&sr=b&sig=PLACEHOLDER&se=2050-01-01T00%3A00%3A00Z&sp=r&rscd=attachment%3B%20filename%3DJob%2B1-00000000-0000-0000-0000-000000000002.input.json",
        "inputDataFormat": "ionq.circuit.v1", "inputParams": {"shots": 100, "count":
        100}, "metadata": {"qiskit": "True", "name": "BellState", "num_qubits": "2",
        "metadata": "{}", "meas_map": "[0, 1]"}, "sessionId": "00000000-0000-0000-0000-000000000001",
        "status": "Succeeded", "jobType": "QuantumComputing", "outputDataFormat":
        "ionq.quantum-results.v1", "outputDataUri": "https://mystorage.blob.core.windows.net/job-00000000-0000-0000-0000-000000000002/rawOutputData?sv=PLACEHOLDER&sr=b&sig=PLACEHOLDER&se=2050-01-01T00%3A00%3A00Z&sp=r&rscd=attachment%3B%20filename%3DJob%2B1-00000000-0000-0000-0000-000000000002.output.json",
        "beginExecutionTime": "2024-05-01T18:05:11.705Z", "cancellationTime": null,
        "quantumComputingData": {"count": 1}, "errorData": null, "isCancelling": false,
        "tags": [], "name": "Job 1", "id": "00000000-0000-0000-0000-000000000002",
        "providerId": "ionq", "target": "ionq.simulator", "creationTime": "2024-05-01T18:05:07.8713528+00:00",
        "endExecutionTime": "2024-05-01T18:05:11.716Z", "costEstimate": {"currencyCode":
        "USD", "events": [{"dimensionId": "gs1q", "dimensionName": "1Q Gate Shot",
        "measureUnit": "1q gate shot", "amountBilled": 0.0, "amountConsumed": 0.0,
        "unitPrice": 0.0}, {"dimensionId": "gs2q", "dimensionName": "2Q Gate Shot",
        "measureUnit": "2q gate shot", "amountBilled": 0.0, "amountConsumed": 0.0,
        "unitPrice": 0.0}], "estimatedTotal": 0.0}, "itemType": "Job"}'
    headers:
      connection:
      - keep-alive
      content-length:
      - '1840'
      content-type:
      - application/json; charset=utf-8
      transfer-encoding:
      - chunked
    status:
      code: 200
      message: OK
- request:
    body: null
    headers:
      Accept:
      - application/json
      Accept-Encoding:
      - gzip, deflate
      Connection:
      - keep-alive
      User-Agent:
      - testapp azsdk-python-quantum/0.0.1 Python/3.9.19 (Windows-10-10.0.22631-SP0)
    method: GET
    uri: https://eastus.quantum.azure.com/subscriptions/00000000-0000-0000-0000-000000000000/resourceGroups/myresourcegroup/providers/Microsoft.Quantum/workspaces/myworkspace/jobs/00000000-0000-0000-0000-000000000003?api-version=2022-09-12-preview&test-sequence-id=1
  response:
    body:
      string: '{"containerUri": "https://mystorage.blob.core.windows.net/job-00000000-0000-0000-0000-000000000003?sv=PLACEHOLDER&sr=c&sig=PLACEHOLDER&se=2050-01-01T00%3A00%3A00Z&sp=rcwl",
        "inputDataUri": "https://mystorage.blob.core.windows.net/job-00000000-0000-0000-0000-000000000003/inputData?sv=PLACEHOLDER&sr=b&sig=PLACEHOLDER&se=2050-01-01T00%3A00%3A00Z&sp=r&rscd=attachment%3B%20filename%3DJob%2B2-00000000-0000-0000-0000-000000000003.input.json",
        "inputDataFormat": "ionq.circuit.v1", "inputParams": {"shots": 100, "count":
        100}, "metadata": {"qiskit": "True", "name": "BellState", "num_qubits": "2",
        "metadata": "{}", "meas_map": "[0, 1]"}, "sessionId": "00000000-0000-0000-0000-000000000001",
        "status": "Succeeded", "jobType": "QuantumComputing", "outputDataFormat":
        "ionq.quantum-results.v1", "outputDataUri": "https://mystorage.blob.core.windows.net/job-00000000-0000-0000-0000-000000000003/rawOutputData?sv=PLACEHOLDER&sr=b&sig=PLACEHOLDER&se=2050-01-01T00%3A00%3A00Z&sp=r&rscd=attachment%3B%20filename%3DJob%2B2-00000000-0000-0000-0000-000000000003.output.json",
        "beginExecutionTime": "2024-05-01T18:05:15.137Z", "cancellationTime": null,
        "quantumComputingData": {"count": 1}, "errorData": null, "isCancelling": false,
        "tags": [], "name": "Job 2", "id": "00000000-0000-0000-0000-000000000003",
        "providerId": "ionq", "target": "ionq.simulator", "creationTime": "2024-05-01T18:05:11.9373677+00:00",
        "endExecutionTime": "2024-05-01T18:05:15.149Z", "costEstimate": {"currencyCode":
        "USD", "events": [{"dimensionId": "gs1q", "dimensionName": "1Q Gate Shot",
        "measureUnit": "1q gate shot", "amountBilled": 0.0, "amountConsumed": 0.0,
        "unitPrice": 0.0}, {"dimensionId": "gs2q", "dimensionName": "2Q Gate Shot",
        "measureUnit": "2q gate shot", "amountBilled": 0.0, "amountConsumed": 0.0,
        "unitPrice": 0.0}], "estimatedTotal": 0.0}, "itemType": "Job"}'
    headers:
      connection:
      - keep-alive
      content-length:
      - '1840'
      content-type:
      - application/json; charset=utf-8
      transfer-encoding:
      - chunked
    status:
      code: 200
      message: OK
- request:
    body: null
    headers:
      Accept:
      - application/json
      Accept-Encoding:
      - gzip, deflate
      Connection:
      - keep-alive
      User-Agent:
      - testapp azsdk-python-quantum/0.0.1 Python/3.9.19 (Windows-10-10.0.22631-SP0)
    method: GET
    uri: https://eastus.quantum.azure.com/subscriptions/00000000-0000-0000-0000-000000000000/resourceGroups/myresourcegroup/providers/Microsoft.Quantum/workspaces/myworkspace/sessions/00000000-0000-0000-0000-000000000001?api-version=2022-09-12-preview&test-sequence-id=3
  response:
    body:
      string: '{"status": "Succeeded", "jobFailurePolicy": "Abort", "name": "session-00000000-0000-0000-0000-000000000001",
        "id": "00000000-0000-0000-0000-000000000001", "providerId": "ionq", "target":
        "ionq.simulator", "creationTime": "2024-05-01T18:05:04.6011743Z", "endExecutionTime":
        "2024-05-01T18:05:18.0948946Z", "costEstimate": {"currencyCode": "USD", "events":
        [], "estimatedTotal": 0.0}, "itemType": "Session"}'
    headers:
      connection:
      - keep-alive
      content-length:
      - '405'
      content-type:
      - application/json; charset=utf-8
      transfer-encoding:
      - chunked
    status:
      code: 200
      message: OK
version: 1
