interactions:
- request:
    body: client_id=PLACEHOLDER&grant_type=client_credentials&client_info=1&client_secret=PLACEHOLDER&claims=PLACEHOLDER&scope=https%3A%2F%2Fquantum.microsoft.com%2F.default
    headers:
      Accept:
      - application/json
      Accept-Encoding:
      - gzip, deflate
      Connection:
      - keep-alive
      Content-Length:
      - '287'
      Content-Type:
      - application/x-www-form-urlencoded
      User-Agent:
      - azsdk-python-identity/1.7.1 Python/3.9.5 (Windows-10-10.0.19044-SP0)
      x-client-cpu:
      - x64
      x-client-current-telemetry:
      - 4|730,0|
      x-client-os:
      - win32
      x-client-sku:
      - MSAL.Python
      x-client-ver:
      - 1.16.0
    method: POST
    uri: https://login.microsoftonline.com/00000000-0000-0000-0000-000000000000/oauth2/v2.0/token
  response:
    body:
      string: '{"token_type": "Bearer", "expires_in": 86399, "ext_expires_in": 86399,
        "refresh_in": 43199, "access_token": "fake_token"}'
    headers:
      content-length:
      - '1741'
      content-type:
      - application/json; charset=utf-8
    status:
      code: 200
      message: OK
- request:
    body: 'b''{"containerName": "job-00000000-0000-0000-0000-000000000000"}'''
    headers:
      Accept:
      - application/json
      Accept-Encoding:
      - gzip, deflate
      Connection:
      - keep-alive
      Content-Length:
      - '61'
      Content-Type:
      - application/json
      User-Agent:
      - testapp azsdk-python-quantum/0.0.0.1 Python/3.9.5 (Windows-10-10.0.19044-SP0)
    method: POST
    uri: https://eastus.quantum.azure.com/v1.0/subscriptions/00000000-0000-0000-0000-000000000000/resourceGroups/myresourcegroup/providers/Microsoft.Quantum/workspaces/myworkspace/storage/sasUri
  response:
    body:
      string: '{"sasUri": "https://mystorage.blob.core.windows.net/job-00000000-0000-0000-0000-000000000000?sv=PLACEHOLDER&sig=PLACEHOLDER&se=PLACEHOLDER&srt=co&ss=b&sp=racw",
        "access_token": "fake_token"}'
    headers:
      content-length:
      - '209'
      content-type:
      - application/json; charset=utf-8
      transfer-encoding:
      - chunked
    status:
      code: 200
      message: OK
- request:
    body: null
    headers:
      Accept:
      - application/xml
      Accept-Encoding:
      - gzip, deflate
      Connection:
      - keep-alive
      User-Agent:
      - azsdk-python-storage-blob/12.9.0 Python/3.9.5 (Windows-10-10.0.19044-SP0)
      x-ms-date:
      - Wed, 09 Feb 2022 18:35:00 GMT
      x-ms-version:
      - '2020-10-02'
    method: GET
    uri: https://mystorage.blob.core.windows.net/job-00000000-0000-0000-0000-000000000000?restype=container&sv=PLACEHOLDER&sig=PLACEHOLDER&se=PLACEHOLDER&srt=co&ss=b&sp=racw
  response:
    body:
      string: "\uFEFF<?xml version=\"1.0\" encoding=\"utf-8\"?><Error><Code>ContainerNotFound</Code><Message>The
        specified container does not exist.\nRequestId:67326ae5-201e-008e-16e3-1d495b000000\nTime:2022-02-09T18:35:00.3988916Z</Message></Error>"
    headers:
      content-length:
      - '225'
      content-type:
      - application/xml
      x-ms-version:
      - '2020-10-02'
    status:
      code: 404
      message: The specified container does not exist.
- request:
    body: null
    headers:
      Accept:
      - application/xml
      Accept-Encoding:
      - gzip, deflate
      Connection:
      - keep-alive
      Content-Length:
      - '0'
      User-Agent:
      - azsdk-python-storage-blob/12.9.0 Python/3.9.5 (Windows-10-10.0.19044-SP0)
      x-ms-date:
      - Wed, 09 Feb 2022 18:35:00 GMT
      x-ms-version:
      - '2020-10-02'
    method: PUT
    uri: https://mystorage.blob.core.windows.net/job-00000000-0000-0000-0000-000000000000?restype=container&sv=PLACEHOLDER&sig=PLACEHOLDER&se=PLACEHOLDER&srt=co&ss=b&sp=racw
  response:
    body:
      string: ''
    headers:
      content-length:
      - '0'
      x-ms-version:
      - '2020-10-02'
    status:
      code: 201
      message: Created
- request:
    body: null
    headers:
      Accept:
      - application/xml
      Accept-Encoding:
      - gzip, deflate
      Connection:
      - keep-alive
      User-Agent:
      - azsdk-python-storage-blob/12.9.0 Python/3.9.5 (Windows-10-10.0.19044-SP0)
      x-ms-date:
      - Wed, 09 Feb 2022 18:35:00 GMT
      x-ms-version:
      - '2020-10-02'
    method: GET
    uri: https://mystorage.blob.core.windows.net/job-00000000-0000-0000-0000-000000000000?restype=container&sv=PLACEHOLDER&sig=PLACEHOLDER&se=PLACEHOLDER&srt=co&ss=b&sp=racw
  response:
    body:
      string: ''
    headers:
      content-length:
      - '0'
      x-ms-lease-state:
      - available
      x-ms-lease-status:
      - unlocked
      x-ms-version:
      - '2020-10-02'
    status:
      code: 200
      message: OK
- request:
    body: b'\x1f\x8b\x08\x00S\t\x04b\x02\xffU\x8c\xc1\n\x830\x10D\x7fE\xf6lJ\x12\xf5`o\xfd\x86\xf6V\xa5\xa4\xba-\x01\x93\x88\x89\x85"\xf9\xf7.\xf1`\x03\x0b;;og60\x18\xd4\xa8\x82\x82s\xb1\x81U\x06I\xc0\r}`Wm\xd6I\x05\x1c/\xd6\xa2\x9a\xb4}\xb3\x0e$\x974\xbce\x82Wu\xd3v\x00\xb1,`p><^\xab\x1d\x82v65}p\xf1\xbb\x06q\xe2@?\xe1;\xa7\xeey}\xbat\xe3b<\x19\xf7\r\x06Z\xac"O\x8f\xc9\x11e\xc1{\xea\xddIs\x00\x99\x816\x03\xe2\x00\xf2\x00U\x96`uF\xfe"9\x90}\xecc\xfc\x01\n,\x7fN\x1d\x01\x00\x00'
    headers:
      Accept:
      - application/xml
      Accept-Encoding:
      - gzip, deflate
      Connection:
      - keep-alive
      Content-Length:
      - '176'
      Content-Type:
      - application/octet-stream
      User-Agent:
      - azsdk-python-storage-blob/12.9.0 Python/3.9.5 (Windows-10-10.0.19044-SP0)
      x-ms-blob-type:
      - BlockBlob
      x-ms-date:
      - Wed, 09 Feb 2022 18:35:00 GMT
      x-ms-version:
      - '2020-10-02'
    method: PUT
    uri: https://mystorage.blob.core.windows.net/job-00000000-0000-0000-0000-000000000000/inputData?sv=PLACEHOLDER&sig=PLACEHOLDER&se=PLACEHOLDER&srt=co&ss=b&sp=racw
  response:
    body:
      string: ''
    headers:
      content-length:
      - '0'
      x-ms-version:
      - '2020-10-02'
    status:
      code: 201
      message: Created
- request:
    body: 'b''{"id": "00000000-0000-0000-0000-000000000000", "name": "Test-SimulatedAnnealing-\\"20210101-000000\\"",
      "containerUri": "https://mystorage.blob.core.windows.net/job-00000000-0000-0000-0000-000000000000?sv=PLACEHOLDER&sig=PLACEHOLDER&se=PLACEHOLDER&srt=co&ss=b&sp=racw",
      "inputDataUri": "https://mystorage.blob.core.windows.net/job-00000000-0000-0000-0000-000000000000/inputData",
      "inputDataFormat": "microsoft.qio.v2", "inputParams": {"params": {"beta_start":
      0}}, "providerId": "Microsoft", "target": "microsoft.simulatedannealing.cpu",
      "outputDataFormat": "microsoft.qio-results.v2"}'''
    headers:
      Accept:
      - application/json
      Accept-Encoding:
      - gzip, deflate
      Connection:
      - keep-alive
      Content-Length:
      - '632'
      Content-Type:
      - application/json
      User-Agent:
      - testapp azsdk-python-quantum/0.0.0.1 Python/3.9.5 (Windows-10-10.0.19044-SP0)
    method: PUT
    uri: https://eastus.quantum.azure.com/v1.0/subscriptions/00000000-0000-0000-0000-000000000000/resourceGroups/myresourcegroup/providers/Microsoft.Quantum/workspaces/myworkspace/jobs/00000000-0000-0000-0000-000000000000
  response:
    body:
      string: '{"containerUri": "https://mystorage.blob.core.windows.net/job-00000000-0000-0000-0000-000000000000?sv=PLACEHOLDER&sig=PLACEHOLDER&se=PLACEHOLDER&srt=co&ss=b&sp=racw",
        "inputDataUri": "https://mystorage.blob.core.windows.net/job-00000000-0000-0000-0000-000000000000/inputData?sv=PLACEHOLDER&sr=b&sig=PLACEHOLDER&se=PLACEHOLDER&sp=rcw",
        "inputDataFormat": "microsoft.qio.v2", "inputParams": {"params": {"beta_start":
        0}}, "providerId": "microsoft", "target": "microsoft.simulatedannealing.cpu",
        "metadata": null, "name": "Test-SimulatedAnnealing-\"20210101-000000\"", "id":
        "00000000-0000-0000-0000-000000000000", "status": "Waiting", "outputDataFormat":
        "microsoft.qio-results.v2", "outputDataUri": "https://e2etests.blob.core.windows.net:443/job-00000000-0000-0000-0000-000000000000/outputData?sv=PLACEHOLDER&sig=PLACEHOLDER&se=PLACEHOLDER&srt=co&ss=b&sp=racw",
        "creationTime": "2022-02-09T18:35:00.6497055+00:00", "beginExecutionTime":
        null, "endExecutionTime": null, "cancellationTime": null, "costEstimate":
        null, "errorData": null, "isCancelling": false, "tags": [], "access_token":
        "fake_token"}'
    headers:
      content-length:
      - '1178'
      content-type:
      - application/json; charset=utf-8
      transfer-encoding:
      - chunked
    status:
      code: 200
      message: OK
- request:
    body: null
    headers:
      Accept:
      - application/xml
      Accept-Encoding:
      - gzip, deflate
      Connection:
      - keep-alive
      User-Agent:
      - azsdk-python-storage-blob/12.9.0 Python/3.9.5 (Windows-10-10.0.19044-SP0)
      x-ms-date:
      - Wed, 09 Feb 2022 18:35:00 GMT
      x-ms-range:
      - bytes=0-33554431
      x-ms-version:
      - '2020-10-02'
    method: GET
    uri: https://mystorage.blob.core.windows.net/job-00000000-0000-0000-0000-000000000000/inputData?sv=PLACEHOLDER&sr=b&sig=PLACEHOLDER&se=PLACEHOLDER&sp=rcw
  response:
    body:
      string: '{"metadata": {"name": "Test-SimulatedAnnealing-\"20210101-000000\""},
        "cost_function": {"version": "1.0", "type": "pubo", "terms": [{"c": -3, "ids":
        [1, 0]}, {"c": 5, "ids": [2, 0]}, {"c": 9, "ids": [2, 1]}, {"c": 2, "ids":
        [3, 0]}, {"c": -4, "ids": [3, 1]}, {"c": 4, "ids": [3, 2]}]}, "access_token":
        "fake_token"}'
    headers:
      accept-ranges:
      - bytes
      content-length:
      - '285'
      content-range:
      - bytes 0-175/176
      content-type:
      - application/json
      x-ms-blob-content-md5:
      - YdbpdlaFWz1BwPHVHL+2Dg==
      x-ms-blob-type:
      - BlockBlob
      x-ms-creation-time:
      - Wed, 09 Feb 2022 18:35:00 GMT
      x-ms-lease-state:
      - available
      x-ms-lease-status:
      - unlocked
      x-ms-server-encrypted:
      - 'true'
      x-ms-version:
      - '2020-10-02'
    status:
      code: 206
      message: Partial Content
version: 1
