interactions:
- request:
    body: client_id=PLACEHOLDER&grant_type=client_credentials&client_info=1&client_secret=PLACEHOLDER&claims=PLACEHOLDER&scope=https%3A%2F%2Fquantum.microsoft.com%2F.default
    headers:
      Accept:
      - application/json
      Accept-Encoding:
      - gzip, deflate
      Connection:
      - keep-alive
      Content-Length:
      - '287'
      Content-Type:
      - application/x-www-form-urlencoded
      User-Agent:
      - azsdk-python-identity/1.7.1 Python/3.9.5 (Windows-10-10.0.19044-SP0)
      x-client-cpu:
      - x64
      x-client-current-telemetry:
      - 4|730,0|
      x-client-os:
      - win32
      x-client-sku:
      - MSAL.Python
      x-client-ver:
      - 1.16.0
    method: POST
    uri: https://login.microsoftonline.com/00000000-0000-0000-0000-000000000000/oauth2/v2.0/token
  response:
    body:
      string: '{"token_type": "Bearer", "expires_in": 86399, "ext_expires_in": 86399,
        "refresh_in": 43199, "access_token": "fake_token"}'
    headers:
      content-length:
      - '1741'
      content-type:
      - application/json; charset=utf-8
    status:
      code: 200
      message: OK
- request:
    body: 'b''{"containerName": "job-00000000-0000-0000-0000-000000000000"}'''
    headers:
      Accept:
      - application/json
      Accept-Encoding:
      - gzip, deflate
      Connection:
      - keep-alive
      Content-Length:
      - '61'
      Content-Type:
      - application/json
      User-Agent:
      - testapp azsdk-python-quantum/0.0.0.1 Python/3.9.5 (Windows-10-10.0.19044-SP0)
    method: POST
    uri: https://eastus.quantum.azure.com/v1.0/subscriptions/00000000-0000-0000-0000-000000000000/resourceGroups/myresourcegroup/providers/Microsoft.Quantum/workspaces/myworkspace/storage/sasUri
  response:
    body:
      string: '{"sasUri": "https://mystorage.blob.core.windows.net/job-00000000-0000-0000-0000-000000000000?sv=PLACEHOLDER&sig=PLACEHOLDER&se=PLACEHOLDER&srt=co&ss=b&sp=racw",
        "access_token": "fake_token"}'
    headers:
      content-length:
      - '213'
      content-type:
      - application/json; charset=utf-8
      transfer-encoding:
      - chunked
    status:
      code: 200
      message: OK
- request:
    body: null
    headers:
      Accept:
      - application/xml
      Accept-Encoding:
      - gzip, deflate
      Connection:
      - keep-alive
      User-Agent:
      - azsdk-python-storage-blob/12.9.0 Python/3.9.5 (Windows-10-10.0.19044-SP0)
      x-ms-date:
      - Fri, 11 Feb 2022 17:33:23 GMT
      x-ms-version:
      - '2020-10-02'
    method: GET
    uri: https://mystorage.blob.core.windows.net/job-00000000-0000-0000-0000-000000000000?restype=container&sv=PLACEHOLDER&sig=PLACEHOLDER&se=PLACEHOLDER&srt=co&ss=b&sp=racw
  response:
    body:
      string: "\uFEFF<?xml version=\"1.0\" encoding=\"utf-8\"?><Error><Code>ContainerNotFound</Code><Message>The
        specified container does not exist.\nRequestId:f2896679-701e-0048-096d-1f82da000000\nTime:2022-02-11T17:33:23.7580912Z</Message></Error>"
    headers:
      content-length:
      - '225'
      content-type:
      - application/xml
      x-ms-version:
      - '2020-10-02'
    status:
      code: 404
      message: The specified container does not exist.
- request:
    body: null
    headers:
      Accept:
      - application/xml
      Accept-Encoding:
      - gzip, deflate
      Connection:
      - keep-alive
      Content-Length:
      - '0'
      User-Agent:
      - azsdk-python-storage-blob/12.9.0 Python/3.9.5 (Windows-10-10.0.19044-SP0)
      x-ms-date:
      - Fri, 11 Feb 2022 17:33:23 GMT
      x-ms-version:
      - '2020-10-02'
    method: PUT
    uri: https://mystorage.blob.core.windows.net/job-00000000-0000-0000-0000-000000000000?restype=container&sv=PLACEHOLDER&sig=PLACEHOLDER&se=PLACEHOLDER&srt=co&ss=b&sp=racw
  response:
    body:
      string: ''
    headers:
      content-length:
      - '0'
      x-ms-version:
      - '2020-10-02'
    status:
      code: 201
      message: Created
- request:
    body: null
    headers:
      Accept:
      - application/xml
      Accept-Encoding:
      - gzip, deflate
      Connection:
      - keep-alive
      User-Agent:
      - azsdk-python-storage-blob/12.9.0 Python/3.9.5 (Windows-10-10.0.19044-SP0)
      x-ms-date:
      - Fri, 11 Feb 2022 17:33:23 GMT
      x-ms-version:
      - '2020-10-02'
    method: GET
    uri: https://mystorage.blob.core.windows.net/job-00000000-0000-0000-0000-000000000000?restype=container&sv=PLACEHOLDER&sig=PLACEHOLDER&se=PLACEHOLDER&srt=co&ss=b&sp=racw
  response:
    body:
      string: ''
    headers:
      content-length:
      - '0'
      x-ms-lease-state:
      - available
      x-ms-lease-status:
      - unlocked
      x-ms-version:
      - '2020-10-02'
    status:
      code: 200
      message: OK
- request:
    body: b"\x1f\x8b\x08\x00\xe2\x9d\x06b\x02\xffU\x8c\xcd\n\x830\x10\x84_E\xf6lJ~\xda\x83}\x8a\x1e\xbcU)\xa9n\x8b`bHb\xa1H\xde\xbdK<\xd8\xc0\xc2\xce\xce\xb73\x1b\x18\x8cz\xd4Q\xc3\xb5\xda\xc0j\x83$\xa0\xc5\x10\xd9M{=\xcf8\xb7h\x1c\xfa\xc9\xbeY\x07\x92K\x1a!\x18o\x94\x92\xb2\x03Hu\x05\xc3\x12\xe2\xe3\xb5\xda!N\x8b\xcdE\x1f\xf4a\xd7
      N\x1c\xe8'~]\xaev\xebs\xc97z\x13\xc8\xb8o0\xd0b\x8a\xbci\xcc\x8e\xa8+\xdeS\xefN.\x07\x90\x05h\n
      \x0e \x0f\xa0\x8a\x04;\x17\xe4/R\x02\xd9\xa7>\xa5\x1f\x9f\x8b\x0f\xca\x1c\x01\x00\x00"
    headers:
      Accept:
      - application/xml
      Accept-Encoding:
      - gzip, deflate
      Connection:
      - keep-alive
      Content-Length:
      - '174'
      Content-Type:
      - application/octet-stream
      User-Agent:
      - azsdk-python-storage-blob/12.9.0 Python/3.9.5 (Windows-10-10.0.19044-SP0)
      x-ms-blob-type:
      - BlockBlob
      x-ms-date:
      - Fri, 11 Feb 2022 17:33:23 GMT
      x-ms-version:
      - '2020-10-02'
    method: PUT
    uri: https://mystorage.blob.core.windows.net/job-00000000-0000-0000-0000-000000000000/inputData?sv=PLACEHOLDER&sig=PLACEHOLDER&se=PLACEHOLDER&srt=co&ss=b&sp=racw
  response:
    body:
      string: ''
    headers:
      content-length:
      - '0'
      x-ms-version:
      - '2020-10-02'
    status:
      code: 201
      message: Created
- request:
    body: 'b''{"id": "00000000-0000-0000-0000-000000000000", "name": "Test-ParallelTempering-\\"20210101-000000\\"",
      "containerUri": "https://mystorage.blob.core.windows.net/job-00000000-0000-0000-0000-000000000000?sv=PLACEHOLDER&sig=PLACEHOLDER&se=PLACEHOLDER&srt=co&ss=b&sp=racw",
      "inputDataUri": "https://mystorage.blob.core.windows.net/job-00000000-0000-0000-0000-000000000000/inputData",
      "inputDataFormat": "microsoft.qio.v2", "inputParams": {"params": {"sweeps":
      100}}, "providerId": "Microsoft", "target": "microsoft.paralleltempering.cpu",
      "outputDataFormat": "microsoft.qio-results.v2"}'''
    headers:
      Accept:
      - application/json
      Accept-Encoding:
      - gzip, deflate
      Connection:
      - keep-alive
      Content-Length:
      - '632'
      Content-Type:
      - application/json
      User-Agent:
      - testapp azsdk-python-quantum/0.0.0.1 Python/3.9.5 (Windows-10-10.0.19044-SP0)
    method: PUT
    uri: https://eastus.quantum.azure.com/v1.0/subscriptions/00000000-0000-0000-0000-000000000000/resourceGroups/myresourcegroup/providers/Microsoft.Quantum/workspaces/myworkspace/jobs/00000000-0000-0000-0000-000000000000
  response:
    body:
      string: '{"containerUri": "https://mystorage.blob.core.windows.net/job-00000000-0000-0000-0000-000000000000?sv=PLACEHOLDER&sig=PLACEHOLDER&se=PLACEHOLDER&srt=co&ss=b&sp=racw",
        "inputDataUri": "https://mystorage.blob.core.windows.net/job-00000000-0000-0000-0000-000000000000/inputData?sv=PLACEHOLDER&sr=b&sig=PLACEHOLDER&se=PLACEHOLDER&sp=rcw",
        "inputDataFormat": "microsoft.qio.v2", "inputParams": {"params": {"sweeps":
        100}}, "providerId": "microsoft", "target": "microsoft.paralleltempering.cpu",
        "metadata": null, "name": "Test-ParallelTempering-\"20210101-000000\"", "id":
        "00000000-0000-0000-0000-000000000000", "status": "Waiting", "outputDataFormat":
        "microsoft.qio-results.v2", "outputDataUri": "https://e2etests.blob.core.windows.net:443/job-00000000-0000-0000-0000-000000000000/outputData?sv=PLACEHOLDER&sig=PLACEHOLDER&se=PLACEHOLDER&srt=co&ss=b&sp=racw",
        "creationTime": "2022-02-11T17:33:24.0729312+00:00", "beginExecutionTime":
        null, "endExecutionTime": null, "cancellationTime": null, "costEstimate":
        null, "errorData": null, "isCancelling": false, "tags": [], "access_token":
        "fake_token"}'
    headers:
      content-length:
      - '1182'
      content-type:
      - application/json; charset=utf-8
      transfer-encoding:
      - chunked
    status:
      code: 200
      message: OK
- request:
    body: null
    headers:
      Accept:
      - application/json
      Accept-Encoding:
      - gzip, deflate
      Connection:
      - keep-alive
      User-Agent:
      - testapp azsdk-python-quantum/0.0.0.1 Python/3.9.5 (Windows-10-10.0.19044-SP0)
    method: GET
    uri: https://eastus.quantum.azure.com/v1.0/subscriptions/00000000-0000-0000-0000-000000000000/resourceGroups/myresourcegroup/providers/Microsoft.Quantum/workspaces/myworkspace/jobs/00000000-0000-0000-0000-000000000000
  response:
    body:
      string: '{"containerUri": "https://mystorage.blob.core.windows.net/job-00000000-0000-0000-0000-000000000000?sv=PLACEHOLDER&sig=PLACEHOLDER&se=PLACEHOLDER&srt=co&ss=b&sp=racw",
        "inputDataUri": "https://mystorage.blob.core.windows.net/job-00000000-0000-0000-0000-000000000000/inputData?sv=PLACEHOLDER&sr=b&sig=PLACEHOLDER&se=PLACEHOLDER&sp=r&rscd=attachment%3B%20filename%3DTest-ParallelTempering-%252220210101-000000%2522-b5ef5a60-8b60-11ec-b0ad-1860247f69ed.input.json",
        "inputDataFormat": "microsoft.qio.v2", "inputParams": {"params": {"sweeps":
        100}}, "providerId": "microsoft", "target": "microsoft.paralleltempering.cpu",
        "metadata": null, "name": "Test-ParallelTempering-\"20210101-000000\"", "id":
        "00000000-0000-0000-0000-000000000000", "status": "Succeeded", "outputDataFormat":
        "microsoft.qio-results.v2", "outputDataUri": "https://mystorage.blob.core.windows.net/job-00000000-0000-0000-0000-000000000000/rawOutputData?sv=PLACEHOLDER&sr=b&sig=PLACEHOLDER&se=PLACEHOLDER&sp=r&rscd=attachment%3B%20filename%3DTest-ParallelTempering-%252220210101-000000%2522-b5ef5a60-8b60-11ec-b0ad-1860247f69ed.output.json",
        "creationTime": "2022-02-11T17:33:24.0729312+00:00", "beginExecutionTime":
        "2022-02-11T17:33:25.919217Z", "endExecutionTime": "2022-02-11T17:33:26.0254007Z",
        "cancellationTime": null, "costEstimate": null, "errorData": null, "isCancelling":
        false, "tags": [], "access_token": "fake_token"}'
    headers:
      content-length:
      - '1473'
      content-type:
      - application/json; charset=utf-8
      transfer-encoding:
      - chunked
    status:
      code: 200
      message: OK
- request:
    body: null
    headers:
      Accept:
      - application/xml
      Accept-Encoding:
      - gzip, deflate
      Connection:
      - keep-alive
      User-Agent:
      - azsdk-python-storage-blob/12.9.0 Python/3.9.5 (Windows-10-10.0.19044-SP0)
      x-ms-date:
      - Fri, 11 Feb 2022 17:33:27 GMT
      x-ms-range:
      - bytes=0-33554431
      x-ms-version:
      - '2020-10-02'
    method: GET
    uri: https://mystorage.blob.core.windows.net/job-00000000-0000-0000-0000-000000000000/rawOutputData?sv=PLACEHOLDER&sr=b&sig=PLACEHOLDER&se=PLACEHOLDER&sp=r&rscd=attachment%3B%20filename%3DTest-ParallelTempering-%252220210101-000000%2522-b5ef5a60-8b60-11ec-b0ad-1860247f69ed.output.json
  response:
    body:
      string: '{"version": "1.0", "configuration": {"1": 1, "0": 1, "2": 0, "3": 1},
        "cost": -5.0, "solutions": [{"configuration": {"1": 1, "0": 1, "2": 0, "3":
        1}, "cost": -5.0}], "access_token": "fake_token"}'
    headers:
      accept-ranges:
      - bytes
      content-length:
      - '170'
      content-range:
      - bytes 0-169/170
      content-type:
      - application/json
      x-ms-blob-content-md5:
      - oO3WY1+vPlumWsKVwlLwdg==
      x-ms-blob-type:
      - BlockBlob
      x-ms-creation-time:
      - Fri, 11 Feb 2022 17:33:24 GMT
      x-ms-lease-state:
      - available
      x-ms-lease-status:
      - unlocked
      x-ms-server-encrypted:
      - 'true'
      x-ms-version:
      - '2020-10-02'
    status:
      code: 206
      message: Partial Content
- request:
    body: null
    headers:
      Accept:
      - application/json
      Accept-Encoding:
      - gzip, deflate
      Connection:
      - keep-alive
      User-Agent:
      - testapp azsdk-python-quantum/0.0.0.1 Python/3.9.5 (Windows-10-10.0.19044-SP0)
    method: GET
    uri: https://eastus.quantum.azure.com/v1.0/subscriptions/00000000-0000-0000-0000-000000000000/resourceGroups/myresourcegroup/providers/Microsoft.Quantum/workspaces/myworkspace/jobs/00000000-0000-0000-0000-000000000000
  response:
    body:
      string: '{"containerUri": "https://mystorage.blob.core.windows.net/job-00000000-0000-0000-0000-000000000000?sv=PLACEHOLDER&sig=PLACEHOLDER&se=PLACEHOLDER&srt=co&ss=b&sp=racw",
        "inputDataUri": "https://mystorage.blob.core.windows.net/job-00000000-0000-0000-0000-000000000000/inputData?sv=PLACEHOLDER&sr=b&sig=PLACEHOLDER&se=PLACEHOLDER&sp=r&rscd=attachment%3B%20filename%3DTest-ParallelTempering-%252220210101-000000%2522-b5ef5a60-8b60-11ec-b0ad-1860247f69ed.input.json",
        "inputDataFormat": "microsoft.qio.v2", "inputParams": {"params": {"sweeps":
        100}}, "providerId": "microsoft", "target": "microsoft.paralleltempering.cpu",
        "metadata": null, "name": "Test-ParallelTempering-\"20210101-000000\"", "id":
        "00000000-0000-0000-0000-000000000000", "status": "Succeeded", "outputDataFormat":
        "microsoft.qio-results.v2", "outputDataUri": "https://mystorage.blob.core.windows.net/job-00000000-0000-0000-0000-000000000000/rawOutputData?sv=PLACEHOLDER&sr=b&sig=PLACEHOLDER&se=PLACEHOLDER&sp=r&rscd=attachment%3B%20filename%3DTest-ParallelTempering-%252220210101-000000%2522-b5ef5a60-8b60-11ec-b0ad-1860247f69ed.output.json",
        "creationTime": "2022-02-11T17:33:24.0729312+00:00", "beginExecutionTime":
        "2022-02-11T17:33:25.919217Z", "endExecutionTime": "2022-02-11T17:33:26.0254007Z",
        "cancellationTime": null, "costEstimate": null, "errorData": null, "isCancelling":
        false, "tags": [], "access_token": "fake_token"}'
    headers:
      content-length:
      - '1473'
      content-type:
      - application/json; charset=utf-8
    status:
      code: 200
      message: OK
version: 1
