interactions:
- request:
    body: client_id=PLACEHOLDER&grant_type=client_credentials&client_info=1&client_secret=PLACEHOLDER&scope=https%3A%2F%2Fquantum.microsoft.com%2F.default
    headers:
      Accept:
      - application/json
      Accept-Encoding:
      - gzip, deflate
      Connection:
      - keep-alive
      Content-Length:
      - '144'
      Content-Type:
      - application/x-www-form-urlencoded
      User-Agent:
      - azsdk-python-identity/1.14.0 Python/3.9.18 (Windows-10-10.0.22621-SP0)
      x-client-cpu:
      - x64
      x-client-current-telemetry:
      - 4|730,2|
      x-client-os:
      - win32
      x-client-sku:
      - MSAL.Python
      x-client-ver:
      - 1.23.0
    method: POST
    uri: https://login.microsoftonline.com/00000000-0000-0000-0000-000000000000/oauth2/v2.0/token
  response:
    body:
      string: '{"token_type": "Bearer", "expires_in": 86399, "ext_expires_in": 86399,
        "refresh_in": 43199, "access_token": "fake_token"}'
    headers:
      content-length:
      - '121'
      content-type:
      - application/json; charset=utf-8
    status:
      code: 200
      message: OK
- request:
    body: null
    headers:
      Accept:
      - application/json
      Accept-Encoding:
      - gzip, deflate
      Connection:
      - keep-alive
      User-Agent:
      - testapp-azure-quantum-qiskit azsdk-python-quantum/0.0.1 Python/3.9.18 (Windows-10-10.0.22621-SP0)
    method: GET
    uri: https://eastus.quantum.azure.com/subscriptions/00000000-0000-0000-0000-000000000000/resourceGroups/myresourcegroup/providers/Microsoft.Quantum/workspaces/myworkspace/providerStatus?api-version=2022-09-12-preview&test-sequence-id=1
  response:
    body:
      string: '{"value": [{"id": "ionq", "currentAvailability": "Degraded", "targets":
        [{"id": "ionq.qpu", "currentAvailability": "Available", "averageQueueTime":
        0, "statusPage": "https://status.ionq.co"}, {"id": "ionq.qpu.aria-1", "currentAvailability":
        "Unavailable", "averageQueueTime": 755821, "statusPage": "https://status.ionq.co"},
        {"id": "ionq.qpu.aria-2", "currentAvailability": "Available", "averageQueueTime":
        78188, "statusPage": "https://status.ionq.co"}, {"id": "ionq.simulator", "currentAvailability":
        "Available", "averageQueueTime": 1249, "statusPage": "https://status.ionq.co"}]},
        {"id": "microsoft-qc", "currentAvailability": "Available", "targets": [{"id":
        "microsoft.estimator", "currentAvailability": "Available", "averageQueueTime":
        0, "statusPage": null}]}, {"id": "pasqal", "currentAvailability": "Available",
        "targets": [{"id": "pasqal.sim.emu_free", "currentAvailability": "Available",
        "averageQueueTime": 0, "statusPage": "https://pasqal.com"}, {"id": "pasqal.sim.emu_tn",
        "currentAvailability": "Available", "averageQueueTime": 0, "statusPage": "https://pasqal.com"},
        {"id": "pasqal.qpu.fresnel", "currentAvailability": "Available", "averageQueueTime":
        0, "statusPage": "https://pasqal.com"}]}, {"id": "quantinuum", "currentAvailability":
        "Degraded", "targets": [{"id": "quantinuum.qpu.h1-1", "currentAvailability":
        "Unavailable", "averageQueueTime": 0, "statusPage": "https://www.quantinuum.com/hardware/h1"},
        {"id": "quantinuum.sim.h1-1sc", "currentAvailability": "Available", "averageQueueTime":
        0, "statusPage": "https://www.quantinuum.com/hardware/h1"}, {"id": "quantinuum.qpu.h1-2",
        "currentAvailability": "Unavailable", "averageQueueTime": 0, "statusPage":
        "https://www.quantinuum.com/hardware/h1"}, {"id": "quantinuum.sim.h1-2sc",
        "currentAvailability": "Available", "averageQueueTime": 0, "statusPage": "https://www.quantinuum.com/hardware/h1"},
        {"id": "quantinuum.sim.h1-1e", "currentAvailability": "Available", "averageQueueTime":
        7, "statusPage": "https://www.quantinuum.com/hardware/h1"}, {"id": "quantinuum.sim.h1-2e",
        "currentAvailability": "Available", "averageQueueTime": 8, "statusPage": "https://www.quantinuum.com/hardware/h1"},
        {"id": "quantinuum.qpu.h2-1", "currentAvailability": "Unavailable", "averageQueueTime":
        0, "statusPage": "https://www.quantinuum.com/hardware/h2"}, {"id": "quantinuum.sim.h2-1sc",
        "currentAvailability": "Available", "averageQueueTime": 7, "statusPage": "https://www.quantinuum.com/hardware/h2"},
        {"id": "quantinuum.sim.h2-1e", "currentAvailability": "Available", "averageQueueTime":
        0, "statusPage": "https://www.quantinuum.com/hardware/h2"}, {"id": "quantinuum.sim.h1-1sc-preview",
        "currentAvailability": "Available", "averageQueueTime": 0, "statusPage": "https://www.quantinuum.com/hardware/h1"},
        {"id": "quantinuum.sim.h1-2sc-preview", "currentAvailability": "Available",
        "averageQueueTime": 0, "statusPage": "https://www.quantinuum.com/hardware/h1"},
        {"id": "quantinuum.sim.h1-1e-preview", "currentAvailability": "Available",
        "averageQueueTime": 7, "statusPage": "https://www.quantinuum.com/hardware/h1"},
        {"id": "quantinuum.sim.h1-2e-preview", "currentAvailability": "Available",
        "averageQueueTime": 8, "statusPage": "https://www.quantinuum.com/hardware/h1"},
        {"id": "quantinuum.qpu.h1-1-preview", "currentAvailability": "Unavailable",
        "averageQueueTime": 0, "statusPage": "https://www.quantinuum.com/hardware/h1"},
        {"id": "quantinuum.qpu.h1-2-preview", "currentAvailability": "Unavailable",
        "averageQueueTime": 0, "statusPage": "https://www.quantinuum.com/hardware/h1"}]},
        {"id": "rigetti", "currentAvailability": "Degraded", "targets": [{"id": "rigetti.sim.qvm",
        "currentAvailability": "Available", "averageQueueTime": 5, "statusPage": "https://rigetti.statuspage.io/"},
        {"id": "rigetti.qpu.aspen-m-2", "currentAvailability": "Unavailable", "averageQueueTime":
        0, "statusPage": null}, {"id": "rigetti.qpu.aspen-m-3", "currentAvailability":
        "Available", "averageQueueTime": 5, "statusPage": "https://rigetti.statuspage.io/"}]},
        {"id": "qci", "currentAvailability": "Degraded", "targets": [{"id": "qci.simulator",
        "currentAvailability": "Available", "averageQueueTime": 1, "statusPage": "https://quantumcircuits.com"},
        {"id": "qci.machine1", "currentAvailability": "Unavailable", "averageQueueTime":
        1, "statusPage": "https://quantumcircuits.com"}, {"id": "qci.simulator.noisy",
        "currentAvailability": "Available", "averageQueueTime": 0, "statusPage": "https://quantumcircuits.com"}]},
        {"id": "Microsoft.Test", "currentAvailability": "Available", "targets": [{"id":
        "echo-rigetti", "currentAvailability": "Available", "averageQueueTime": 1,
        "statusPage": ""}, {"id": "echo-quantinuum", "currentAvailability": "Available",
        "averageQueueTime": 1, "statusPage": ""}, {"id": "echo-qci", "currentAvailability":
        "Available", "averageQueueTime": 1, "statusPage": ""}, {"id": "echo-ionq",
        "currentAvailability": "Available", "averageQueueTime": 1, "statusPage": ""},
        {"id": "sparse-sim-rigetti", "currentAvailability": "Available", "averageQueueTime":
        1, "statusPage": ""}, {"id": "sparse-sim-quantinuum", "currentAvailability":
        "Available", "averageQueueTime": 1, "statusPage": ""}, {"id": "sparse-sim-qci",
        "currentAvailability": "Available", "averageQueueTime": 1, "statusPage": ""},
        {"id": "sparse-sim-ionq", "currentAvailability": "Available", "averageQueueTime":
        1, "statusPage": ""}, {"id": "echo-output", "currentAvailability": "Available",
        "averageQueueTime": 1, "statusPage": ""}]}], "nextLink": null, "access_token":
        "fake_token"}'
    headers:
      connection:
      - keep-alive
      content-length:
      - '5502'
      content-type:
      - application/json; charset=utf-8
      transfer-encoding:
      - chunked
    status:
      code: 200
      message: OK
- request:
    body: null
    headers:
      Accept:
      - application/json
      Accept-Encoding:
      - gzip, deflate
      Connection:
      - keep-alive
      User-Agent:
      - testapp-azure-quantum-qiskit azsdk-python-quantum/0.0.1 Python/3.9.18 (Windows-10-10.0.22621-SP0)
    method: GET
    uri: https://eastus.quantum.azure.com/subscriptions/00000000-0000-0000-0000-000000000000/resourceGroups/myresourcegroup/providers/Microsoft.Quantum/workspaces/myworkspace/providerStatus?api-version=2022-09-12-preview&test-sequence-id=2
  response:
    body:
      string: '{"value": [{"id": "ionq", "currentAvailability": "Degraded", "targets":
        [{"id": "ionq.qpu", "currentAvailability": "Available", "averageQueueTime":
        0, "statusPage": "https://status.ionq.co"}, {"id": "ionq.qpu.aria-1", "currentAvailability":
        "Unavailable", "averageQueueTime": 755821, "statusPage": "https://status.ionq.co"},
        {"id": "ionq.qpu.aria-2", "currentAvailability": "Available", "averageQueueTime":
        78188, "statusPage": "https://status.ionq.co"}, {"id": "ionq.simulator", "currentAvailability":
        "Available", "averageQueueTime": 1249, "statusPage": "https://status.ionq.co"}]},
        {"id": "microsoft-qc", "currentAvailability": "Available", "targets": [{"id":
        "microsoft.estimator", "currentAvailability": "Available", "averageQueueTime":
        0, "statusPage": null}]}, {"id": "pasqal", "currentAvailability": "Available",
        "targets": [{"id": "pasqal.sim.emu_free", "currentAvailability": "Available",
        "averageQueueTime": 0, "statusPage": "https://pasqal.com"}, {"id": "pasqal.sim.emu_tn",
        "currentAvailability": "Available", "averageQueueTime": 0, "statusPage": "https://pasqal.com"},
        {"id": "pasqal.qpu.fresnel", "currentAvailability": "Available", "averageQueueTime":
        0, "statusPage": "https://pasqal.com"}]}, {"id": "quantinuum", "currentAvailability":
        "Degraded", "targets": [{"id": "quantinuum.qpu.h1-1", "currentAvailability":
        "Unavailable", "averageQueueTime": 0, "statusPage": "https://www.quantinuum.com/hardware/h1"},
        {"id": "quantinuum.sim.h1-1sc", "currentAvailability": "Available", "averageQueueTime":
        0, "statusPage": "https://www.quantinuum.com/hardware/h1"}, {"id": "quantinuum.qpu.h1-2",
        "currentAvailability": "Unavailable", "averageQueueTime": 0, "statusPage":
        "https://www.quantinuum.com/hardware/h1"}, {"id": "quantinuum.sim.h1-2sc",
        "currentAvailability": "Available", "averageQueueTime": 0, "statusPage": "https://www.quantinuum.com/hardware/h1"},
        {"id": "quantinuum.sim.h1-1e", "currentAvailability": "Available", "averageQueueTime":
        7, "statusPage": "https://www.quantinuum.com/hardware/h1"}, {"id": "quantinuum.sim.h1-2e",
        "currentAvailability": "Available", "averageQueueTime": 8, "statusPage": "https://www.quantinuum.com/hardware/h1"},
        {"id": "quantinuum.qpu.h2-1", "currentAvailability": "Unavailable", "averageQueueTime":
        0, "statusPage": "https://www.quantinuum.com/hardware/h2"}, {"id": "quantinuum.sim.h2-1sc",
        "currentAvailability": "Available", "averageQueueTime": 7, "statusPage": "https://www.quantinuum.com/hardware/h2"},
        {"id": "quantinuum.sim.h2-1e", "currentAvailability": "Available", "averageQueueTime":
        0, "statusPage": "https://www.quantinuum.com/hardware/h2"}, {"id": "quantinuum.sim.h1-1sc-preview",
        "currentAvailability": "Available", "averageQueueTime": 0, "statusPage": "https://www.quantinuum.com/hardware/h1"},
        {"id": "quantinuum.sim.h1-2sc-preview", "currentAvailability": "Available",
        "averageQueueTime": 0, "statusPage": "https://www.quantinuum.com/hardware/h1"},
        {"id": "quantinuum.sim.h1-1e-preview", "currentAvailability": "Available",
        "averageQueueTime": 7, "statusPage": "https://www.quantinuum.com/hardware/h1"},
        {"id": "quantinuum.sim.h1-2e-preview", "currentAvailability": "Available",
        "averageQueueTime": 8, "statusPage": "https://www.quantinuum.com/hardware/h1"},
        {"id": "quantinuum.qpu.h1-1-preview", "currentAvailability": "Unavailable",
        "averageQueueTime": 0, "statusPage": "https://www.quantinuum.com/hardware/h1"},
        {"id": "quantinuum.qpu.h1-2-preview", "currentAvailability": "Unavailable",
        "averageQueueTime": 0, "statusPage": "https://www.quantinuum.com/hardware/h1"}]},
        {"id": "rigetti", "currentAvailability": "Degraded", "targets": [{"id": "rigetti.sim.qvm",
        "currentAvailability": "Available", "averageQueueTime": 5, "statusPage": "https://rigetti.statuspage.io/"},
        {"id": "rigetti.qpu.aspen-m-2", "currentAvailability": "Unavailable", "averageQueueTime":
        0, "statusPage": null}, {"id": "rigetti.qpu.aspen-m-3", "currentAvailability":
        "Available", "averageQueueTime": 5, "statusPage": "https://rigetti.statuspage.io/"}]},
        {"id": "qci", "currentAvailability": "Degraded", "targets": [{"id": "qci.simulator",
        "currentAvailability": "Available", "averageQueueTime": 1, "statusPage": "https://quantumcircuits.com"},
        {"id": "qci.machine1", "currentAvailability": "Unavailable", "averageQueueTime":
        1, "statusPage": "https://quantumcircuits.com"}, {"id": "qci.simulator.noisy",
        "currentAvailability": "Available", "averageQueueTime": 0, "statusPage": "https://quantumcircuits.com"}]},
        {"id": "Microsoft.Test", "currentAvailability": "Available", "targets": [{"id":
        "echo-rigetti", "currentAvailability": "Available", "averageQueueTime": 1,
        "statusPage": ""}, {"id": "echo-quantinuum", "currentAvailability": "Available",
        "averageQueueTime": 1, "statusPage": ""}, {"id": "echo-qci", "currentAvailability":
        "Available", "averageQueueTime": 1, "statusPage": ""}, {"id": "echo-ionq",
        "currentAvailability": "Available", "averageQueueTime": 1, "statusPage": ""},
        {"id": "sparse-sim-rigetti", "currentAvailability": "Available", "averageQueueTime":
        1, "statusPage": ""}, {"id": "sparse-sim-quantinuum", "currentAvailability":
        "Available", "averageQueueTime": 1, "statusPage": ""}, {"id": "sparse-sim-qci",
        "currentAvailability": "Available", "averageQueueTime": 1, "statusPage": ""},
        {"id": "sparse-sim-ionq", "currentAvailability": "Available", "averageQueueTime":
        1, "statusPage": ""}, {"id": "echo-output", "currentAvailability": "Available",
        "averageQueueTime": 1, "statusPage": ""}]}], "nextLink": null, "access_token":
        "fake_token"}'
    headers:
      connection:
      - keep-alive
      content-length:
      - '5502'
      content-type:
      - application/json; charset=utf-8
      transfer-encoding:
      - chunked
    status:
      code: 200
      message: OK
- request:
    body: 'b''{"containerName": "job-00000000-0000-0000-0000-000000000001"}'''
    headers:
      Accept:
      - application/json
      Accept-Encoding:
      - gzip, deflate
      Connection:
      - keep-alive
      Content-Length:
      - '64'
      Content-Type:
      - application/json
      User-Agent:
      - testapp-azure-quantum-qiskit azsdk-python-quantum/0.0.1 Python/3.9.18 (Windows-10-10.0.22621-SP0)
    method: POST
    uri: https://eastus.quantum.azure.com/subscriptions/00000000-0000-0000-0000-000000000000/resourceGroups/myresourcegroup/providers/Microsoft.Quantum/workspaces/myworkspace/storage/sasUri?api-version=2022-09-12-preview&test-sequence-id=1
  response:
    body:
      string: '{"sasUri": "https://mystorage.blob.core.windows.net/job-00000000-0000-0000-0000-000000000001?sv=PLACEHOLDER&sig=PLACEHOLDER&se=PLACEHOLDER&srt=co&ss=b&sp=racw",
        "access_token": "fake_token"}'
    headers:
      connection:
      - keep-alive
      content-length:
      - '190'
      content-type:
      - application/json; charset=utf-8
      transfer-encoding:
      - chunked
    status:
      code: 200
      message: OK
- request:
    body: null
    headers:
      Accept:
      - application/xml
      Accept-Encoding:
      - gzip, deflate
      Connection:
      - keep-alive
      User-Agent:
      - azsdk-python-storage-blob/12.17.0 Python/3.9.18 (Windows-10-10.0.22621-SP0)
      x-ms-date:
      - Sat, 09 Sep 2023 00:29:01 GMT
      x-ms-version:
      - '2023-01-03'
    method: GET
    uri: https://mystorage.blob.core.windows.net/job-00000000-0000-0000-0000-000000000001?restype=container&sv=PLACEHOLDER&sig=PLACEHOLDER&se=PLACEHOLDER&srt=co&ss=b&sp=racw
  response:
    body:
      string: "\uFEFF<?xml version=\"1.0\" encoding=\"utf-8\"?><Error><Code>ContainerNotFound</Code><Message>The
        specified container does not exist.\nRequestId:8d766b47-801e-0030-0db4-e2fda5000000\nTime:2023-09-09T00:29:02.7077088Z</Message></Error>"
    headers:
      content-length:
      - '223'
      content-type:
      - application/xml
      x-ms-version:
      - '2023-01-03'
    status:
      code: 404
      message: The specified container does not exist.
- request:
    body: null
    headers:
      Accept:
      - application/xml
      Accept-Encoding:
      - gzip, deflate
      Connection:
      - keep-alive
      Content-Length:
      - '0'
      User-Agent:
      - azsdk-python-storage-blob/12.17.0 Python/3.9.18 (Windows-10-10.0.22621-SP0)
      x-ms-date:
      - Sat, 09 Sep 2023 00:29:02 GMT
      x-ms-version:
      - '2023-01-03'
    method: PUT
    uri: https://mystorage.blob.core.windows.net/job-00000000-0000-0000-0000-000000000001?restype=container&sv=PLACEHOLDER&sig=PLACEHOLDER&se=PLACEHOLDER&srt=co&ss=b&sp=racw
  response:
    body:
      string: ''
    headers:
      content-length:
      - '0'
      x-ms-version:
      - '2023-01-03'
    status:
      code: 201
      message: Created
- request:
    body: null
    headers:
      Accept:
      - application/xml
      Accept-Encoding:
      - gzip, deflate
      Connection:
      - keep-alive
      User-Agent:
      - azsdk-python-storage-blob/12.17.0 Python/3.9.18 (Windows-10-10.0.22621-SP0)
      x-ms-date:
      - Sat, 09 Sep 2023 00:29:02 GMT
      x-ms-version:
      - '2023-01-03'
    method: GET
    uri: https://mystorage.blob.core.windows.net/job-00000000-0000-0000-0000-000000000001?restype=container&sv=PLACEHOLDER&sig=PLACEHOLDER&se=PLACEHOLDER&srt=co&ss=b&sp=racw
  response:
    body:
      string: ''
    headers:
      content-length:
      - '0'
      x-ms-lease-state:
      - available
      x-ms-lease-status:
      - unlocked
      x-ms-version:
      - '2023-01-03'
    status:
      code: 200
      message: OK
- request:
    body: b'OPENQASM 2.0;\ninclude "qelib1.inc";\nqreg q[4];\ncreg c[3];\nh q[0];\ncx
      q[0],q[1];\ncx q[1],q[2];\nh q[3];\nmeasure q[0] -> c[0];\nmeasure q[1] -> c[1];\nmeasure
      q[2] -> c[2];\n'
    headers:
      Accept:
      - application/xml
      Accept-Encoding:
      - gzip, deflate
      Connection:
      - keep-alive
      Content-Length:
      - '182'
      Content-Type:
      - application/octet-stream
      User-Agent:
      - azsdk-python-storage-blob/12.17.0 Python/3.9.18 (Windows-10-10.0.22621-SP0)
      x-ms-blob-type:
      - BlockBlob
      x-ms-date:
      - Sat, 09 Sep 2023 00:29:03 GMT
      x-ms-version:
      - '2023-01-03'
    method: PUT
    uri: https://mystorage.blob.core.windows.net/job-00000000-0000-0000-0000-000000000001/inputData?sv=PLACEHOLDER&sig=PLACEHOLDER&se=PLACEHOLDER&srt=co&ss=b&sp=racw
  response:
    body:
      string: ''
    headers:
      content-length:
      - '0'
      x-ms-version:
      - '2023-01-03'
    status:
      code: 201
      message: Created
- request:
    body: 'b''{"id": "00000000-0000-0000-0000-000000000001", "name": "Qiskit Sample
      - 3-qubit GHZ circuit", "providerId": "quantinuum", "target": "quantinuum.sim.h1-1e",
      "itemType": "Job", "containerUri": "https://mystorage.blob.core.windows.net/job-00000000-0000-0000-0000-000000000001?sv=PLACEHOLDER&sig=PLACEHOLDER&se=PLACEHOLDER&srt=co&ss=b&sp=racw",
      "inputDataUri": "https://mystorage.blob.core.windows.net/job-00000000-0000-0000-0000-000000000001/inputData",
      "inputDataFormat": "honeywell.openqasm.v1", "inputParams": {"count": 500, "shots":
      500}, "metadata": {"qiskit": "True", "name": "Qiskit Sample - 3-qubit GHZ circuit",
      "num_qubits": "4", "metadata": "{\\"some\\": \\"data\\"}"}, "outputDataFormat":
      "honeywell.quantum-results.v1"}'''
    headers:
      Accept:
      - application/json
      Accept-Encoding:
      - gzip, deflate
      Connection:
      - keep-alive
      Content-Length:
      - '732'
      Content-Type:
      - application/json
      User-Agent:
      - testapp-azure-quantum-qiskit azsdk-python-quantum/0.0.1 Python/3.9.18 (Windows-10-10.0.22621-SP0)
    method: PUT
    uri: https://eastus.quantum.azure.com/subscriptions/00000000-0000-0000-0000-000000000000/resourceGroups/myresourcegroup/providers/Microsoft.Quantum/workspaces/myworkspace/jobs/00000000-0000-0000-0000-000000000001?api-version=2022-09-12-preview&test-sequence-id=1
  response:
    body:
      string: '{"containerUri": "https://mystorage.blob.core.windows.net/job-00000000-0000-0000-0000-000000000001?sv=PLACEHOLDER&sig=PLACEHOLDER&se=PLACEHOLDER&srt=co&ss=b&sp=racw",
        "inputDataUri": "https://mystorage.blob.core.windows.net/job-00000000-0000-0000-0000-000000000001/inputData?sv=PLACEHOLDER&sr=b&sig=PLACEHOLDER&se=PLACEHOLDER&sp=rcw",
        "inputDataFormat": "honeywell.openqasm.v1", "inputParams": {"count": 500,
        "shots": 500}, "metadata": {"qiskit": "True", "name": "Qiskit Sample - 3-qubit
        GHZ circuit", "num_qubits": "4", "metadata": "{\"some\": \"data\"}"}, "sessionId":
        null, "status": "Waiting", "jobType": "QuantumComputing", "outputDataFormat":
        "honeywell.quantum-results.v1", "outputDataUri": "https://mystorage.blob.core.windows.net:443/job-00000000-0000-0000-0000-000000000001/outputData?sv=PLACEHOLDER&sig=PLACEHOLDER&se=PLACEHOLDER&srt=co&ss=b&sp=racw",
        "beginExecutionTime": null, "cancellationTime": null, "quantumComputingData":
        {"count": 1}, "errorData": null, "isCancelling": false, "tags": [], "name":
        "Qiskit Sample - 3-qubit GHZ circuit", "id": "00000000-0000-0000-0000-000000000001",
        "providerId": "quantinuum", "target": "quantinuum.sim.h1-1e", "creationTime":
        "2023-09-09T00:29:03.8602552+00:00", "endExecutionTime": null, "costEstimate":
        null, "itemType": "Job", "access_token": "fake_token"}'
    headers:
      connection:
      - keep-alive
      content-length:
      - '1313'
      content-type:
      - application/json; charset=utf-8
      transfer-encoding:
      - chunked
    status:
      code: 200
      message: OK
- request:
    body: null
    headers:
      Accept:
      - application/json
      Accept-Encoding:
      - gzip, deflate
      Connection:
      - keep-alive
      User-Agent:
      - testapp-azure-quantum-qiskit azsdk-python-quantum/0.0.1 Python/3.9.18 (Windows-10-10.0.22621-SP0)
    method: GET
    uri: https://eastus.quantum.azure.com/subscriptions/00000000-0000-0000-0000-000000000000/resourceGroups/myresourcegroup/providers/Microsoft.Quantum/workspaces/myworkspace/jobs/00000000-0000-0000-0000-000000000001?api-version=2022-09-12-preview&test-sequence-id=1
  response:
    body:
      string: '{"containerUri": "https://mystorage.blob.core.windows.net/job-00000000-0000-0000-0000-000000000001?sv=PLACEHOLDER&sig=PLACEHOLDER&se=PLACEHOLDER&srt=co&ss=b&sp=racw",
        "inputDataUri": "https://mystorage.blob.core.windows.net/job-00000000-0000-0000-0000-000000000001/inputData?sv=PLACEHOLDER&sr=b&sig=PLACEHOLDER&se=PLACEHOLDER&sp=r&rscd=attachment%3B%20filename%3DQiskit%2BSample%2B-%2B3-qubit%2BGHZ%2Bcircuit-00000000-0000-0000-0000-000000000001.input.json",
        "inputDataFormat": "honeywell.openqasm.v1", "inputParams": {"count": 500,
        "shots": 500}, "metadata": {"qiskit": "True", "name": "Qiskit Sample - 3-qubit
        GHZ circuit", "num_qubits": "4", "metadata": "{\"some\": \"data\"}"}, "sessionId":
        null, "status": "Waiting", "jobType": "QuantumComputing", "outputDataFormat":
        "honeywell.quantum-results.v1", "outputDataUri": "https://mystorage.blob.core.windows.net/job-00000000-0000-0000-0000-000000000001/outputData?sv=PLACEHOLDER&sr=b&sig=PLACEHOLDER&se=PLACEHOLDER&sp=r&rscd=attachment%3B%20filename%3DQiskit%2BSample%2B-%2B3-qubit%2BGHZ%2Bcircuit-00000000-0000-0000-0000-000000000001.output.json",
        "beginExecutionTime": null, "cancellationTime": null, "quantumComputingData":
        {"count": 1}, "errorData": null, "isCancelling": false, "tags": [], "name":
        "Qiskit Sample - 3-qubit GHZ circuit", "id": "00000000-0000-0000-0000-000000000001",
        "providerId": "quantinuum", "target": "quantinuum.sim.h1-1e", "creationTime":
        "2023-09-09T00:29:03.8602552+00:00", "endExecutionTime": null, "costEstimate":
        null, "itemType": "Job", "access_token": "fake_token"}'
    headers:
      connection:
      - keep-alive
      content-length:
      - '1550'
      content-type:
      - application/json; charset=utf-8
      transfer-encoding:
      - chunked
    status:
      code: 200
      message: OK
- request:
    body: null
    headers:
      Accept:
      - application/json
      Accept-Encoding:
      - gzip, deflate
      Connection:
      - keep-alive
      User-Agent:
      - testapp-azure-quantum-qiskit azsdk-python-quantum/0.0.1 Python/3.9.18 (Windows-10-10.0.22621-SP0)
    method: GET
    uri: https://eastus.quantum.azure.com/subscriptions/00000000-0000-0000-0000-000000000000/resourceGroups/myresourcegroup/providers/Microsoft.Quantum/workspaces/myworkspace/jobs/00000000-0000-0000-0000-000000000001?api-version=2022-09-12-preview&test-sequence-id=2
  response:
    body:
      string: '{"containerUri": "https://mystorage.blob.core.windows.net/job-00000000-0000-0000-0000-000000000001?sv=PLACEHOLDER&sig=PLACEHOLDER&se=PLACEHOLDER&srt=co&ss=b&sp=racw",
        "inputDataUri": "https://mystorage.blob.core.windows.net/job-00000000-0000-0000-0000-000000000001/inputData?sv=PLACEHOLDER&sr=b&sig=PLACEHOLDER&se=PLACEHOLDER&sp=r&rscd=attachment%3B%20filename%3DQiskit%2BSample%2B-%2B3-qubit%2BGHZ%2Bcircuit-00000000-0000-0000-0000-000000000001.input.json",
        "inputDataFormat": "honeywell.openqasm.v1", "inputParams": {"count": 500,
        "shots": 500}, "metadata": {"qiskit": "True", "name": "Qiskit Sample - 3-qubit
        GHZ circuit", "num_qubits": "4", "metadata": "{\"some\": \"data\"}"}, "sessionId":
        null, "status": "Waiting", "jobType": "QuantumComputing", "outputDataFormat":
        "honeywell.quantum-results.v1", "outputDataUri": "https://mystorage.blob.core.windows.net/job-00000000-0000-0000-0000-000000000001/outputData?sv=PLACEHOLDER&sr=b&sig=PLACEHOLDER&se=PLACEHOLDER&sp=r&rscd=attachment%3B%20filename%3DQiskit%2BSample%2B-%2B3-qubit%2BGHZ%2Bcircuit-00000000-0000-0000-0000-000000000001.output.json",
        "beginExecutionTime": null, "cancellationTime": null, "quantumComputingData":
        {"count": 1}, "errorData": null, "isCancelling": false, "tags": [], "name":
        "Qiskit Sample - 3-qubit GHZ circuit", "id": "00000000-0000-0000-0000-000000000001",
        "providerId": "quantinuum", "target": "quantinuum.sim.h1-1e", "creationTime":
        "2023-09-09T00:29:03.8602552+00:00", "endExecutionTime": null, "costEstimate":
        null, "itemType": "Job", "access_token": "fake_token"}'
    headers:
      connection:
      - keep-alive
      content-length:
      - '1550'
      content-type:
      - application/json; charset=utf-8
      transfer-encoding:
      - chunked
    status:
      code: 200
      message: OK
- request:
    body: null
    headers:
      Accept:
      - application/json
      Accept-Encoding:
      - gzip, deflate
      Connection:
      - keep-alive
      User-Agent:
      - testapp-azure-quantum-qiskit azsdk-python-quantum/0.0.1 Python/3.9.18 (Windows-10-10.0.22621-SP0)
    method: GET
    uri: https://eastus.quantum.azure.com/subscriptions/00000000-0000-0000-0000-000000000000/resourceGroups/myresourcegroup/providers/Microsoft.Quantum/workspaces/myworkspace/jobs/00000000-0000-0000-0000-000000000001?api-version=2022-09-12-preview&test-sequence-id=3
  response:
    body:
      string: '{"containerUri": "https://mystorage.blob.core.windows.net/job-00000000-0000-0000-0000-000000000001?sv=PLACEHOLDER&sig=PLACEHOLDER&se=PLACEHOLDER&srt=co&ss=b&sp=racw",
        "inputDataUri": "https://mystorage.blob.core.windows.net/job-00000000-0000-0000-0000-000000000001/inputData?sv=PLACEHOLDER&sr=b&sig=PLACEHOLDER&se=PLACEHOLDER&sp=r&rscd=attachment%3B%20filename%3DQiskit%2BSample%2B-%2B3-qubit%2BGHZ%2Bcircuit-00000000-0000-0000-0000-000000000001.input.json",
        "inputDataFormat": "honeywell.openqasm.v1", "inputParams": {"count": 500,
        "shots": 500}, "metadata": {"qiskit": "True", "name": "Qiskit Sample - 3-qubit
        GHZ circuit", "num_qubits": "4", "metadata": "{\"some\": \"data\"}"}, "sessionId":
        null, "status": "Waiting", "jobType": "QuantumComputing", "outputDataFormat":
        "honeywell.quantum-results.v1", "outputDataUri": "https://mystorage.blob.core.windows.net/job-00000000-0000-0000-0000-000000000001/outputData?sv=PLACEHOLDER&sr=b&sig=PLACEHOLDER&se=PLACEHOLDER&sp=r&rscd=attachment%3B%20filename%3DQiskit%2BSample%2B-%2B3-qubit%2BGHZ%2Bcircuit-00000000-0000-0000-0000-000000000001.output.json",
        "beginExecutionTime": null, "cancellationTime": null, "quantumComputingData":
        {"count": 1}, "errorData": null, "isCancelling": false, "tags": [], "name":
        "Qiskit Sample - 3-qubit GHZ circuit", "id": "00000000-0000-0000-0000-000000000001",
        "providerId": "quantinuum", "target": "quantinuum.sim.h1-1e", "creationTime":
        "2023-09-09T00:29:03.8602552+00:00", "endExecutionTime": null, "costEstimate":
        null, "itemType": "Job", "access_token": "fake_token"}'
    headers:
      connection:
      - keep-alive
      content-length:
      - '1550'
      content-type:
      - application/json; charset=utf-8
      transfer-encoding:
      - chunked
    status:
      code: 200
      message: OK
- request:
    body: null
    headers:
      Accept:
      - application/json
      Accept-Encoding:
      - gzip, deflate
      Connection:
      - keep-alive
      User-Agent:
      - testapp-azure-quantum-qiskit azsdk-python-quantum/0.0.1 Python/3.9.18 (Windows-10-10.0.22621-SP0)
    method: GET
    uri: https://eastus.quantum.azure.com/subscriptions/00000000-0000-0000-0000-000000000000/resourceGroups/myresourcegroup/providers/Microsoft.Quantum/workspaces/myworkspace/jobs/00000000-0000-0000-0000-000000000001?api-version=2022-09-12-preview&test-sequence-id=4
  response:
    body:
      string: '{"containerUri": "https://mystorage.blob.core.windows.net/job-00000000-0000-0000-0000-000000000001?sv=PLACEHOLDER&sig=PLACEHOLDER&se=PLACEHOLDER&srt=co&ss=b&sp=racw",
        "inputDataUri": "https://mystorage.blob.core.windows.net/job-00000000-0000-0000-0000-000000000001/inputData?sv=PLACEHOLDER&sr=b&sig=PLACEHOLDER&se=PLACEHOLDER&sp=r&rscd=attachment%3B%20filename%3DQiskit%2BSample%2B-%2B3-qubit%2BGHZ%2Bcircuit-00000000-0000-0000-0000-000000000001.input.json",
        "inputDataFormat": "honeywell.openqasm.v1", "inputParams": {"count": 500,
        "shots": 500}, "metadata": {"qiskit": "True", "name": "Qiskit Sample - 3-qubit
        GHZ circuit", "num_qubits": "4", "metadata": "{\"some\": \"data\"}"}, "sessionId":
        null, "status": "Waiting", "jobType": "QuantumComputing", "outputDataFormat":
        "honeywell.quantum-results.v1", "outputDataUri": "https://mystorage.blob.core.windows.net/job-00000000-0000-0000-0000-000000000001/outputData?sv=PLACEHOLDER&sr=b&sig=PLACEHOLDER&se=PLACEHOLDER&sp=r&rscd=attachment%3B%20filename%3DQiskit%2BSample%2B-%2B3-qubit%2BGHZ%2Bcircuit-00000000-0000-0000-0000-000000000001.output.json",
        "beginExecutionTime": null, "cancellationTime": null, "quantumComputingData":
        {"count": 1}, "errorData": null, "isCancelling": false, "tags": [], "name":
        "Qiskit Sample - 3-qubit GHZ circuit", "id": "00000000-0000-0000-0000-000000000001",
        "providerId": "quantinuum", "target": "quantinuum.sim.h1-1e", "creationTime":
        "2023-09-09T00:29:03.8602552+00:00", "endExecutionTime": null, "costEstimate":
        null, "itemType": "Job", "access_token": "fake_token"}'
    headers:
      connection:
      - keep-alive
      content-length:
      - '1550'
      content-type:
      - application/json; charset=utf-8
      transfer-encoding:
      - chunked
    status:
      code: 200
      message: OK
- request:
    body: null
    headers:
      Accept:
      - application/json
      Accept-Encoding:
      - gzip, deflate
      Connection:
      - keep-alive
      User-Agent:
      - testapp-azure-quantum-qiskit azsdk-python-quantum/0.0.1 Python/3.9.18 (Windows-10-10.0.22621-SP0)
    method: GET
    uri: https://eastus.quantum.azure.com/subscriptions/00000000-0000-0000-0000-000000000000/resourceGroups/myresourcegroup/providers/Microsoft.Quantum/workspaces/myworkspace/jobs/00000000-0000-0000-0000-000000000001?api-version=2022-09-12-preview&test-sequence-id=5
  response:
    body:
      string: '{"containerUri": "https://mystorage.blob.core.windows.net/job-00000000-0000-0000-0000-000000000001?sv=PLACEHOLDER&sig=PLACEHOLDER&se=PLACEHOLDER&srt=co&ss=b&sp=racw",
        "inputDataUri": "https://mystorage.blob.core.windows.net/job-00000000-0000-0000-0000-000000000001/inputData?sv=PLACEHOLDER&sr=b&sig=PLACEHOLDER&se=PLACEHOLDER&sp=r&rscd=attachment%3B%20filename%3DQiskit%2BSample%2B-%2B3-qubit%2BGHZ%2Bcircuit-00000000-0000-0000-0000-000000000001.input.json",
        "inputDataFormat": "honeywell.openqasm.v1", "inputParams": {"count": 500,
        "shots": 500}, "metadata": {"qiskit": "True", "name": "Qiskit Sample - 3-qubit
        GHZ circuit", "num_qubits": "4", "metadata": "{\"some\": \"data\"}"}, "sessionId":
        null, "status": "Waiting", "jobType": "QuantumComputing", "outputDataFormat":
        "honeywell.quantum-results.v1", "outputDataUri": "https://mystorage.blob.core.windows.net/job-00000000-0000-0000-0000-000000000001/outputData?sv=PLACEHOLDER&sr=b&sig=PLACEHOLDER&se=PLACEHOLDER&sp=r&rscd=attachment%3B%20filename%3DQiskit%2BSample%2B-%2B3-qubit%2BGHZ%2Bcircuit-00000000-0000-0000-0000-000000000001.output.json",
        "beginExecutionTime": null, "cancellationTime": null, "quantumComputingData":
        {"count": 1}, "errorData": null, "isCancelling": false, "tags": [], "name":
        "Qiskit Sample - 3-qubit GHZ circuit", "id": "00000000-0000-0000-0000-000000000001",
        "providerId": "quantinuum", "target": "quantinuum.sim.h1-1e", "creationTime":
        "2023-09-09T00:29:03.8602552+00:00", "endExecutionTime": null, "costEstimate":
        null, "itemType": "Job", "access_token": "fake_token"}'
    headers:
      connection:
      - keep-alive
      content-length:
      - '1550'
      content-type:
      - application/json; charset=utf-8
      transfer-encoding:
      - chunked
    status:
      code: 200
      message: OK
- request:
    body: null
    headers:
      Accept:
      - application/json
      Accept-Encoding:
      - gzip, deflate
      Connection:
      - keep-alive
      User-Agent:
      - testapp-azure-quantum-qiskit azsdk-python-quantum/0.0.1 Python/3.9.18 (Windows-10-10.0.22621-SP0)
    method: GET
    uri: https://eastus.quantum.azure.com/subscriptions/00000000-0000-0000-0000-000000000000/resourceGroups/myresourcegroup/providers/Microsoft.Quantum/workspaces/myworkspace/jobs/00000000-0000-0000-0000-000000000001?api-version=2022-09-12-preview&test-sequence-id=6
  response:
    body:
      string: '{"containerUri": "https://mystorage.blob.core.windows.net/job-00000000-0000-0000-0000-000000000001?sv=PLACEHOLDER&sig=PLACEHOLDER&se=PLACEHOLDER&srt=co&ss=b&sp=racw",
        "inputDataUri": "https://mystorage.blob.core.windows.net/job-00000000-0000-0000-0000-000000000001/inputData?sv=PLACEHOLDER&sr=b&sig=PLACEHOLDER&se=PLACEHOLDER&sp=r&rscd=attachment%3B%20filename%3DQiskit%2BSample%2B-%2B3-qubit%2BGHZ%2Bcircuit-00000000-0000-0000-0000-000000000001.input.json",
        "inputDataFormat": "honeywell.openqasm.v1", "inputParams": {"count": 500,
        "shots": 500}, "metadata": {"qiskit": "True", "name": "Qiskit Sample - 3-qubit
        GHZ circuit", "num_qubits": "4", "metadata": "{\"some\": \"data\"}"}, "sessionId":
        null, "status": "Executing", "jobType": "QuantumComputing", "outputDataFormat":
        "honeywell.quantum-results.v1", "outputDataUri": "https://mystorage.blob.core.windows.net/job-00000000-0000-0000-0000-000000000001/outputData?sv=PLACEHOLDER&sr=b&sig=PLACEHOLDER&se=PLACEHOLDER&sp=r&rscd=attachment%3B%20filename%3DQiskit%2BSample%2B-%2B3-qubit%2BGHZ%2Bcircuit-00000000-0000-0000-0000-000000000001.output.json",
        "beginExecutionTime": "2023-09-09T00:29:05.421531+00:00", "cancellationTime":
        null, "quantumComputingData": {"count": 1}, "errorData": null, "isCancelling":
        false, "tags": [], "name": "Qiskit Sample - 3-qubit GHZ circuit", "id": "00000000-0000-0000-0000-000000000001",
        "providerId": "quantinuum", "target": "quantinuum.sim.h1-1e", "creationTime":
        "2023-09-09T00:29:03.8602552+00:00", "endExecutionTime": null, "costEstimate":
        null, "itemType": "Job", "access_token": "fake_token"}'
    headers:
      connection:
      - keep-alive
      content-length:
      - '1582'
      content-type:
      - application/json; charset=utf-8
      transfer-encoding:
      - chunked
    status:
      code: 200
      message: OK
- request:
    body: null
    headers:
      Accept:
      - application/json
      Accept-Encoding:
      - gzip, deflate
      Connection:
      - keep-alive
      User-Agent:
      - testapp-azure-quantum-qiskit azsdk-python-quantum/0.0.1 Python/3.9.18 (Windows-10-10.0.22621-SP0)
    method: GET
    uri: https://eastus.quantum.azure.com/subscriptions/00000000-0000-0000-0000-000000000000/resourceGroups/myresourcegroup/providers/Microsoft.Quantum/workspaces/myworkspace/jobs/00000000-0000-0000-0000-000000000001?api-version=2022-09-12-preview&test-sequence-id=7
  response:
    body:
      string: '{"containerUri": "https://mystorage.blob.core.windows.net/job-00000000-0000-0000-0000-000000000001?sv=PLACEHOLDER&sig=PLACEHOLDER&se=PLACEHOLDER&srt=co&ss=b&sp=racw",
        "inputDataUri": "https://mystorage.blob.core.windows.net/job-00000000-0000-0000-0000-000000000001/inputData?sv=PLACEHOLDER&sr=b&sig=PLACEHOLDER&se=PLACEHOLDER&sp=r&rscd=attachment%3B%20filename%3DQiskit%2BSample%2B-%2B3-qubit%2BGHZ%2Bcircuit-00000000-0000-0000-0000-000000000001.input.json",
        "inputDataFormat": "honeywell.openqasm.v1", "inputParams": {"count": 500,
        "shots": 500}, "metadata": {"qiskit": "True", "name": "Qiskit Sample - 3-qubit
        GHZ circuit", "num_qubits": "4", "metadata": "{\"some\": \"data\"}"}, "sessionId":
        null, "status": "Succeeded", "jobType": "QuantumComputing", "outputDataFormat":
        "honeywell.quantum-results.v1", "outputDataUri": "https://mystorage.blob.core.windows.net/job-00000000-0000-0000-0000-000000000001/rawOutputData?sv=PLACEHOLDER&sr=b&sig=PLACEHOLDER&se=PLACEHOLDER&sp=r&rscd=attachment%3B%20filename%3DQiskit%2BSample%2B-%2B3-qubit%2BGHZ%2Bcircuit-00000000-0000-0000-0000-000000000001.output.json",
        "beginExecutionTime": "2023-09-09T00:29:05.421531+00:00", "cancellationTime":
        null, "quantumComputingData": {"count": 1}, "errorData": null, "isCancelling":
        false, "tags": [], "name": "Qiskit Sample - 3-qubit GHZ circuit", "id": "00000000-0000-0000-0000-000000000001",
        "providerId": "quantinuum", "target": "quantinuum.sim.h1-1e", "creationTime":
        "2023-09-09T00:29:03.8602552+00:00", "endExecutionTime": "2023-09-09T00:29:06.597719+00:00",
        "costEstimate": {"currencyCode": "USD", "events": [{"dimensionId": "ehqc",
        "dimensionName": "EHQC", "measureUnit": "hqc", "amountBilled": 11.1, "amountConsumed":
        11.1, "unitPrice": 0.0}], "estimatedTotal": 0.0}, "itemType": "Job", "access_token":
        "fake_token"}'
    headers:
      connection:
      - keep-alive
      content-length:
      - '1805'
      content-type:
      - application/json; charset=utf-8
      transfer-encoding:
      - chunked
    status:
      code: 200
      message: OK
- request:
    body: null
    headers:
      Accept:
      - application/json
      Accept-Encoding:
      - gzip, deflate
      Connection:
      - keep-alive
      User-Agent:
      - testapp-azure-quantum-qiskit azsdk-python-quantum/0.0.1 Python/3.9.18 (Windows-10-10.0.22621-SP0)
    method: GET
    uri: https://eastus.quantum.azure.com/subscriptions/00000000-0000-0000-0000-000000000000/resourceGroups/myresourcegroup/providers/Microsoft.Quantum/workspaces/myworkspace/jobs/00000000-0000-0000-0000-000000000001?api-version=2022-09-12-preview&test-sequence-id=8
  response:
    body:
      string: '{"containerUri": "https://mystorage.blob.core.windows.net/job-00000000-0000-0000-0000-000000000001?sv=PLACEHOLDER&sig=PLACEHOLDER&se=PLACEHOLDER&srt=co&ss=b&sp=racw",
        "inputDataUri": "https://mystorage.blob.core.windows.net/job-00000000-0000-0000-0000-000000000001/inputData?sv=PLACEHOLDER&sr=b&sig=PLACEHOLDER&se=PLACEHOLDER&sp=r&rscd=attachment%3B%20filename%3DQiskit%2BSample%2B-%2B3-qubit%2BGHZ%2Bcircuit-00000000-0000-0000-0000-000000000001.input.json",
        "inputDataFormat": "honeywell.openqasm.v1", "inputParams": {"count": 500,
        "shots": 500}, "metadata": {"qiskit": "True", "name": "Qiskit Sample - 3-qubit
        GHZ circuit", "num_qubits": "4", "metadata": "{\"some\": \"data\"}"}, "sessionId":
        null, "status": "Succeeded", "jobType": "QuantumComputing", "outputDataFormat":
        "honeywell.quantum-results.v1", "outputDataUri": "https://mystorage.blob.core.windows.net/job-00000000-0000-0000-0000-000000000001/rawOutputData?sv=PLACEHOLDER&sr=b&sig=PLACEHOLDER&se=PLACEHOLDER&sp=r&rscd=attachment%3B%20filename%3DQiskit%2BSample%2B-%2B3-qubit%2BGHZ%2Bcircuit-00000000-0000-0000-0000-000000000001.output.json",
        "beginExecutionTime": "2023-09-09T00:29:05.421531+00:00", "cancellationTime":
        null, "quantumComputingData": {"count": 1}, "errorData": null, "isCancelling":
        false, "tags": [], "name": "Qiskit Sample - 3-qubit GHZ circuit", "id": "00000000-0000-0000-0000-000000000001",
        "providerId": "quantinuum", "target": "quantinuum.sim.h1-1e", "creationTime":
        "2023-09-09T00:29:03.8602552+00:00", "endExecutionTime": "2023-09-09T00:29:06.597719+00:00",
        "costEstimate": {"currencyCode": "USD", "events": [{"dimensionId": "ehqc",
        "dimensionName": "EHQC", "measureUnit": "hqc", "amountBilled": 11.1, "amountConsumed":
        11.1, "unitPrice": 0.0}], "estimatedTotal": 0.0}, "itemType": "Job", "access_token":
        "fake_token"}'
    headers:
      connection:
      - keep-alive
      content-length:
      - '1805'
      content-type:
      - application/json; charset=utf-8
      transfer-encoding:
      - chunked
    status:
      code: 200
      message: OK
- request:
    body: null
    headers:
      Accept:
      - application/json
      Accept-Encoding:
      - gzip, deflate
      Connection:
      - keep-alive
      User-Agent:
      - testapp-azure-quantum-qiskit azsdk-python-quantum/0.0.1 Python/3.9.18 (Windows-10-10.0.22621-SP0)
    method: GET
    uri: https://eastus.quantum.azure.com/subscriptions/00000000-0000-0000-0000-000000000000/resourceGroups/myresourcegroup/providers/Microsoft.Quantum/workspaces/myworkspace/jobs/00000000-0000-0000-0000-000000000001?api-version=2022-09-12-preview&test-sequence-id=9
  response:
    body:
      string: '{"containerUri": "https://mystorage.blob.core.windows.net/job-00000000-0000-0000-0000-000000000001?sv=PLACEHOLDER&sig=PLACEHOLDER&se=PLACEHOLDER&srt=co&ss=b&sp=racw",
        "inputDataUri": "https://mystorage.blob.core.windows.net/job-00000000-0000-0000-0000-000000000001/inputData?sv=PLACEHOLDER&sr=b&sig=PLACEHOLDER&se=PLACEHOLDER&sp=r&rscd=attachment%3B%20filename%3DQiskit%2BSample%2B-%2B3-qubit%2BGHZ%2Bcircuit-00000000-0000-0000-0000-000000000001.input.json",
        "inputDataFormat": "honeywell.openqasm.v1", "inputParams": {"count": 500,
        "shots": 500}, "metadata": {"qiskit": "True", "name": "Qiskit Sample - 3-qubit
        GHZ circuit", "num_qubits": "4", "metadata": "{\"some\": \"data\"}"}, "sessionId":
        null, "status": "Succeeded", "jobType": "QuantumComputing", "outputDataFormat":
        "honeywell.quantum-results.v1", "outputDataUri": "https://mystorage.blob.core.windows.net/job-00000000-0000-0000-0000-000000000001/rawOutputData?sv=PLACEHOLDER&sr=b&sig=PLACEHOLDER&se=PLACEHOLDER&sp=r&rscd=attachment%3B%20filename%3DQiskit%2BSample%2B-%2B3-qubit%2BGHZ%2Bcircuit-00000000-0000-0000-0000-000000000001.output.json",
        "beginExecutionTime": "2023-09-09T00:29:05.421531+00:00", "cancellationTime":
        null, "quantumComputingData": {"count": 1}, "errorData": null, "isCancelling":
        false, "tags": [], "name": "Qiskit Sample - 3-qubit GHZ circuit", "id": "00000000-0000-0000-0000-000000000001",
        "providerId": "quantinuum", "target": "quantinuum.sim.h1-1e", "creationTime":
        "2023-09-09T00:29:03.8602552+00:00", "endExecutionTime": "2023-09-09T00:29:06.597719+00:00",
        "costEstimate": {"currencyCode": "USD", "events": [{"dimensionId": "ehqc",
        "dimensionName": "EHQC", "measureUnit": "hqc", "amountBilled": 11.1, "amountConsumed":
        11.1, "unitPrice": 0.0}], "estimatedTotal": 0.0}, "itemType": "Job", "access_token":
        "fake_token"}'
    headers:
      connection:
      - keep-alive
      content-length:
      - '1805'
      content-type:
      - application/json; charset=utf-8
      transfer-encoding:
      - chunked
    status:
      code: 200
      message: OK
- request:
    body: null
    headers:
      Accept:
      - application/json
      Accept-Encoding:
      - gzip, deflate
      Connection:
      - keep-alive
      User-Agent:
      - testapp-azure-quantum-qiskit azsdk-python-quantum/0.0.1 Python/3.9.18 (Windows-10-10.0.22621-SP0)
    method: GET
    uri: https://eastus.quantum.azure.com/subscriptions/00000000-0000-0000-0000-000000000000/resourceGroups/myresourcegroup/providers/Microsoft.Quantum/workspaces/myworkspace/providerStatus?api-version=2022-09-12-preview&test-sequence-id=3
  response:
    body:
      string: '{"value": [{"id": "ionq", "currentAvailability": "Degraded", "targets":
        [{"id": "ionq.qpu", "currentAvailability": "Available", "averageQueueTime":
        0, "statusPage": "https://status.ionq.co"}, {"id": "ionq.qpu.aria-1", "currentAvailability":
        "Unavailable", "averageQueueTime": 755821, "statusPage": "https://status.ionq.co"},
        {"id": "ionq.qpu.aria-2", "currentAvailability": "Available", "averageQueueTime":
        78188, "statusPage": "https://status.ionq.co"}, {"id": "ionq.simulator", "currentAvailability":
        "Available", "averageQueueTime": 1249, "statusPage": "https://status.ionq.co"}]},
        {"id": "microsoft-qc", "currentAvailability": "Available", "targets": [{"id":
        "microsoft.estimator", "currentAvailability": "Available", "averageQueueTime":
        0, "statusPage": null}]}, {"id": "pasqal", "currentAvailability": "Available",
        "targets": [{"id": "pasqal.sim.emu_free", "currentAvailability": "Available",
        "averageQueueTime": 0, "statusPage": "https://pasqal.com"}, {"id": "pasqal.sim.emu_tn",
        "currentAvailability": "Available", "averageQueueTime": 0, "statusPage": "https://pasqal.com"},
        {"id": "pasqal.qpu.fresnel", "currentAvailability": "Available", "averageQueueTime":
        0, "statusPage": "https://pasqal.com"}]}, {"id": "quantinuum", "currentAvailability":
        "Degraded", "targets": [{"id": "quantinuum.qpu.h1-1", "currentAvailability":
        "Unavailable", "averageQueueTime": 0, "statusPage": "https://www.quantinuum.com/hardware/h1"},
        {"id": "quantinuum.sim.h1-1sc", "currentAvailability": "Available", "averageQueueTime":
        0, "statusPage": "https://www.quantinuum.com/hardware/h1"}, {"id": "quantinuum.qpu.h1-2",
        "currentAvailability": "Unavailable", "averageQueueTime": 0, "statusPage":
        "https://www.quantinuum.com/hardware/h1"}, {"id": "quantinuum.sim.h1-2sc",
        "currentAvailability": "Available", "averageQueueTime": 0, "statusPage": "https://www.quantinuum.com/hardware/h1"},
        {"id": "quantinuum.sim.h1-1e", "currentAvailability": "Available", "averageQueueTime":
        7, "statusPage": "https://www.quantinuum.com/hardware/h1"}, {"id": "quantinuum.sim.h1-2e",
        "currentAvailability": "Available", "averageQueueTime": 8, "statusPage": "https://www.quantinuum.com/hardware/h1"},
        {"id": "quantinuum.qpu.h2-1", "currentAvailability": "Unavailable", "averageQueueTime":
        0, "statusPage": "https://www.quantinuum.com/hardware/h2"}, {"id": "quantinuum.sim.h2-1sc",
        "currentAvailability": "Available", "averageQueueTime": 7, "statusPage": "https://www.quantinuum.com/hardware/h2"},
        {"id": "quantinuum.sim.h2-1e", "currentAvailability": "Available", "averageQueueTime":
        0, "statusPage": "https://www.quantinuum.com/hardware/h2"}, {"id": "quantinuum.sim.h1-1sc-preview",
        "currentAvailability": "Available", "averageQueueTime": 0, "statusPage": "https://www.quantinuum.com/hardware/h1"},
        {"id": "quantinuum.sim.h1-2sc-preview", "currentAvailability": "Available",
        "averageQueueTime": 0, "statusPage": "https://www.quantinuum.com/hardware/h1"},
        {"id": "quantinuum.sim.h1-1e-preview", "currentAvailability": "Available",
        "averageQueueTime": 7, "statusPage": "https://www.quantinuum.com/hardware/h1"},
        {"id": "quantinuum.sim.h1-2e-preview", "currentAvailability": "Available",
        "averageQueueTime": 8, "statusPage": "https://www.quantinuum.com/hardware/h1"},
        {"id": "quantinuum.qpu.h1-1-preview", "currentAvailability": "Unavailable",
        "averageQueueTime": 0, "statusPage": "https://www.quantinuum.com/hardware/h1"},
        {"id": "quantinuum.qpu.h1-2-preview", "currentAvailability": "Unavailable",
        "averageQueueTime": 0, "statusPage": "https://www.quantinuum.com/hardware/h1"}]},
        {"id": "rigetti", "currentAvailability": "Degraded", "targets": [{"id": "rigetti.sim.qvm",
        "currentAvailability": "Available", "averageQueueTime": 5, "statusPage": "https://rigetti.statuspage.io/"},
        {"id": "rigetti.qpu.aspen-m-2", "currentAvailability": "Unavailable", "averageQueueTime":
        0, "statusPage": null}, {"id": "rigetti.qpu.aspen-m-3", "currentAvailability":
        "Available", "averageQueueTime": 5, "statusPage": "https://rigetti.statuspage.io/"}]},
        {"id": "qci", "currentAvailability": "Degraded", "targets": [{"id": "qci.simulator",
        "currentAvailability": "Available", "averageQueueTime": 1, "statusPage": "https://quantumcircuits.com"},
        {"id": "qci.machine1", "currentAvailability": "Unavailable", "averageQueueTime":
        1, "statusPage": "https://quantumcircuits.com"}, {"id": "qci.simulator.noisy",
        "currentAvailability": "Available", "averageQueueTime": 0, "statusPage": "https://quantumcircuits.com"}]},
        {"id": "Microsoft.Test", "currentAvailability": "Available", "targets": [{"id":
        "echo-rigetti", "currentAvailability": "Available", "averageQueueTime": 1,
        "statusPage": ""}, {"id": "echo-quantinuum", "currentAvailability": "Available",
        "averageQueueTime": 1, "statusPage": ""}, {"id": "echo-qci", "currentAvailability":
        "Available", "averageQueueTime": 1, "statusPage": ""}, {"id": "echo-ionq",
        "currentAvailability": "Available", "averageQueueTime": 1, "statusPage": ""},
        {"id": "sparse-sim-rigetti", "currentAvailability": "Available", "averageQueueTime":
        1, "statusPage": ""}, {"id": "sparse-sim-quantinuum", "currentAvailability":
        "Available", "averageQueueTime": 1, "statusPage": ""}, {"id": "sparse-sim-qci",
        "currentAvailability": "Available", "averageQueueTime": 1, "statusPage": ""},
        {"id": "sparse-sim-ionq", "currentAvailability": "Available", "averageQueueTime":
        1, "statusPage": ""}, {"id": "echo-output", "currentAvailability": "Available",
        "averageQueueTime": 1, "statusPage": ""}]}], "nextLink": null, "access_token":
        "fake_token"}'
    headers:
      connection:
      - keep-alive
      content-length:
      - '5502'
      content-type:
      - application/json; charset=utf-8
      transfer-encoding:
      - chunked
    status:
      code: 200
      message: OK
- request:
    body: null
    headers:
      Accept:
      - application/json
      Accept-Encoding:
      - gzip, deflate
      Connection:
      - keep-alive
      User-Agent:
      - testapp-azure-quantum-qiskit azsdk-python-quantum/0.0.1 Python/3.9.18 (Windows-10-10.0.22621-SP0)
    method: GET
    uri: https://eastus.quantum.azure.com/subscriptions/00000000-0000-0000-0000-000000000000/resourceGroups/myresourcegroup/providers/Microsoft.Quantum/workspaces/myworkspace/jobs/00000000-0000-0000-0000-000000000001?api-version=2022-09-12-preview&test-sequence-id=10
  response:
    body:
      string: '{"containerUri": "https://mystorage.blob.core.windows.net/job-00000000-0000-0000-0000-000000000001?sv=PLACEHOLDER&sig=PLACEHOLDER&se=PLACEHOLDER&srt=co&ss=b&sp=racw",
        "inputDataUri": "https://mystorage.blob.core.windows.net/job-00000000-0000-0000-0000-000000000001/inputData?sv=PLACEHOLDER&sr=b&sig=PLACEHOLDER&se=PLACEHOLDER&sp=r&rscd=attachment%3B%20filename%3DQiskit%2BSample%2B-%2B3-qubit%2BGHZ%2Bcircuit-00000000-0000-0000-0000-000000000001.input.json",
        "inputDataFormat": "honeywell.openqasm.v1", "inputParams": {"count": 500,
        "shots": 500}, "metadata": {"qiskit": "True", "name": "Qiskit Sample - 3-qubit
        GHZ circuit", "num_qubits": "4", "metadata": "{\"some\": \"data\"}"}, "sessionId":
        null, "status": "Succeeded", "jobType": "QuantumComputing", "outputDataFormat":
        "honeywell.quantum-results.v1", "outputDataUri": "https://mystorage.blob.core.windows.net/job-00000000-0000-0000-0000-000000000001/rawOutputData?sv=PLACEHOLDER&sr=b&sig=PLACEHOLDER&se=PLACEHOLDER&sp=r&rscd=attachment%3B%20filename%3DQiskit%2BSample%2B-%2B3-qubit%2BGHZ%2Bcircuit-00000000-0000-0000-0000-000000000001.output.json",
        "beginExecutionTime": "2023-09-09T00:29:05.421531+00:00", "cancellationTime":
        null, "quantumComputingData": {"count": 1}, "errorData": null, "isCancelling":
        false, "tags": [], "name": "Qiskit Sample - 3-qubit GHZ circuit", "id": "00000000-0000-0000-0000-000000000001",
        "providerId": "quantinuum", "target": "quantinuum.sim.h1-1e", "creationTime":
        "2023-09-09T00:29:03.8602552+00:00", "endExecutionTime": "2023-09-09T00:29:06.597719+00:00",
        "costEstimate": {"currencyCode": "USD", "events": [{"dimensionId": "ehqc",
        "dimensionName": "EHQC", "measureUnit": "hqc", "amountBilled": 11.1, "amountConsumed":
        11.1, "unitPrice": 0.0}], "estimatedTotal": 0.0}, "itemType": "Job", "access_token":
        "fake_token"}'
    headers:
      connection:
      - keep-alive
      content-length:
      - '1805'
      content-type:
      - application/json; charset=utf-8
      transfer-encoding:
      - chunked
    status:
      code: 200
      message: OK
- request:
    body: null
    headers:
      Accept:
      - application/json
      Accept-Encoding:
      - gzip, deflate
      Connection:
      - keep-alive
      User-Agent:
      - testapp-azure-quantum-qiskit azsdk-python-quantum/0.0.1 Python/3.9.18 (Windows-10-10.0.22621-SP0)
    method: GET
    uri: https://eastus.quantum.azure.com/subscriptions/00000000-0000-0000-0000-000000000000/resourceGroups/myresourcegroup/providers/Microsoft.Quantum/workspaces/myworkspace/jobs/00000000-0000-0000-0000-000000000001?api-version=2022-09-12-preview&test-sequence-id=11
  response:
    body:
      string: '{"containerUri": "https://mystorage.blob.core.windows.net/job-00000000-0000-0000-0000-000000000001?sv=PLACEHOLDER&sig=PLACEHOLDER&se=PLACEHOLDER&srt=co&ss=b&sp=racw",
        "inputDataUri": "https://mystorage.blob.core.windows.net/job-00000000-0000-0000-0000-000000000001/inputData?sv=PLACEHOLDER&sr=b&sig=PLACEHOLDER&se=PLACEHOLDER&sp=r&rscd=attachment%3B%20filename%3DQiskit%2BSample%2B-%2B3-qubit%2BGHZ%2Bcircuit-00000000-0000-0000-0000-000000000001.input.json",
        "inputDataFormat": "honeywell.openqasm.v1", "inputParams": {"count": 500,
        "shots": 500}, "metadata": {"qiskit": "True", "name": "Qiskit Sample - 3-qubit
        GHZ circuit", "num_qubits": "4", "metadata": "{\"some\": \"data\"}"}, "sessionId":
        null, "status": "Succeeded", "jobType": "QuantumComputing", "outputDataFormat":
        "honeywell.quantum-results.v1", "outputDataUri": "https://mystorage.blob.core.windows.net/job-00000000-0000-0000-0000-000000000001/rawOutputData?sv=PLACEHOLDER&sr=b&sig=PLACEHOLDER&se=PLACEHOLDER&sp=r&rscd=attachment%3B%20filename%3DQiskit%2BSample%2B-%2B3-qubit%2BGHZ%2Bcircuit-00000000-0000-0000-0000-000000000001.output.json",
        "beginExecutionTime": "2023-09-09T00:29:05.421531+00:00", "cancellationTime":
        null, "quantumComputingData": {"count": 1}, "errorData": null, "isCancelling":
        false, "tags": [], "name": "Qiskit Sample - 3-qubit GHZ circuit", "id": "00000000-0000-0000-0000-000000000001",
        "providerId": "quantinuum", "target": "quantinuum.sim.h1-1e", "creationTime":
        "2023-09-09T00:29:03.8602552+00:00", "endExecutionTime": "2023-09-09T00:29:06.597719+00:00",
        "costEstimate": {"currencyCode": "USD", "events": [{"dimensionId": "ehqc",
        "dimensionName": "EHQC", "measureUnit": "hqc", "amountBilled": 11.1, "amountConsumed":
        11.1, "unitPrice": 0.0}], "estimatedTotal": 0.0}, "itemType": "Job", "access_token":
        "fake_token"}'
    headers:
      connection:
      - keep-alive
      content-length:
      - '1805'
      content-type:
      - application/json; charset=utf-8
      transfer-encoding:
      - chunked
    status:
      code: 200
      message: OK
- request:
    body: null
    headers:
      Accept:
      - application/json
      Accept-Encoding:
      - gzip, deflate
      Connection:
      - keep-alive
      User-Agent:
      - testapp-azure-quantum-qiskit azsdk-python-quantum/0.0.1 Python/3.9.18 (Windows-10-10.0.22621-SP0)
    method: GET
    uri: https://eastus.quantum.azure.com/subscriptions/00000000-0000-0000-0000-000000000000/resourceGroups/myresourcegroup/providers/Microsoft.Quantum/workspaces/myworkspace/jobs/00000000-0000-0000-0000-000000000001?api-version=2022-09-12-preview&test-sequence-id=12
  response:
    body:
      string: '{"containerUri": "https://mystorage.blob.core.windows.net/job-00000000-0000-0000-0000-000000000001?sv=PLACEHOLDER&sig=PLACEHOLDER&se=PLACEHOLDER&srt=co&ss=b&sp=racw",
        "inputDataUri": "https://mystorage.blob.core.windows.net/job-00000000-0000-0000-0000-000000000001/inputData?sv=PLACEHOLDER&sr=b&sig=PLACEHOLDER&se=PLACEHOLDER&sp=r&rscd=attachment%3B%20filename%3DQiskit%2BSample%2B-%2B3-qubit%2BGHZ%2Bcircuit-00000000-0000-0000-0000-000000000001.input.json",
        "inputDataFormat": "honeywell.openqasm.v1", "inputParams": {"count": 500,
        "shots": 500}, "metadata": {"qiskit": "True", "name": "Qiskit Sample - 3-qubit
        GHZ circuit", "num_qubits": "4", "metadata": "{\"some\": \"data\"}"}, "sessionId":
        null, "status": "Succeeded", "jobType": "QuantumComputing", "outputDataFormat":
        "honeywell.quantum-results.v1", "outputDataUri": "https://mystorage.blob.core.windows.net/job-00000000-0000-0000-0000-000000000001/rawOutputData?sv=PLACEHOLDER&sr=b&sig=PLACEHOLDER&se=PLACEHOLDER&sp=r&rscd=attachment%3B%20filename%3DQiskit%2BSample%2B-%2B3-qubit%2BGHZ%2Bcircuit-00000000-0000-0000-0000-000000000001.output.json",
        "beginExecutionTime": "2023-09-09T00:29:05.421531+00:00", "cancellationTime":
        null, "quantumComputingData": {"count": 1}, "errorData": null, "isCancelling":
        false, "tags": [], "name": "Qiskit Sample - 3-qubit GHZ circuit", "id": "00000000-0000-0000-0000-000000000001",
        "providerId": "quantinuum", "target": "quantinuum.sim.h1-1e", "creationTime":
        "2023-09-09T00:29:03.8602552+00:00", "endExecutionTime": "2023-09-09T00:29:06.597719+00:00",
        "costEstimate": {"currencyCode": "USD", "events": [{"dimensionId": "ehqc",
        "dimensionName": "EHQC", "measureUnit": "hqc", "amountBilled": 11.1, "amountConsumed":
        11.1, "unitPrice": 0.0}], "estimatedTotal": 0.0}, "itemType": "Job", "access_token":
        "fake_token"}'
    headers:
      connection:
      - keep-alive
      content-length:
      - '1805'
      content-type:
      - application/json; charset=utf-8
      transfer-encoding:
      - chunked
    status:
      code: 200
      message: OK
- request:
    body: null
    headers:
      Accept:
      - application/xml
      Accept-Encoding:
      - gzip, deflate
      Connection:
      - keep-alive
      User-Agent:
      - azsdk-python-storage-blob/12.17.0 Python/3.9.18 (Windows-10-10.0.22621-SP0)
      x-ms-date:
      - Sat, 09 Sep 2023 00:29:09 GMT
      x-ms-range:
      - bytes=0-33554431
      x-ms-version:
      - '2023-01-03'
    method: GET
    uri: https://mystorage.blob.core.windows.net/job-00000000-0000-0000-0000-000000000001/rawOutputData?sv=PLACEHOLDER&sr=b&sig=PLACEHOLDER&se=PLACEHOLDER&sp=r&rscd=attachment%3B%20filename%3DQiskit%2BSample%2B-%2B3-qubit%2BGHZ%2Bcircuit-00000000-0000-0000-0000-000000000001.output.json
  response:
    body:
      string: '{"c": ["111", "000", "000", "000", "000", "000", "000", "111", "111",
        "111", "000", "000", "000", "000", "000", "111", "111", "111", "111", "000",
        "000", "111", "000", "111", "000", "111", "111", "111", "000", "111", "000",
        "000", "111", "000", "111", "000", "111", "111", "000", "000", "111", "000",
        "111", "000", "111", "111", "000", "000", "111", "000", "000", "111", "111",
        "111", "000", "000", "111", "000", "000", "000", "111", "000", "111", "000",
        "000", "000", "111", "000", "000", "111", "000", "111", "000", "111", "000",
        "000", "111", "000", "000", "000", "000", "000", "000", "111", "111", "111",
        "111", "111", "000", "111", "111", "000", "111", "111", "111", "111", "111",
        "111", "111", "000", "111", "111", "000", "000", "000", "000", "000", "111",
        "000", "000", "111", "000", "111", "000", "000", "000", "111", "000", "111",
        "111", "111", "111", "111", "000", "111", "111", "111", "000", "111", "000",
        "000", "111", "111", "000", "000", "111", "111", "000", "111", "000", "111",
        "111", "111", "111", "111", "000", "000", "111", "111", "111", "111", "000",
        "000", "000", "000", "111", "111", "000", "000", "111", "111", "000", "111",
        "000", "111", "111", "000", "000", "111", "000", "000", "111", "000", "000",
        "000", "000", "111", "111", "000", "000", "000", "000", "111", "000", "111",
        "101", "111", "000", "000", "111", "111", "111", "000", "000", "111", "000",
        "000", "111", "000", "111", "111", "000", "111", "111", "000", "000", "000",
        "000", "000", "000", "111", "111", "111", "111", "111", "111", "000", "000",
        "111", "111", "000", "000", "111", "000", "111", "111", "000", "000", "111",
        "000", "000", "111", "111", "000", "111", "000", "111", "111", "000", "111",
        "111", "111", "111", "111", "000", "000", "000", "111", "111", "000", "000",
        "111", "111", "000", "000", "000", "111", "000", "111", "111", "000", "000",
        "111", "000", "000", "000", "111", "000", "111", "000", "111", "111", "000",
        "111", "000", "111", "000", "111", "111", "000", "000", "000", "000", "000",
        "000", "111", "000", "000", "000", "000", "111", "000", "000", "111", "111",
        "111", "000", "000", "000", "000", "000", "000", "000", "111", "000", "111",
        "111", "111", "000", "111", "111", "000", "111", "111", "111", "000", "111",
        "000", "000", "000", "000", "111", "111", "111", "111", "111", "000", "111",
        "000", "111", "000", "000", "000", "000", "111", "111", "000", "000", "111",
        "000", "111", "000", "111", "000", "111", "000", "000", "000", "000", "000",
        "001", "111", "111", "111", "111", "000", "000", "000", "111", "111", "111",
        "111", "111", "000", "000", "000", "111", "111", "111", "000", "000", "000",
        "111", "111", "000", "111", "000", "000", "111", "111", "111", "111", "000",
        "111", "000", "000", "000", "000", "000", "000", "111", "111", "000", "000",
        "111", "111", "111", "111", "111", "111", "111", "111", "111", "000", "111",
        "000", "111", "111", "000", "000", "000", "111", "000", "000", "000", "111",
        "111", "000", "000", "111", "111", "111", "000", "111", "111", "111", "111",
        "111", "111", "111", "111", "111", "111", "001", "000", "111", "000", "111",
        "111", "000", "011", "000", "111", "000", "111", "000", "000", "111", "000",
        "000", "111", "111", "111", "111", "000", "000", "111", "111", "111", "000",
        "111", "000", "000", "000", "000", "000", "111", "111", "111", "111", "111",
        "000", "000", "111", "111", "000", "111", "111", "111", "111", "000", "111",
        "111", "111", "111", "000", "111", "000", "111", "111", "000", "111", "111",
        "111", "000", "111", "111", "000", "000", "000"], "access_token": "fake_token"}'
    headers:
      accept-ranges:
      - bytes
      content-length:
      - '3537'
      content-range:
      - bytes 0-3506/3507
      content-type:
      - application/octet-stream
      x-ms-blob-content-md5:
      - p6mihN4Z/0MbVEn+rbosCQ==
      x-ms-blob-type:
      - BlockBlob
      x-ms-creation-time:
      - Sat, 09 Sep 2023 00:29:04 GMT
      x-ms-lease-state:
      - available
      x-ms-lease-status:
      - unlocked
      x-ms-server-encrypted:
      - 'true'
      x-ms-version:
      - '2023-01-03'
    status:
      code: 206
      message: Partial Content
version: 1
