interactions:
- request:
    body: null
    headers:
      Accept:
      - '*/*'
      Accept-Encoding:
      - gzip, deflate
      Connection:
      - keep-alive
      User-Agent:
      - azsdk-python-identity/1.17.1 Python/3.9.19 (Windows-10-10.0.22631-SP0)
    method: GET
    uri: https://login.microsoftonline.com/00000000-0000-0000-0000-000000000000/v2.0/.well-known/openid-configuration
  response:
    body:
      string: '{"token_endpoint": "https://login.microsoftonline.com/00000000-0000-0000-0000-000000000000/oauth2/v2.0/token",
        "token_endpoint_auth_methods_supported": ["client_secret_post", "private_key_jwt",
        "client_secret_basic"], "jwks_uri": "https://login.microsoftonline.com/00000000-0000-0000-0000-000000000000/discovery/v2.0/keys",
        "response_modes_supported": ["query", "fragment", "form_post"], "subject_types_supported":
        ["pairwise"], "id_token_signing_alg_values_supported": ["RS256"], "response_types_supported":
        ["code", "id_token", "code id_token", "id_token token"], "scopes_supported":
        ["openid", "profile", "email", "offline_access"], "issuer": "https://login.microsoftonline.com/00000000-0000-0000-0000-000000000000/v2.0",
        "request_uri_parameter_supported": false, "userinfo_endpoint": "https://graph.microsoft.com/oidc/userinfo",
        "authorization_endpoint": "https://login.microsoftonline.com/00000000-0000-0000-0000-000000000000/oauth2/v2.0/authorize",
        "device_authorization_endpoint": "https://login.microsoftonline.com/00000000-0000-0000-0000-000000000000/oauth2/v2.0/devicecode",
        "http_logout_supported": true, "frontchannel_logout_supported": true, "end_session_endpoint":
        "https://login.microsoftonline.com/00000000-0000-0000-0000-000000000000/oauth2/v2.0/logout",
        "claims_supported": ["sub", "iss", "cloud_instance_name", "cloud_instance_host_name",
        "cloud_graph_host_name", "msgraph_host", "aud", "exp", "iat", "auth_time",
        "acr", "nonce", "preferred_username", "name", "tid", "ver", "at_hash", "c_hash",
        "email"], "kerberos_endpoint": "https://login.microsoftonline.com/00000000-0000-0000-0000-000000000000/kerberos",
        "tenant_region_scope": "WW", "cloud_instance_name": "microsoftonline.com",
        "cloud_graph_host_name": "graph.windows.net", "msgraph_host": "graph.microsoft.com",
        "rbac_url": "https://pas.windows.net"}'
    headers:
      content-length:
      - '1826'
      content-type:
      - application/json; charset=utf-8
    status:
      code: 200
      message: OK
- request:
    body: client_id=PLACEHOLDER&grant_type=client_credentials&client_assertion=PLACEHOLDER&client_info=1&client_assertion_type=PLACEHOLDER&scope=https%3A%2F%2Fquantum.microsoft.com%2F.default
    headers:
      Accept:
      - application/json
      Accept-Encoding:
      - gzip, deflate
      Connection:
      - keep-alive
      Content-Length:
      - '181'
      Content-Type:
      - application/x-www-form-urlencoded
      User-Agent:
      - azsdk-python-identity/1.17.1 Python/3.9.19 (Windows-10-10.0.22631-SP0)
      x-client-current-telemetry:
      - 4|730,2|
      x-client-os:
      - win32
      x-client-sku:
      - MSAL.Python
      x-client-ver:
      - 1.30.0
    method: POST
    uri: https://login.microsoftonline.com/00000000-0000-0000-0000-000000000000/oauth2/v2.0/token
  response:
    body:
      string: '{"token_type": "Bearer", "expires_in": 1756492766, "ext_expires_in":
        1756492766, "refresh_in": 31536000, "access_token": "PLACEHOLDER"}'
    headers:
      content-length:
      - '135'
      content-type:
      - application/json; charset=utf-8
    status:
      code: 200
      message: OK
- request:
    body: null
    headers:
      Accept:
      - application/json
      Accept-Encoding:
      - gzip, deflate
      Connection:
      - keep-alive
      User-Agent:
      - testapp azsdk-python-quantum/0.0.1 Python/3.9.19 (Windows-10-10.0.22631-SP0)
    method: GET
    uri: https://eastus.quantum.azure.com/subscriptions/00000000-0000-0000-0000-000000000000/resourceGroups/myresourcegroup/providers/Microsoft.Quantum/workspaces/myworkspace/providerStatus?api-version=2024-10-01-preview&test-sequence-id=1
  response:
    body:
      string: '{"value": [{"id": "microsoft-elements", "currentAvailability": "Available",
        "targets": [{"id": "microsoft.dft", "currentAvailability": "Available", "averageQueueTime":
        0, "statusPage": null}]}, {"id": "ionq", "currentAvailability": "Degraded",
        "targets": [{"id": "ionq.qpu", "currentAvailability": "Unavailable", "averageQueueTime":
        0, "statusPage": null}, {"id": "ionq.qpu.aria-1", "currentAvailability": "Available",
        "averageQueueTime": 8757296, "statusPage": "https://status.ionq.co"}, {"id":
        "ionq.qpu.aria-2", "currentAvailability": "Unavailable", "averageQueueTime":
        2581559, "statusPage": "https://status.ionq.co"}, {"id": "ionq.simulator",
        "currentAvailability": "Available", "averageQueueTime": 1, "statusPage": "https://status.ionq.co"}]},
        {"id": "microsoft-qc", "currentAvailability": "Available", "targets": [{"id":
        "microsoft.estimator", "currentAvailability": "Available", "averageQueueTime":
        0, "statusPage": null}]}, {"id": "pasqal", "currentAvailability": "Degraded",
        "targets": [{"id": "pasqal.sim.emu-tn", "currentAvailability": "Available",
        "averageQueueTime": 268, "statusPage": "https://pasqal.com"}, {"id": "pasqal.qpu.fresnel",
        "currentAvailability": "Degraded", "averageQueueTime": 0, "statusPage": "https://pasqal.com"}]},
        {"id": "quantinuum", "currentAvailability": "Degraded", "targets": [{"id":
        "quantinuum.qpu.h1-1", "currentAvailability": "Degraded", "averageQueueTime":
        0, "statusPage": "https://www.quantinuum.com/hardware/h1"}, {"id": "quantinuum.sim.h1-1sc",
        "currentAvailability": "Available", "averageQueueTime": 4, "statusPage": "https://www.quantinuum.com/hardware/h1"},
        {"id": "quantinuum.sim.h1-1e", "currentAvailability": "Available", "averageQueueTime":
        732, "statusPage": "https://www.quantinuum.com/hardware/h1"}, {"id": "quantinuum.qpu.h2-1",
        "currentAvailability": "Degraded", "averageQueueTime": 0, "statusPage": "https://www.quantinuum.com/hardware/h2"},
        {"id": "quantinuum.sim.h2-1sc", "currentAvailability": "Available", "averageQueueTime":
        1, "statusPage": "https://www.quantinuum.com/hardware/h2"}, {"id": "quantinuum.sim.h2-1e",
        "currentAvailability": "Available", "averageQueueTime": 1261, "statusPage":
        "https://www.quantinuum.com/hardware/h2"}, {"id": "quantinuum.sim.h1-1sc-preview",
        "currentAvailability": "Available", "averageQueueTime": 4, "statusPage": "https://www.quantinuum.com/hardware/h1"},
        {"id": "quantinuum.sim.h1-1e-preview", "currentAvailability": "Available",
        "averageQueueTime": 732, "statusPage": "https://www.quantinuum.com/hardware/h1"},
        {"id": "quantinuum.sim.h1-2e-preview", "currentAvailability": "Available",
        "averageQueueTime": 0, "statusPage": "https://www.quantinuum.com/hardware/h1"},
        {"id": "quantinuum.qpu.h1-1-preview", "currentAvailability": "Degraded", "averageQueueTime":
        0, "statusPage": "https://www.quantinuum.com/hardware/h1"}]}, {"id": "rigetti",
        "currentAvailability": "Available", "targets": [{"id": "rigetti.sim.qvm",
        "currentAvailability": "Available", "averageQueueTime": 5, "statusPage": "https://rigetti.statuspage.io/"},
        {"id": "rigetti.qpu.ankaa-2", "currentAvailability": "Available", "averageQueueTime":
        5, "statusPage": "https://rigetti.statuspage.io/"}]}, {"id": "qci", "currentAvailability":
        "Degraded", "targets": [{"id": "qci.simulator", "currentAvailability": "Available",
        "averageQueueTime": 1, "statusPage": "https://quantumcircuits.com"}, {"id":
        "qci.machine1", "currentAvailability": "Unavailable", "averageQueueTime":
        1, "statusPage": "https://quantumcircuits.com"}, {"id": "qci.simulator.noisy",
        "currentAvailability": "Available", "averageQueueTime": 0, "statusPage": "https://quantumcircuits.com"}]},
        {"id": "Microsoft.Test", "currentAvailability": "Available", "targets": [{"id":
        "echo-rigetti", "currentAvailability": "Available", "averageQueueTime": 1,
        "statusPage": ""}, {"id": "echo-quantinuum", "currentAvailability": "Available",
        "averageQueueTime": 1, "statusPage": ""}, {"id": "echo-qci", "currentAvailability":
        "Available", "averageQueueTime": 1, "statusPage": ""}, {"id": "echo-ionq",
        "currentAvailability": "Available", "averageQueueTime": 1, "statusPage": ""},
        {"id": "echo-aquarius", "currentAvailability": "Available", "averageQueueTime":
        1, "statusPage": ""}, {"id": "sparse-sim-rigetti", "currentAvailability":
        "Available", "averageQueueTime": 1, "statusPage": ""}, {"id": "sparse-sim-quantinuum",
        "currentAvailability": "Available", "averageQueueTime": 1, "statusPage": ""},
        {"id": "sparse-sim-qci", "currentAvailability": "Available", "averageQueueTime":
        1, "statusPage": ""}, {"id": "sparse-sim-ionq", "currentAvailability": "Available",
        "averageQueueTime": 1, "statusPage": ""}, {"id": "echo-output", "currentAvailability":
        "Available", "averageQueueTime": 1, "statusPage": ""}]}], "nextLink": null}'
    headers:
      connection:
      - keep-alive
      content-length:
      - '4741'
      content-type:
      - application/json; charset=utf-8
      transfer-encoding:
      - chunked
    status:
      code: 200
      message: OK
- request:
    body: null
    headers:
      Accept:
      - '*/*'
      Accept-Encoding:
      - gzip, deflate
      Connection:
      - keep-alive
      User-Agent:
      - azsdk-python-identity/1.17.1 Python/3.9.19 (Windows-10-10.0.22631-SP0)
    method: GET
    uri: https://login.microsoftonline.com/00000000-0000-0000-0000-000000000000/v2.0/.well-known/openid-configuration
  response:
    body:
      string: '{"token_endpoint": "https://login.microsoftonline.com/00000000-0000-0000-0000-000000000000/oauth2/v2.0/token",
        "token_endpoint_auth_methods_supported": ["client_secret_post", "private_key_jwt",
        "client_secret_basic"], "jwks_uri": "https://login.microsoftonline.com/00000000-0000-0000-0000-000000000000/discovery/v2.0/keys",
        "response_modes_supported": ["query", "fragment", "form_post"], "subject_types_supported":
        ["pairwise"], "id_token_signing_alg_values_supported": ["RS256"], "response_types_supported":
        ["code", "id_token", "code id_token", "id_token token"], "scopes_supported":
        ["openid", "profile", "email", "offline_access"], "issuer": "https://login.microsoftonline.com/00000000-0000-0000-0000-000000000000/v2.0",
        "request_uri_parameter_supported": false, "userinfo_endpoint": "https://graph.microsoft.com/oidc/userinfo",
        "authorization_endpoint": "https://login.microsoftonline.com/00000000-0000-0000-0000-000000000000/oauth2/v2.0/authorize",
        "device_authorization_endpoint": "https://login.microsoftonline.com/00000000-0000-0000-0000-000000000000/oauth2/v2.0/devicecode",
        "http_logout_supported": true, "frontchannel_logout_supported": true, "end_session_endpoint":
        "https://login.microsoftonline.com/00000000-0000-0000-0000-000000000000/oauth2/v2.0/logout",
        "claims_supported": ["sub", "iss", "cloud_instance_name", "cloud_instance_host_name",
        "cloud_graph_host_name", "msgraph_host", "aud", "exp", "iat", "auth_time",
        "acr", "nonce", "preferred_username", "name", "tid", "ver", "at_hash", "c_hash",
        "email"], "kerberos_endpoint": "https://login.microsoftonline.com/00000000-0000-0000-0000-000000000000/kerberos",
        "tenant_region_scope": "WW", "cloud_instance_name": "microsoftonline.com",
        "cloud_graph_host_name": "graph.windows.net", "msgraph_host": "graph.microsoft.com",
        "rbac_url": "https://pas.windows.net"}'
    headers:
      content-length:
      - '1826'
      content-type:
      - application/json; charset=utf-8
    status:
      code: 200
      message: OK
- request:
    body: client_id=PLACEHOLDER&grant_type=client_credentials&client_assertion=PLACEHOLDER&client_info=1&client_assertion_type=PLACEHOLDER&scope=https%3A%2F%2Fquantum.microsoft.com%2F.default
    headers:
      Accept:
      - application/json
      Accept-Encoding:
      - gzip, deflate
      Connection:
      - keep-alive
      Content-Length:
      - '181'
      Content-Type:
      - application/x-www-form-urlencoded
      User-Agent:
      - azsdk-python-identity/1.17.1 Python/3.9.19 (Windows-10-10.0.22631-SP0)
      x-client-current-telemetry:
      - 4|730,2|
      x-client-os:
      - win32
      x-client-sku:
      - MSAL.Python
      x-client-ver:
      - 1.30.0
    method: POST
    uri: https://login.microsoftonline.com/00000000-0000-0000-0000-000000000000/oauth2/v2.0/token
  response:
    body:
      string: '{"token_type": "Bearer", "expires_in": 1756492767, "ext_expires_in":
        1756492767, "refresh_in": 31536000, "access_token": "PLACEHOLDER"}'
    headers:
      content-length:
      - '135'
      content-type:
      - application/json; charset=utf-8
    status:
      code: 200
      message: OK
- request:
    body: 'b''{"containerName": "job-00000000-0000-0000-0000-000000000001"}'''
    headers:
      Accept:
      - application/json
      Accept-Encoding:
      - gzip, deflate
      Connection:
      - keep-alive
      Content-Length:
      - '64'
      Content-Type:
      - application/json
      User-Agent:
      - testapp-azure-quantum-qsharp azsdk-python-quantum/0.0.1 Python/3.9.19 (Windows-10-10.0.22631-SP0)
    method: POST
    uri: https://eastus.quantum.azure.com/subscriptions/00000000-0000-0000-0000-000000000000/resourceGroups/myresourcegroup/providers/Microsoft.Quantum/workspaces/myworkspace/storage/sasUri?api-version=2024-10-01-preview&test-sequence-id=1
  response:
    body:
      string: '{"sasUri": "https://mystorage.blob.core.windows.net/job-00000000-0000-0000-0000-000000000001?sv=PLACEHOLDER&ss=b&srt=co&spr=https&st=2000-01-01T00%3A00%3A00Z&se=2050-01-01T00%3A00%3A00Z&sp=rwlac&sig=PLACEHOLDER"}'
    headers:
      connection:
      - keep-alive
      content-length:
      - '212'
      content-type:
      - application/json; charset=utf-8
      transfer-encoding:
      - chunked
    status:
      code: 200
      message: OK
- request:
    body: null
    headers:
      Accept:
      - application/xml
      Accept-Encoding:
      - gzip, deflate
      Connection:
      - keep-alive
      User-Agent:
      - azsdk-python-storage-blob/12.20.0 Python/3.9.19 (Windows-10-10.0.22631-SP0)
      x-ms-date:
      - Thu, 29 Aug 2024 18:39:27 GMT
      x-ms-version:
      - '2024-05-04'
    method: GET
    uri: https://mystorage.blob.core.windows.net/job-00000000-0000-0000-0000-000000000001?restype=container&sv=PLACEHOLDER&ss=b&srt=co&spr=https&st=2000-01-01T00%3A00%3A00Z&se=2050-01-01T00%3A00%3A00Z&sp=rwlac&sig=PLACEHOLDER
  response:
    body:
      string: "\uFEFF<?xml version=\"1.0\" encoding=\"utf-8\"?><Error><Code>ContainerNotFound</Code><Message>The
        specified container does not exist.\nRequestId:858b582c-a01e-0018-0942-fa9c0d000000\nTime:2024-08-29T18:39:28.3239591Z</Message></Error>"
    headers:
      content-length:
      - '223'
      content-type:
      - application/xml
      x-ms-version:
      - '2024-05-04'
    status:
      code: 404
      message: The specified container does not exist.
- request:
    body: null
    headers:
      Accept:
      - application/xml
      Accept-Encoding:
      - gzip, deflate
      Connection:
      - keep-alive
      Content-Length:
      - '0'
      User-Agent:
      - azsdk-python-storage-blob/12.20.0 Python/3.9.19 (Windows-10-10.0.22631-SP0)
      x-ms-date:
      - Thu, 29 Aug 2024 18:39:28 GMT
      x-ms-version:
      - '2024-05-04'
    method: PUT
    uri: https://mystorage.blob.core.windows.net/job-00000000-0000-0000-0000-000000000001?restype=container&sv=PLACEHOLDER&ss=b&srt=co&spr=https&st=2000-01-01T00%3A00%3A00Z&se=2050-01-01T00%3A00%3A00Z&sp=rwlac&sig=PLACEHOLDER
  response:
    body:
      string: ''
    headers:
      content-length:
      - '0'
      x-ms-version:
      - '2024-05-04'
    status:
      code: 201
      message: Created
- request:
    body: null
    headers:
      Accept:
      - application/xml
      Accept-Encoding:
      - gzip, deflate
      Connection:
      - keep-alive
      User-Agent:
      - azsdk-python-storage-blob/12.20.0 Python/3.9.19 (Windows-10-10.0.22631-SP0)
      x-ms-date:
      - Thu, 29 Aug 2024 18:39:28 GMT
      x-ms-version:
      - '2024-05-04'
    method: GET
    uri: https://mystorage.blob.core.windows.net/job-00000000-0000-0000-0000-000000000001?restype=container&sv=PLACEHOLDER&ss=b&srt=co&spr=https&st=2000-01-01T00%3A00%3A00Z&se=2050-01-01T00%3A00%3A00Z&sp=rwlac&sig=PLACEHOLDER
  response:
    body:
      string: ''
    headers:
      content-length:
      - '0'
      x-ms-lease-state:
      - available
      x-ms-lease-status:
      - unlocked
      x-ms-version:
      - '2024-05-04'
    status:
      code: 200
      message: OK
- request:
    body: 'b''%Result = type opaque\n%Qubit = type opaque\n\ndefine void @ENTRYPOINT__main()
      #0 {\nblock_0:\n  call void @__quantum__qis__h__body(%Qubit* inttoptr (i64 0
      to %Qubit*))\n  call void @__quantum__qis__cx__body(%Qubit* inttoptr (i64 0
      to %Qubit*), %Qubit* inttoptr (i64 1 to %Qubit*))\n  call void @__quantum__qis__h__body(%Qubit*
      inttoptr (i64 2 to %Qubit*))\n  call void @__quantum__qis__cz__body(%Qubit*
      inttoptr (i64 2 to %Qubit*), %Qubit* inttoptr (i64 0 to %Qubit*))\n  call void
      @__quantum__qis__h__body(%Qubit* inttoptr (i64 2 to %Qubit*))\n  call void @__quantum__qis__h__body(%Qubit*
      inttoptr (i64 3 to %Qubit*))\n  call void @__quantum__qis__cz__body(%Qubit*
      inttoptr (i64 3 to %Qubit*), %Qubit* inttoptr (i64 1 to %Qubit*))\n  call void
      @__quantum__qis__h__body(%Qubit* inttoptr (i64 3 to %Qubit*))\n  call void @__quantum__qis__m__body(%Qubit*
      inttoptr (i64 2 to %Qubit*), %Result* inttoptr (i64 0 to %Result*))\n  call
      void @__quantum__qis__m__body(%Qubit* inttoptr (i64 3 to %Qubit*), %Result*
      inttoptr (i64 1 to %Result*))\n  call void @__quantum__rt__tuple_record_output(i64
      2, i8* null)\n  call void @__quantum__rt__result_record_output(%Result* inttoptr
      (i64 0 to %Result*), i8* null)\n  call void @__quantum__rt__result_record_output(%Result*
      inttoptr (i64 1 to %Result*), i8* null)\n  ret void\n}\n\ndeclare void @__quantum__qis__h__body(%Qubit*)\n\ndeclare
      void @__quantum__qis__cx__body(%Qubit*, %Qubit*)\n\ndeclare void @__quantum__qis__cz__body(%Qubit*,
      %Qubit*)\n\ndeclare void @__quantum__rt__tuple_record_output(i64, i8*)\n\ndeclare
      void @__quantum__rt__result_record_output(%Result*, i8*)\n\ndeclare void @__quantum__qis__m__body(%Qubit*,
      %Result*) #1\n\nattributes #0 = { "entry_point" "output_labeling_schema" "qir_profiles"="base_profile"
      "required_num_qubits"="4" "required_num_results"="2" }\nattributes #1 = { "irreversible"
      }\n\n; module flags\n\n!llvm.module.flags = !{!0, !1, !2, !3}\n\n!0 = !{i32
      1, !"qir_major_version", i32 1}\n!1 = !{i32 7, !"qir_minor_version", i32 0}\n!2
      = !{i32 1, !"dynamic_qubit_management", i1 false}\n!3 = !{i32 1, !"dynamic_result_management",
      i1 false}\n'''
    headers:
      Accept:
      - application/xml
      Accept-Encoding:
      - gzip, deflate
      Connection:
      - keep-alive
      Content-Length:
      - '2122'
      Content-Type:
      - application/octet-stream
      User-Agent:
      - azsdk-python-storage-blob/12.20.0 Python/3.9.19 (Windows-10-10.0.22631-SP0)
      x-ms-blob-type:
      - BlockBlob
      x-ms-date:
      - Thu, 29 Aug 2024 18:39:28 GMT
      x-ms-version:
      - '2024-05-04'
    method: PUT
    uri: https://mystorage.blob.core.windows.net/job-00000000-0000-0000-0000-000000000001/inputData?sv=PLACEHOLDER&ss=b&srt=co&spr=https&st=2000-01-01T00%3A00%3A00Z&se=2050-01-01T00%3A00%3A00Z&sp=rwlac&sig=PLACEHOLDER
  response:
    body:
      string: ''
    headers:
      content-length:
      - '0'
      x-ms-version:
      - '2024-05-04'
    status:
      code: 201
      message: Created
- request:
    body: 'b''{"id": "00000000-0000-0000-0000-000000000001", "name": "quantinuum-job",
      "providerId": "quantinuum", "target": "quantinuum.sim.h2-1e", "itemType": "Job",
      "containerUri": "https://mystorage.blob.core.windows.net/job-00000000-0000-0000-0000-000000000001?sv=PLACEHOLDER&ss=b&srt=co&spr=https&st=2000-01-01T00%3A00%3A00Z&se=2050-01-01T00%3A00%3A00Z&sp=rwlac&sig=PLACEHOLDER",
      "inputDataUri": "https://mystorage.blob.core.windows.net/job-00000000-0000-0000-0000-000000000001/inputData",
      "inputDataFormat": "qir.v1", "inputParams": {"entryPoint": "ENTRYPOINT__main",
      "arguments": [], "target_profile": "Adaptive_RI"}, "outputDataFormat":
      "microsoft.quantum-results.v2"}'''
    headers:
      Accept:
      - application/json
      Accept-Encoding:
      - gzip, deflate
      Connection:
      - keep-alive
      Content-Length:
      - '674'
      Content-Type:
      - application/json
      User-Agent:
      - testapp-azure-quantum-qsharp azsdk-python-quantum/0.0.1 Python/3.9.19 (Windows-10-10.0.22631-SP0)
    method: PUT
    uri: https://eastus.quantum.azure.com/subscriptions/00000000-0000-0000-0000-000000000000/resourceGroups/myresourcegroup/providers/Microsoft.Quantum/workspaces/myworkspace/jobs/00000000-0000-0000-0000-000000000001?api-version=2024-10-01-preview&test-sequence-id=1
  response:
    body:
      string: '{"containerUri": "https://mystorage.blob.core.windows.net/job-00000000-0000-0000-0000-000000000001?sv=PLACEHOLDER&ss=b&srt=co&spr=https&st=2000-01-01T00%3A00%3A00Z&se=2050-01-01T00%3A00%3A00Z&sp=rwlac&sig=PLACEHOLDER",
        "inputDataUri": "https://mystorage.blob.core.windows.net/job-00000000-0000-0000-0000-000000000001/inputData?sv=PLACEHOLDER&st=2000-01-01T00%3A00%3A00Z&se=2050-01-01T00%3A00%3A00Z&sr=b&sp=rcw&sig=PLACEHOLDER",
        "inputDataFormat": "qir.v1", "inputParams": {"entryPoint": "ENTRYPOINT__main",
        "arguments": [], "target_profile": "Adaptive_RI"}, "metadata": null,
        "sessionId": null, "status": "Waiting", "jobType": "QuantumComputing", "outputDataFormat":
        "microsoft.quantum-results.v2", "outputDataUri": "https://mystorage.blob.core.windows.net:443/job-00000000-0000-0000-0000-000000000001/outputData?sv=PLACEHOLDER&ss=b&srt=co&spr=https&st=2000-01-01T00%3A00%3A00Z&se=2050-01-01T00%3A00%3A00Z&sp=rwlac&sig=PLACEHOLDER",
        "beginExecutionTime": null, "cancellationTime": null, "quantumComputingData":
        null, "errorData": null, "isCancelling": false, "tags": [], "name": "quantinuum-job",
        "id": "00000000-0000-0000-0000-000000000001", "providerId": "quantinuum",
        "target": "quantinuum.sim.h2-1e", "creationTime": "2024-08-29T18:39:28.7618071+00:00",
        "endExecutionTime": null, "costEstimate": null, "itemType": "Job"}'
    headers:
      connection:
      - keep-alive
      content-length:
      - '1332'
      content-type:
      - application/json; charset=utf-8
      transfer-encoding:
      - chunked
    status:
      code: 200
      message: OK
- request:
    body: null
    headers:
      Accept:
      - application/json
      Accept-Encoding:
      - gzip, deflate
      Connection:
      - keep-alive
      User-Agent:
      - testapp-azure-quantum-qsharp azsdk-python-quantum/0.0.1 Python/3.9.19 (Windows-10-10.0.22631-SP0)
    method: GET
    uri: https://eastus.quantum.azure.com/subscriptions/00000000-0000-0000-0000-000000000000/resourceGroups/myresourcegroup/providers/Microsoft.Quantum/workspaces/myworkspace/jobs/00000000-0000-0000-0000-000000000001?api-version=2024-10-01-preview&test-sequence-id=1
  response:
    body:
      string: '{"containerUri": "https://mystorage.blob.core.windows.net/job-00000000-0000-0000-0000-000000000001?sv=PLACEHOLDER&st=2000-01-01T00%3A00%3A00Z&se=2050-01-01T00%3A00%3A00Z&sr=c&sp=rcwl&sig=PLACEHOLDER",
        "inputDataUri": "https://mystorage.blob.core.windows.net/job-00000000-0000-0000-0000-000000000001/inputData?sv=PLACEHOLDER&st=2000-01-01T00%3A00%3A00Z&se=2050-01-01T00%3A00%3A00Z&sr=b&sp=r&rscd=attachment%3B+filename%3Dquantinuum-job-00000000-0000-0000-0000-000000000001.input.json&sig=PLACEHOLDER",
        "inputDataFormat": "qir.v1", "inputParams": {"entryPoint": "ENTRYPOINT__main",
        "arguments": [], "target_profile": "Adaptive_RI"}, "metadata": null,
        "sessionId": null, "status": "Waiting", "jobType": "QuantumComputing", "outputDataFormat":
        "microsoft.quantum-results.v2", "outputDataUri": "https://mystorage.blob.core.windows.net/job-00000000-0000-0000-0000-000000000001/outputData?sv=PLACEHOLDER&st=2000-01-01T00%3A00%3A00Z&se=2050-01-01T00%3A00%3A00Z&sr=b&sp=r&rscd=attachment%3B+filename%3Dquantinuum-job-00000000-0000-0000-0000-000000000001.output.json&sig=PLACEHOLDER",
        "beginExecutionTime": null, "cancellationTime": null, "quantumComputingData":
        null, "errorData": null, "isCancelling": false, "tags": [], "name": "quantinuum-job",
        "id": "00000000-0000-0000-0000-000000000001", "providerId": "quantinuum",
        "target": "quantinuum.sim.h2-1e", "creationTime": "2024-08-29T18:39:28.7618071+00:00",
        "endExecutionTime": null, "costEstimate": null, "itemType": "Job"}'
    headers:
      connection:
      - keep-alive
      content-length:
      - '1474'
      content-type:
      - application/json; charset=utf-8
      transfer-encoding:
      - chunked
    status:
      code: 200
      message: OK
- request:
    body: null
    headers:
      Accept:
      - application/json
      Accept-Encoding:
      - gzip, deflate
      Connection:
      - keep-alive
      User-Agent:
      - testapp-azure-quantum-qsharp azsdk-python-quantum/0.0.1 Python/3.9.19 (Windows-10-10.0.22631-SP0)
    method: GET
    uri: https://eastus.quantum.azure.com/subscriptions/00000000-0000-0000-0000-000000000000/resourceGroups/myresourcegroup/providers/Microsoft.Quantum/workspaces/myworkspace/jobs/00000000-0000-0000-0000-000000000001?api-version=2024-10-01-preview&test-sequence-id=2
  response:
    body:
      string: '{"containerUri": "https://mystorage.blob.core.windows.net/job-00000000-0000-0000-0000-000000000001?sv=PLACEHOLDER&st=2000-01-01T00%3A00%3A00Z&se=2050-01-01T00%3A00%3A00Z&sr=c&sp=rcwl&sig=PLACEHOLDER",
        "inputDataUri": "https://mystorage.blob.core.windows.net/job-00000000-0000-0000-0000-000000000001/inputData?sv=PLACEHOLDER&st=2000-01-01T00%3A00%3A00Z&se=2050-01-01T00%3A00%3A00Z&sr=b&sp=r&rscd=attachment%3B+filename%3Dquantinuum-job-00000000-0000-0000-0000-000000000001.input.json&sig=PLACEHOLDER",
        "inputDataFormat": "qir.v1", "inputParams": {"entryPoint": "ENTRYPOINT__main",
        "arguments": [], "target_profile": "Adaptive_RI"}, "metadata": null,
        "sessionId": null, "status": "Waiting", "jobType": "QuantumComputing", "outputDataFormat":
        "microsoft.quantum-results.v2", "outputDataUri": "https://mystorage.blob.core.windows.net/job-00000000-0000-0000-0000-000000000001/outputData?sv=PLACEHOLDER&st=2000-01-01T00%3A00%3A00Z&se=2050-01-01T00%3A00%3A00Z&sr=b&sp=r&rscd=attachment%3B+filename%3Dquantinuum-job-00000000-0000-0000-0000-000000000001.output.json&sig=PLACEHOLDER",
        "beginExecutionTime": null, "cancellationTime": null, "quantumComputingData":
        null, "errorData": null, "isCancelling": false, "tags": [], "name": "quantinuum-job",
        "id": "00000000-0000-0000-0000-000000000001", "providerId": "quantinuum",
        "target": "quantinuum.sim.h2-1e", "creationTime": "2024-08-29T18:39:28.7618071+00:00",
        "endExecutionTime": null, "costEstimate": null, "itemType": "Job"}'
    headers:
      connection:
      - keep-alive
      content-length:
      - '1474'
      content-type:
      - application/json; charset=utf-8
      transfer-encoding:
      - chunked
    status:
      code: 200
      message: OK
- request:
    body: null
    headers:
      Accept:
      - application/json
      Accept-Encoding:
      - gzip, deflate
      Connection:
      - keep-alive
      User-Agent:
      - testapp-azure-quantum-qsharp azsdk-python-quantum/0.0.1 Python/3.9.19 (Windows-10-10.0.22631-SP0)
    method: GET
    uri: https://eastus.quantum.azure.com/subscriptions/00000000-0000-0000-0000-000000000000/resourceGroups/myresourcegroup/providers/Microsoft.Quantum/workspaces/myworkspace/jobs/00000000-0000-0000-0000-000000000001?api-version=2024-10-01-preview&test-sequence-id=3
  response:
    body:
      string: '{"containerUri": "https://mystorage.blob.core.windows.net/job-00000000-0000-0000-0000-000000000001?sv=PLACEHOLDER&st=2000-01-01T00%3A00%3A00Z&se=2050-01-01T00%3A00%3A00Z&sr=c&sp=rcwl&sig=PLACEHOLDER",
        "inputDataUri": "https://mystorage.blob.core.windows.net/job-00000000-0000-0000-0000-000000000001/inputData?sv=PLACEHOLDER&st=2000-01-01T00%3A00%3A00Z&se=2050-01-01T00%3A00%3A00Z&sr=b&sp=r&rscd=attachment%3B+filename%3Dquantinuum-job-00000000-0000-0000-0000-000000000001.input.json&sig=PLACEHOLDER",
        "inputDataFormat": "qir.v1", "inputParams": {"entryPoint": "ENTRYPOINT__main",
        "arguments": [], "target_profile": "Adaptive_RI"}, "metadata": null,
        "sessionId": null, "status": "Waiting", "jobType": "QuantumComputing", "outputDataFormat":
        "microsoft.quantum-results.v2", "outputDataUri": "https://mystorage.blob.core.windows.net/job-00000000-0000-0000-0000-000000000001/outputData?sv=PLACEHOLDER&st=2000-01-01T00%3A00%3A00Z&se=2050-01-01T00%3A00%3A00Z&sr=b&sp=r&rscd=attachment%3B+filename%3Dquantinuum-job-00000000-0000-0000-0000-000000000001.output.json&sig=PLACEHOLDER",
        "beginExecutionTime": null, "cancellationTime": null, "quantumComputingData":
        null, "errorData": null, "isCancelling": false, "tags": [], "name": "quantinuum-job",
        "id": "00000000-0000-0000-0000-000000000001", "providerId": "quantinuum",
        "target": "quantinuum.sim.h2-1e", "creationTime": "2024-08-29T18:39:28.7618071+00:00",
        "endExecutionTime": null, "costEstimate": null, "itemType": "Job"}'
    headers:
      connection:
      - keep-alive
      content-length:
      - '1474'
      content-type:
      - application/json; charset=utf-8
      transfer-encoding:
      - chunked
    status:
      code: 200
      message: OK
- request:
    body: null
    headers:
      Accept:
      - application/json
      Accept-Encoding:
      - gzip, deflate
      Connection:
      - keep-alive
      User-Agent:
      - testapp-azure-quantum-qsharp azsdk-python-quantum/0.0.1 Python/3.9.19 (Windows-10-10.0.22631-SP0)
    method: GET
    uri: https://eastus.quantum.azure.com/subscriptions/00000000-0000-0000-0000-000000000000/resourceGroups/myresourcegroup/providers/Microsoft.Quantum/workspaces/myworkspace/jobs/00000000-0000-0000-0000-000000000001?api-version=2024-10-01-preview&test-sequence-id=4
  response:
    body:
      string: '{"containerUri": "https://mystorage.blob.core.windows.net/job-00000000-0000-0000-0000-000000000001?sv=PLACEHOLDER&st=2000-01-01T00%3A00%3A00Z&se=2050-01-01T00%3A00%3A00Z&sr=c&sp=rcwl&sig=PLACEHOLDER",
        "inputDataUri": "https://mystorage.blob.core.windows.net/job-00000000-0000-0000-0000-000000000001/inputData?sv=PLACEHOLDER&st=2000-01-01T00%3A00%3A00Z&se=2050-01-01T00%3A00%3A00Z&sr=b&sp=r&rscd=attachment%3B+filename%3Dquantinuum-job-00000000-0000-0000-0000-000000000001.input.json&sig=PLACEHOLDER",
        "inputDataFormat": "qir.v1", "inputParams": {"entryPoint": "ENTRYPOINT__main",
        "arguments": [], "target_profile": "Adaptive_RI"}, "metadata": null,
        "sessionId": null, "status": "Waiting", "jobType": "QuantumComputing", "outputDataFormat":
        "microsoft.quantum-results.v2", "outputDataUri": "https://mystorage.blob.core.windows.net/job-00000000-0000-0000-0000-000000000001/outputData?sv=PLACEHOLDER&st=2000-01-01T00%3A00%3A00Z&se=2050-01-01T00%3A00%3A00Z&sr=b&sp=r&rscd=attachment%3B+filename%3Dquantinuum-job-00000000-0000-0000-0000-000000000001.output.json&sig=PLACEHOLDER",
        "beginExecutionTime": null, "cancellationTime": null, "quantumComputingData":
        null, "errorData": null, "isCancelling": false, "tags": [], "name": "quantinuum-job",
        "id": "00000000-0000-0000-0000-000000000001", "providerId": "quantinuum",
        "target": "quantinuum.sim.h2-1e", "creationTime": "2024-08-29T18:39:28.7618071+00:00",
        "endExecutionTime": null, "costEstimate": null, "itemType": "Job"}'
    headers:
      connection:
      - keep-alive
      content-length:
      - '1474'
      content-type:
      - application/json; charset=utf-8
      transfer-encoding:
      - chunked
    status:
      code: 200
      message: OK
- request:
    body: null
    headers:
      Accept:
      - application/json
      Accept-Encoding:
      - gzip, deflate
      Connection:
      - keep-alive
      User-Agent:
      - testapp-azure-quantum-qsharp azsdk-python-quantum/0.0.1 Python/3.9.19 (Windows-10-10.0.22631-SP0)
    method: GET
    uri: https://eastus.quantum.azure.com/subscriptions/00000000-0000-0000-0000-000000000000/resourceGroups/myresourcegroup/providers/Microsoft.Quantum/workspaces/myworkspace/jobs/00000000-0000-0000-0000-000000000001?api-version=2024-10-01-preview&test-sequence-id=5
  response:
    body:
      string: '{"containerUri": "https://mystorage.blob.core.windows.net/job-00000000-0000-0000-0000-000000000001?sv=PLACEHOLDER&st=2000-01-01T00%3A00%3A00Z&se=2050-01-01T00%3A00%3A00Z&sr=c&sp=rcwl&sig=PLACEHOLDER",
        "inputDataUri": "https://mystorage.blob.core.windows.net/job-00000000-0000-0000-0000-000000000001/inputData?sv=PLACEHOLDER&st=2000-01-01T00%3A00%3A00Z&se=2050-01-01T00%3A00%3A00Z&sr=b&sp=r&rscd=attachment%3B+filename%3Dquantinuum-job-00000000-0000-0000-0000-000000000001.input.json&sig=PLACEHOLDER",
        "inputDataFormat": "qir.v1", "inputParams": {"entryPoint": "ENTRYPOINT__main",
        "arguments": [], "target_profile": "Adaptive_RI"}, "metadata": null,
        "sessionId": null, "status": "Waiting", "jobType": "QuantumComputing", "outputDataFormat":
        "microsoft.quantum-results.v2", "outputDataUri": "https://mystorage.blob.core.windows.net/job-00000000-0000-0000-0000-000000000001/outputData?sv=PLACEHOLDER&st=2000-01-01T00%3A00%3A00Z&se=2050-01-01T00%3A00%3A00Z&sr=b&sp=r&rscd=attachment%3B+filename%3Dquantinuum-job-00000000-0000-0000-0000-000000000001.output.json&sig=PLACEHOLDER",
        "beginExecutionTime": null, "cancellationTime": null, "quantumComputingData":
        null, "errorData": null, "isCancelling": false, "tags": [], "name": "quantinuum-job",
        "id": "00000000-0000-0000-0000-000000000001", "providerId": "quantinuum",
        "target": "quantinuum.sim.h2-1e", "creationTime": "2024-08-29T18:39:28.7618071+00:00",
        "endExecutionTime": null, "costEstimate": null, "itemType": "Job"}'
    headers:
      connection:
      - keep-alive
      content-length:
      - '1474'
      content-type:
      - application/json; charset=utf-8
      transfer-encoding:
      - chunked
    status:
      code: 200
      message: OK
- request:
    body: null
    headers:
      Accept:
      - application/json
      Accept-Encoding:
      - gzip, deflate
      Connection:
      - keep-alive
      User-Agent:
      - testapp-azure-quantum-qsharp azsdk-python-quantum/0.0.1 Python/3.9.19 (Windows-10-10.0.22631-SP0)
    method: GET
    uri: https://eastus.quantum.azure.com/subscriptions/00000000-0000-0000-0000-000000000000/resourceGroups/myresourcegroup/providers/Microsoft.Quantum/workspaces/myworkspace/jobs/00000000-0000-0000-0000-000000000001?api-version=2024-10-01-preview&test-sequence-id=6
  response:
    body:
      string: '{"containerUri": "https://mystorage.blob.core.windows.net/job-00000000-0000-0000-0000-000000000001?sv=PLACEHOLDER&st=2000-01-01T00%3A00%3A00Z&se=2050-01-01T00%3A00%3A00Z&sr=c&sp=rcwl&sig=PLACEHOLDER",
        "inputDataUri": "https://mystorage.blob.core.windows.net/job-00000000-0000-0000-0000-000000000001/inputData?sv=PLACEHOLDER&st=2000-01-01T00%3A00%3A00Z&se=2050-01-01T00%3A00%3A00Z&sr=b&sp=r&rscd=attachment%3B+filename%3Dquantinuum-job-00000000-0000-0000-0000-000000000001.input.json&sig=PLACEHOLDER",
        "inputDataFormat": "qir.v1", "inputParams": {"entryPoint": "ENTRYPOINT__main",
        "arguments": [], "target_profile": "Adaptive_RI"}, "metadata": null,
        "sessionId": null, "status": "Waiting", "jobType": "QuantumComputing", "outputDataFormat":
        "microsoft.quantum-results.v2", "outputDataUri": "https://mystorage.blob.core.windows.net/job-00000000-0000-0000-0000-000000000001/outputData?sv=PLACEHOLDER&st=2000-01-01T00%3A00%3A00Z&se=2050-01-01T00%3A00%3A00Z&sr=b&sp=r&rscd=attachment%3B+filename%3Dquantinuum-job-00000000-0000-0000-0000-000000000001.output.json&sig=PLACEHOLDER",
        "beginExecutionTime": null, "cancellationTime": null, "quantumComputingData":
        null, "errorData": null, "isCancelling": false, "tags": [], "name": "quantinuum-job",
        "id": "00000000-0000-0000-0000-000000000001", "providerId": "quantinuum",
        "target": "quantinuum.sim.h2-1e", "creationTime": "2024-08-29T18:39:28.7618071+00:00",
        "endExecutionTime": null, "costEstimate": null, "itemType": "Job"}'
    headers:
      connection:
      - keep-alive
      content-length:
      - '1474'
      content-type:
      - application/json; charset=utf-8
      transfer-encoding:
      - chunked
    status:
      code: 200
      message: OK
- request:
    body: null
    headers:
      Accept:
      - application/json
      Accept-Encoding:
      - gzip, deflate
      Connection:
      - keep-alive
      User-Agent:
      - testapp-azure-quantum-qsharp azsdk-python-quantum/0.0.1 Python/3.9.19 (Windows-10-10.0.22631-SP0)
    method: GET
    uri: https://eastus.quantum.azure.com/subscriptions/00000000-0000-0000-0000-000000000000/resourceGroups/myresourcegroup/providers/Microsoft.Quantum/workspaces/myworkspace/jobs/00000000-0000-0000-0000-000000000001?api-version=2024-10-01-preview&test-sequence-id=7
  response:
    body:
      string: '{"containerUri": "https://mystorage.blob.core.windows.net/job-00000000-0000-0000-0000-000000000001?sv=PLACEHOLDER&st=2000-01-01T00%3A00%3A00Z&se=2050-01-01T00%3A00%3A00Z&sr=c&sp=rcwl&sig=PLACEHOLDER",
        "inputDataUri": "https://mystorage.blob.core.windows.net/job-00000000-0000-0000-0000-000000000001/inputData?sv=PLACEHOLDER&st=2000-01-01T00%3A00%3A00Z&se=2050-01-01T00%3A00%3A00Z&sr=b&sp=r&rscd=attachment%3B+filename%3Dquantinuum-job-00000000-0000-0000-0000-000000000001.input.json&sig=PLACEHOLDER",
        "inputDataFormat": "qir.v1", "inputParams": {"entryPoint": "ENTRYPOINT__main",
        "arguments": [], "target_profile": "Adaptive_RI"}, "metadata": null,
        "sessionId": null, "status": "Waiting", "jobType": "QuantumComputing", "outputDataFormat":
        "microsoft.quantum-results.v2", "outputDataUri": "https://mystorage.blob.core.windows.net/job-00000000-0000-0000-0000-000000000001/outputData?sv=PLACEHOLDER&st=2000-01-01T00%3A00%3A00Z&se=2050-01-01T00%3A00%3A00Z&sr=b&sp=r&rscd=attachment%3B+filename%3Dquantinuum-job-00000000-0000-0000-0000-000000000001.output.json&sig=PLACEHOLDER",
        "beginExecutionTime": null, "cancellationTime": null, "quantumComputingData":
        {"count": 1}, "errorData": null, "isCancelling": false, "tags": [], "name":
        "quantinuum-job", "id": "00000000-0000-0000-0000-000000000001", "providerId":
        "quantinuum", "target": "quantinuum.sim.h2-1e", "creationTime": "2024-08-29T18:39:28.7618071+00:00",
        "endExecutionTime": null, "costEstimate": null, "itemType": "Job"}'
    headers:
      connection:
      - keep-alive
      content-length:
      - '1482'
      content-type:
      - application/json; charset=utf-8
      transfer-encoding:
      - chunked
    status:
      code: 200
      message: OK
- request:
    body: null
    headers:
      Accept:
      - application/json
      Accept-Encoding:
      - gzip, deflate
      Connection:
      - keep-alive
      User-Agent:
      - testapp-azure-quantum-qsharp azsdk-python-quantum/0.0.1 Python/3.9.19 (Windows-10-10.0.22631-SP0)
    method: GET
    uri: https://eastus.quantum.azure.com/subscriptions/00000000-0000-0000-0000-000000000000/resourceGroups/myresourcegroup/providers/Microsoft.Quantum/workspaces/myworkspace/jobs/00000000-0000-0000-0000-000000000001?api-version=2024-10-01-preview&test-sequence-id=8
  response:
    body:
      string: '{"containerUri": "https://mystorage.blob.core.windows.net/job-00000000-0000-0000-0000-000000000001?sv=PLACEHOLDER&st=2000-01-01T00%3A00%3A00Z&se=2050-01-01T00%3A00%3A00Z&sr=c&sp=rcwl&sig=PLACEHOLDER",
        "inputDataUri": "https://mystorage.blob.core.windows.net/job-00000000-0000-0000-0000-000000000001/inputData?sv=PLACEHOLDER&st=2000-01-01T00%3A00%3A00Z&se=2050-01-01T00%3A00%3A00Z&sr=b&sp=r&rscd=attachment%3B+filename%3Dquantinuum-job-00000000-0000-0000-0000-000000000001.input.json&sig=PLACEHOLDER",
        "inputDataFormat": "qir.v1", "inputParams": {"entryPoint": "ENTRYPOINT__main",
        "arguments": [], "target_profile": "Adaptive_RI"}, "metadata": null,
        "sessionId": null, "status": "Waiting", "jobType": "QuantumComputing", "outputDataFormat":
        "microsoft.quantum-results.v2", "outputDataUri": "https://mystorage.blob.core.windows.net/job-00000000-0000-0000-0000-000000000001/outputData?sv=PLACEHOLDER&st=2000-01-01T00%3A00%3A00Z&se=2050-01-01T00%3A00%3A00Z&sr=b&sp=r&rscd=attachment%3B+filename%3Dquantinuum-job-00000000-0000-0000-0000-000000000001.output.json&sig=PLACEHOLDER",
        "beginExecutionTime": null, "cancellationTime": null, "quantumComputingData":
        {"count": 1}, "errorData": null, "isCancelling": false, "tags": [], "name":
        "quantinuum-job", "id": "00000000-0000-0000-0000-000000000001", "providerId":
        "quantinuum", "target": "quantinuum.sim.h2-1e", "creationTime": "2024-08-29T18:39:28.7618071+00:00",
        "endExecutionTime": null, "costEstimate": null, "itemType": "Job"}'
    headers:
      connection:
      - keep-alive
      content-length:
      - '1482'
      content-type:
      - application/json; charset=utf-8
      transfer-encoding:
      - chunked
    status:
      code: 200
      message: OK
- request:
    body: null
    headers:
      Accept:
      - application/json
      Accept-Encoding:
      - gzip, deflate
      Connection:
      - keep-alive
      User-Agent:
      - testapp-azure-quantum-qsharp azsdk-python-quantum/0.0.1 Python/3.9.19 (Windows-10-10.0.22631-SP0)
    method: GET
    uri: https://eastus.quantum.azure.com/subscriptions/00000000-0000-0000-0000-000000000000/resourceGroups/myresourcegroup/providers/Microsoft.Quantum/workspaces/myworkspace/jobs/00000000-0000-0000-0000-000000000001?api-version=2024-10-01-preview&test-sequence-id=9
  response:
    body:
      string: '{"containerUri": "https://mystorage.blob.core.windows.net/job-00000000-0000-0000-0000-000000000001?sv=PLACEHOLDER&st=2000-01-01T00%3A00%3A00Z&se=2050-01-01T00%3A00%3A00Z&sr=c&sp=rcwl&sig=PLACEHOLDER",
        "inputDataUri": "https://mystorage.blob.core.windows.net/job-00000000-0000-0000-0000-000000000001/inputData?sv=PLACEHOLDER&st=2000-01-01T00%3A00%3A00Z&se=2050-01-01T00%3A00%3A00Z&sr=b&sp=r&rscd=attachment%3B+filename%3Dquantinuum-job-00000000-0000-0000-0000-000000000001.input.json&sig=PLACEHOLDER",
        "inputDataFormat": "qir.v1", "inputParams": {"entryPoint": "ENTRYPOINT__main",
        "arguments": [], "target_profile": "Adaptive_RI"}, "metadata": null,
        "sessionId": null, "status": "Waiting", "jobType": "QuantumComputing", "outputDataFormat":
        "microsoft.quantum-results.v2", "outputDataUri": "https://mystorage.blob.core.windows.net/job-00000000-0000-0000-0000-000000000001/outputData?sv=PLACEHOLDER&st=2000-01-01T00%3A00%3A00Z&se=2050-01-01T00%3A00%3A00Z&sr=b&sp=r&rscd=attachment%3B+filename%3Dquantinuum-job-00000000-0000-0000-0000-000000000001.output.json&sig=PLACEHOLDER",
        "beginExecutionTime": null, "cancellationTime": null, "quantumComputingData":
        {"count": 1}, "errorData": null, "isCancelling": false, "tags": [], "name":
        "quantinuum-job", "id": "00000000-0000-0000-0000-000000000001", "providerId":
        "quantinuum", "target": "quantinuum.sim.h2-1e", "creationTime": "2024-08-29T18:39:28.7618071+00:00",
        "endExecutionTime": null, "costEstimate": null, "itemType": "Job"}'
    headers:
      connection:
      - keep-alive
      content-length:
      - '1482'
      content-type:
      - application/json; charset=utf-8
      transfer-encoding:
      - chunked
    status:
      code: 200
      message: OK
- request:
    body: null
    headers:
      Accept:
      - application/json
      Accept-Encoding:
      - gzip, deflate
      Connection:
      - keep-alive
      User-Agent:
      - testapp-azure-quantum-qsharp azsdk-python-quantum/0.0.1 Python/3.9.19 (Windows-10-10.0.22631-SP0)
    method: GET
    uri: https://eastus.quantum.azure.com/subscriptions/00000000-0000-0000-0000-000000000000/resourceGroups/myresourcegroup/providers/Microsoft.Quantum/workspaces/myworkspace/jobs/00000000-0000-0000-0000-000000000001?api-version=2024-10-01-preview&test-sequence-id=10
  response:
    body:
      string: '{"containerUri": "https://mystorage.blob.core.windows.net/job-00000000-0000-0000-0000-000000000001?sv=PLACEHOLDER&st=2000-01-01T00%3A00%3A00Z&se=2050-01-01T00%3A00%3A00Z&sr=c&sp=rcwl&sig=PLACEHOLDER",
        "inputDataUri": "https://mystorage.blob.core.windows.net/job-00000000-0000-0000-0000-000000000001/inputData?sv=PLACEHOLDER&st=2000-01-01T00%3A00%3A00Z&se=2050-01-01T00%3A00%3A00Z&sr=b&sp=r&rscd=attachment%3B+filename%3Dquantinuum-job-00000000-0000-0000-0000-000000000001.input.json&sig=PLACEHOLDER",
        "inputDataFormat": "qir.v1", "inputParams": {"entryPoint": "ENTRYPOINT__main",
        "arguments": [], "target_profile": "Adaptive_RI"}, "metadata": null,
        "sessionId": null, "status": "Waiting", "jobType": "QuantumComputing", "outputDataFormat":
        "microsoft.quantum-results.v2", "outputDataUri": "https://mystorage.blob.core.windows.net/job-00000000-0000-0000-0000-000000000001/outputData?sv=PLACEHOLDER&st=2000-01-01T00%3A00%3A00Z&se=2050-01-01T00%3A00%3A00Z&sr=b&sp=r&rscd=attachment%3B+filename%3Dquantinuum-job-00000000-0000-0000-0000-000000000001.output.json&sig=PLACEHOLDER",
        "beginExecutionTime": null, "cancellationTime": null, "quantumComputingData":
        {"count": 1}, "errorData": null, "isCancelling": false, "tags": [], "name":
        "quantinuum-job", "id": "00000000-0000-0000-0000-000000000001", "providerId":
        "quantinuum", "target": "quantinuum.sim.h2-1e", "creationTime": "2024-08-29T18:39:28.7618071+00:00",
        "endExecutionTime": null, "costEstimate": null, "itemType": "Job"}'
    headers:
      connection:
      - keep-alive
      content-length:
      - '1482'
      content-type:
      - application/json; charset=utf-8
      transfer-encoding:
      - chunked
    status:
      code: 200
      message: OK
- request:
    body: null
    headers:
      Accept:
      - application/json
      Accept-Encoding:
      - gzip, deflate
      Connection:
      - keep-alive
      User-Agent:
      - testapp-azure-quantum-qsharp azsdk-python-quantum/0.0.1 Python/3.9.19 (Windows-10-10.0.22631-SP0)
    method: GET
    uri: https://eastus.quantum.azure.com/subscriptions/00000000-0000-0000-0000-000000000000/resourceGroups/myresourcegroup/providers/Microsoft.Quantum/workspaces/myworkspace/jobs/00000000-0000-0000-0000-000000000001?api-version=2024-10-01-preview&test-sequence-id=11
  response:
    body:
      string: '{"containerUri": "https://mystorage.blob.core.windows.net/job-00000000-0000-0000-0000-000000000001?sv=PLACEHOLDER&st=2000-01-01T00%3A00%3A00Z&se=2050-01-01T00%3A00%3A00Z&sr=c&sp=rcwl&sig=PLACEHOLDER",
        "inputDataUri": "https://mystorage.blob.core.windows.net/job-00000000-0000-0000-0000-000000000001/inputData?sv=PLACEHOLDER&st=2000-01-01T00%3A00%3A00Z&se=2050-01-01T00%3A00%3A00Z&sr=b&sp=r&rscd=attachment%3B+filename%3Dquantinuum-job-00000000-0000-0000-0000-000000000001.input.json&sig=PLACEHOLDER",
        "inputDataFormat": "qir.v1", "inputParams": {"entryPoint": "ENTRYPOINT__main",
        "arguments": [], "target_profile": "Adaptive_RI"}, "metadata": null,
        "sessionId": null, "status": "Waiting", "jobType": "QuantumComputing", "outputDataFormat":
        "microsoft.quantum-results.v2", "outputDataUri": "https://mystorage.blob.core.windows.net/job-00000000-0000-0000-0000-000000000001/outputData?sv=PLACEHOLDER&st=2000-01-01T00%3A00%3A00Z&se=2050-01-01T00%3A00%3A00Z&sr=b&sp=r&rscd=attachment%3B+filename%3Dquantinuum-job-00000000-0000-0000-0000-000000000001.output.json&sig=PLACEHOLDER",
        "beginExecutionTime": null, "cancellationTime": null, "quantumComputingData":
        {"count": 1}, "errorData": null, "isCancelling": false, "tags": [], "name":
        "quantinuum-job", "id": "00000000-0000-0000-0000-000000000001", "providerId":
        "quantinuum", "target": "quantinuum.sim.h2-1e", "creationTime": "2024-08-29T18:39:28.7618071+00:00",
        "endExecutionTime": null, "costEstimate": null, "itemType": "Job"}'
    headers:
      connection:
      - keep-alive
      content-length:
      - '1482'
      content-type:
      - application/json; charset=utf-8
      transfer-encoding:
      - chunked
    status:
      code: 200
      message: OK
- request:
    body: null
    headers:
      Accept:
      - application/json
      Accept-Encoding:
      - gzip, deflate
      Connection:
      - keep-alive
      User-Agent:
      - testapp-azure-quantum-qsharp azsdk-python-quantum/0.0.1 Python/3.9.19 (Windows-10-10.0.22631-SP0)
    method: GET
    uri: https://eastus.quantum.azure.com/subscriptions/00000000-0000-0000-0000-000000000000/resourceGroups/myresourcegroup/providers/Microsoft.Quantum/workspaces/myworkspace/jobs/00000000-0000-0000-0000-000000000001?api-version=2024-10-01-preview&test-sequence-id=12
  response:
    body:
      string: '{"containerUri": "https://mystorage.blob.core.windows.net/job-00000000-0000-0000-0000-000000000001?sv=PLACEHOLDER&st=2000-01-01T00%3A00%3A00Z&se=2050-01-01T00%3A00%3A00Z&sr=c&sp=rcwl&sig=PLACEHOLDER",
        "inputDataUri": "https://mystorage.blob.core.windows.net/job-00000000-0000-0000-0000-000000000001/inputData?sv=PLACEHOLDER&st=2000-01-01T00%3A00%3A00Z&se=2050-01-01T00%3A00%3A00Z&sr=b&sp=r&rscd=attachment%3B+filename%3Dquantinuum-job-00000000-0000-0000-0000-000000000001.input.json&sig=PLACEHOLDER",
        "inputDataFormat": "qir.v1", "inputParams": {"entryPoint": "ENTRYPOINT__main",
        "arguments": [], "target_profile": "Adaptive_RI"}, "metadata": null,
        "sessionId": null, "status": "Waiting", "jobType": "QuantumComputing", "outputDataFormat":
        "microsoft.quantum-results.v2", "outputDataUri": "https://mystorage.blob.core.windows.net/job-00000000-0000-0000-0000-000000000001/outputData?sv=PLACEHOLDER&st=2000-01-01T00%3A00%3A00Z&se=2050-01-01T00%3A00%3A00Z&sr=b&sp=r&rscd=attachment%3B+filename%3Dquantinuum-job-00000000-0000-0000-0000-000000000001.output.json&sig=PLACEHOLDER",
        "beginExecutionTime": null, "cancellationTime": null, "quantumComputingData":
        {"count": 1}, "errorData": null, "isCancelling": false, "tags": [], "name":
        "quantinuum-job", "id": "00000000-0000-0000-0000-000000000001", "providerId":
        "quantinuum", "target": "quantinuum.sim.h2-1e", "creationTime": "2024-08-29T18:39:28.7618071+00:00",
        "endExecutionTime": null, "costEstimate": null, "itemType": "Job"}'
    headers:
      connection:
      - keep-alive
      content-length:
      - '1482'
      content-type:
      - application/json; charset=utf-8
      transfer-encoding:
      - chunked
    status:
      code: 200
      message: OK
- request:
    body: null
    headers:
      Accept:
      - application/json
      Accept-Encoding:
      - gzip, deflate
      Connection:
      - keep-alive
      User-Agent:
      - testapp-azure-quantum-qsharp azsdk-python-quantum/0.0.1 Python/3.9.19 (Windows-10-10.0.22631-SP0)
    method: GET
    uri: https://eastus.quantum.azure.com/subscriptions/00000000-0000-0000-0000-000000000000/resourceGroups/myresourcegroup/providers/Microsoft.Quantum/workspaces/myworkspace/jobs/00000000-0000-0000-0000-000000000001?api-version=2024-10-01-preview&test-sequence-id=13
  response:
    body:
      string: '{"containerUri": "https://mystorage.blob.core.windows.net/job-00000000-0000-0000-0000-000000000001?sv=PLACEHOLDER&st=2000-01-01T00%3A00%3A00Z&se=2050-01-01T00%3A00%3A00Z&sr=c&sp=rcwl&sig=PLACEHOLDER",
        "inputDataUri": "https://mystorage.blob.core.windows.net/job-00000000-0000-0000-0000-000000000001/inputData?sv=PLACEHOLDER&st=2000-01-01T00%3A00%3A00Z&se=2050-01-01T00%3A00%3A00Z&sr=b&sp=r&rscd=attachment%3B+filename%3Dquantinuum-job-00000000-0000-0000-0000-000000000001.input.json&sig=PLACEHOLDER",
        "inputDataFormat": "qir.v1", "inputParams": {"entryPoint": "ENTRYPOINT__main",
        "arguments": [], "target_profile": "Adaptive_RI"}, "metadata": null,
        "sessionId": null, "status": "Waiting", "jobType": "QuantumComputing", "outputDataFormat":
        "microsoft.quantum-results.v2", "outputDataUri": "https://mystorage.blob.core.windows.net/job-00000000-0000-0000-0000-000000000001/outputData?sv=PLACEHOLDER&st=2000-01-01T00%3A00%3A00Z&se=2050-01-01T00%3A00%3A00Z&sr=b&sp=r&rscd=attachment%3B+filename%3Dquantinuum-job-00000000-0000-0000-0000-000000000001.output.json&sig=PLACEHOLDER",
        "beginExecutionTime": null, "cancellationTime": null, "quantumComputingData":
        {"count": 1}, "errorData": null, "isCancelling": false, "tags": [], "name":
        "quantinuum-job", "id": "00000000-0000-0000-0000-000000000001", "providerId":
        "quantinuum", "target": "quantinuum.sim.h2-1e", "creationTime": "2024-08-29T18:39:28.7618071+00:00",
        "endExecutionTime": null, "costEstimate": null, "itemType": "Job"}'
    headers:
      connection:
      - keep-alive
      content-length:
      - '1482'
      content-type:
      - application/json; charset=utf-8
      transfer-encoding:
      - chunked
    status:
      code: 200
      message: OK
- request:
    body: null
    headers:
      Accept:
      - application/json
      Accept-Encoding:
      - gzip, deflate
      Connection:
      - keep-alive
      User-Agent:
      - testapp-azure-quantum-qsharp azsdk-python-quantum/0.0.1 Python/3.9.19 (Windows-10-10.0.22631-SP0)
    method: GET
    uri: https://eastus.quantum.azure.com/subscriptions/00000000-0000-0000-0000-000000000000/resourceGroups/myresourcegroup/providers/Microsoft.Quantum/workspaces/myworkspace/jobs/00000000-0000-0000-0000-000000000001?api-version=2024-10-01-preview&test-sequence-id=14
  response:
    body:
      string: '{"containerUri": "https://mystorage.blob.core.windows.net/job-00000000-0000-0000-0000-000000000001?sv=PLACEHOLDER&st=2000-01-01T00%3A00%3A00Z&se=2050-01-01T00%3A00%3A00Z&sr=c&sp=rcwl&sig=PLACEHOLDER",
        "inputDataUri": "https://mystorage.blob.core.windows.net/job-00000000-0000-0000-0000-000000000001/inputData?sv=PLACEHOLDER&st=2000-01-01T00%3A00%3A00Z&se=2050-01-01T00%3A00%3A00Z&sr=b&sp=r&rscd=attachment%3B+filename%3Dquantinuum-job-00000000-0000-0000-0000-000000000001.input.json&sig=PLACEHOLDER",
        "inputDataFormat": "qir.v1", "inputParams": {"entryPoint": "ENTRYPOINT__main",
        "arguments": [], "target_profile": "Adaptive_RI"}, "metadata": null,
        "sessionId": null, "status": "Waiting", "jobType": "QuantumComputing", "outputDataFormat":
        "microsoft.quantum-results.v2", "outputDataUri": "https://mystorage.blob.core.windows.net/job-00000000-0000-0000-0000-000000000001/outputData?sv=PLACEHOLDER&st=2000-01-01T00%3A00%3A00Z&se=2050-01-01T00%3A00%3A00Z&sr=b&sp=r&rscd=attachment%3B+filename%3Dquantinuum-job-00000000-0000-0000-0000-000000000001.output.json&sig=PLACEHOLDER",
        "beginExecutionTime": null, "cancellationTime": null, "quantumComputingData":
        {"count": 1}, "errorData": null, "isCancelling": false, "tags": [], "name":
        "quantinuum-job", "id": "00000000-0000-0000-0000-000000000001", "providerId":
        "quantinuum", "target": "quantinuum.sim.h2-1e", "creationTime": "2024-08-29T18:39:28.7618071+00:00",
        "endExecutionTime": null, "costEstimate": null, "itemType": "Job"}'
    headers:
      connection:
      - keep-alive
      content-length:
      - '1482'
      content-type:
      - application/json; charset=utf-8
      transfer-encoding:
      - chunked
    status:
      code: 200
      message: OK
- request:
    body: null
    headers:
      Accept:
      - application/json
      Accept-Encoding:
      - gzip, deflate
      Connection:
      - keep-alive
      User-Agent:
      - testapp-azure-quantum-qsharp azsdk-python-quantum/0.0.1 Python/3.9.19 (Windows-10-10.0.22631-SP0)
    method: GET
    uri: https://eastus.quantum.azure.com/subscriptions/00000000-0000-0000-0000-000000000000/resourceGroups/myresourcegroup/providers/Microsoft.Quantum/workspaces/myworkspace/jobs/00000000-0000-0000-0000-000000000001?api-version=2024-10-01-preview&test-sequence-id=15
  response:
    body:
      string: '{"containerUri": "https://mystorage.blob.core.windows.net/job-00000000-0000-0000-0000-000000000001?sv=PLACEHOLDER&st=2000-01-01T00%3A00%3A00Z&se=2050-01-01T00%3A00%3A00Z&sr=c&sp=rcwl&sig=PLACEHOLDER",
        "inputDataUri": "https://mystorage.blob.core.windows.net/job-00000000-0000-0000-0000-000000000001/inputData?sv=PLACEHOLDER&st=2000-01-01T00%3A00%3A00Z&se=2050-01-01T00%3A00%3A00Z&sr=b&sp=r&rscd=attachment%3B+filename%3Dquantinuum-job-00000000-0000-0000-0000-000000000001.input.json&sig=PLACEHOLDER",
        "inputDataFormat": "qir.v1", "inputParams": {"entryPoint": "ENTRYPOINT__main",
        "arguments": [], "target_profile": "Adaptive_RI"}, "metadata": null,
        "sessionId": null, "status": "Succeeded", "jobType": "QuantumComputing", "outputDataFormat":
        "microsoft.quantum-results.v2", "outputDataUri": "https://mystorage.blob.core.windows.net/job-00000000-0000-0000-0000-000000000001/outputData?sv=PLACEHOLDER&st=2000-01-01T00%3A00%3A00Z&se=2050-01-01T00%3A00%3A00Z&sr=b&sp=r&rscd=attachment%3B+filename%3Dquantinuum-job-00000000-0000-0000-0000-000000000001.output.json&sig=PLACEHOLDER",
        "beginExecutionTime": "2024-08-29T18:41:18.991229+00:00", "cancellationTime":
        null, "quantumComputingData": {"count": 1}, "errorData": null, "isCancelling":
        false, "tags": [], "name": "quantinuum-job", "id": "00000000-0000-0000-0000-000000000001",
        "providerId": "quantinuum", "target": "quantinuum.sim.h2-1e", "creationTime":
        "2024-08-29T18:39:28.7618071+00:00", "endExecutionTime": "2024-08-29T18:41:20.54878+00:00",
        "costEstimate": {"currencyCode": "USD", "events": [{"dimensionId": "ehqc",
        "dimensionName": "EHQC", "measureUnit": "hqc", "amountBilled": 5.02, "amountConsumed":
        5.02, "unitPrice": 0.0}], "estimatedTotal": 0.0}, "itemType": "Job"}'
    headers:
      connection:
      - keep-alive
      content-length:
      - '1733'
      content-type:
      - application/json; charset=utf-8
      transfer-encoding:
      - chunked
    status:
      code: 200
      message: OK
- request:
    body: null
    headers:
      Accept:
      - application/json
      Accept-Encoding:
      - gzip, deflate
      Connection:
      - keep-alive
      User-Agent:
      - testapp-azure-quantum-qsharp azsdk-python-quantum/0.0.1 Python/3.9.19 (Windows-10-10.0.22631-SP0)
    method: GET
    uri: https://eastus.quantum.azure.com/subscriptions/00000000-0000-0000-0000-000000000000/resourceGroups/myresourcegroup/providers/Microsoft.Quantum/workspaces/myworkspace/jobs/00000000-0000-0000-0000-000000000001?api-version=2024-10-01-preview&test-sequence-id=16
  response:
    body:
      string: '{"containerUri": "https://mystorage.blob.core.windows.net/job-00000000-0000-0000-0000-000000000001?sv=PLACEHOLDER&st=2000-01-01T00%3A00%3A00Z&se=2050-01-01T00%3A00%3A00Z&sr=c&sp=rcwl&sig=PLACEHOLDER",
        "inputDataUri": "https://mystorage.blob.core.windows.net/job-00000000-0000-0000-0000-000000000001/inputData?sv=PLACEHOLDER&st=2000-01-01T00%3A00%3A00Z&se=2050-01-01T00%3A00%3A00Z&sr=b&sp=r&rscd=attachment%3B+filename%3Dquantinuum-job-00000000-0000-0000-0000-000000000001.input.json&sig=PLACEHOLDER",
        "inputDataFormat": "qir.v1", "inputParams": {"entryPoint": "ENTRYPOINT__main",
        "arguments": [], "target_profile": "Adaptive_RI"}, "metadata": null,
        "sessionId": null, "status": "Succeeded", "jobType": "QuantumComputing", "outputDataFormat":
        "microsoft.quantum-results.v2", "outputDataUri": "https://mystorage.blob.core.windows.net/job-00000000-0000-0000-0000-000000000001/outputData?sv=PLACEHOLDER&st=2000-01-01T00%3A00%3A00Z&se=2050-01-01T00%3A00%3A00Z&sr=b&sp=r&rscd=attachment%3B+filename%3Dquantinuum-job-00000000-0000-0000-0000-000000000001.output.json&sig=PLACEHOLDER",
        "beginExecutionTime": "2024-08-29T18:41:18.991229+00:00", "cancellationTime":
        null, "quantumComputingData": {"count": 1}, "errorData": null, "isCancelling":
        false, "tags": [], "name": "quantinuum-job", "id": "00000000-0000-0000-0000-000000000001",
        "providerId": "quantinuum", "target": "quantinuum.sim.h2-1e", "creationTime":
        "2024-08-29T18:39:28.7618071+00:00", "endExecutionTime": "2024-08-29T18:41:20.54878+00:00",
        "costEstimate": {"currencyCode": "USD", "events": [{"dimensionId": "ehqc",
        "dimensionName": "EHQC", "measureUnit": "hqc", "amountBilled": 5.02, "amountConsumed":
        5.02, "unitPrice": 0.0}], "estimatedTotal": 0.0}, "itemType": "Job"}'
    headers:
      connection:
      - keep-alive
      content-length:
      - '1733'
      content-type:
      - application/json; charset=utf-8
      transfer-encoding:
      - chunked
    status:
      code: 200
      message: OK
- request:
    body: null
    headers:
      Accept:
      - application/xml
      Accept-Encoding:
      - gzip, deflate
      Connection:
      - keep-alive
      User-Agent:
      - azsdk-python-storage-blob/12.20.0 Python/3.9.19 (Windows-10-10.0.22631-SP0)
      x-ms-date:
      - Thu, 29 Aug 2024 18:41:27 GMT
      x-ms-range:
      - bytes=0-33554431
      x-ms-version:
      - '2024-05-04'
    method: GET
    uri: https://mystorage.blob.core.windows.net/job-00000000-0000-0000-0000-000000000001/outputData?sv=PLACEHOLDER&st=2000-01-01T00%3A00%3A00Z&se=2050-01-01T00%3A00%3A00Z&sr=b&sp=r&rscd=attachment%3B%20filename%3Dquantinuum-job-00000000-0000-0000-0000-000000000001.output.json&sig=PLACEHOLDER
  response:
    body:
      string: '{"DataFormat": "microsoft.quantum-results.v2", "Results": [{"Histogram":
        [{"Outcome": {"Item1": 1, "Item2": 1}, "Display": "(1, 1)", "Count": 1}],
        "Shots": [{"Item1": 1, "Item2": 1}]}]}'
    headers:
      accept-ranges:
      - bytes
      content-length:
      - '185'
      content-range:
      - bytes 0-167/168
      content-type:
      - application/octet-stream
      x-ms-blob-content-md5:
      - IJwy0hWxZuZPlBjA+KujmA==
      x-ms-blob-type:
      - BlockBlob
      x-ms-creation-time:
      - Thu, 29 Aug 2024 18:41:21 GMT
      x-ms-lease-state:
      - available
      x-ms-lease-status:
      - unlocked
      x-ms-server-encrypted:
      - 'true'
      x-ms-version:
      - '2024-05-04'
    status:
      code: 206
      message: Partial Content
- request:
    body: null
    headers:
      Accept:
      - application/xml
      Accept-Encoding:
      - gzip, deflate
      Connection:
      - keep-alive
      User-Agent:
      - azsdk-python-storage-blob/12.20.0 Python/3.9.19 (Windows-10-10.0.22631-SP0)
      x-ms-date:
      - Thu, 29 Aug 2024 18:41:27 GMT
      x-ms-range:
      - bytes=0-33554431
      x-ms-version:
      - '2024-05-04'
    method: GET
    uri: https://mystorage.blob.core.windows.net/job-00000000-0000-0000-0000-000000000001/outputData?sv=PLACEHOLDER&st=2000-01-01T00%3A00%3A00Z&se=2050-01-01T00%3A00%3A00Z&sr=b&sp=r&rscd=attachment%3B%20filename%3Dquantinuum-job-00000000-0000-0000-0000-000000000001.output.json&sig=PLACEHOLDER
  response:
    body:
      string: '{"DataFormat": "microsoft.quantum-results.v2", "Results": [{"Histogram":
        [{"Outcome": {"Item1": 1, "Item2": 1}, "Display": "(1, 1)", "Count": 1}],
        "Shots": [{"Item1": 1, "Item2": 1}]}]}'
    headers:
      accept-ranges:
      - bytes
      content-length:
      - '185'
      content-range:
      - bytes 0-167/168
      content-type:
      - application/octet-stream
      x-ms-blob-content-md5:
      - IJwy0hWxZuZPlBjA+KujmA==
      x-ms-blob-type:
      - BlockBlob
      x-ms-creation-time:
      - Thu, 29 Aug 2024 18:41:21 GMT
      x-ms-lease-state:
      - available
      x-ms-lease-status:
      - unlocked
      x-ms-server-encrypted:
      - 'true'
      x-ms-version:
      - '2024-05-04'
    status:
      code: 206
      message: Partial Content
- request:
    body: null
    headers:
      Accept:
      - application/xml
      Accept-Encoding:
      - gzip, deflate
      Connection:
      - keep-alive
      User-Agent:
      - azsdk-python-storage-blob/12.20.0 Python/3.9.19 (Windows-10-10.0.22631-SP0)
      x-ms-date:
      - Thu, 29 Aug 2024 18:41:27 GMT
      x-ms-range:
      - bytes=0-33554431
      x-ms-version:
      - '2024-05-04'
    method: GET
    uri: https://mystorage.blob.core.windows.net/job-00000000-0000-0000-0000-000000000001/outputData?sv=PLACEHOLDER&st=2000-01-01T00%3A00%3A00Z&se=2050-01-01T00%3A00%3A00Z&sr=b&sp=r&rscd=attachment%3B%20filename%3Dquantinuum-job-00000000-0000-0000-0000-000000000001.output.json&sig=PLACEHOLDER
  response:
    body:
      string: '{"DataFormat": "microsoft.quantum-results.v2", "Results": [{"Histogram":
        [{"Outcome": {"Item1": 1, "Item2": 1}, "Display": "(1, 1)", "Count": 1}],
        "Shots": [{"Item1": 1, "Item2": 1}]}]}'
    headers:
      accept-ranges:
      - bytes
      content-length:
      - '185'
      content-range:
      - bytes 0-167/168
      content-type:
      - application/octet-stream
      x-ms-blob-content-md5:
      - IJwy0hWxZuZPlBjA+KujmA==
      x-ms-blob-type:
      - BlockBlob
      x-ms-creation-time:
      - Thu, 29 Aug 2024 18:41:21 GMT
      x-ms-lease-state:
      - available
      x-ms-lease-status:
      - unlocked
      x-ms-server-encrypted:
      - 'true'
      x-ms-version:
      - '2024-05-04'
    status:
      code: 206
      message: Partial Content
version: 1
