interactions:
- request:
    body: client_id=PLACEHOLDER&grant_type=client_credentials&client_info=1&client_secret=PLACEHOLDER&claims=PLACEHOLDER&scope=https%3A%2F%2Fquantum.microsoft.com%2F.default
    headers:
      Accept:
      - application/json
      Accept-Encoding:
      - gzip, deflate, br
      Connection:
      - keep-alive
      Content-Length:
      - '287'
      Content-Type:
      - application/x-www-form-urlencoded
      User-Agent:
      - azsdk-python-identity/1.7.1 Python/3.7.12 (Darwin-21.2.0-x86_64-i386-64bit)
      x-client-cpu:
      - x64
      x-client-current-telemetry:
      - 4|730,0|
      x-client-os:
      - darwin
      x-client-sku:
      - MSAL.Python
      x-client-ver:
      - 1.16.0
    method: POST
    uri: https://login.microsoftonline.com/00000000-0000-0000-0000-000000000000/oauth2/v2.0/token
  response:
    body:
      string: '{"token_type": "Bearer", "expires_in": 86399, "ext_expires_in": 86399,
        "access_token": "fake_token"}'
    headers:
      content-length:
      - '1722'
      content-type:
      - application/json; charset=utf-8
    status:
      code: 200
      message: OK
- request:
    body: 'b''{"containerName": "job-00000000-0000-0000-0000-000000000000"}'''
    headers:
      Accept:
      - application/json
      Accept-Encoding:
      - gzip, deflate, br
      Connection:
      - keep-alive
      Content-Length:
      - '61'
      Content-Type:
      - application/json
      User-Agent:
      - testapp azsdk-python-quantum/0.0.0.1 Python/3.7.12 (Darwin-21.2.0-x86_64-i386-64bit)
    method: POST
    uri: https://eastus.quantum.azure.com/v1.0/subscriptions/00000000-0000-0000-0000-000000000000/resourceGroups/myresourcegroup/providers/Microsoft.Quantum/workspaces/myworkspace/storage/sasUri
  response:
    body:
      string: '{"sasUri": "https://mystorage.blob.core.windows.net/job-00000000-0000-0000-0000-000000000000?sv=PLACEHOLDER&sig=PLACEHOLDER&se=PLACEHOLDER&srt=co&ss=b&sp=racw",
        "access_token": "fake_token"}'
    headers:
      content-length:
      - '212'
      content-type:
      - application/json; charset=utf-8
      transfer-encoding:
      - chunked
    status:
      code: 200
      message: OK
- request:
    body: null
    headers:
      Accept:
      - application/xml
      Accept-Encoding:
      - gzip, deflate, br
      Connection:
      - keep-alive
      User-Agent:
      - azsdk-python-storage-blob/12.9.0 Python/3.7.12 (Darwin-21.2.0-x86_64-i386-64bit)
      x-ms-date:
      - Wed, 19 Jan 2022 22:21:08 GMT
      x-ms-version:
      - '2020-10-02'
    method: GET
    uri: https://mystorage.blob.core.windows.net/job-00000000-0000-0000-0000-000000000000?restype=container&sv=PLACEHOLDER&sig=PLACEHOLDER&se=PLACEHOLDER&srt=co&ss=b&sp=racw
  response:
    body:
      string: "\uFEFF<?xml version=\"1.0\" encoding=\"utf-8\"?><Error><Code>ContainerNotFound</Code><Message>The
        specified container does not exist.\nRequestId:2b36ee48-101e-0001-4c82-0dedab000000\nTime:2022-01-19T22:21:09.2560505Z</Message></Error>"
    headers:
      content-length:
      - '225'
      content-type:
      - application/xml
      x-ms-version:
      - '2020-10-02'
    status:
      code: 404
      message: The specified container does not exist.
- request:
    body: null
    headers:
      Accept:
      - application/xml
      Accept-Encoding:
      - gzip, deflate, br
      Connection:
      - keep-alive
      Content-Length:
      - '0'
      User-Agent:
      - azsdk-python-storage-blob/12.9.0 Python/3.7.12 (Darwin-21.2.0-x86_64-i386-64bit)
      x-ms-date:
      - Wed, 19 Jan 2022 22:21:09 GMT
      x-ms-version:
      - '2020-10-02'
    method: PUT
    uri: https://mystorage.blob.core.windows.net/job-00000000-0000-0000-0000-000000000000?restype=container&sv=PLACEHOLDER&sig=PLACEHOLDER&se=PLACEHOLDER&srt=co&ss=b&sp=racw
  response:
    body:
      string: ''
    headers:
      content-length:
      - '0'
      x-ms-version:
      - '2020-10-02'
    status:
      code: 201
      message: Created
- request:
    body: null
    headers:
      Accept:
      - application/xml
      Accept-Encoding:
      - gzip, deflate, br
      Connection:
      - keep-alive
      User-Agent:
      - azsdk-python-storage-blob/12.9.0 Python/3.7.12 (Darwin-21.2.0-x86_64-i386-64bit)
      x-ms-date:
      - Wed, 19 Jan 2022 22:21:09 GMT
      x-ms-version:
      - '2020-10-02'
    method: GET
    uri: https://mystorage.blob.core.windows.net/job-00000000-0000-0000-0000-000000000000?restype=container&sv=PLACEHOLDER&sig=PLACEHOLDER&se=PLACEHOLDER&srt=co&ss=b&sp=racw
  response:
    body:
      string: ''
    headers:
      content-length:
      - '0'
      x-ms-lease-state:
      - available
      x-ms-lease-status:
      - unlocked
      x-ms-version:
      - '2020-10-02'
    status:
      code: 200
      message: OK
- request:
    body: b'\x1f\x8b\x08\x00\xd3\x8e\xe8a\x02\xffU\xcc\xb1\n\x830\x10\x06\xe0W\x91\x9bMINK\xb1kg\x87B\xb7*%\xd5\x14\x84&\x11s)\x14\xc9\xbb7\xc4\xc1f\xca\xe5\xff\xee\xfe\x15\xb4"9J\x92p.V0R\xab8\xc0M9bW/\ry\xddZC\xea"\x97\xb7e\x1d
      G\xe4B4L\xd4(\xf8\xa9\x03\x08e\x01\x83u\xf4xy3\xd0dM*\xfa\xa8\xc5m3\x88\x03\x87\xb8C\xdf9U\xcf\xfei\xd3_-\xda\xc5\xe0\xbe\xc2\x10\x1fV\xc5l\x1aS"\xca\x82\xf7\xb1w\x93\xe3\x0e\x98A\x93\x81\xd8\x01w\xa8\xb2\x0bVg\xf2w\x92\x03\xf6\xa1\x0f\xe1\x07\x96\xe5\xd5\xf5\x1c\x01\x00\x00'
    headers:
      Accept:
      - application/xml
      Accept-Encoding:
      - gzip, deflate, br
      Connection:
      - keep-alive
      Content-Length:
      - '176'
      Content-Type:
      - application/octet-stream
      User-Agent:
      - azsdk-python-storage-blob/12.9.0 Python/3.7.12 (Darwin-21.2.0-x86_64-i386-64bit)
      x-ms-blob-type:
      - BlockBlob
      x-ms-date:
      - Wed, 19 Jan 2022 22:21:09 GMT
      x-ms-version:
      - '2020-10-02'
    method: PUT
    uri: https://mystorage.blob.core.windows.net/job-00000000-0000-0000-0000-000000000000/inputData?sv=PLACEHOLDER&sig=PLACEHOLDER&se=PLACEHOLDER&srt=co&ss=b&sp=racw
  response:
    body:
      string: ''
    headers:
      content-length:
      - '0'
      x-ms-version:
      - '2020-10-02'
    status:
      code: 201
      message: Created
- request:
    body: 'b''{"id": "00000000-0000-0000-0000-000000000000", "name": "Test-QuantumMonteCarlo-\\"20210101-000000\\"",
      "containerUri": "https://mystorage.blob.core.windows.net/job-00000000-0000-0000-0000-000000000000?sv=PLACEHOLDER&sig=PLACEHOLDER&se=PLACEHOLDER&srt=co&ss=b&sp=racw",
      "inputDataUri": "https://mystorage.blob.core.windows.net/job-00000000-0000-0000-0000-000000000000/inputData",
      "inputDataFormat": "microsoft.qio.v2", "inputParams": {"params": {"trotter_number":
      1}}, "providerId": "Microsoft", "target": "microsoft.qmc.cpu", "outputDataFormat":
      "microsoft.qio-results.v2"}'''
    headers:
      Accept:
      - application/json
      Accept-Encoding:
      - gzip, deflate, br
      Connection:
      - keep-alive
      Content-Length:
      - '630'
      Content-Type:
      - application/json
      User-Agent:
      - testapp azsdk-python-quantum/0.0.0.1 Python/3.7.12 (Darwin-21.2.0-x86_64-i386-64bit)
    method: PUT
    uri: https://eastus.quantum.azure.com/v1.0/subscriptions/00000000-0000-0000-0000-000000000000/resourceGroups/myresourcegroup/providers/Microsoft.Quantum/workspaces/myworkspace/jobs/00000000-0000-0000-0000-000000000000
  response:
    body:
      string: '{"containerUri": "https://mystorage.blob.core.windows.net/job-00000000-0000-0000-0000-000000000000?sv=PLACEHOLDER&sig=PLACEHOLDER&se=PLACEHOLDER&srt=co&ss=b&sp=racw",
        "inputDataUri": "https://mystorage.blob.core.windows.net/job-00000000-0000-0000-0000-000000000000/inputData?sv=PLACEHOLDER&sr=b&sig=PLACEHOLDER&se=PLACEHOLDER&sp=rcw",
        "inputDataFormat": "microsoft.qio.v2", "inputParams": {"params": {"trotter_number":
        1}}, "providerId": "microsoft", "target": "microsoft.qmc.cpu", "metadata":
        null, "name": "Test-QuantumMonteCarlo-\"20210101-000000\"", "id": "00000000-0000-0000-0000-000000000000",
        "status": "Waiting", "outputDataFormat": "microsoft.qio-results.v2", "outputDataUri":
        "https://azuresdkteststo.blob.core.windows.net:443/job-00000000-0000-0000-0000-000000000000/outputData?sv=PLACEHOLDER&sig=PLACEHOLDER&se=PLACEHOLDER&srt=co&ss=b&sp=racw",
        "creationTime": "2022-01-19T22:21:10.2364506+00:00", "beginExecutionTime":
        null, "endExecutionTime": null, "cancellationTime": null, "costEstimate":
        null, "errorData": null, "isCancelling": false, "tags": [], "access_token":
        "fake_token"}'
    headers:
      content-length:
      - '1179'
      content-type:
      - application/json; charset=utf-8
      transfer-encoding:
      - chunked
    status:
      code: 200
      message: OK
- request:
    body: null
    headers:
      Accept:
      - application/json
      Accept-Encoding:
      - gzip, deflate, br
      Connection:
      - keep-alive
      User-Agent:
      - testapp azsdk-python-quantum/0.0.0.1 Python/3.7.12 (Darwin-21.2.0-x86_64-i386-64bit)
    method: GET
    uri: https://eastus.quantum.azure.com/v1.0/subscriptions/00000000-0000-0000-0000-000000000000/resourceGroups/myresourcegroup/providers/Microsoft.Quantum/workspaces/myworkspace/jobs/00000000-0000-0000-0000-000000000000
  response:
    body:
      string: '{"containerUri": "https://mystorage.blob.core.windows.net/job-00000000-0000-0000-0000-000000000000?sv=PLACEHOLDER&sig=PLACEHOLDER&se=PLACEHOLDER&srt=co&ss=b&sp=racw",
        "inputDataUri": "https://mystorage.blob.core.windows.net/job-00000000-0000-0000-0000-000000000000/inputData?sv=PLACEHOLDER&sr=b&sig=PLACEHOLDER&se=PLACEHOLDER&sp=r&rscd=attachment%3B%20filename%3DTest-QuantumMonteCarlo-%252220210101-000000%2522-1909b04a-7976-11ec-9c89-acde48001122.input.json",
        "inputDataFormat": "microsoft.qio.v2", "inputParams": {"params": {"trotter_number":
        1}}, "providerId": "microsoft", "target": "microsoft.qmc.cpu", "metadata":
        null, "name": "Test-QuantumMonteCarlo-\"20210101-000000\"", "id": "00000000-0000-0000-0000-000000000000",
        "status": "Succeeded", "outputDataFormat": "microsoft.qio-results.v2", "outputDataUri":
        "https://mystorage.blob.core.windows.net/job-00000000-0000-0000-0000-000000000000/rawOutputData?sv=PLACEHOLDER&sr=b&sig=PLACEHOLDER&se=PLACEHOLDER&sp=r&rscd=attachment%3B%20filename%3DTest-QuantumMonteCarlo-%252220210101-000000%2522-1909b04a-7976-11ec-9c89-acde48001122.output.json",
        "creationTime": "2022-01-19T22:21:10.2364506+00:00", "beginExecutionTime":
        "2022-01-19T22:21:11.1430659Z", "endExecutionTime": "2022-01-19T22:21:11.244503Z",
        "cancellationTime": null, "costEstimate": null, "errorData": null, "isCancelling":
        false, "tags": [], "access_token": "fake_token"}'
    headers:
      content-length:
      - '1480'
      content-type:
      - application/json; charset=utf-8
      transfer-encoding:
      - chunked
    status:
      code: 200
      message: OK
- request:
    body: null
    headers:
      Accept:
      - application/xml
      Accept-Encoding:
      - gzip, deflate, br
      Connection:
      - keep-alive
      User-Agent:
      - azsdk-python-storage-blob/12.9.0 Python/3.7.12 (Darwin-21.2.0-x86_64-i386-64bit)
      x-ms-date:
      - Wed, 19 Jan 2022 22:21:12 GMT
      x-ms-range:
      - bytes=0-33554431
      x-ms-version:
      - '2020-10-02'
    method: GET
    uri: https://mystorage.blob.core.windows.net/job-00000000-0000-0000-0000-000000000000/rawOutputData?sv=PLACEHOLDER&sr=b&sig=PLACEHOLDER&se=PLACEHOLDER&sp=r&rscd=attachment%3B%20filename%3DTest-QuantumMonteCarlo-%252220210101-000000%2522-1909b04a-7976-11ec-9c89-acde48001122.output.json
  response:
    body:
      string: '{"version": "1.0", "configuration": {"1": 1, "0": 1, "2": 0, "3": 1},
        "cost": -5.0, "solutions": [{"configuration": {"1": 1, "0": 1, "2": 0, "3":
        1}, "cost": -5.0}], "access_token": "fake_token"}'
    headers:
      accept-ranges:
      - bytes
      content-length:
      - '170'
      content-range:
      - bytes 0-169/170
      content-type:
      - application/json
      x-ms-blob-content-md5:
      - oO3WY1+vPlumWsKVwlLwdg==
      x-ms-blob-type:
      - BlockBlob
      x-ms-creation-time:
      - Wed, 19 Jan 2022 22:21:10 GMT
      x-ms-lease-state:
      - available
      x-ms-lease-status:
      - unlocked
      x-ms-server-encrypted:
      - 'true'
      x-ms-version:
      - '2020-10-02'
    status:
      code: 206
      message: Partial Content
- request:
    body: null
    headers:
      Accept:
      - application/json
      Accept-Encoding:
      - gzip, deflate, br
      Connection:
      - keep-alive
      User-Agent:
      - testapp azsdk-python-quantum/0.0.0.1 Python/3.7.12 (Darwin-21.2.0-x86_64-i386-64bit)
    method: GET
    uri: https://eastus.quantum.azure.com/v1.0/subscriptions/00000000-0000-0000-0000-000000000000/resourceGroups/myresourcegroup/providers/Microsoft.Quantum/workspaces/myworkspace/jobs/00000000-0000-0000-0000-000000000000
  response:
    body:
      string: '{"containerUri": "https://mystorage.blob.core.windows.net/job-00000000-0000-0000-0000-000000000000?sv=PLACEHOLDER&sig=PLACEHOLDER&se=PLACEHOLDER&srt=co&ss=b&sp=racw",
        "inputDataUri": "https://mystorage.blob.core.windows.net/job-00000000-0000-0000-0000-000000000000/inputData?sv=PLACEHOLDER&sr=b&sig=PLACEHOLDER&se=PLACEHOLDER&sp=r&rscd=attachment%3B%20filename%3DTest-QuantumMonteCarlo-%252220210101-000000%2522-1909b04a-7976-11ec-9c89-acde48001122.input.json",
        "inputDataFormat": "microsoft.qio.v2", "inputParams": {"params": {"trotter_number":
        1}}, "providerId": "microsoft", "target": "microsoft.qmc.cpu", "metadata":
        null, "name": "Test-QuantumMonteCarlo-\"20210101-000000\"", "id": "00000000-0000-0000-0000-000000000000",
        "status": "Succeeded", "outputDataFormat": "microsoft.qio-results.v2", "outputDataUri":
        "https://mystorage.blob.core.windows.net/job-00000000-0000-0000-0000-000000000000/rawOutputData?sv=PLACEHOLDER&sr=b&sig=PLACEHOLDER&se=PLACEHOLDER&sp=r&rscd=attachment%3B%20filename%3DTest-QuantumMonteCarlo-%252220210101-000000%2522-1909b04a-7976-11ec-9c89-acde48001122.output.json",
        "creationTime": "2022-01-19T22:21:10.2364506+00:00", "beginExecutionTime":
        "2022-01-19T22:21:11.1430659Z", "endExecutionTime": "2022-01-19T22:21:11.244503Z",
        "cancellationTime": null, "costEstimate": null, "errorData": null, "isCancelling":
        false, "tags": [], "access_token": "fake_token"}'
    headers:
      content-length:
      - '1480'
      content-type:
      - application/json; charset=utf-8
      transfer-encoding:
      - chunked
    status:
      code: 200
      message: OK
version: 1
