interactions:
- request:
    body: client_id=PLACEHOLDER&grant_type=client_credentials&client_assertion=PLACEHOLDER&client_info=1&client_assertion_type=PLACEHOLDER&scope=https%3A%2F%2Fquantum.microsoft.com%2F.default
    headers:
      Accept:
      - application/json
      Accept-Encoding:
      - gzip, deflate
      Connection:
      - keep-alive
      Content-Length:
      - '181'
      Content-Type:
      - application/x-www-form-urlencoded
      User-Agent:
      - azsdk-python-identity/1.16.0 Python/3.9.19 (Windows-10-10.0.22631-SP0)
      x-client-current-telemetry:
      - 4|730,2|
      x-client-os:
      - win32
      x-client-sku:
      - MSAL.Python
      x-client-ver:
      - 1.28.0
    method: POST
    uri: https://login.microsoftonline.com/00000000-0000-0000-0000-000000000000/oauth2/v2.0/token
  response:
    body:
      string: '{"token_type": "Bearer", "expires_in": 1746170636, "ext_expires_in":
        1746170636, "refresh_in": 31536000, "access_token": "PLACEHOLDER"}'
    headers:
      content-length:
      - '135'
      content-type:
      - application/json; charset=utf-8
    status:
      code: 200
      message: OK
- request:
    body: 'b''{"containerName": "job-00000000-0000-0000-0000-000000000001"}'''
    headers:
      Accept:
      - application/json
      Accept-Encoding:
      - gzip, deflate
      Connection:
      - keep-alive
      Content-Length:
      - '64'
      Content-Type:
      - application/json
      User-Agent:
      - azsdk-python-quantum/0.0.1 Python/3.9.19 (Windows-10-10.0.22631-SP0)
    method: POST
    uri: https://eastus.quantum.azure.com/subscriptions/00000000-0000-0000-0000-000000000000/resourceGroups/myresourcegroup/providers/Microsoft.Quantum/workspaces/myworkspace/storage/sasUri?api-version=2022-09-12-preview&test-sequence-id=1
  response:
    body:
      string: '{"sasUri": "https://mystorage.blob.core.windows.net/job-00000000-0000-0000-0000-000000000001?sv=PLACEHOLDER&sig=PLACEHOLDER&se=2050-01-01T00%3A00%3A00Z&srt=co&ss=b&sp=racwl"}'
    headers:
      connection:
      - keep-alive
      content-length:
      - '174'
      content-type:
      - application/json; charset=utf-8
      transfer-encoding:
      - chunked
    status:
      code: 200
      message: OK
- request:
    body: null
    headers:
      Accept:
      - application/xml
      Accept-Encoding:
      - gzip, deflate
      Connection:
      - keep-alive
      User-Agent:
      - azsdk-python-storage-blob/12.19.1 Python/3.9.19 (Windows-10-10.0.22631-SP0)
      x-ms-date:
      - Thu, 02 May 2024 07:23:57 GMT
      x-ms-version:
      - '2023-11-03'
    method: GET
    uri: https://mystorage.blob.core.windows.net/job-00000000-0000-0000-0000-000000000001?restype=container&sv=PLACEHOLDER&sig=PLACEHOLDER&se=2050-01-01T00%3A00%3A00Z&srt=co&ss=b&sp=racwl
  response:
    body:
      string: "\uFEFF<?xml version=\"1.0\" encoding=\"utf-8\"?><Error><Code>ContainerNotFound</Code><Message>The
        specified container does not exist.\nRequestId:e0a5fef3-e01e-0049-5461-9c6e2b000000\nTime:2024-05-02T07:24:00.3206618Z</Message></Error>"
    headers:
      content-length:
      - '223'
      content-type:
      - application/xml
      x-ms-version:
      - '2023-11-03'
    status:
      code: 404
      message: The specified container does not exist.
- request:
    body: null
    headers:
      Accept:
      - application/xml
      Accept-Encoding:
      - gzip, deflate
      Connection:
      - keep-alive
      Content-Length:
      - '0'
      User-Agent:
      - azsdk-python-storage-blob/12.19.1 Python/3.9.19 (Windows-10-10.0.22631-SP0)
      x-ms-date:
      - Thu, 02 May 2024 07:23:58 GMT
      x-ms-version:
      - '2023-11-03'
    method: PUT
    uri: https://mystorage.blob.core.windows.net/job-00000000-0000-0000-0000-000000000001?restype=container&sv=PLACEHOLDER&sig=PLACEHOLDER&se=2050-01-01T00%3A00%3A00Z&srt=co&ss=b&sp=racwl
  response:
    body:
      string: ''
    headers:
      content-length:
      - '0'
      x-ms-version:
      - '2023-11-03'
    status:
      code: 201
      message: Created
- request:
    body: null
    headers:
      Accept:
      - application/xml
      Accept-Encoding:
      - gzip, deflate
      Connection:
      - keep-alive
      User-Agent:
      - azsdk-python-storage-blob/12.19.1 Python/3.9.19 (Windows-10-10.0.22631-SP0)
      x-ms-date:
      - Thu, 02 May 2024 07:23:58 GMT
      x-ms-version:
      - '2023-11-03'
    method: GET
    uri: https://mystorage.blob.core.windows.net/job-00000000-0000-0000-0000-000000000001?restype=container&sv=PLACEHOLDER&sig=PLACEHOLDER&se=2050-01-01T00%3A00%3A00Z&srt=co&ss=b&sp=racwl
  response:
    body:
      string: ''
    headers:
      content-length:
      - '0'
      x-ms-lease-state:
      - available
      x-ms-lease-status:
      - unlocked
      x-ms-version:
      - '2023-11-03'
    status:
      code: 200
      message: OK
- request:
    body: 'b''{"qubits": 3, "circuit": [{"gate": "h", "target": 0}, {"gate": "cnot",
      "control": 0, "target": 1}, {"gate": "cnot", "control": 0, "target": 2}]}'''
    headers:
      Accept:
      - application/xml
      Accept-Encoding:
      - gzip, deflate
      Connection:
      - keep-alive
      Content-Length:
      - '147'
      Content-Type:
      - application/octet-stream
      User-Agent:
      - azsdk-python-storage-blob/12.19.1 Python/3.9.19 (Windows-10-10.0.22631-SP0)
      x-ms-blob-type:
      - BlockBlob
      x-ms-date:
      - Thu, 02 May 2024 07:23:59 GMT
      x-ms-version:
      - '2023-11-03'
    method: PUT
    uri: https://mystorage.blob.core.windows.net/job-00000000-0000-0000-0000-000000000001/inputData?sv=PLACEHOLDER&sig=PLACEHOLDER&se=2050-01-01T00%3A00%3A00Z&srt=co&ss=b&sp=racwl
  response:
    body:
      string: ''
    headers:
      content-length:
      - '0'
      x-ms-version:
      - '2023-11-03'
    status:
      code: 201
      message: Created
- request:
    body: 'b''{"id": "00000000-0000-0000-0000-000000000001", "name": "ionq-3ghz-job",
      "providerId": "IonQ", "target": "ionq.simulator", "itemType": "Job", "containerUri":
      "https://mystorage.blob.core.windows.net/job-00000000-0000-0000-0000-000000000001?sv=PLACEHOLDER&sig=PLACEHOLDER&se=2050-01-01T00%3A00%3A00Z&srt=co&ss=b&sp=racwl",
      "inputDataUri": "https://mystorage.blob.core.windows.net/job-00000000-0000-0000-0000-000000000001/inputData",
      "inputDataFormat": "ionq.circuit.v1", "inputParams": {"shots": 100}, "outputDataFormat":
      "ionq.quantum-results.v1"}'''
    headers:
      Accept:
      - application/json
      Accept-Encoding:
      - gzip, deflate
      Connection:
      - keep-alive
      Content-Length:
      - '549'
      Content-Type:
      - application/json
      User-Agent:
      - azsdk-python-quantum/0.0.1 Python/3.9.19 (Windows-10-10.0.22631-SP0)
    method: PUT
    uri: https://eastus.quantum.azure.com/subscriptions/00000000-0000-0000-0000-000000000000/resourceGroups/myresourcegroup/providers/Microsoft.Quantum/workspaces/myworkspace/jobs/00000000-0000-0000-0000-000000000001?api-version=2022-09-12-preview&test-sequence-id=1
  response:
    body:
      string: '{"containerUri": "https://mystorage.blob.core.windows.net/job-00000000-0000-0000-0000-000000000001?sv=PLACEHOLDER&sig=PLACEHOLDER&se=2050-01-01T00%3A00%3A00Z&srt=co&ss=b&sp=racwl",
        "inputDataUri": "https://mystorage.blob.core.windows.net/job-00000000-0000-0000-0000-000000000001/inputData?sv=PLACEHOLDER&sr=b&sig=PLACEHOLDER&se=2050-01-01T00%3A00%3A00Z&sp=rcw",
        "inputDataFormat": "ionq.circuit.v1", "inputParams": {"shots": 100}, "metadata":
        null, "sessionId": null, "status": "Waiting", "jobType": "QuantumComputing",
        "outputDataFormat": "ionq.quantum-results.v1", "outputDataUri": "https://mystorage.blob.core.windows.net:443/job-00000000-0000-0000-0000-000000000001/outputData?sv=PLACEHOLDER&sig=PLACEHOLDER&se=2050-01-01T00%3A00%3A00Z&srt=co&ss=b&sp=racwl",
        "beginExecutionTime": null, "cancellationTime": null, "quantumComputingData":
        null, "errorData": null, "isCancelling": false, "tags": [], "name": "ionq-3ghz-job",
        "id": "00000000-0000-0000-0000-000000000001", "providerId": "ionq", "target":
        "ionq.simulator", "creationTime": "2024-05-02T07:24:01.7694325+00:00", "endExecutionTime":
        null, "costEstimate": null, "itemType": "Job"}'
    headers:
      connection:
      - keep-alive
      content-length:
      - '1141'
      content-type:
      - application/json; charset=utf-8
      transfer-encoding:
      - chunked
    status:
      code: 200
      message: OK
- request:
    body: null
    headers:
      Accept:
      - application/json
      Accept-Encoding:
      - gzip, deflate
      Connection:
      - keep-alive
      User-Agent:
      - azsdk-python-quantum/0.0.1 Python/3.9.19 (Windows-10-10.0.22631-SP0)
    method: GET
    uri: https://eastus.quantum.azure.com/subscriptions/00000000-0000-0000-0000-000000000000/resourceGroups/myresourcegroup/providers/Microsoft.Quantum/workspaces/myworkspace/jobs/00000000-0000-0000-0000-000000000001?api-version=2022-09-12-preview&test-sequence-id=1
  response:
    body:
      string: '{"containerUri": "https://mystorage.blob.core.windows.net/job-00000000-0000-0000-0000-000000000001?sv=PLACEHOLDER&sr=c&sig=PLACEHOLDER&se=2050-01-01T00%3A00%3A00Z&sp=rcwl",
        "inputDataUri": "https://mystorage.blob.core.windows.net/job-00000000-0000-0000-0000-000000000001/inputData?sv=PLACEHOLDER&sr=b&sig=PLACEHOLDER&se=2050-01-01T00%3A00%3A00Z&sp=r&rscd=attachment%3B%20filename%3Dionq-3ghz-job-00000000-0000-0000-0000-000000000001.input.json",
        "inputDataFormat": "ionq.circuit.v1", "inputParams": {"shots": 100}, "metadata":
        null, "sessionId": null, "status": "Waiting", "jobType": "QuantumComputing",
        "outputDataFormat": "ionq.quantum-results.v1", "outputDataUri": "https://mystorage.blob.core.windows.net/job-00000000-0000-0000-0000-000000000001/outputData?sv=PLACEHOLDER&sr=b&sig=PLACEHOLDER&se=2050-01-01T00%3A00%3A00Z&sp=r&rscd=attachment%3B%20filename%3Dionq-3ghz-job-00000000-0000-0000-0000-000000000001.output.json",
        "beginExecutionTime": null, "cancellationTime": null, "quantumComputingData":
        {"count": 1}, "errorData": null, "isCancelling": false, "tags": [], "name":
        "ionq-3ghz-job", "id": "00000000-0000-0000-0000-000000000001", "providerId":
        "ionq", "target": "ionq.simulator", "creationTime": "2024-05-02T07:24:01.7694325+00:00",
        "endExecutionTime": null, "costEstimate": null, "itemType": "Job"}'
    headers:
      connection:
      - keep-alive
      content-length:
      - '1313'
      content-type:
      - application/json; charset=utf-8
      transfer-encoding:
      - chunked
    status:
      code: 200
      message: OK
- request:
    body: null
    headers:
      Accept:
      - application/json
      Accept-Encoding:
      - gzip, deflate
      Connection:
      - keep-alive
      User-Agent:
      - azsdk-python-quantum/0.0.1 Python/3.9.19 (Windows-10-10.0.22631-SP0)
    method: GET
    uri: https://eastus.quantum.azure.com/subscriptions/00000000-0000-0000-0000-000000000000/resourceGroups/myresourcegroup/providers/Microsoft.Quantum/workspaces/myworkspace/jobs/00000000-0000-0000-0000-000000000001?api-version=2022-09-12-preview&test-sequence-id=2
  response:
    body:
      string: '{"containerUri": "https://mystorage.blob.core.windows.net/job-00000000-0000-0000-0000-000000000001?sv=PLACEHOLDER&sr=c&sig=PLACEHOLDER&se=2050-01-01T00%3A00%3A00Z&sp=rcwl",
        "inputDataUri": "https://mystorage.blob.core.windows.net/job-00000000-0000-0000-0000-000000000001/inputData?sv=PLACEHOLDER&sr=b&sig=PLACEHOLDER&se=2050-01-01T00%3A00%3A00Z&sp=r&rscd=attachment%3B%20filename%3Dionq-3ghz-job-00000000-0000-0000-0000-000000000001.input.json",
        "inputDataFormat": "ionq.circuit.v1", "inputParams": {"shots": 100}, "metadata":
        null, "sessionId": null, "status": "Waiting", "jobType": "QuantumComputing",
        "outputDataFormat": "ionq.quantum-results.v1", "outputDataUri": "https://mystorage.blob.core.windows.net/job-00000000-0000-0000-0000-000000000001/outputData?sv=PLACEHOLDER&sr=b&sig=PLACEHOLDER&se=2050-01-01T00%3A00%3A00Z&sp=r&rscd=attachment%3B%20filename%3Dionq-3ghz-job-00000000-0000-0000-0000-000000000001.output.json",
        "beginExecutionTime": null, "cancellationTime": null, "quantumComputingData":
        {"count": 1}, "errorData": null, "isCancelling": false, "tags": [], "name":
        "ionq-3ghz-job", "id": "00000000-0000-0000-0000-000000000001", "providerId":
        "ionq", "target": "ionq.simulator", "creationTime": "2024-05-02T07:24:01.7694325+00:00",
        "endExecutionTime": null, "costEstimate": null, "itemType": "Job"}'
    headers:
      connection:
      - keep-alive
      content-length:
      - '1313'
      content-type:
      - application/json; charset=utf-8
      transfer-encoding:
      - chunked
    status:
      code: 200
      message: OK
- request:
    body: null
    headers:
      Accept:
      - application/json
      Accept-Encoding:
      - gzip, deflate
      Connection:
      - keep-alive
      User-Agent:
      - azsdk-python-quantum/0.0.1 Python/3.9.19 (Windows-10-10.0.22631-SP0)
    method: GET
    uri: https://eastus.quantum.azure.com/subscriptions/00000000-0000-0000-0000-000000000000/resourceGroups/myresourcegroup/providers/Microsoft.Quantum/workspaces/myworkspace/jobs/00000000-0000-0000-0000-000000000001?api-version=2022-09-12-preview&test-sequence-id=3
  response:
    body:
      string: '{"containerUri": "https://mystorage.blob.core.windows.net/job-00000000-0000-0000-0000-000000000001?sv=PLACEHOLDER&sr=c&sig=PLACEHOLDER&se=2050-01-01T00%3A00%3A00Z&sp=rcwl",
        "inputDataUri": "https://mystorage.blob.core.windows.net/job-00000000-0000-0000-0000-000000000001/inputData?sv=PLACEHOLDER&sr=b&sig=PLACEHOLDER&se=2050-01-01T00%3A00%3A00Z&sp=r&rscd=attachment%3B%20filename%3Dionq-3ghz-job-00000000-0000-0000-0000-000000000001.input.json",
        "inputDataFormat": "ionq.circuit.v1", "inputParams": {"shots": 100}, "metadata":
        null, "sessionId": null, "status": "Waiting", "jobType": "QuantumComputing",
        "outputDataFormat": "ionq.quantum-results.v1", "outputDataUri": "https://mystorage.blob.core.windows.net/job-00000000-0000-0000-0000-000000000001/outputData?sv=PLACEHOLDER&sr=b&sig=PLACEHOLDER&se=2050-01-01T00%3A00%3A00Z&sp=r&rscd=attachment%3B%20filename%3Dionq-3ghz-job-00000000-0000-0000-0000-000000000001.output.json",
        "beginExecutionTime": null, "cancellationTime": null, "quantumComputingData":
        {"count": 1}, "errorData": null, "isCancelling": false, "tags": [], "name":
        "ionq-3ghz-job", "id": "00000000-0000-0000-0000-000000000001", "providerId":
        "ionq", "target": "ionq.simulator", "creationTime": "2024-05-02T07:24:01.7694325+00:00",
        "endExecutionTime": null, "costEstimate": null, "itemType": "Job"}'
    headers:
      connection:
      - keep-alive
      content-length:
      - '1313'
      content-type:
      - application/json; charset=utf-8
      transfer-encoding:
      - chunked
    status:
      code: 200
      message: OK
- request:
    body: null
    headers:
      Accept:
      - application/json
      Accept-Encoding:
      - gzip, deflate
      Connection:
      - keep-alive
      User-Agent:
      - azsdk-python-quantum/0.0.1 Python/3.9.19 (Windows-10-10.0.22631-SP0)
    method: GET
    uri: https://eastus.quantum.azure.com/subscriptions/00000000-0000-0000-0000-000000000000/resourceGroups/myresourcegroup/providers/Microsoft.Quantum/workspaces/myworkspace/jobs/00000000-0000-0000-0000-000000000001?api-version=2022-09-12-preview&test-sequence-id=4
  response:
    body:
      string: '{"containerUri": "https://mystorage.blob.core.windows.net/job-00000000-0000-0000-0000-000000000001?sv=PLACEHOLDER&sr=c&sig=PLACEHOLDER&se=2050-01-01T00%3A00%3A00Z&sp=rcwl",
        "inputDataUri": "https://mystorage.blob.core.windows.net/job-00000000-0000-0000-0000-000000000001/inputData?sv=PLACEHOLDER&sr=b&sig=PLACEHOLDER&se=2050-01-01T00%3A00%3A00Z&sp=r&rscd=attachment%3B%20filename%3Dionq-3ghz-job-00000000-0000-0000-0000-000000000001.input.json",
        "inputDataFormat": "ionq.circuit.v1", "inputParams": {"shots": 100}, "metadata":
        null, "sessionId": null, "status": "Waiting", "jobType": "QuantumComputing",
        "outputDataFormat": "ionq.quantum-results.v1", "outputDataUri": "https://mystorage.blob.core.windows.net/job-00000000-0000-0000-0000-000000000001/outputData?sv=PLACEHOLDER&sr=b&sig=PLACEHOLDER&se=2050-01-01T00%3A00%3A00Z&sp=r&rscd=attachment%3B%20filename%3Dionq-3ghz-job-00000000-0000-0000-0000-000000000001.output.json",
        "beginExecutionTime": null, "cancellationTime": null, "quantumComputingData":
        {"count": 1}, "errorData": null, "isCancelling": false, "tags": [], "name":
        "ionq-3ghz-job", "id": "00000000-0000-0000-0000-000000000001", "providerId":
        "ionq", "target": "ionq.simulator", "creationTime": "2024-05-02T07:24:01.7694325+00:00",
        "endExecutionTime": null, "costEstimate": null, "itemType": "Job"}'
    headers:
      connection:
      - keep-alive
      content-length:
      - '1313'
      content-type:
      - application/json; charset=utf-8
      transfer-encoding:
      - chunked
    status:
      code: 200
      message: OK
- request:
    body: null
    headers:
      Accept:
      - application/json
      Accept-Encoding:
      - gzip, deflate
      Connection:
      - keep-alive
      User-Agent:
      - azsdk-python-quantum/0.0.1 Python/3.9.19 (Windows-10-10.0.22631-SP0)
    method: GET
    uri: https://eastus.quantum.azure.com/subscriptions/00000000-0000-0000-0000-000000000000/resourceGroups/myresourcegroup/providers/Microsoft.Quantum/workspaces/myworkspace/jobs/00000000-0000-0000-0000-000000000001?api-version=2022-09-12-preview&test-sequence-id=5
  response:
    body:
      string: '{"containerUri": "https://mystorage.blob.core.windows.net/job-00000000-0000-0000-0000-000000000001?sv=PLACEHOLDER&sr=c&sig=PLACEHOLDER&se=2050-01-01T00%3A00%3A00Z&sp=rcwl",
        "inputDataUri": "https://mystorage.blob.core.windows.net/job-00000000-0000-0000-0000-000000000001/inputData?sv=PLACEHOLDER&sr=b&sig=PLACEHOLDER&se=2050-01-01T00%3A00%3A00Z&sp=r&rscd=attachment%3B%20filename%3Dionq-3ghz-job-00000000-0000-0000-0000-000000000001.input.json",
        "inputDataFormat": "ionq.circuit.v1", "inputParams": {"shots": 100}, "metadata":
        null, "sessionId": null, "status": "Waiting", "jobType": "QuantumComputing",
        "outputDataFormat": "ionq.quantum-results.v1", "outputDataUri": "https://mystorage.blob.core.windows.net/job-00000000-0000-0000-0000-000000000001/outputData?sv=PLACEHOLDER&sr=b&sig=PLACEHOLDER&se=2050-01-01T00%3A00%3A00Z&sp=r&rscd=attachment%3B%20filename%3Dionq-3ghz-job-00000000-0000-0000-0000-000000000001.output.json",
        "beginExecutionTime": null, "cancellationTime": null, "quantumComputingData":
        {"count": 1}, "errorData": null, "isCancelling": false, "tags": [], "name":
        "ionq-3ghz-job", "id": "00000000-0000-0000-0000-000000000001", "providerId":
        "ionq", "target": "ionq.simulator", "creationTime": "2024-05-02T07:24:01.7694325+00:00",
        "endExecutionTime": null, "costEstimate": null, "itemType": "Job"}'
    headers:
      connection:
      - keep-alive
      content-length:
      - '1313'
      content-type:
      - application/json; charset=utf-8
      transfer-encoding:
      - chunked
    status:
      code: 200
      message: OK
- request:
    body: null
    headers:
      Accept:
      - application/json
      Accept-Encoding:
      - gzip, deflate
      Connection:
      - keep-alive
      User-Agent:
      - azsdk-python-quantum/0.0.1 Python/3.9.19 (Windows-10-10.0.22631-SP0)
    method: GET
    uri: https://eastus.quantum.azure.com/subscriptions/00000000-0000-0000-0000-000000000000/resourceGroups/myresourcegroup/providers/Microsoft.Quantum/workspaces/myworkspace/jobs/00000000-0000-0000-0000-000000000001?api-version=2022-09-12-preview&test-sequence-id=6
  response:
    body:
      string: '{"containerUri": "https://mystorage.blob.core.windows.net/job-00000000-0000-0000-0000-000000000001?sv=PLACEHOLDER&sr=c&sig=PLACEHOLDER&se=2050-01-01T00%3A00%3A00Z&sp=rcwl",
        "inputDataUri": "https://mystorage.blob.core.windows.net/job-00000000-0000-0000-0000-000000000001/inputData?sv=PLACEHOLDER&sr=b&sig=PLACEHOLDER&se=2050-01-01T00%3A00%3A00Z&sp=r&rscd=attachment%3B%20filename%3Dionq-3ghz-job-00000000-0000-0000-0000-000000000001.input.json",
        "inputDataFormat": "ionq.circuit.v1", "inputParams": {"shots": 100}, "metadata":
        null, "sessionId": null, "status": "Waiting", "jobType": "QuantumComputing",
        "outputDataFormat": "ionq.quantum-results.v1", "outputDataUri": "https://mystorage.blob.core.windows.net/job-00000000-0000-0000-0000-000000000001/outputData?sv=PLACEHOLDER&sr=b&sig=PLACEHOLDER&se=2050-01-01T00%3A00%3A00Z&sp=r&rscd=attachment%3B%20filename%3Dionq-3ghz-job-00000000-0000-0000-0000-000000000001.output.json",
        "beginExecutionTime": null, "cancellationTime": null, "quantumComputingData":
        {"count": 1}, "errorData": null, "isCancelling": false, "tags": [], "name":
        "ionq-3ghz-job", "id": "00000000-0000-0000-0000-000000000001", "providerId":
        "ionq", "target": "ionq.simulator", "creationTime": "2024-05-02T07:24:01.7694325+00:00",
        "endExecutionTime": null, "costEstimate": null, "itemType": "Job"}'
    headers:
      connection:
      - keep-alive
      content-length:
      - '1313'
      content-type:
      - application/json; charset=utf-8
      transfer-encoding:
      - chunked
    status:
      code: 200
      message: OK
- request:
    body: null
    headers:
      Accept:
      - application/json
      Accept-Encoding:
      - gzip, deflate
      Connection:
      - keep-alive
      User-Agent:
      - azsdk-python-quantum/0.0.1 Python/3.9.19 (Windows-10-10.0.22631-SP0)
    method: GET
    uri: https://eastus.quantum.azure.com/subscriptions/00000000-0000-0000-0000-000000000000/resourceGroups/myresourcegroup/providers/Microsoft.Quantum/workspaces/myworkspace/jobs/00000000-0000-0000-0000-000000000001?api-version=2022-09-12-preview&test-sequence-id=7
  response:
    body:
      string: '{"containerUri": "https://mystorage.blob.core.windows.net/job-00000000-0000-0000-0000-000000000001?sv=PLACEHOLDER&sr=c&sig=PLACEHOLDER&se=2050-01-01T00%3A00%3A00Z&sp=rcwl",
        "inputDataUri": "https://mystorage.blob.core.windows.net/job-00000000-0000-0000-0000-000000000001/inputData?sv=PLACEHOLDER&sr=b&sig=PLACEHOLDER&se=2050-01-01T00%3A00%3A00Z&sp=r&rscd=attachment%3B%20filename%3Dionq-3ghz-job-00000000-0000-0000-0000-000000000001.input.json",
        "inputDataFormat": "ionq.circuit.v1", "inputParams": {"shots": 100}, "metadata":
        null, "sessionId": null, "status": "Succeeded", "jobType": "QuantumComputing",
        "outputDataFormat": "ionq.quantum-results.v1", "outputDataUri": "https://mystorage.blob.core.windows.net/job-00000000-0000-0000-0000-000000000001/rawOutputData?sv=PLACEHOLDER&sr=b&sig=PLACEHOLDER&se=2050-01-01T00%3A00%3A00Z&sp=r&rscd=attachment%3B%20filename%3Dionq-3ghz-job-00000000-0000-0000-0000-000000000001.output.json",
        "beginExecutionTime": "2024-05-02T07:24:04.924Z", "cancellationTime": null,
        "quantumComputingData": {"count": 1}, "errorData": null, "isCancelling": false,
        "tags": [], "name": "ionq-3ghz-job", "id": "00000000-0000-0000-0000-000000000001",
        "providerId": "ionq", "target": "ionq.simulator", "creationTime": "2024-05-02T07:24:01.7694325+00:00",
        "endExecutionTime": "2024-05-02T07:24:04.994Z", "costEstimate": {"currencyCode":
        "USD", "events": [{"dimensionId": "gs1q", "dimensionName": "1Q Gate Shot",
        "measureUnit": "1q gate shot", "amountBilled": 0.0, "amountConsumed": 0.0,
        "unitPrice": 0.0}, {"dimensionId": "gs2q", "dimensionName": "2Q Gate Shot",
        "measureUnit": "2q gate shot", "amountBilled": 0.0, "amountConsumed": 0.0,
        "unitPrice": 0.0}], "estimatedTotal": 0.0}, "itemType": "Job"}'
    headers:
      connection:
      - keep-alive
      content-length:
      - '1718'
      content-type:
      - application/json; charset=utf-8
      transfer-encoding:
      - chunked
    status:
      code: 200
      message: OK
- request:
    body: null
    headers:
      Accept:
      - application/json
      Accept-Encoding:
      - gzip, deflate
      Connection:
      - keep-alive
      User-Agent:
      - azsdk-python-quantum/0.0.1 Python/3.9.19 (Windows-10-10.0.22631-SP0)
    method: GET
    uri: https://eastus.quantum.azure.com/subscriptions/00000000-0000-0000-0000-000000000000/resourceGroups/myresourcegroup/providers/Microsoft.Quantum/workspaces/myworkspace/jobs/00000000-0000-0000-0000-000000000001?api-version=2022-09-12-preview&test-sequence-id=8
  response:
    body:
      string: '{"containerUri": "https://mystorage.blob.core.windows.net/job-00000000-0000-0000-0000-000000000001?sv=PLACEHOLDER&sr=c&sig=PLACEHOLDER&se=2050-01-01T00%3A00%3A00Z&sp=rcwl",
        "inputDataUri": "https://mystorage.blob.core.windows.net/job-00000000-0000-0000-0000-000000000001/inputData?sv=PLACEHOLDER&sr=b&sig=PLACEHOLDER&se=2050-01-01T00%3A00%3A00Z&sp=r&rscd=attachment%3B%20filename%3Dionq-3ghz-job-00000000-0000-0000-0000-000000000001.input.json",
        "inputDataFormat": "ionq.circuit.v1", "inputParams": {"shots": 100}, "metadata":
        null, "sessionId": null, "status": "Succeeded", "jobType": "QuantumComputing",
        "outputDataFormat": "ionq.quantum-results.v1", "outputDataUri": "https://mystorage.blob.core.windows.net/job-00000000-0000-0000-0000-000000000001/rawOutputData?sv=PLACEHOLDER&sr=b&sig=PLACEHOLDER&se=2050-01-01T00%3A00%3A00Z&sp=r&rscd=attachment%3B%20filename%3Dionq-3ghz-job-00000000-0000-0000-0000-000000000001.output.json",
        "beginExecutionTime": "2024-05-02T07:24:04.924Z", "cancellationTime": null,
        "quantumComputingData": {"count": 1}, "errorData": null, "isCancelling": false,
        "tags": [], "name": "ionq-3ghz-job", "id": "00000000-0000-0000-0000-000000000001",
        "providerId": "ionq", "target": "ionq.simulator", "creationTime": "2024-05-02T07:24:01.7694325+00:00",
        "endExecutionTime": "2024-05-02T07:24:04.994Z", "costEstimate": {"currencyCode":
        "USD", "events": [{"dimensionId": "gs1q", "dimensionName": "1Q Gate Shot",
        "measureUnit": "1q gate shot", "amountBilled": 0.0, "amountConsumed": 0.0,
        "unitPrice": 0.0}, {"dimensionId": "gs2q", "dimensionName": "2Q Gate Shot",
        "measureUnit": "2q gate shot", "amountBilled": 0.0, "amountConsumed": 0.0,
        "unitPrice": 0.0}], "estimatedTotal": 0.0}, "itemType": "Job"}'
    headers:
      connection:
      - keep-alive
      content-length:
      - '1718'
      content-type:
      - application/json; charset=utf-8
      transfer-encoding:
      - chunked
    status:
      code: 200
      message: OK
- request:
    body: null
    headers:
      Accept:
      - application/json
      Accept-Encoding:
      - gzip, deflate
      Connection:
      - keep-alive
      User-Agent:
      - azsdk-python-quantum/0.0.1 Python/3.9.19 (Windows-10-10.0.22631-SP0)
    method: GET
    uri: https://eastus.quantum.azure.com/subscriptions/00000000-0000-0000-0000-000000000000/resourceGroups/myresourcegroup/providers/Microsoft.Quantum/workspaces/myworkspace/jobs/00000000-0000-0000-0000-000000000001?api-version=2022-09-12-preview&test-sequence-id=9
  response:
    body:
      string: '{"containerUri": "https://mystorage.blob.core.windows.net/job-00000000-0000-0000-0000-000000000001?sv=PLACEHOLDER&sr=c&sig=PLACEHOLDER&se=2050-01-01T00%3A00%3A00Z&sp=rcwl",
        "inputDataUri": "https://mystorage.blob.core.windows.net/job-00000000-0000-0000-0000-000000000001/inputData?sv=PLACEHOLDER&sr=b&sig=PLACEHOLDER&se=2050-01-01T00%3A00%3A00Z&sp=r&rscd=attachment%3B%20filename%3Dionq-3ghz-job-00000000-0000-0000-0000-000000000001.input.json",
        "inputDataFormat": "ionq.circuit.v1", "inputParams": {"shots": 100}, "metadata":
        null, "sessionId": null, "status": "Succeeded", "jobType": "QuantumComputing",
        "outputDataFormat": "ionq.quantum-results.v1", "outputDataUri": "https://mystorage.blob.core.windows.net/job-00000000-0000-0000-0000-000000000001/rawOutputData?sv=PLACEHOLDER&sr=b&sig=PLACEHOLDER&se=2050-01-01T00%3A00%3A00Z&sp=r&rscd=attachment%3B%20filename%3Dionq-3ghz-job-00000000-0000-0000-0000-000000000001.output.json",
        "beginExecutionTime": "2024-05-02T07:24:04.924Z", "cancellationTime": null,
        "quantumComputingData": {"count": 1}, "errorData": null, "isCancelling": false,
        "tags": [], "name": "ionq-3ghz-job", "id": "00000000-0000-0000-0000-000000000001",
        "providerId": "ionq", "target": "ionq.simulator", "creationTime": "2024-05-02T07:24:01.7694325+00:00",
        "endExecutionTime": "2024-05-02T07:24:04.994Z", "costEstimate": {"currencyCode":
        "USD", "events": [{"dimensionId": "gs1q", "dimensionName": "1Q Gate Shot",
        "measureUnit": "1q gate shot", "amountBilled": 0.0, "amountConsumed": 0.0,
        "unitPrice": 0.0}, {"dimensionId": "gs2q", "dimensionName": "2Q Gate Shot",
        "measureUnit": "2q gate shot", "amountBilled": 0.0, "amountConsumed": 0.0,
        "unitPrice": 0.0}], "estimatedTotal": 0.0}, "itemType": "Job"}'
    headers:
      connection:
      - keep-alive
      content-length:
      - '1718'
      content-type:
      - application/json; charset=utf-8
      transfer-encoding:
      - chunked
    status:
      code: 200
      message: OK
- request:
    body: null
    headers:
      Accept:
      - application/xml
      Accept-Encoding:
      - gzip, deflate
      Connection:
      - keep-alive
      User-Agent:
      - azsdk-python-storage-blob/12.19.1 Python/3.9.19 (Windows-10-10.0.22631-SP0)
      x-ms-date:
      - Thu, 02 May 2024 07:24:06 GMT
      x-ms-range:
      - bytes=0-33554431
      x-ms-version:
      - '2023-11-03'
    method: GET
    uri: https://mystorage.blob.core.windows.net/job-00000000-0000-0000-0000-000000000001/rawOutputData?sv=PLACEHOLDER&sr=b&sig=PLACEHOLDER&se=2050-01-01T00%3A00%3A00Z&sp=r&rscd=attachment%3B%20filename%3Dionq-3ghz-job-00000000-0000-0000-0000-000000000001.output.json
  response:
    body:
      string: '{"histogram": {"0": 0.5, "7": 0.5}}'
    headers:
      accept-ranges:
      - bytes
      content-length:
      - '35'
      content-range:
      - bytes 0-46/47
      content-type:
      - application/json
      x-ms-blob-type:
      - BlockBlob
      x-ms-creation-time:
      - Thu, 02 May 2024 07:24:03 GMT
      x-ms-lease-state:
      - available
      x-ms-lease-status:
      - unlocked
      x-ms-server-encrypted:
      - 'true'
      x-ms-version:
      - '2023-11-03'
    status:
      code: 206
      message: Partial Content
version: 1
