interactions:
- request:
    body: client_id=PLACEHOLDER&grant_type=client_credentials&client_info=1&client_secret=+EDw8Q~cbkbeadF.mrC6bAXxFEspQDblyNyuRkcfT&claims=PLACEHOLDER&scope=https%3A%2F%2Fquantum.microsoft.com%2F.default
    headers:
      Accept:
      - application/json
      Accept-Encoding:
      - gzip, deflate, br
      Connection:
      - keep-alive
      Content-Length:
      - '294'
      Content-Type:
      - application/x-www-form-urlencoded
      User-Agent:
      - azsdk-python-identity/1.10.0 Python/3.9.13 (Windows-10-10.0.22000-SP0)
      x-client-cpu:
      - x64
      x-client-current-telemetry:
      - 4|730,0|
      x-client-os:
      - win32
      x-client-sku:
      - MSAL.Python
      x-client-ver:
      - 1.18.0
    method: POST
    uri: https://login.microsoftonline.com/00000000-0000-0000-0000-000000000000/oauth2/v2.0/token
  response:
    body:
      string: '{"token_type": "Bearer", "expires_in": 86399, "ext_expires_in": 86399,
        "refresh_in": 43199, "access_token": "fake_token"}'
    headers:
      content-length:
      - '1741'
      content-type:
      - application/json; charset=utf-8
    status:
      code: 200
      message: OK
- request:
    body: 'b''{"containerName": "job-00000000-0000-0000-0000-000000000000"}'''
    headers:
      Accept:
      - application/json
      Accept-Encoding:
      - gzip, deflate, br
      Connection:
      - keep-alive
      Content-Length:
      - '61'
      Content-Type:
      - application/json
      User-Agent:
      - testapp azsdk-python-quantum/0.0.0.1 Python/3.9.13 (Windows-10-10.0.22000-SP0)
    method: POST
    uri: https://eastus.quantum.azure.com/v1.0/subscriptions/00000000-0000-0000-0000-000000000000/resourceGroups/myresourcegroup/providers/Microsoft.Quantum/workspaces/myworkspace/storage/sasUri
  response:
    body:
      string: '{"sasUri": "https://mystorage.blob.core.windows.net/job-00000000-0000-0000-0000-000000000000?sv=PLACEHOLDER&sig=PLACEHOLDER&se=PLACEHOLDER&srt=co&ss=b&sp=racw",
        "access_token": "fake_token"}'
    headers:
      content-length:
      - '159'
      content-type:
      - application/json; charset=utf-8
      transfer-encoding:
      - chunked
    status:
      code: 200
      message: OK
- request:
    body: null
    headers:
      Accept:
      - application/xml
      Accept-Encoding:
      - gzip, deflate, br
      Connection:
      - keep-alive
      User-Agent:
      - azsdk-python-storage-blob/12.11.0 Python/3.9.13 (Windows-10-10.0.22000-SP0)
      x-ms-date:
      - Wed, 14 Sep 2022 23:53:14 GMT
      x-ms-version:
      - '2021-04-10'
    method: GET
    uri: https://mystorage.blob.core.windows.net/job-00000000-0000-0000-0000-000000000000?restype=container&sv=PLACEHOLDER&sig=PLACEHOLDER&se=PLACEHOLDER&srt=co&ss=b&sp=racw
  response:
    body:
      string: "\uFEFF<?xml version=\"1.0\" encoding=\"utf-8\"?><Error><Code>ContainerNotFound</Code><Message>The
        specified container does not exist.\nRequestId:8bb7c97c-c01e-0002-3695-c80ccf000000\nTime:2022-09-14T23:53:15.5865352Z</Message></Error>"
    headers:
      content-length:
      - '223'
      content-type:
      - application/xml
      x-ms-version:
      - '2021-04-10'
    status:
      code: 404
      message: The specified container does not exist.
- request:
    body: null
    headers:
      Accept:
      - application/xml
      Accept-Encoding:
      - gzip, deflate, br
      Connection:
      - keep-alive
      Content-Length:
      - '0'
      User-Agent:
      - azsdk-python-storage-blob/12.11.0 Python/3.9.13 (Windows-10-10.0.22000-SP0)
      x-ms-date:
      - Wed, 14 Sep 2022 23:53:15 GMT
      x-ms-version:
      - '2021-04-10'
    method: PUT
    uri: https://mystorage.blob.core.windows.net/job-00000000-0000-0000-0000-000000000000?restype=container&sv=PLACEHOLDER&sig=PLACEHOLDER&se=PLACEHOLDER&srt=co&ss=b&sp=racw
  response:
    body:
      string: ''
    headers:
      content-length:
      - '0'
      x-ms-version:
      - '2021-04-10'
    status:
      code: 201
      message: Created
- request:
    body: null
    headers:
      Accept:
      - application/xml
      Accept-Encoding:
      - gzip, deflate, br
      Connection:
      - keep-alive
      User-Agent:
      - azsdk-python-storage-blob/12.11.0 Python/3.9.13 (Windows-10-10.0.22000-SP0)
      x-ms-date:
      - Wed, 14 Sep 2022 23:53:15 GMT
      x-ms-version:
      - '2021-04-10'
    method: GET
    uri: https://mystorage.blob.core.windows.net/job-00000000-0000-0000-0000-000000000000?restype=container&sv=PLACEHOLDER&sig=PLACEHOLDER&se=PLACEHOLDER&srt=co&ss=b&sp=racw
  response:
    body:
      string: ''
    headers:
      content-length:
      - '0'
      x-ms-lease-state:
      - available
      x-ms-lease-status:
      - unlocked
      x-ms-version:
      - '2021-04-10'
    status:
      code: 200
      message: OK
- request:
    body: b'\x1f\x8b\x08\x00ii"c\x02\xffU\xccM\n\xc3 \x10\x05\xe0\xab\xc8\xacc\xf1\')\xa4\xe7\xc8\xae\x91b\x8c\x85,\xd4\x10M\xa1\x88w\xaf\x98\x85u\xe5\xf8\xbey\x13\xc1\xe8
      W\x19$<P\x04+\x8d\xce\x03L\xda\x07<\xc9\xe5\xc430\xc2\x18\x19i\x8f\xe9}\xe0\x94\xcf\x00\xa9C\xa0\x9c\x0f\xaf\xf7iU\xd8\x9c-\xdd\x8f>\xfc5\x03\xbd\x11\xc8;\xe1\xbb\x97k\xfb\xb9\xb8\xf2\xd7\x87\xf19xFP\xf9\xc1<g\xdbZ\x12\xda!"\xf2\xddK\x86\n\xac\x81\xb1\x01Z\x81U\xe0M\x03\xf7\x8d\xfcUZ`"\x89\x94~\n\x14\x80\xf4\x0f\x01\x00\x00'
    headers:
      Accept:
      - application/xml
      Accept-Encoding:
      - gzip, deflate, br
      Connection:
      - keep-alive
      Content-Length:
      - '163'
      Content-Type:
      - application/octet-stream
      User-Agent:
      - azsdk-python-storage-blob/12.11.0 Python/3.9.13 (Windows-10-10.0.22000-SP0)
      x-ms-blob-type:
      - BlockBlob
      x-ms-date:
      - Wed, 14 Sep 2022 23:53:16 GMT
      x-ms-version:
      - '2021-04-10'
    method: PUT
    uri: https://mystorage.blob.core.windows.net/job-00000000-0000-0000-0000-000000000000/inputData?sv=PLACEHOLDER&sig=PLACEHOLDER&se=PLACEHOLDER&srt=co&ss=b&sp=racw
  response:
    body:
      string: ''
    headers:
      content-length:
      - '0'
      x-ms-version:
      - '2021-04-10'
    status:
      code: 201
      message: Created
- request:
    body: 'b''{"id": "00000000-0000-0000-0000-000000000000", "name": "Test-Tabu-\\"20210101-000000\\"",
      "containerUri": "https://mystorage.blob.core.windows.net/job-00000000-0000-0000-0000-000000000000?sv=PLACEHOLDER&sig=PLACEHOLDER&se=PLACEHOLDER&srt=co&ss=b&sp=racw",
      "inputDataUri": "https://mystorage.blob.core.windows.net/job-00000000-0000-0000-0000-000000000000/inputData",
      "inputDataFormat": "microsoft.qio.v2", "inputParams": {"params": {"sweeps":
      100}}, "providerId": "Microsoft", "target": "microsoft.tabu.cpu", "outputDataFormat":
      "microsoft.qio-results.v2"}'''
    headers:
      Accept:
      - application/json
      Accept-Encoding:
      - gzip, deflate, br
      Connection:
      - keep-alive
      Content-Length:
      - '614'
      Content-Type:
      - application/json
      User-Agent:
      - testapp azsdk-python-quantum/0.0.0.1 Python/3.9.13 (Windows-10-10.0.22000-SP0)
    method: PUT
    uri: https://eastus.quantum.azure.com/v1.0/subscriptions/00000000-0000-0000-0000-000000000000/resourceGroups/myresourcegroup/providers/Microsoft.Quantum/workspaces/myworkspace/jobs/00000000-0000-0000-0000-000000000000
  response:
    body:
      string: '{"containerUri": "https://mystorage.blob.core.windows.net/job-00000000-0000-0000-0000-000000000000?sv=PLACEHOLDER&sig=PLACEHOLDER&se=PLACEHOLDER&srt=co&ss=b&sp=racw",
        "inputDataUri": "https://mystorage.blob.core.windows.net/job-00000000-0000-0000-0000-000000000000/inputData?sv=PLACEHOLDER&sr=b&sig=PLACEHOLDER&se=PLACEHOLDER&sp=rcw",
        "inputDataFormat": "microsoft.qio.v2", "inputParams": {"params": {"sweeps":
        100}}, "providerId": "microsoft", "target": "microsoft.tabu.cpu", "metadata":
        null, "name": "Test-Tabu-\"20210101-000000\"", "id": "00000000-0000-0000-0000-000000000000",
        "status": "Waiting", "outputDataFormat": "microsoft.qio-results.v2", "outputDataUri":
        "https://mystorage.blob.core.windows.net:443/job-00000000-0000-0000-0000-000000000000/outputData?sv=PLACEHOLDER&sig=PLACEHOLDER&se=PLACEHOLDER&srt=co&ss=b&sp=racw",
        "creationTime": "2022-09-14T23:53:16.4466141+00:00", "beginExecutionTime":
        null, "endExecutionTime": null, "cancellationTime": null, "costEstimate":
        null, "errorData": null, "isCancelling": false, "tags": [], "access_token":
        "fake_token"}'
    headers:
      content-length:
      - '1001'
      content-type:
      - application/json; charset=utf-8
      transfer-encoding:
      - chunked
    status:
      code: 200
      message: OK
- request:
    body: null
    headers:
      Accept:
      - application/json
      Accept-Encoding:
      - gzip, deflate, br
      Connection:
      - keep-alive
      User-Agent:
      - testapp azsdk-python-quantum/0.0.0.1 Python/3.9.13 (Windows-10-10.0.22000-SP0)
    method: GET
    uri: https://eastus.quantum.azure.com/v1.0/subscriptions/00000000-0000-0000-0000-000000000000/resourceGroups/myresourcegroup/providers/Microsoft.Quantum/workspaces/myworkspace/jobs/00000000-0000-0000-0000-000000000000
  response:
    body:
      string: '{"containerUri": "https://mystorage.blob.core.windows.net/job-00000000-0000-0000-0000-000000000000?sv=PLACEHOLDER&sig=PLACEHOLDER&se=PLACEHOLDER&srt=co&ss=b&sp=racw",
        "inputDataUri": "https://mystorage.blob.core.windows.net/job-00000000-0000-0000-0000-000000000000/inputData?sv=PLACEHOLDER&sr=b&sig=PLACEHOLDER&se=PLACEHOLDER&sp=r&rscd=attachment%3B%20filename%3DTest-Tabu-%252220210101-000000%2522-651a21a6-3488-11ed-ba99-6045bdc85d00.input.json",
        "inputDataFormat": "microsoft.qio.v2", "inputParams": {"params": {"sweeps":
        100}}, "providerId": "microsoft", "target": "microsoft.tabu.cpu", "metadata":
        null, "name": "Test-Tabu-\"20210101-000000\"", "id": "00000000-0000-0000-0000-000000000000",
        "status": "Succeeded", "outputDataFormat": "microsoft.qio-results.v2", "outputDataUri":
        "https://mystorage.blob.core.windows.net/job-00000000-0000-0000-0000-000000000000/rawOutputData?sv=PLACEHOLDER&sr=b&sig=PLACEHOLDER&se=PLACEHOLDER&sp=r&rscd=attachment%3B%20filename%3DTest-Tabu-%252220210101-000000%2522-651a21a6-3488-11ed-ba99-6045bdc85d00.output.json",
        "creationTime": "2022-09-14T23:53:16.4466141+00:00", "beginExecutionTime":
        "2022-09-14T23:53:20.3473994Z", "endExecutionTime": "2022-09-14T23:53:20.4005283Z",
        "cancellationTime": null, "costEstimate": null, "errorData": null, "isCancelling":
        false, "tags": [], "access_token": "fake_token"}'
    headers:
      content-length:
      - '1275'
      content-type:
      - application/json; charset=utf-8
      transfer-encoding:
      - chunked
    status:
      code: 200
      message: OK
- request:
    body: null
    headers:
      Accept:
      - application/xml
      Accept-Encoding:
      - gzip, deflate, br
      Connection:
      - keep-alive
      User-Agent:
      - azsdk-python-storage-blob/12.11.0 Python/3.9.13 (Windows-10-10.0.22000-SP0)
      x-ms-date:
      - Wed, 14 Sep 2022 23:53:32 GMT
      x-ms-range:
      - bytes=0-33554431
      x-ms-version:
      - '2021-04-10'
    method: GET
    uri: https://mystorage.blob.core.windows.net/job-00000000-0000-0000-0000-000000000000/rawOutputData?sv=PLACEHOLDER&sr=b&sig=PLACEHOLDER&se=PLACEHOLDER&sp=r&rscd=attachment%3B%20filename%3DTest-Tabu-%252220210101-000000%2522-651a21a6-3488-11ed-ba99-6045bdc85d00.output.json
  response:
    body:
      string: '{"version": "1.0", "configuration": {"0": 1, "1": 1, "2": 0, "3": 1},
        "cost": -5.0, "parameters": {"restarts": 72, "seed": 3579764307, "sweeps":
        100, "tabu_tenure": 0}, "solutions": [{"configuration": {"0": 1, "1": 1, "2":
        0, "3": 1}, "cost": -5.0}], "access_token": "fake_token"}'
    headers:
      accept-ranges:
      - bytes
      content-length:
      - '378'
      content-range:
      - bytes 0-377/378
      content-type:
      - application/json
      x-ms-blob-content-md5:
      - IbzsDJafdhHP1Mqy9CDfNw==
      x-ms-blob-type:
      - BlockBlob
      x-ms-creation-time:
      - Wed, 14 Sep 2022 23:53:16 GMT
      x-ms-lease-state:
      - available
      x-ms-lease-status:
      - unlocked
      x-ms-server-encrypted:
      - 'true'
      x-ms-version:
      - '2021-04-10'
    status:
      code: 206
      message: Partial Content
- request:
    body: null
    headers:
      Accept:
      - application/json
      Accept-Encoding:
      - gzip, deflate, br
      Connection:
      - keep-alive
      User-Agent:
      - testapp azsdk-python-quantum/0.0.0.1 Python/3.9.13 (Windows-10-10.0.22000-SP0)
    method: GET
    uri: https://eastus.quantum.azure.com/v1.0/subscriptions/00000000-0000-0000-0000-000000000000/resourceGroups/myresourcegroup/providers/Microsoft.Quantum/workspaces/myworkspace/jobs/00000000-0000-0000-0000-000000000000
  response:
    body:
      string: '{"containerUri": "https://mystorage.blob.core.windows.net/job-00000000-0000-0000-0000-000000000000?sv=PLACEHOLDER&sig=PLACEHOLDER&se=PLACEHOLDER&srt=co&ss=b&sp=racw",
        "inputDataUri": "https://mystorage.blob.core.windows.net/job-00000000-0000-0000-0000-000000000000/inputData?sv=PLACEHOLDER&sr=b&sig=PLACEHOLDER&se=PLACEHOLDER&sp=r&rscd=attachment%3B%20filename%3DTest-Tabu-%252220210101-000000%2522-651a21a6-3488-11ed-ba99-6045bdc85d00.input.json",
        "inputDataFormat": "microsoft.qio.v2", "inputParams": {"params": {"sweeps":
        100}}, "providerId": "microsoft", "target": "microsoft.tabu.cpu", "metadata":
        null, "name": "Test-Tabu-\"20210101-000000\"", "id": "00000000-0000-0000-0000-000000000000",
        "status": "Succeeded", "outputDataFormat": "microsoft.qio-results.v2", "outputDataUri":
        "https://mystorage.blob.core.windows.net/job-00000000-0000-0000-0000-000000000000/rawOutputData?sv=PLACEHOLDER&sr=b&sig=PLACEHOLDER&se=PLACEHOLDER&sp=r&rscd=attachment%3B%20filename%3DTest-Tabu-%252220210101-000000%2522-651a21a6-3488-11ed-ba99-6045bdc85d00.output.json",
        "creationTime": "2022-09-14T23:53:16.4466141+00:00", "beginExecutionTime":
        "2022-09-14T23:53:20.3473994Z", "endExecutionTime": "2022-09-14T23:53:20.4005283Z",
        "cancellationTime": null, "costEstimate": null, "errorData": null, "isCancelling":
        false, "tags": [], "access_token": "fake_token"}'
    headers:
      content-length:
      - '1275'
      content-type:
      - application/json; charset=utf-8
      transfer-encoding:
      - chunked
    status:
      code: 200
      message: OK
- request:
    body: client_id=PLACEHOLDER&grant_type=client_credentials&client_info=1&client_secret=PLACEHOLDER&claims=PLACEHOLDER&scope=https%3A%2F%2Fquantum.microsoft.com%2F.default
    headers:
      Accept:
      - application/json
      Accept-Encoding:
      - gzip, deflate, br
      Connection:
      - keep-alive
      Content-Length:
      - '294'
      Content-Type:
      - application/x-www-form-urlencoded
      User-Agent:
      - azsdk-python-identity/1.10.0 Python/3.9.13 (Windows-10-10.0.22000-SP0)
      x-client-cpu:
      - x64
      x-client-current-telemetry:
      - 4|730,0|
      x-client-os:
      - win32
      x-client-sku:
      - MSAL.Python
      x-client-ver:
      - 1.18.0
    method: POST
    uri: https://login.microsoftonline.com/00000000-0000-0000-0000-000000000000/oauth2/v2.0/token
  response:
    body:
      string: '{"token_type": "Bearer", "expires_in": 86399, "ext_expires_in": 86399,
        "refresh_in": 43199, "access_token": "fake_token"}'
    headers:
      content-length:
      - '1741'
      content-type:
      - application/json; charset=utf-8
    status:
      code: 200
      message: OK
- request:
    body: 'b''{"containerName": "job-00000000-0000-0000-0000-000000000000"}'''
    headers:
      Accept:
      - application/json
      Accept-Encoding:
      - gzip, deflate, br
      Connection:
      - keep-alive
      Content-Length:
      - '61'
      Content-Type:
      - application/json
      User-Agent:
      - testapp azsdk-python-quantum/0.0.0.1 Python/3.9.13 (Windows-10-10.0.22000-SP0)
    method: POST
    uri: https://eastus.quantum.azure.com/v1.0/subscriptions/00000000-0000-0000-0000-000000000000/resourceGroups/myresourcegroup/providers/Microsoft.Quantum/workspaces/myworkspace/storage/sasUri
  response:
    body:
      string: '{"sasUri": "https://mystorage.blob.core.windows.net/job-00000000-0000-0000-0000-000000000000?sv=PLACEHOLDER&sig=PLACEHOLDER&se=PLACEHOLDER&srt=co&ss=b&sp=racw",
        "access_token": "fake_token"}'
    headers:
      content-length:
      - '159'
      content-type:
      - application/json; charset=utf-8
      transfer-encoding:
      - chunked
    status:
      code: 200
      message: OK
- request:
    body: null
    headers:
      Accept:
      - application/xml
      Accept-Encoding:
      - gzip, deflate, br
      Connection:
      - keep-alive
      User-Agent:
      - azsdk-python-storage-blob/12.11.0 Python/3.9.13 (Windows-10-10.0.22000-SP0)
      x-ms-date:
      - Wed, 14 Sep 2022 23:53:34 GMT
      x-ms-version:
      - '2021-04-10'
    method: GET
    uri: https://mystorage.blob.core.windows.net/job-00000000-0000-0000-0000-000000000000?restype=container&sv=PLACEHOLDER&sig=PLACEHOLDER&se=PLACEHOLDER&srt=co&ss=b&sp=racw
  response:
    body:
      string: "\uFEFF<?xml version=\"1.0\" encoding=\"utf-8\"?><Error><Code>ContainerNotFound</Code><Message>The
        specified container does not exist.\nRequestId:6418bf83-401e-0041-7e95-c8ea93000000\nTime:2022-09-14T23:53:34.9606853Z</Message></Error>"
    headers:
      content-length:
      - '223'
      content-type:
      - application/xml
      x-ms-version:
      - '2021-04-10'
    status:
      code: 404
      message: The specified container does not exist.
- request:
    body: null
    headers:
      Accept:
      - application/xml
      Accept-Encoding:
      - gzip, deflate, br
      Connection:
      - keep-alive
      Content-Length:
      - '0'
      User-Agent:
      - azsdk-python-storage-blob/12.11.0 Python/3.9.13 (Windows-10-10.0.22000-SP0)
      x-ms-date:
      - Wed, 14 Sep 2022 23:53:35 GMT
      x-ms-version:
      - '2021-04-10'
    method: PUT
    uri: https://mystorage.blob.core.windows.net/job-00000000-0000-0000-0000-000000000000?restype=container&sv=PLACEHOLDER&sig=PLACEHOLDER&se=PLACEHOLDER&srt=co&ss=b&sp=racw
  response:
    body:
      string: ''
    headers:
      content-length:
      - '0'
      x-ms-version:
      - '2021-04-10'
    status:
      code: 201
      message: Created
- request:
    body: null
    headers:
      Accept:
      - application/xml
      Accept-Encoding:
      - gzip, deflate, br
      Connection:
      - keep-alive
      User-Agent:
      - azsdk-python-storage-blob/12.11.0 Python/3.9.13 (Windows-10-10.0.22000-SP0)
      x-ms-date:
      - Wed, 14 Sep 2022 23:53:35 GMT
      x-ms-version:
      - '2021-04-10'
    method: GET
    uri: https://mystorage.blob.core.windows.net/job-00000000-0000-0000-0000-000000000000?restype=container&sv=PLACEHOLDER&sig=PLACEHOLDER&se=PLACEHOLDER&srt=co&ss=b&sp=racw
  response:
    body:
      string: ''
    headers:
      content-length:
      - '0'
      x-ms-lease-state:
      - available
      x-ms-lease-status:
      - unlocked
      x-ms-version:
      - '2021-04-10'
    status:
      code: 200
      message: OK
- request:
    body: b'\x1f\x8b\x08\x00|i"c\x02\xffm\x8f_\x0b\x83 \x14\xc5\xbfJ\xdc\xe7\x1c\xfe\xa9A\xfb\x1c\xbd\xad\x0837\x82\x95\x91:\x18\xd1w\x9f3\x86\xca\x86\x0f^\xce\xcfs\xcfq\x83I\x1a>p\xc3\xe1\x92m0\xf3I\xba\x01j\xa9\r\xaayoQ\x03\x14S\x8a+R
      r.\x19\xa3\r\xc0\x9eg \x946\xdd\xcd\xce\xc2\x8cj\xf6\xde\xa7\\\xf51\x039apo\xcck\xf1\xdb\x16\xdb\xab\xee\xbe*\xbb\xc8\xc1\xebr\x9d\xb4\x03\xd7\r\x84\xbb\x10s\xda8x\x85\xe4\x19n\xdd\xfe\x83\x94\x01\xd0\x04T\t
      \x01\xd0\x00X\xe2@EB"K\nh\xbb\xb7\xdf\x8a\x9d~\x88P\x93\xfc6\x8f\xd2\xa2\xa8\xf8;\x7fc>\x19\xee\xeco4\xa5\xe68}\x01\x00\x00'
    headers:
      Accept:
      - application/xml
      Accept-Encoding:
      - gzip, deflate, br
      Connection:
      - keep-alive
      Content-Length:
      - '193'
      Content-Type:
      - application/octet-stream
      User-Agent:
      - azsdk-python-storage-blob/12.11.0 Python/3.9.13 (Windows-10-10.0.22000-SP0)
      x-ms-blob-type:
      - BlockBlob
      x-ms-date:
      - Wed, 14 Sep 2022 23:53:35 GMT
      x-ms-version:
      - '2021-04-10'
    method: PUT
    uri: https://mystorage.blob.core.windows.net/job-00000000-0000-0000-0000-000000000000/inputData?sv=PLACEHOLDER&sig=PLACEHOLDER&se=PLACEHOLDER&srt=co&ss=b&sp=racw
  response:
    body:
      string: ''
    headers:
      content-length:
      - '0'
      x-ms-version:
      - '2021-04-10'
    status:
      code: 201
      message: Created
- request:
    body: 'b''{"id": "00000000-0000-0000-0000-000000000000", "name": "Test-Tabu-\\"20210101-000000\\"",
      "containerUri": "https://mystorage.blob.core.windows.net/job-00000000-0000-0000-0000-000000000000?sv=PLACEHOLDER&sig=PLACEHOLDER&se=PLACEHOLDER&srt=co&ss=b&sp=racw",
      "inputDataUri": "https://mystorage.blob.core.windows.net/job-00000000-0000-0000-0000-000000000000/inputData",
      "inputDataFormat": "microsoft.qio.v2", "inputParams": {"params": {"sweeps":
      100}}, "providerId": "Microsoft", "target": "microsoft.tabu.cpu", "outputDataFormat":
      "microsoft.qio-results.v2"}'''
    headers:
      Accept:
      - application/json
      Accept-Encoding:
      - gzip, deflate, br
      Connection:
      - keep-alive
      Content-Length:
      - '616'
      Content-Type:
      - application/json
      User-Agent:
      - testapp azsdk-python-quantum/0.0.0.1 Python/3.9.13 (Windows-10-10.0.22000-SP0)
    method: PUT
    uri: https://eastus.quantum.azure.com/v1.0/subscriptions/00000000-0000-0000-0000-000000000000/resourceGroups/myresourcegroup/providers/Microsoft.Quantum/workspaces/myworkspace/jobs/00000000-0000-0000-0000-000000000000
  response:
    body:
      string: '{"containerUri": "https://mystorage.blob.core.windows.net/job-00000000-0000-0000-0000-000000000000?sv=PLACEHOLDER&sig=PLACEHOLDER&se=PLACEHOLDER&srt=co&ss=b&sp=racw",
        "inputDataUri": "https://mystorage.blob.core.windows.net/job-00000000-0000-0000-0000-000000000000/inputData?sv=PLACEHOLDER&sr=b&sig=PLACEHOLDER&se=PLACEHOLDER&sp=rcw",
        "inputDataFormat": "microsoft.qio.v2", "inputParams": {"params": {"sweeps":
        100}}, "providerId": "microsoft", "target": "microsoft.tabu.cpu", "metadata":
        null, "name": "Test-Tabu-\"20210101-000000\"", "id": "00000000-0000-0000-0000-000000000000",
        "status": "Waiting", "outputDataFormat": "microsoft.qio-results.v2", "outputDataUri":
        "https://mystorage.blob.core.windows.net:443/job-00000000-0000-0000-0000-000000000000/outputData?sv=PLACEHOLDER&sig=PLACEHOLDER&se=PLACEHOLDER&srt=co&ss=b&sp=racw",
        "creationTime": "2022-09-14T23:53:36.0315579+00:00", "beginExecutionTime":
        null, "endExecutionTime": null, "cancellationTime": null, "costEstimate":
        null, "errorData": null, "isCancelling": false, "tags": [], "access_token":
        "fake_token"}'
    headers:
      content-length:
      - '1001'
      content-type:
      - application/json; charset=utf-8
      transfer-encoding:
      - chunked
    status:
      code: 200
      message: OK
- request:
    body: null
    headers:
      Accept:
      - application/json
      Accept-Encoding:
      - gzip, deflate, br
      Connection:
      - keep-alive
      User-Agent:
      - testapp azsdk-python-quantum/0.0.0.1 Python/3.9.13 (Windows-10-10.0.22000-SP0)
    method: GET
    uri: https://eastus.quantum.azure.com/v1.0/subscriptions/00000000-0000-0000-0000-000000000000/resourceGroups/myresourcegroup/providers/Microsoft.Quantum/workspaces/myworkspace/jobs/00000000-0000-0000-0000-000000000000
  response:
    body:
      string: '{"containerUri": "https://mystorage.blob.core.windows.net/job-00000000-0000-0000-0000-000000000000?sv=PLACEHOLDER&sig=PLACEHOLDER&se=PLACEHOLDER&srt=co&ss=b&sp=racw",
        "inputDataUri": "https://mystorage.blob.core.windows.net/job-00000000-0000-0000-0000-000000000000/inputData?sv=PLACEHOLDER&sr=b&sig=PLACEHOLDER&se=PLACEHOLDER&sp=r&rscd=attachment%3B%20filename%3DTest-Tabu-%252220210101-000000%2522-70a9332d-3488-11ed-a66e-6045bdc85d00.input.json",
        "inputDataFormat": "microsoft.qio.v2", "inputParams": {"params": {"sweeps":
        100}}, "providerId": "microsoft", "target": "microsoft.tabu.cpu", "metadata":
        null, "name": "Test-Tabu-\"20210101-000000\"", "id": "00000000-0000-0000-0000-000000000000",
        "status": "Succeeded", "outputDataFormat": "microsoft.qio-results.v2", "outputDataUri":
        "https://mystorage.blob.core.windows.net/job-00000000-0000-0000-0000-000000000000/rawOutputData?sv=PLACEHOLDER&sr=b&sig=PLACEHOLDER&se=PLACEHOLDER&sp=r&rscd=attachment%3B%20filename%3DTest-Tabu-%252220210101-000000%2522-70a9332d-3488-11ed-a66e-6045bdc85d00.output.json",
        "creationTime": "2022-09-14T23:53:36.0315579+00:00", "beginExecutionTime":
        "2022-09-14T23:53:33.3915939Z", "endExecutionTime": "2022-09-14T23:53:33.4449884Z",
        "cancellationTime": null, "costEstimate": null, "errorData": null, "isCancelling":
        false, "tags": [], "access_token": "fake_token"}'
    headers:
      content-length:
      - '1275'
      content-type:
      - application/json; charset=utf-8
      transfer-encoding:
      - chunked
    status:
      code: 200
      message: OK
- request:
    body: null
    headers:
      Accept:
      - application/xml
      Accept-Encoding:
      - gzip, deflate, br
      Connection:
      - keep-alive
      User-Agent:
      - azsdk-python-storage-blob/12.11.0 Python/3.9.13 (Windows-10-10.0.22000-SP0)
      x-ms-date:
      - Wed, 14 Sep 2022 23:53:37 GMT
      x-ms-range:
      - bytes=0-33554431
      x-ms-version:
      - '2021-04-10'
    method: GET
    uri: https://mystorage.blob.core.windows.net/job-00000000-0000-0000-0000-000000000000/rawOutputData?sv=PLACEHOLDER&sr=b&sig=PLACEHOLDER&se=PLACEHOLDER&sp=r&rscd=attachment%3B%20filename%3DTest-Tabu-%252220210101-000000%2522-70a9332d-3488-11ed-a66e-6045bdc85d00.output.json
  response:
    body:
      string: '{"version": "1.0", "configuration": {"0": 0, "1": 0, "2": 0, "3": 1},
        "cost": 0.0, "parameters": {"restarts": 72, "seed": 3592806825, "sweeps":
        100, "tabu_tenure": 0}, "solutions": [{"configuration": {"0": 0, "1": 0, "2":
        0, "3": 1}, "cost": 0.0}], "access_token": "fake_token"}'
    headers:
      accept-ranges:
      - bytes
      content-length:
      - '376'
      content-range:
      - bytes 0-375/376
      content-type:
      - application/json
      x-ms-blob-content-md5:
      - ajjB+ljedUw3GaaoJ2IoPg==
      x-ms-blob-type:
      - BlockBlob
      x-ms-creation-time:
      - Wed, 14 Sep 2022 23:53:36 GMT
      x-ms-lease-state:
      - available
      x-ms-lease-status:
      - unlocked
      x-ms-server-encrypted:
      - 'true'
      x-ms-version:
      - '2021-04-10'
    status:
      code: 206
      message: Partial Content
- request:
    body: null
    headers:
      Accept:
      - application/json
      Accept-Encoding:
      - gzip, deflate, br
      Connection:
      - keep-alive
      User-Agent:
      - testapp azsdk-python-quantum/0.0.0.1 Python/3.9.13 (Windows-10-10.0.22000-SP0)
    method: GET
    uri: https://eastus.quantum.azure.com/v1.0/subscriptions/00000000-0000-0000-0000-000000000000/resourceGroups/myresourcegroup/providers/Microsoft.Quantum/workspaces/myworkspace/jobs/00000000-0000-0000-0000-000000000000
  response:
    body:
      string: '{"containerUri": "https://mystorage.blob.core.windows.net/job-00000000-0000-0000-0000-000000000000?sv=PLACEHOLDER&sig=PLACEHOLDER&se=PLACEHOLDER&srt=co&ss=b&sp=racw",
        "inputDataUri": "https://mystorage.blob.core.windows.net/job-00000000-0000-0000-0000-000000000000/inputData?sv=PLACEHOLDER&sr=b&sig=PLACEHOLDER&se=PLACEHOLDER&sp=r&rscd=attachment%3B%20filename%3DTest-Tabu-%252220210101-000000%2522-70a9332d-3488-11ed-a66e-6045bdc85d00.input.json",
        "inputDataFormat": "microsoft.qio.v2", "inputParams": {"params": {"sweeps":
        100}}, "providerId": "microsoft", "target": "microsoft.tabu.cpu", "metadata":
        null, "name": "Test-Tabu-\"20210101-000000\"", "id": "00000000-0000-0000-0000-000000000000",
        "status": "Succeeded", "outputDataFormat": "microsoft.qio-results.v2", "outputDataUri":
        "https://mystorage.blob.core.windows.net/job-00000000-0000-0000-0000-000000000000/rawOutputData?sv=PLACEHOLDER&sr=b&sig=PLACEHOLDER&se=PLACEHOLDER&sp=r&rscd=attachment%3B%20filename%3DTest-Tabu-%252220210101-000000%2522-70a9332d-3488-11ed-a66e-6045bdc85d00.output.json",
        "creationTime": "2022-09-14T23:53:36.0315579+00:00", "beginExecutionTime":
        "2022-09-14T23:53:33.3915939Z", "endExecutionTime": "2022-09-14T23:53:33.4449884Z",
        "cancellationTime": null, "costEstimate": null, "errorData": null, "isCancelling":
        false, "tags": [], "access_token": "fake_token"}'
    headers:
      content-length:
      - '1275'
      content-type:
      - application/json; charset=utf-8
      transfer-encoding:
      - chunked
    status:
      code: 200
      message: OK
version: 1
