interactions:
- request:
    body: client_id=PLACEHOLDER&grant_type=client_credentials&client_info=1&client_secret=PLACEHOLDER&claims=PLACEHOLDER&scope=https%3A%2F%2Fquantum.microsoft.com%2F.default
    headers:
      Accept:
      - application/json
      Accept-Encoding:
      - gzip, deflate
      Connection:
      - keep-alive
      Content-Length:
      - '163'
      Content-Type:
      - application/x-www-form-urlencoded
      User-Agent:
      - azsdk-python-identity/1.12.0 Python/3.9.16 (Windows-10-10.0.22621-SP0)
      x-client-cpu:
      - x64
      x-client-current-telemetry:
      - 4|730,0|
      x-client-os:
      - win32
      x-client-sku:
      - MSAL.Python
      x-client-ver:
      - 1.21.0
    method: POST
    uri: https://login.microsoftonline.com/00000000-0000-0000-0000-000000000000/oauth2/v2.0/token
  response:
    body:
      string: '{"token_type": "Bearer", "expires_in": 86399, "ext_expires_in": 86399,
        "refresh_in": 43199, "access_token": "fake_token"}'
    headers:
      content-length:
      - '121'
      content-type:
      - application/json; charset=utf-8
    status:
      code: 200
      message: OK
- request:
    body: 'b''{"containerName": "job-00000000-0000-0000-0000-000000000001"}'''
    headers:
      Accept:
      - application/json
      Accept-Encoding:
      - gzip, deflate
      Connection:
      - keep-alive
      Content-Length:
      - '64'
      Content-Type:
      - application/json
      User-Agent:
      - testapp azsdk-python-quantum/0.0.1 Python/3.9.16 (Windows-10-10.0.22621-SP0)
    method: POST
    uri: https://eastus.quantum.azure.com/subscriptions/00000000-0000-0000-0000-000000000000/resourceGroups/myresourcegroup/providers/Microsoft.Quantum/workspaces/myworkspace/storage/sasUri?api-version=2022-09-12-preview&test-sequence-id=1
  response:
    body:
      string: '{"sasUri": "https://mystorage.blob.core.windows.net/job-00000000-0000-0000-0000-000000000001?sv=PLACEHOLDER&sig=PLACEHOLDER&se=PLACEHOLDER&srt=co&ss=b&sp=racw",
        "access_token": "fake_token"}'
    headers:
      connection:
      - keep-alive
      content-length:
      - '190'
      content-type:
      - application/json; charset=utf-8
      transfer-encoding:
      - chunked
    status:
      code: 200
      message: OK
- request:
    body: null
    headers:
      Accept:
      - application/xml
      Accept-Encoding:
      - gzip, deflate
      Connection:
      - keep-alive
      User-Agent:
      - azsdk-python-storage-blob/12.15.0 Python/3.9.16 (Windows-10-10.0.22621-SP0)
      x-ms-date:
      - Wed, 03 May 2023 18:39:20 GMT
      x-ms-version:
      - '2021-12-02'
    method: GET
    uri: https://mystorage.blob.core.windows.net/job-00000000-0000-0000-0000-000000000001?restype=container&sv=PLACEHOLDER&sig=PLACEHOLDER&se=PLACEHOLDER&srt=co&ss=b&sp=racw
  response:
    body:
      string: "\uFEFF<?xml version=\"1.0\" encoding=\"utf-8\"?><Error><Code>ContainerNotFound</Code><Message>The
        specified container does not exist.\nRequestId:7cee0d29-401e-0033-74ee-7deddc000000\nTime:2023-05-03T18:39:20.9729990Z</Message></Error>"
    headers:
      content-length:
      - '223'
      content-type:
      - application/xml
      x-ms-version:
      - '2021-12-02'
    status:
      code: 404
      message: The specified container does not exist.
- request:
    body: null
    headers:
      Accept:
      - application/xml
      Accept-Encoding:
      - gzip, deflate
      Connection:
      - keep-alive
      Content-Length:
      - '0'
      User-Agent:
      - azsdk-python-storage-blob/12.15.0 Python/3.9.16 (Windows-10-10.0.22621-SP0)
      x-ms-date:
      - Wed, 03 May 2023 18:39:20 GMT
      x-ms-version:
      - '2021-12-02'
    method: PUT
    uri: https://mystorage.blob.core.windows.net/job-00000000-0000-0000-0000-000000000001?restype=container&sv=PLACEHOLDER&sig=PLACEHOLDER&se=PLACEHOLDER&srt=co&ss=b&sp=racw
  response:
    body:
      string: ''
    headers:
      content-length:
      - '0'
      x-ms-version:
      - '2021-12-02'
    status:
      code: 201
      message: Created
- request:
    body: null
    headers:
      Accept:
      - application/xml
      Accept-Encoding:
      - gzip, deflate
      Connection:
      - keep-alive
      User-Agent:
      - azsdk-python-storage-blob/12.15.0 Python/3.9.16 (Windows-10-10.0.22621-SP0)
      x-ms-date:
      - Wed, 03 May 2023 18:39:21 GMT
      x-ms-version:
      - '2021-12-02'
    method: GET
    uri: https://mystorage.blob.core.windows.net/job-00000000-0000-0000-0000-000000000001?restype=container&sv=PLACEHOLDER&sig=PLACEHOLDER&se=PLACEHOLDER&srt=co&ss=b&sp=racw
  response:
    body:
      string: ''
    headers:
      content-length:
      - '0'
      x-ms-lease-state:
      - available
      x-ms-lease-status:
      - unlocked
      x-ms-version:
      - '2021-12-02'
    status:
      code: 200
      message: OK
- request:
    body: b'\nDECLARE ro BIT[2]\n\nH 0\nCNOT 0 1\n\nMEASURE 0 ro[0]\nMEASURE 1 ro[1]\n'
    headers:
      Accept:
      - application/xml
      Accept-Encoding:
      - gzip, deflate
      Connection:
      - keep-alive
      Content-Length:
      - '77'
      Content-Type:
      - application/octet-stream
      User-Agent:
      - azsdk-python-storage-blob/12.15.0 Python/3.9.16 (Windows-10-10.0.22621-SP0)
      x-ms-blob-type:
      - BlockBlob
      x-ms-date:
      - Wed, 03 May 2023 18:39:21 GMT
      x-ms-version:
      - '2021-12-02'
    method: PUT
    uri: https://mystorage.blob.core.windows.net/job-00000000-0000-0000-0000-000000000001/inputData?sv=PLACEHOLDER&sig=PLACEHOLDER&se=PLACEHOLDER&srt=co&ss=b&sp=racw
  response:
    body:
      string: ''
    headers:
      content-length:
      - '0'
      x-ms-version:
      - '2021-12-02'
    status:
      code: 201
      message: Created
- request:
    body: 'b''{"id": "00000000-0000-0000-0000-000000000001", "name": "qdk-python-test",
      "providerId": "rigetti", "target": "rigetti.sim.qvm", "itemType": "Job", "containerUri":
      "https://mystorage.blob.core.windows.net/job-00000000-0000-0000-0000-000000000001?sv=PLACEHOLDER&sig=PLACEHOLDER&se=PLACEHOLDER&srt=co&ss=b&sp=racw",
      "inputDataUri": "https://mystorage.blob.core.windows.net/job-00000000-0000-0000-0000-000000000001/inputData",
      "inputDataFormat": "rigetti.quil.v1", "inputParams": {"count": 5, "skipQuilc":
      false}, "outputDataFormat": "rigetti.quil-results.v1"}'''
    headers:
      Accept:
      - application/json
      Accept-Encoding:
      - gzip, deflate
      Connection:
      - keep-alive
      Content-Length:
      - '559'
      Content-Type:
      - application/json
      User-Agent:
      - testapp azsdk-python-quantum/0.0.1 Python/3.9.16 (Windows-10-10.0.22621-SP0)
    method: PUT
    uri: https://eastus.quantum.azure.com/subscriptions/00000000-0000-0000-0000-000000000000/resourceGroups/myresourcegroup/providers/Microsoft.Quantum/workspaces/myworkspace/jobs/00000000-0000-0000-0000-000000000001?api-version=2022-09-12-preview&test-sequence-id=1
  response:
    body:
      string: '{"containerUri": "https://mystorage.blob.core.windows.net/job-00000000-0000-0000-0000-000000000001?sv=PLACEHOLDER&sig=PLACEHOLDER&se=PLACEHOLDER&srt=co&ss=b&sp=racw",
        "inputDataUri": "https://mystorage.blob.core.windows.net/job-00000000-0000-0000-0000-000000000001/inputData?sv=PLACEHOLDER&sr=b&sig=PLACEHOLDER&se=PLACEHOLDER&sp=rcw",
        "inputDataFormat": "rigetti.quil.v1", "inputParams": {"count": 5, "skipQuilc":
        false}, "metadata": null, "sessionId": null, "status": "Waiting", "jobType":
        "QuantumComputing", "outputDataFormat": "rigetti.quil-results.v1", "outputDataUri":
        "https://mystorage.blob.core.windows.net:443/job-00000000-0000-0000-0000-000000000001/outputData?sv=PLACEHOLDER&sig=PLACEHOLDER&se=PLACEHOLDER&srt=co&ss=b&sp=racw",
        "beginExecutionTime": null, "cancellationTime": null, "quantumComputingData":
        null, "errorData": null, "isCancelling": false, "tags": [], "name": "qdk-python-test",
        "id": "00000000-0000-0000-0000-000000000001", "providerId": "rigetti", "target":
        "rigetti.sim.qvm", "creationTime": "2023-05-03T18:39:22.2494918+00:00", "endExecutionTime":
        null, "costEstimate": null, "itemType": "Job", "access_token": "fake_token"}'
    headers:
      connection:
      - keep-alive
      content-length:
      - '1154'
      content-type:
      - application/json; charset=utf-8
      transfer-encoding:
      - chunked
    status:
      code: 200
      message: OK
- request:
    body: null
    headers:
      Accept:
      - application/json
      Accept-Encoding:
      - gzip, deflate
      Connection:
      - keep-alive
      User-Agent:
      - testapp azsdk-python-quantum/0.0.1 Python/3.9.16 (Windows-10-10.0.22621-SP0)
    method: GET
    uri: https://eastus.quantum.azure.com/subscriptions/00000000-0000-0000-0000-000000000000/resourceGroups/myresourcegroup/providers/Microsoft.Quantum/workspaces/myworkspace/jobs/00000000-0000-0000-0000-000000000001?api-version=2022-09-12-preview&test-sequence-id=1
  response:
    body:
      string: '{"containerUri": "https://mystorage.blob.core.windows.net/job-00000000-0000-0000-0000-000000000001?sv=PLACEHOLDER&sig=PLACEHOLDER&se=PLACEHOLDER&srt=co&ss=b&sp=racw",
        "inputDataUri": "https://mystorage.blob.core.windows.net/job-00000000-0000-0000-0000-000000000001/inputData?sv=PLACEHOLDER&sr=b&sig=PLACEHOLDER&se=PLACEHOLDER&sp=r&rscd=attachment%3B%20filename%3Dqdk-python-test-00000000-0000-0000-0000-000000000001.input.json",
        "inputDataFormat": "rigetti.quil.v1", "inputParams": {"count": 5, "skipQuilc":
        false}, "metadata": null, "sessionId": null, "status": "Waiting", "jobType":
        "QuantumComputing", "outputDataFormat": "rigetti.quil-results.v1", "outputDataUri":
        "https://mystorage.blob.core.windows.net/job-00000000-0000-0000-0000-000000000001/outputData?sv=PLACEHOLDER&sr=b&sig=PLACEHOLDER&se=PLACEHOLDER&sp=r&rscd=attachment%3B%20filename%3Dqdk-python-test-00000000-0000-0000-0000-000000000001.output.json",
        "beginExecutionTime": null, "cancellationTime": null, "quantumComputingData":
        null, "errorData": null, "isCancelling": false, "tags": [], "name": "qdk-python-test",
        "id": "00000000-0000-0000-0000-000000000001", "providerId": "rigetti", "target":
        "rigetti.sim.qvm", "creationTime": "2023-05-03T18:39:22.2494918+00:00", "endExecutionTime":
        null, "costEstimate": null, "itemType": "Job", "access_token": "fake_token"}'
    headers:
      connection:
      - keep-alive
      content-length:
      - '1331'
      content-type:
      - application/json; charset=utf-8
      transfer-encoding:
      - chunked
    status:
      code: 200
      message: OK
- request:
    body: null
    headers:
      Accept:
      - application/json
      Accept-Encoding:
      - gzip, deflate
      Connection:
      - keep-alive
      User-Agent:
      - testapp azsdk-python-quantum/0.0.1 Python/3.9.16 (Windows-10-10.0.22621-SP0)
    method: GET
    uri: https://eastus.quantum.azure.com/subscriptions/00000000-0000-0000-0000-000000000000/resourceGroups/myresourcegroup/providers/Microsoft.Quantum/workspaces/myworkspace/jobs/00000000-0000-0000-0000-000000000001?api-version=2022-09-12-preview&test-sequence-id=2
  response:
    body:
      string: '{"containerUri": "https://mystorage.blob.core.windows.net/job-00000000-0000-0000-0000-000000000001?sv=PLACEHOLDER&sig=PLACEHOLDER&se=PLACEHOLDER&srt=co&ss=b&sp=racw",
        "inputDataUri": "https://mystorage.blob.core.windows.net/job-00000000-0000-0000-0000-000000000001/inputData?sv=PLACEHOLDER&sr=b&sig=PLACEHOLDER&se=PLACEHOLDER&sp=r&rscd=attachment%3B%20filename%3Dqdk-python-test-00000000-0000-0000-0000-000000000001.input.json",
        "inputDataFormat": "rigetti.quil.v1", "inputParams": {"count": 5, "skipQuilc":
        false}, "metadata": null, "sessionId": null, "status": "Waiting", "jobType":
        "QuantumComputing", "outputDataFormat": "rigetti.quil-results.v1", "outputDataUri":
        "https://mystorage.blob.core.windows.net/job-00000000-0000-0000-0000-000000000001/outputData?sv=PLACEHOLDER&sr=b&sig=PLACEHOLDER&se=PLACEHOLDER&sp=r&rscd=attachment%3B%20filename%3Dqdk-python-test-00000000-0000-0000-0000-000000000001.output.json",
        "beginExecutionTime": null, "cancellationTime": null, "quantumComputingData":
        {"count": 1}, "errorData": null, "isCancelling": false, "tags": [], "name":
        "qdk-python-test", "id": "00000000-0000-0000-0000-000000000001", "providerId":
        "rigetti", "target": "rigetti.sim.qvm", "creationTime": "2023-05-03T18:39:22.2494918+00:00",
        "endExecutionTime": null, "costEstimate": null, "itemType": "Job", "access_token":
        "fake_token"}'
    headers:
      connection:
      - keep-alive
      content-length:
      - '1339'
      content-type:
      - application/json; charset=utf-8
      transfer-encoding:
      - chunked
    status:
      code: 200
      message: OK
- request:
    body: null
    headers:
      Accept:
      - application/json
      Accept-Encoding:
      - gzip, deflate
      Connection:
      - keep-alive
      User-Agent:
      - testapp azsdk-python-quantum/0.0.1 Python/3.9.16 (Windows-10-10.0.22621-SP0)
    method: GET
    uri: https://eastus.quantum.azure.com/subscriptions/00000000-0000-0000-0000-000000000000/resourceGroups/myresourcegroup/providers/Microsoft.Quantum/workspaces/myworkspace/jobs/00000000-0000-0000-0000-000000000001?api-version=2022-09-12-preview&test-sequence-id=3
  response:
    body:
      string: '{"containerUri": "https://mystorage.blob.core.windows.net/job-00000000-0000-0000-0000-000000000001?sv=PLACEHOLDER&sig=PLACEHOLDER&se=PLACEHOLDER&srt=co&ss=b&sp=racw",
        "inputDataUri": "https://mystorage.blob.core.windows.net/job-00000000-0000-0000-0000-000000000001/inputData?sv=PLACEHOLDER&sr=b&sig=PLACEHOLDER&se=PLACEHOLDER&sp=r&rscd=attachment%3B%20filename%3Dqdk-python-test-00000000-0000-0000-0000-000000000001.input.json",
        "inputDataFormat": "rigetti.quil.v1", "inputParams": {"count": 5, "skipQuilc":
        false}, "metadata": null, "sessionId": null, "status": "Waiting", "jobType":
        "QuantumComputing", "outputDataFormat": "rigetti.quil-results.v1", "outputDataUri":
        "https://mystorage.blob.core.windows.net/job-00000000-0000-0000-0000-000000000001/outputData?sv=PLACEHOLDER&sr=b&sig=PLACEHOLDER&se=PLACEHOLDER&sp=r&rscd=attachment%3B%20filename%3Dqdk-python-test-00000000-0000-0000-0000-000000000001.output.json",
        "beginExecutionTime": null, "cancellationTime": null, "quantumComputingData":
        {"count": 1}, "errorData": null, "isCancelling": false, "tags": [], "name":
        "qdk-python-test", "id": "00000000-0000-0000-0000-000000000001", "providerId":
        "rigetti", "target": "rigetti.sim.qvm", "creationTime": "2023-05-03T18:39:22.2494918+00:00",
        "endExecutionTime": null, "costEstimate": null, "itemType": "Job", "access_token":
        "fake_token"}'
    headers:
      connection:
      - keep-alive
      content-length:
      - '1339'
      content-type:
      - application/json; charset=utf-8
      transfer-encoding:
      - chunked
    status:
      code: 200
      message: OK
- request:
    body: null
    headers:
      Accept:
      - application/json
      Accept-Encoding:
      - gzip, deflate
      Connection:
      - keep-alive
      User-Agent:
      - testapp azsdk-python-quantum/0.0.1 Python/3.9.16 (Windows-10-10.0.22621-SP0)
    method: GET
    uri: https://eastus.quantum.azure.com/subscriptions/00000000-0000-0000-0000-000000000000/resourceGroups/myresourcegroup/providers/Microsoft.Quantum/workspaces/myworkspace/jobs/00000000-0000-0000-0000-000000000001?api-version=2022-09-12-preview&test-sequence-id=4
  response:
    body:
      string: '{"containerUri": "https://mystorage.blob.core.windows.net/job-00000000-0000-0000-0000-000000000001?sv=PLACEHOLDER&sig=PLACEHOLDER&se=PLACEHOLDER&srt=co&ss=b&sp=racw",
        "inputDataUri": "https://mystorage.blob.core.windows.net/job-00000000-0000-0000-0000-000000000001/inputData?sv=PLACEHOLDER&sr=b&sig=PLACEHOLDER&se=PLACEHOLDER&sp=r&rscd=attachment%3B%20filename%3Dqdk-python-test-00000000-0000-0000-0000-000000000001.input.json",
        "inputDataFormat": "rigetti.quil.v1", "inputParams": {"count": 5, "skipQuilc":
        false}, "metadata": null, "sessionId": null, "status": "Waiting", "jobType":
        "QuantumComputing", "outputDataFormat": "rigetti.quil-results.v1", "outputDataUri":
        "https://mystorage.blob.core.windows.net/job-00000000-0000-0000-0000-000000000001/outputData?sv=PLACEHOLDER&sr=b&sig=PLACEHOLDER&se=PLACEHOLDER&sp=r&rscd=attachment%3B%20filename%3Dqdk-python-test-00000000-0000-0000-0000-000000000001.output.json",
        "beginExecutionTime": null, "cancellationTime": null, "quantumComputingData":
        {"count": 1}, "errorData": null, "isCancelling": false, "tags": [], "name":
        "qdk-python-test", "id": "00000000-0000-0000-0000-000000000001", "providerId":
        "rigetti", "target": "rigetti.sim.qvm", "creationTime": "2023-05-03T18:39:22.2494918+00:00",
        "endExecutionTime": null, "costEstimate": null, "itemType": "Job", "access_token":
        "fake_token"}'
    headers:
      connection:
      - keep-alive
      content-length:
      - '1339'
      content-type:
      - application/json; charset=utf-8
      transfer-encoding:
      - chunked
    status:
      code: 200
      message: OK
- request:
    body: null
    headers:
      Accept:
      - application/json
      Accept-Encoding:
      - gzip, deflate
      Connection:
      - keep-alive
      User-Agent:
      - testapp azsdk-python-quantum/0.0.1 Python/3.9.16 (Windows-10-10.0.22621-SP0)
    method: GET
    uri: https://eastus.quantum.azure.com/subscriptions/00000000-0000-0000-0000-000000000000/resourceGroups/myresourcegroup/providers/Microsoft.Quantum/workspaces/myworkspace/jobs/00000000-0000-0000-0000-000000000001?api-version=2022-09-12-preview&test-sequence-id=5
  response:
    body:
      string: '{"containerUri": "https://mystorage.blob.core.windows.net/job-00000000-0000-0000-0000-000000000001?sv=PLACEHOLDER&sig=PLACEHOLDER&se=PLACEHOLDER&srt=co&ss=b&sp=racw",
        "inputDataUri": "https://mystorage.blob.core.windows.net/job-00000000-0000-0000-0000-000000000001/inputData?sv=PLACEHOLDER&sr=b&sig=PLACEHOLDER&se=PLACEHOLDER&sp=r&rscd=attachment%3B%20filename%3Dqdk-python-test-00000000-0000-0000-0000-000000000001.input.json",
        "inputDataFormat": "rigetti.quil.v1", "inputParams": {"count": 5, "skipQuilc":
        false}, "metadata": null, "sessionId": null, "status": "Waiting", "jobType":
        "QuantumComputing", "outputDataFormat": "rigetti.quil-results.v1", "outputDataUri":
        "https://mystorage.blob.core.windows.net/job-00000000-0000-0000-0000-000000000001/outputData?sv=PLACEHOLDER&sr=b&sig=PLACEHOLDER&se=PLACEHOLDER&sp=r&rscd=attachment%3B%20filename%3Dqdk-python-test-00000000-0000-0000-0000-000000000001.output.json",
        "beginExecutionTime": null, "cancellationTime": null, "quantumComputingData":
        {"count": 1}, "errorData": null, "isCancelling": false, "tags": [], "name":
        "qdk-python-test", "id": "00000000-0000-0000-0000-000000000001", "providerId":
        "rigetti", "target": "rigetti.sim.qvm", "creationTime": "2023-05-03T18:39:22.2494918+00:00",
        "endExecutionTime": null, "costEstimate": null, "itemType": "Job", "access_token":
        "fake_token"}'
    headers:
      connection:
      - keep-alive
      content-length:
      - '1339'
      content-type:
      - application/json; charset=utf-8
      transfer-encoding:
      - chunked
    status:
      code: 200
      message: OK
- request:
    body: null
    headers:
      Accept:
      - application/json
      Accept-Encoding:
      - gzip, deflate
      Connection:
      - keep-alive
      User-Agent:
      - testapp azsdk-python-quantum/0.0.1 Python/3.9.16 (Windows-10-10.0.22621-SP0)
    method: GET
    uri: https://eastus.quantum.azure.com/subscriptions/00000000-0000-0000-0000-000000000000/resourceGroups/myresourcegroup/providers/Microsoft.Quantum/workspaces/myworkspace/jobs/00000000-0000-0000-0000-000000000001?api-version=2022-09-12-preview&test-sequence-id=6
  response:
    body:
      string: '{"containerUri": "https://mystorage.blob.core.windows.net/job-00000000-0000-0000-0000-000000000001?sv=PLACEHOLDER&sig=PLACEHOLDER&se=PLACEHOLDER&srt=co&ss=b&sp=racw",
        "inputDataUri": "https://mystorage.blob.core.windows.net/job-00000000-0000-0000-0000-000000000001/inputData?sv=PLACEHOLDER&sr=b&sig=PLACEHOLDER&se=PLACEHOLDER&sp=r&rscd=attachment%3B%20filename%3Dqdk-python-test-00000000-0000-0000-0000-000000000001.input.json",
        "inputDataFormat": "rigetti.quil.v1", "inputParams": {"count": 5, "skipQuilc":
        false}, "metadata": null, "sessionId": null, "status": "Waiting", "jobType":
        "QuantumComputing", "outputDataFormat": "rigetti.quil-results.v1", "outputDataUri":
        "https://mystorage.blob.core.windows.net/job-00000000-0000-0000-0000-000000000001/outputData?sv=PLACEHOLDER&sr=b&sig=PLACEHOLDER&se=PLACEHOLDER&sp=r&rscd=attachment%3B%20filename%3Dqdk-python-test-00000000-0000-0000-0000-000000000001.output.json",
        "beginExecutionTime": null, "cancellationTime": null, "quantumComputingData":
        {"count": 1}, "errorData": null, "isCancelling": false, "tags": [], "name":
        "qdk-python-test", "id": "00000000-0000-0000-0000-000000000001", "providerId":
        "rigetti", "target": "rigetti.sim.qvm", "creationTime": "2023-05-03T18:39:22.2494918+00:00",
        "endExecutionTime": null, "costEstimate": null, "itemType": "Job", "access_token":
        "fake_token"}'
    headers:
      connection:
      - keep-alive
      content-length:
      - '1339'
      content-type:
      - application/json; charset=utf-8
      transfer-encoding:
      - chunked
    status:
      code: 200
      message: OK
- request:
    body: null
    headers:
      Accept:
      - application/json
      Accept-Encoding:
      - gzip, deflate
      Connection:
      - keep-alive
      User-Agent:
      - testapp azsdk-python-quantum/0.0.1 Python/3.9.16 (Windows-10-10.0.22621-SP0)
    method: GET
    uri: https://eastus.quantum.azure.com/subscriptions/00000000-0000-0000-0000-000000000000/resourceGroups/myresourcegroup/providers/Microsoft.Quantum/workspaces/myworkspace/jobs/00000000-0000-0000-0000-000000000001?api-version=2022-09-12-preview&test-sequence-id=7
  response:
    body:
      string: '{"containerUri": "https://mystorage.blob.core.windows.net/job-00000000-0000-0000-0000-000000000001?sv=PLACEHOLDER&sig=PLACEHOLDER&se=PLACEHOLDER&srt=co&ss=b&sp=racw",
        "inputDataUri": "https://mystorage.blob.core.windows.net/job-00000000-0000-0000-0000-000000000001/inputData?sv=PLACEHOLDER&sr=b&sig=PLACEHOLDER&se=PLACEHOLDER&sp=r&rscd=attachment%3B%20filename%3Dqdk-python-test-00000000-0000-0000-0000-000000000001.input.json",
        "inputDataFormat": "rigetti.quil.v1", "inputParams": {"count": 5, "skipQuilc":
        false}, "metadata": null, "sessionId": null, "status": "Executing", "jobType":
        "QuantumComputing", "outputDataFormat": "rigetti.quil-results.v1", "outputDataUri":
        "https://mystorage.blob.core.windows.net/job-00000000-0000-0000-0000-000000000001/outputData?sv=PLACEHOLDER&sr=b&sig=PLACEHOLDER&se=PLACEHOLDER&sp=r&rscd=attachment%3B%20filename%3Dqdk-python-test-00000000-0000-0000-0000-000000000001.output.json",
        "beginExecutionTime": "2023-05-03T18:39:24.9169466Z", "cancellationTime":
        null, "quantumComputingData": {"count": 1}, "errorData": null, "isCancelling":
        false, "tags": [], "name": "qdk-python-test", "id": "00000000-0000-0000-0000-000000000001",
        "providerId": "rigetti", "target": "rigetti.sim.qvm", "creationTime": "2023-05-03T18:39:22.2494918+00:00",
        "endExecutionTime": null, "costEstimate": null, "itemType": "Job", "access_token":
        "fake_token"}'
    headers:
      connection:
      - keep-alive
      content-length:
      - '1367'
      content-type:
      - application/json; charset=utf-8
      transfer-encoding:
      - chunked
    status:
      code: 200
      message: OK
- request:
    body: null
    headers:
      Accept:
      - application/json
      Accept-Encoding:
      - gzip, deflate
      Connection:
      - keep-alive
      User-Agent:
      - testapp azsdk-python-quantum/0.0.1 Python/3.9.16 (Windows-10-10.0.22621-SP0)
    method: GET
    uri: https://eastus.quantum.azure.com/subscriptions/00000000-0000-0000-0000-000000000000/resourceGroups/myresourcegroup/providers/Microsoft.Quantum/workspaces/myworkspace/jobs/00000000-0000-0000-0000-000000000001?api-version=2022-09-12-preview&test-sequence-id=8
  response:
    body:
      string: '{"containerUri": "https://mystorage.blob.core.windows.net/job-00000000-0000-0000-0000-000000000001?sv=PLACEHOLDER&sig=PLACEHOLDER&se=PLACEHOLDER&srt=co&ss=b&sp=racw",
        "inputDataUri": "https://mystorage.blob.core.windows.net/job-00000000-0000-0000-0000-000000000001/inputData?sv=PLACEHOLDER&sr=b&sig=PLACEHOLDER&se=PLACEHOLDER&sp=r&rscd=attachment%3B%20filename%3Dqdk-python-test-00000000-0000-0000-0000-000000000001.input.json",
        "inputDataFormat": "rigetti.quil.v1", "inputParams": {"count": 5, "skipQuilc":
        false}, "metadata": null, "sessionId": null, "status": "Succeeded", "jobType":
        "QuantumComputing", "outputDataFormat": "rigetti.quil-results.v1", "outputDataUri":
        "https://mystorage.blob.core.windows.net/job-00000000-0000-0000-0000-000000000001/rawOutputData?sv=PLACEHOLDER&sr=b&sig=PLACEHOLDER&se=PLACEHOLDER&sp=r&rscd=attachment%3B%20filename%3Dqdk-python-test-00000000-0000-0000-0000-000000000001.output.json",
        "beginExecutionTime": "2023-05-03T18:39:24.9169466Z", "cancellationTime":
        null, "quantumComputingData": {"count": 1}, "errorData": null, "isCancelling":
        false, "tags": [], "name": "qdk-python-test", "id": "00000000-0000-0000-0000-000000000001",
        "providerId": "rigetti", "target": "rigetti.sim.qvm", "creationTime": "2023-05-03T18:39:22.2494918+00:00",
        "endExecutionTime": "2023-05-03T18:39:27.0729415Z", "costEstimate": {"currencyCode":
        "USD", "events": [{"dimensionId": "qpu_time_centiseconds", "dimensionName":
        "QPU Execution Time", "measureUnit": "10ms (rounded up)", "amountBilled":
        0.0, "amountConsumed": 0.0, "unitPrice": 0.0}], "estimatedTotal": 0.0}, "itemType":
        "Job", "access_token": "fake_token"}'
    headers:
      connection:
      - keep-alive
      content-length:
      - '1629'
      content-type:
      - application/json; charset=utf-8
      transfer-encoding:
      - chunked
    status:
      code: 200
      message: OK
- request:
    body: null
    headers:
      Accept:
      - application/json
      Accept-Encoding:
      - gzip, deflate
      Connection:
      - keep-alive
      User-Agent:
      - testapp azsdk-python-quantum/0.0.1 Python/3.9.16 (Windows-10-10.0.22621-SP0)
    method: GET
    uri: https://eastus.quantum.azure.com/subscriptions/00000000-0000-0000-0000-000000000000/resourceGroups/myresourcegroup/providers/Microsoft.Quantum/workspaces/myworkspace/jobs/00000000-0000-0000-0000-000000000001?api-version=2022-09-12-preview&test-sequence-id=9
  response:
    body:
      string: '{"containerUri": "https://mystorage.blob.core.windows.net/job-00000000-0000-0000-0000-000000000001?sv=PLACEHOLDER&sig=PLACEHOLDER&se=PLACEHOLDER&srt=co&ss=b&sp=racw",
        "inputDataUri": "https://mystorage.blob.core.windows.net/job-00000000-0000-0000-0000-000000000001/inputData?sv=PLACEHOLDER&sr=b&sig=PLACEHOLDER&se=PLACEHOLDER&sp=r&rscd=attachment%3B%20filename%3Dqdk-python-test-00000000-0000-0000-0000-000000000001.input.json",
        "inputDataFormat": "rigetti.quil.v1", "inputParams": {"count": 5, "skipQuilc":
        false}, "metadata": null, "sessionId": null, "status": "Succeeded", "jobType":
        "QuantumComputing", "outputDataFormat": "rigetti.quil-results.v1", "outputDataUri":
        "https://mystorage.blob.core.windows.net/job-00000000-0000-0000-0000-000000000001/rawOutputData?sv=PLACEHOLDER&sr=b&sig=PLACEHOLDER&se=PLACEHOLDER&sp=r&rscd=attachment%3B%20filename%3Dqdk-python-test-00000000-0000-0000-0000-000000000001.output.json",
        "beginExecutionTime": "2023-05-03T18:39:24.9169466Z", "cancellationTime":
        null, "quantumComputingData": {"count": 1}, "errorData": null, "isCancelling":
        false, "tags": [], "name": "qdk-python-test", "id": "00000000-0000-0000-0000-000000000001",
        "providerId": "rigetti", "target": "rigetti.sim.qvm", "creationTime": "2023-05-03T18:39:22.2494918+00:00",
        "endExecutionTime": "2023-05-03T18:39:27.0729415Z", "costEstimate": {"currencyCode":
        "USD", "events": [{"dimensionId": "qpu_time_centiseconds", "dimensionName":
        "QPU Execution Time", "measureUnit": "10ms (rounded up)", "amountBilled":
        0.0, "amountConsumed": 0.0, "unitPrice": 0.0}], "estimatedTotal": 0.0}, "itemType":
        "Job", "access_token": "fake_token"}'
    headers:
      connection:
      - keep-alive
      content-length:
      - '1629'
      content-type:
      - application/json; charset=utf-8
      transfer-encoding:
      - chunked
    status:
      code: 200
      message: OK
- request:
    body: null
    headers:
      Accept:
      - application/json
      Accept-Encoding:
      - gzip, deflate
      Connection:
      - keep-alive
      User-Agent:
      - testapp azsdk-python-quantum/0.0.1 Python/3.9.16 (Windows-10-10.0.22621-SP0)
    method: GET
    uri: https://eastus.quantum.azure.com/subscriptions/00000000-0000-0000-0000-000000000000/resourceGroups/myresourcegroup/providers/Microsoft.Quantum/workspaces/myworkspace/jobs/00000000-0000-0000-0000-000000000001?api-version=2022-09-12-preview&test-sequence-id=10
  response:
    body:
      string: '{"containerUri": "https://mystorage.blob.core.windows.net/job-00000000-0000-0000-0000-000000000001?sv=PLACEHOLDER&sig=PLACEHOLDER&se=PLACEHOLDER&srt=co&ss=b&sp=racw",
        "inputDataUri": "https://mystorage.blob.core.windows.net/job-00000000-0000-0000-0000-000000000001/inputData?sv=PLACEHOLDER&sr=b&sig=PLACEHOLDER&se=PLACEHOLDER&sp=r&rscd=attachment%3B%20filename%3Dqdk-python-test-00000000-0000-0000-0000-000000000001.input.json",
        "inputDataFormat": "rigetti.quil.v1", "inputParams": {"count": 5, "skipQuilc":
        false}, "metadata": null, "sessionId": null, "status": "Succeeded", "jobType":
        "QuantumComputing", "outputDataFormat": "rigetti.quil-results.v1", "outputDataUri":
        "https://mystorage.blob.core.windows.net/job-00000000-0000-0000-0000-000000000001/rawOutputData?sv=PLACEHOLDER&sr=b&sig=PLACEHOLDER&se=PLACEHOLDER&sp=r&rscd=attachment%3B%20filename%3Dqdk-python-test-00000000-0000-0000-0000-000000000001.output.json",
        "beginExecutionTime": "2023-05-03T18:39:24.9169466Z", "cancellationTime":
        null, "quantumComputingData": {"count": 1}, "errorData": null, "isCancelling":
        false, "tags": [], "name": "qdk-python-test", "id": "00000000-0000-0000-0000-000000000001",
        "providerId": "rigetti", "target": "rigetti.sim.qvm", "creationTime": "2023-05-03T18:39:22.2494918+00:00",
        "endExecutionTime": "2023-05-03T18:39:27.0729415Z", "costEstimate": {"currencyCode":
        "USD", "events": [{"dimensionId": "qpu_time_centiseconds", "dimensionName":
        "QPU Execution Time", "measureUnit": "10ms (rounded up)", "amountBilled":
        0.0, "amountConsumed": 0.0, "unitPrice": 0.0}], "estimatedTotal": 0.0}, "itemType":
        "Job", "access_token": "fake_token"}'
    headers:
      connection:
      - keep-alive
      content-length:
      - '1629'
      content-type:
      - application/json; charset=utf-8
      transfer-encoding:
      - chunked
    status:
      code: 200
      message: OK
- request:
    body: null
    headers:
      Accept:
      - application/xml
      Accept-Encoding:
      - gzip, deflate
      Connection:
      - keep-alive
      User-Agent:
      - azsdk-python-storage-blob/12.15.0 Python/3.9.16 (Windows-10-10.0.22621-SP0)
      x-ms-date:
      - Wed, 03 May 2023 18:39:29 GMT
      x-ms-range:
      - bytes=0-33554431
      x-ms-version:
      - '2021-12-02'
    method: GET
    uri: https://mystorage.blob.core.windows.net/job-00000000-0000-0000-0000-000000000001/rawOutputData?sv=PLACEHOLDER&sr=b&sig=PLACEHOLDER&se=PLACEHOLDER&sp=r&rscd=attachment%3B%20filename%3Dqdk-python-test-00000000-0000-0000-0000-000000000001.output.json
  response:
    body:
      string: '{"ro": [[1, 1], [1, 1], [1, 1], [1, 1], [0, 0]], "access_token": "fake_token"}'
    headers:
      accept-ranges:
      - bytes
      content-length:
      - '78'
      content-range:
      - bytes 0-37/38
      content-type:
      - application/json
      x-ms-blob-content-md5:
      - x2mjQV7mFRSdkcGNxDIzQQ==
      x-ms-blob-type:
      - BlockBlob
      x-ms-creation-time:
      - Wed, 03 May 2023 18:39:22 GMT
      x-ms-lease-state:
      - available
      x-ms-lease-status:
      - unlocked
      x-ms-server-encrypted:
      - 'true'
      x-ms-version:
      - '2021-12-02'
    status:
      code: 206
      message: Partial Content
version: 1
