interactions:
- request:
    body: client_id=PLACEHOLDER&grant_type=client_credentials&client_info=1&client_secret=PLACEHOLDER&scope=https%3A%2F%2Fquantum.microsoft.com%2F.default
    headers:
      Accept:
      - application/json
      Accept-Encoding:
      - gzip, deflate
      Connection:
      - keep-alive
      Content-Length:
      - '144'
      Content-Type:
      - application/x-www-form-urlencoded
      User-Agent:
      - azsdk-python-identity/1.16.0 Python/3.9.19 (Windows-10-10.0.22631-SP0)
      x-client-current-telemetry:
      - 4|730,2|
      x-client-os:
      - win32
      x-client-sku:
      - MSAL.Python
      x-client-ver:
      - 1.28.0
    method: POST
    uri: https://login.microsoftonline.com/00000000-0000-0000-0000-000000000000/oauth2/v2.0/token
  response:
    body:
      string: '{"error": "invalid_client", "error_description": "AADSTS7000215: Invalid
        client secret provided. Ensure the secret being sent in the request is the
        client secret value, not the client secret ID, for a secret added to app ''00000000-0000-0000-0000-000000000000''.
        Trace ID: 65f50197-c48a-4f42-be68-142b11786100 Correlation ID: 61463e23-f562-4ae4-8bbb-a50cf01b77f6
        Timestamp: 2024-04-30 09:50:22Z", "error_codes": [7000215], "timestamp": "2024-04-30
        09:50:22Z", "trace_id": "65f50197-c48a-4f42-be68-142b11786100", "correlation_id":
        "61463e23-f562-4ae4-8bbb-a50cf01b77f6", "error_uri": "https://login.microsoftonline.com/error?code=7000215"}'
    headers:
      content-length:
      - '636'
      content-type:
      - application/json; charset=utf-8
    status:
      code: 401
      message: Unauthorized
- request:
    body: 'b''{"containerName": "job-00000000-0000-0000-0000-000000000001"}'''
    headers:
      Accept:
      - application/json
      Accept-Encoding:
      - gzip, deflate
      Connection:
      - keep-alive
      Content-Length:
      - '64'
      Content-Type:
      - application/json
      User-Agent:
      - azsdk-python-quantum/0.0.1 Python/3.9.19 (Windows-10-10.0.22631-SP0)
    method: POST
    uri: https://eastus.quantum.azure.com/subscriptions/00000000-0000-0000-0000-000000000000/resourceGroups/myresourcegroup/providers/Microsoft.Quantum/workspaces/myworkspace/storage/sasUri?api-version=2022-09-12-preview&test-sequence-id=1
  response:
    body:
      string: '{"sasUri": "https://mystorage.blob.core.windows.net/job-00000000-0000-0000-0000-000000000001?sv=PLACEHOLDER&sig=PLACEHOLDER&se=2050-01-01T00%3A00%3A00Z&srt=co&ss=b&sp=racwl"}'
    headers:
      connection:
      - keep-alive
      content-length:
      - '174'
      content-type:
      - application/json; charset=utf-8
      transfer-encoding:
      - chunked
    status:
      code: 200
      message: OK
- request:
    body: null
    headers:
      Accept:
      - application/xml
      Accept-Encoding:
      - gzip, deflate
      Connection:
      - keep-alive
      User-Agent:
      - azsdk-python-storage-blob/12.19.1 Python/3.9.19 (Windows-10-10.0.22631-SP0)
      x-ms-date:
      - Tue, 30 Apr 2024 09:50:23 GMT
      x-ms-version:
      - '2023-11-03'
    method: GET
    uri: https://mystorage.blob.core.windows.net/job-00000000-0000-0000-0000-000000000001?restype=container&sv=PLACEHOLDER&sig=PLACEHOLDER&se=2050-01-01T00%3A00%3A00Z&srt=co&ss=b&sp=racwl
  response:
    body:
      string: "\uFEFF<?xml version=\"1.0\" encoding=\"utf-8\"?><Error><Code>ContainerNotFound</Code><Message>The
        specified container does not exist.\nRequestId:ebb27e7b-d01e-001f-77e3-9a9fc4000000\nTime:2024-04-30T09:50:25.4859329Z</Message></Error>"
    headers:
      content-length:
      - '223'
      content-type:
      - application/xml
      x-ms-version:
      - '2023-11-03'
    status:
      code: 404
      message: The specified container does not exist.
- request:
    body: null
    headers:
      Accept:
      - application/xml
      Accept-Encoding:
      - gzip, deflate
      Connection:
      - keep-alive
      Content-Length:
      - '0'
      User-Agent:
      - azsdk-python-storage-blob/12.19.1 Python/3.9.19 (Windows-10-10.0.22631-SP0)
      x-ms-date:
      - Tue, 30 Apr 2024 09:50:24 GMT
      x-ms-version:
      - '2023-11-03'
    method: PUT
    uri: https://mystorage.blob.core.windows.net/job-00000000-0000-0000-0000-000000000001?restype=container&sv=PLACEHOLDER&sig=PLACEHOLDER&se=2050-01-01T00%3A00%3A00Z&srt=co&ss=b&sp=racwl
  response:
    body:
      string: ''
    headers:
      content-length:
      - '0'
      x-ms-version:
      - '2023-11-03'
    status:
      code: 201
      message: Created
- request:
    body: null
    headers:
      Accept:
      - application/xml
      Accept-Encoding:
      - gzip, deflate
      Connection:
      - keep-alive
      User-Agent:
      - azsdk-python-storage-blob/12.19.1 Python/3.9.19 (Windows-10-10.0.22631-SP0)
      x-ms-date:
      - Tue, 30 Apr 2024 09:50:24 GMT
      x-ms-version:
      - '2023-11-03'
    method: GET
    uri: https://mystorage.blob.core.windows.net/job-00000000-0000-0000-0000-000000000001?restype=container&sv=PLACEHOLDER&sig=PLACEHOLDER&se=2050-01-01T00%3A00%3A00Z&srt=co&ss=b&sp=racwl
  response:
    body:
      string: ''
    headers:
      content-length:
      - '0'
      x-ms-lease-state:
      - available
      x-ms-lease-status:
      - unlocked
      x-ms-version:
      - '2023-11-03'
    status:
      code: 200
      message: OK
- request:
    body: 'b''{"sequence_builder": "{\\"version\\": \\"1\\", \\"name\\": \\"pulser-exported\\",
      \\"register\\": [{\\"name\\": \\"q0\\", \\"x\\": -10.0, \\"y\\": 0.0}, {\\"name\\":
      \\"q1\\", \\"x\\": -5.0, \\"y\\": -8.660254}, {\\"name\\": \\"q2\\", \\"x\\":
      -5.0, \\"y\\": 0.0}, {\\"name\\": \\"q3\\", \\"x\\": 0.0, \\"y\\": 0.0}, {\\"name\\":
      \\"q4\\", \\"x\\": 5.0, \\"y\\": -8.660254}, {\\"name\\": \\"q5\\", \\"x\\":
      7.5, \\"y\\": 4.330127}], \\"channels\\": {\\"ch_global\\": \\"rydberg_global\\"},
      \\"variables\\": {}, \\"operations\\": [{\\"op\\": \\"pulse\\", \\"channel\\":
      \\"ch_global\\", \\"protocol\\": \\"min-delay\\", \\"amplitude\\": {\\"kind\\":
      \\"constant\\", \\"duration\\": 124, \\"value\\": 12.566370614359172}, \\"detuning\\":
      {\\"kind\\": \\"constant\\", \\"duration\\": 124, \\"value\\": 25.132741228718345},
      \\"phase\\": 0.0, \\"post_phase_shift\\": 0.0}, {\\"op\\": \\"pulse\\", \\"channel\\":
      \\"ch_global\\", \\"protocol\\": \\"min-delay\\", \\"amplitude\\": {\\"kind\\":
      \\"constant\\", \\"duration\\": 400, \\"value\\": 0.0}, \\"detuning\\": {\\"kind\\":
      \\"constant\\", \\"duration\\": 400, \\"value\\": -25.132741228718345}, \\"phase\\":
      0.0, \\"post_phase_shift\\": 0.0}, {\\"op\\": \\"pulse\\", \\"channel\\": \\"ch_global\\",
      \\"protocol\\": \\"min-delay\\", \\"amplitude\\": {\\"kind\\": \\"constant\\",
      \\"duration\\": 100, \\"value\\": 12.566370614359172}, \\"detuning\\": {\\"kind\\":
      \\"constant\\", \\"duration\\": 100, \\"value\\": 25.132741228718345}, \\"phase\\":
      0.0, \\"post_phase_shift\\": 0.0}, {\\"op\\": \\"pulse\\", \\"channel\\": \\"ch_global\\",
      \\"protocol\\": \\"min-delay\\", \\"amplitude\\": {\\"kind\\": \\"constant\\",
      \\"duration\\": 400, \\"value\\": 0.0}, \\"detuning\\": {\\"kind\\": \\"constant\\",
      \\"duration\\": 400, \\"value\\": -25.132741228718345}, \\"phase\\": 0.0, \\"post_phase_shift\\":
      0.0}, {\\"op\\": \\"pulse\\", \\"channel\\": \\"ch_global\\", \\"protocol\\":
      \\"min-delay\\", \\"amplitude\\": {\\"kind\\": \\"constant\\", \\"duration\\":
      100, \\"value\\": 12.566370614359172}, \\"detuning\\": {\\"kind\\": \\"constant\\",
      \\"duration\\": 100, \\"value\\": 25.132741228718345}, \\"phase\\": 0.0, \\"post_phase_shift\\":
      0.0}], \\"measurement\\": null, \\"device\\": {\\"version\\": \\"1\\", \\"channels\\":
      [{\\"id\\": \\"rydberg_global\\", \\"basis\\": \\"ground-rydberg\\", \\"addressing\\":
      \\"Global\\", \\"max_abs_detuning\\": 31.41592653589793, \\"max_amp\\": 12.566370614359172,
      \\"min_retarget_interval\\": null, \\"fixed_retarget_t\\": null, \\"max_targets\\":
      null, \\"clock_period\\": 4, \\"min_duration\\": 16, \\"max_duration\\": 100000000,
      \\"mod_bandwidth\\": 2, \\"eom_config\\": {\\"limiting_beam\\": \\"RED\\", \\"max_limiting_amp\\":
      251.32741228718345, \\"intermediate_detuning\\": 4398.22971502571, \\"controlled_beams\\":
      [\\"BLUE\\", \\"RED\\"], \\"mod_bandwidth\\": 11}}], \\"name\\": \\"Fresnel\\",
      \\"dimensions\\": 2, \\"rydberg_level\\": 60, \\"min_atom_distance\\": 5, \\"max_atom_num\\":
      20, \\"max_radial_distance\\": 35, \\"interaction_coeff_xy\\": null, \\"supports_slm_mask\\":
      false, \\"max_layout_filling\\": 0.5, \\"reusable_channels\\": false, \\"pre_calibrated_layouts\\":
      [], \\"is_virtual\\": false}, \\"layout\\": {\\"coordinates\\": [[-12.5, 4.330127],
      [-10.0, 0.0], [-7.5, -4.330127], [-7.5, 4.330127], [-5.0, -8.660254], [-5.0,
      0.0], [-5.0, 8.660254], [-2.5, -4.330127], [-2.5, 4.330127], [0.0, -8.660254],
      [0.0, 0.0], [0.0, 8.660254], [2.5, -4.330127], [2.5, 4.330127], [5.0, -8.660254],
      [5.0, 0.0], [5.0, 8.660254], [7.5, -4.330127], [7.5, 4.330127], [10.0, 0.0]],
      \\"slug\\": \\"TriangularLatticeLayout(20, 5.0\\\\u00b5m)\\"}}"}'''
    headers:
      Accept:
      - application/xml
      Accept-Encoding:
      - gzip, deflate
      Connection:
      - keep-alive
      Content-Length:
      - '3645'
      Content-Type:
      - application/octet-stream
      User-Agent:
      - azsdk-python-storage-blob/12.19.1 Python/3.9.19 (Windows-10-10.0.22631-SP0)
      x-ms-blob-type:
      - BlockBlob
      x-ms-date:
      - Tue, 30 Apr 2024 09:50:25 GMT
      x-ms-version:
      - '2023-11-03'
    method: PUT
    uri: https://mystorage.blob.core.windows.net/job-00000000-0000-0000-0000-000000000001/inputData?sv=PLACEHOLDER&sig=PLACEHOLDER&se=2050-01-01T00%3A00%3A00Z&srt=co&ss=b&sp=racwl
  response:
    body:
      string: ''
    headers:
      content-length:
      - '0'
      x-ms-version:
      - '2023-11-03'
    status:
      code: 201
      message: Created
- request:
    body: 'b''{"id": "00000000-0000-0000-0000-000000000001", "name": "qdk-python-test",
      "providerId": "pasqal", "target": "pasqal.sim.emu-tn", "itemType": "Job", "containerUri":
      "https://mystorage.blob.core.windows.net/job-00000000-0000-0000-0000-000000000001?sv=PLACEHOLDER&sig=PLACEHOLDER&se=2050-01-01T00%3A00%3A00Z&srt=co&ss=b&sp=racwl",
      "inputDataUri": "https://mystorage.blob.core.windows.net/job-00000000-0000-0000-0000-000000000001/inputData",
      "inputDataFormat": "pasqal.pulser.v1", "inputParams": {"count": 150}, "outputDataFormat":
      "pasqal.pulser-results.v1"}'''
    headers:
      Accept:
      - application/json
      Accept-Encoding:
      - gzip, deflate
      Connection:
      - keep-alive
      Content-Length:
      - '558'
      Content-Type:
      - application/json
      User-Agent:
      - azsdk-python-quantum/0.0.1 Python/3.9.19 (Windows-10-10.0.22631-SP0)
    method: PUT
    uri: https://eastus.quantum.azure.com/subscriptions/00000000-0000-0000-0000-000000000000/resourceGroups/myresourcegroup/providers/Microsoft.Quantum/workspaces/myworkspace/jobs/00000000-0000-0000-0000-000000000001?api-version=2022-09-12-preview&test-sequence-id=1
  response:
    body:
      string: '{"containerUri": "https://mystorage.blob.core.windows.net/job-00000000-0000-0000-0000-000000000001?sv=PLACEHOLDER&sig=PLACEHOLDER&se=2050-01-01T00%3A00%3A00Z&srt=co&ss=b&sp=racwl",
        "inputDataUri": "https://mystorage.blob.core.windows.net/job-00000000-0000-0000-0000-000000000001/inputData?sv=PLACEHOLDER&sr=b&sig=PLACEHOLDER&se=2050-01-01T00%3A00%3A00Z&sp=rcw",
        "inputDataFormat": "pasqal.pulser.v1", "inputParams": {"count": 150}, "metadata":
        null, "sessionId": null, "status": "Waiting", "jobType": "QuantumComputing",
        "outputDataFormat": "pasqal.pulser-results.v1", "outputDataUri": "https://mystorage.blob.core.windows.net:443/job-00000000-0000-0000-0000-000000000001/outputData?sv=PLACEHOLDER&sig=PLACEHOLDER&se=2050-01-01T00%3A00%3A00Z&srt=co&ss=b&sp=racwl",
        "beginExecutionTime": null, "cancellationTime": null, "quantumComputingData":
        null, "errorData": null, "isCancelling": false, "tags": [], "name": "qdk-python-test",
        "id": "00000000-0000-0000-0000-000000000001", "providerId": "pasqal", "target":
        "pasqal.sim.emu-tn", "creationTime": "2024-04-30T09:50:27.1362152+00:00",
        "endExecutionTime": null, "costEstimate": null, "itemType": "Job"}'
    headers:
      connection:
      - keep-alive
      content-length:
      - '1150'
      content-type:
      - application/json; charset=utf-8
      transfer-encoding:
      - chunked
    status:
      code: 200
      message: OK
- request:
    body: null
    headers:
      Accept:
      - application/json
      Accept-Encoding:
      - gzip, deflate
      Connection:
      - keep-alive
      User-Agent:
      - azsdk-python-quantum/0.0.1 Python/3.9.19 (Windows-10-10.0.22631-SP0)
    method: GET
    uri: https://eastus.quantum.azure.com/subscriptions/00000000-0000-0000-0000-000000000000/resourceGroups/myresourcegroup/providers/Microsoft.Quantum/workspaces/myworkspace/jobs/00000000-0000-0000-0000-000000000001?api-version=2022-09-12-preview&test-sequence-id=1
  response:
    body:
      string: '{"containerUri": "https://mystorage.blob.core.windows.net/job-00000000-0000-0000-0000-000000000001?sv=PLACEHOLDER&sr=c&sig=PLACEHOLDER&se=2050-01-01T00%3A00%3A00Z&sp=rcwl",
        "inputDataUri": "https://mystorage.blob.core.windows.net/job-00000000-0000-0000-0000-000000000001/inputData?sv=PLACEHOLDER&sr=b&sig=PLACEHOLDER&se=2050-01-01T00%3A00%3A00Z&sp=r&rscd=attachment%3B%20filename%3Dqdk-python-test-00000000-0000-0000-0000-000000000001.input.json",
        "inputDataFormat": "pasqal.pulser.v1", "inputParams": {"count": 150}, "metadata":
        null, "sessionId": null, "status": "Waiting", "jobType": "QuantumComputing",
        "outputDataFormat": "pasqal.pulser-results.v1", "outputDataUri": "https://mystorage.blob.core.windows.net/job-00000000-0000-0000-0000-000000000001/outputData?sv=PLACEHOLDER&sr=b&sig=PLACEHOLDER&se=2050-01-01T00%3A00%3A00Z&sp=r&rscd=attachment%3B%20filename%3Dqdk-python-test-00000000-0000-0000-0000-000000000001.output.json",
        "beginExecutionTime": null, "cancellationTime": null, "quantumComputingData":
        {"count": 1}, "errorData": null, "isCancelling": false, "tags": [], "name":
        "qdk-python-test", "id": "00000000-0000-0000-0000-000000000001", "providerId":
        "pasqal", "target": "pasqal.sim.emu-tn", "creationTime": "2024-04-30T09:50:27.1362152+00:00",
        "endExecutionTime": null, "costEstimate": null, "itemType": "Job"}'
    headers:
      connection:
      - keep-alive
      content-length:
      - '1326'
      content-type:
      - application/json; charset=utf-8
      transfer-encoding:
      - chunked
    status:
      code: 200
      message: OK
- request:
    body: null
    headers:
      Accept:
      - application/json
      Accept-Encoding:
      - gzip, deflate
      Connection:
      - keep-alive
      User-Agent:
      - azsdk-python-quantum/0.0.1 Python/3.9.19 (Windows-10-10.0.22631-SP0)
    method: GET
    uri: https://eastus.quantum.azure.com/subscriptions/00000000-0000-0000-0000-000000000000/resourceGroups/myresourcegroup/providers/Microsoft.Quantum/workspaces/myworkspace/jobs/00000000-0000-0000-0000-000000000001?api-version=2022-09-12-preview&test-sequence-id=2
  response:
    body:
      string: '{"containerUri": "https://mystorage.blob.core.windows.net/job-00000000-0000-0000-0000-000000000001?sv=PLACEHOLDER&sr=c&sig=PLACEHOLDER&se=2050-01-01T00%3A00%3A00Z&sp=rcwl",
        "inputDataUri": "https://mystorage.blob.core.windows.net/job-00000000-0000-0000-0000-000000000001/inputData?sv=PLACEHOLDER&sr=b&sig=PLACEHOLDER&se=2050-01-01T00%3A00%3A00Z&sp=r&rscd=attachment%3B%20filename%3Dqdk-python-test-00000000-0000-0000-0000-000000000001.input.json",
        "inputDataFormat": "pasqal.pulser.v1", "inputParams": {"count": 150}, "metadata":
        null, "sessionId": null, "status": "Waiting", "jobType": "QuantumComputing",
        "outputDataFormat": "pasqal.pulser-results.v1", "outputDataUri": "https://mystorage.blob.core.windows.net/job-00000000-0000-0000-0000-000000000001/outputData?sv=PLACEHOLDER&sr=b&sig=PLACEHOLDER&se=2050-01-01T00%3A00%3A00Z&sp=r&rscd=attachment%3B%20filename%3Dqdk-python-test-00000000-0000-0000-0000-000000000001.output.json",
        "beginExecutionTime": null, "cancellationTime": null, "quantumComputingData":
        {"count": 1}, "errorData": null, "isCancelling": false, "tags": [], "name":
        "qdk-python-test", "id": "00000000-0000-0000-0000-000000000001", "providerId":
        "pasqal", "target": "pasqal.sim.emu-tn", "creationTime": "2024-04-30T09:50:27.1362152+00:00",
        "endExecutionTime": null, "costEstimate": null, "itemType": "Job"}'
    headers:
      connection:
      - keep-alive
      content-length:
      - '1326'
      content-type:
      - application/json; charset=utf-8
      transfer-encoding:
      - chunked
    status:
      code: 200
      message: OK
- request:
    body: null
    headers:
      Accept:
      - application/json
      Accept-Encoding:
      - gzip, deflate
      Connection:
      - keep-alive
      User-Agent:
      - azsdk-python-quantum/0.0.1 Python/3.9.19 (Windows-10-10.0.22631-SP0)
    method: GET
    uri: https://eastus.quantum.azure.com/subscriptions/00000000-0000-0000-0000-000000000000/resourceGroups/myresourcegroup/providers/Microsoft.Quantum/workspaces/myworkspace/jobs/00000000-0000-0000-0000-000000000001?api-version=2022-09-12-preview&test-sequence-id=3
  response:
    body:
      string: '{"containerUri": "https://mystorage.blob.core.windows.net/job-00000000-0000-0000-0000-000000000001?sv=PLACEHOLDER&sr=c&sig=PLACEHOLDER&se=2050-01-01T00%3A00%3A00Z&sp=rcwl",
        "inputDataUri": "https://mystorage.blob.core.windows.net/job-00000000-0000-0000-0000-000000000001/inputData?sv=PLACEHOLDER&sr=b&sig=PLACEHOLDER&se=2050-01-01T00%3A00%3A00Z&sp=r&rscd=attachment%3B%20filename%3Dqdk-python-test-00000000-0000-0000-0000-000000000001.input.json",
        "inputDataFormat": "pasqal.pulser.v1", "inputParams": {"count": 150}, "metadata":
        null, "sessionId": null, "status": "Waiting", "jobType": "QuantumComputing",
        "outputDataFormat": "pasqal.pulser-results.v1", "outputDataUri": "https://mystorage.blob.core.windows.net/job-00000000-0000-0000-0000-000000000001/outputData?sv=PLACEHOLDER&sr=b&sig=PLACEHOLDER&se=2050-01-01T00%3A00%3A00Z&sp=r&rscd=attachment%3B%20filename%3Dqdk-python-test-00000000-0000-0000-0000-000000000001.output.json",
        "beginExecutionTime": null, "cancellationTime": null, "quantumComputingData":
        {"count": 1}, "errorData": null, "isCancelling": false, "tags": [], "name":
        "qdk-python-test", "id": "00000000-0000-0000-0000-000000000001", "providerId":
        "pasqal", "target": "pasqal.sim.emu-tn", "creationTime": "2024-04-30T09:50:27.1362152+00:00",
        "endExecutionTime": null, "costEstimate": null, "itemType": "Job"}'
    headers:
      connection:
      - keep-alive
      content-length:
      - '1326'
      content-type:
      - application/json; charset=utf-8
      transfer-encoding:
      - chunked
    status:
      code: 200
      message: OK
- request:
    body: null
    headers:
      Accept:
      - application/json
      Accept-Encoding:
      - gzip, deflate
      Connection:
      - keep-alive
      User-Agent:
      - azsdk-python-quantum/0.0.1 Python/3.9.19 (Windows-10-10.0.22631-SP0)
    method: GET
    uri: https://eastus.quantum.azure.com/subscriptions/00000000-0000-0000-0000-000000000000/resourceGroups/myresourcegroup/providers/Microsoft.Quantum/workspaces/myworkspace/jobs/00000000-0000-0000-0000-000000000001?api-version=2022-09-12-preview&test-sequence-id=4
  response:
    body:
      string: '{"containerUri": "https://mystorage.blob.core.windows.net/job-00000000-0000-0000-0000-000000000001?sv=PLACEHOLDER&sr=c&sig=PLACEHOLDER&se=2050-01-01T00%3A00%3A00Z&sp=rcwl",
        "inputDataUri": "https://mystorage.blob.core.windows.net/job-00000000-0000-0000-0000-000000000001/inputData?sv=PLACEHOLDER&sr=b&sig=PLACEHOLDER&se=2050-01-01T00%3A00%3A00Z&sp=r&rscd=attachment%3B%20filename%3Dqdk-python-test-00000000-0000-0000-0000-000000000001.input.json",
        "inputDataFormat": "pasqal.pulser.v1", "inputParams": {"count": 150}, "metadata":
        null, "sessionId": null, "status": "Waiting", "jobType": "QuantumComputing",
        "outputDataFormat": "pasqal.pulser-results.v1", "outputDataUri": "https://mystorage.blob.core.windows.net/job-00000000-0000-0000-0000-000000000001/outputData?sv=PLACEHOLDER&sr=b&sig=PLACEHOLDER&se=2050-01-01T00%3A00%3A00Z&sp=r&rscd=attachment%3B%20filename%3Dqdk-python-test-00000000-0000-0000-0000-000000000001.output.json",
        "beginExecutionTime": null, "cancellationTime": null, "quantumComputingData":
        {"count": 1}, "errorData": null, "isCancelling": false, "tags": [], "name":
        "qdk-python-test", "id": "00000000-0000-0000-0000-000000000001", "providerId":
        "pasqal", "target": "pasqal.sim.emu-tn", "creationTime": "2024-04-30T09:50:27.1362152+00:00",
        "endExecutionTime": null, "costEstimate": null, "itemType": "Job"}'
    headers:
      connection:
      - keep-alive
      content-length:
      - '1326'
      content-type:
      - application/json; charset=utf-8
      transfer-encoding:
      - chunked
    status:
      code: 200
      message: OK
- request:
    body: null
    headers:
      Accept:
      - application/json
      Accept-Encoding:
      - gzip, deflate
      Connection:
      - keep-alive
      User-Agent:
      - azsdk-python-quantum/0.0.1 Python/3.9.19 (Windows-10-10.0.22631-SP0)
    method: GET
    uri: https://eastus.quantum.azure.com/subscriptions/00000000-0000-0000-0000-000000000000/resourceGroups/myresourcegroup/providers/Microsoft.Quantum/workspaces/myworkspace/jobs/00000000-0000-0000-0000-000000000001?api-version=2022-09-12-preview&test-sequence-id=5
  response:
    body:
      string: '{"containerUri": "https://mystorage.blob.core.windows.net/job-00000000-0000-0000-0000-000000000001?sv=PLACEHOLDER&sr=c&sig=PLACEHOLDER&se=2050-01-01T00%3A00%3A00Z&sp=rcwl",
        "inputDataUri": "https://mystorage.blob.core.windows.net/job-00000000-0000-0000-0000-000000000001/inputData?sv=PLACEHOLDER&sr=b&sig=PLACEHOLDER&se=2050-01-01T00%3A00%3A00Z&sp=r&rscd=attachment%3B%20filename%3Dqdk-python-test-00000000-0000-0000-0000-000000000001.input.json",
        "inputDataFormat": "pasqal.pulser.v1", "inputParams": {"count": 150}, "metadata":
        null, "sessionId": null, "status": "Waiting", "jobType": "QuantumComputing",
        "outputDataFormat": "pasqal.pulser-results.v1", "outputDataUri": "https://mystorage.blob.core.windows.net/job-00000000-0000-0000-0000-000000000001/outputData?sv=PLACEHOLDER&sr=b&sig=PLACEHOLDER&se=2050-01-01T00%3A00%3A00Z&sp=r&rscd=attachment%3B%20filename%3Dqdk-python-test-00000000-0000-0000-0000-000000000001.output.json",
        "beginExecutionTime": null, "cancellationTime": null, "quantumComputingData":
        {"count": 1}, "errorData": null, "isCancelling": false, "tags": [], "name":
        "qdk-python-test", "id": "00000000-0000-0000-0000-000000000001", "providerId":
        "pasqal", "target": "pasqal.sim.emu-tn", "creationTime": "2024-04-30T09:50:27.1362152+00:00",
        "endExecutionTime": null, "costEstimate": null, "itemType": "Job"}'
    headers:
      connection:
      - keep-alive
      content-length:
      - '1326'
      content-type:
      - application/json; charset=utf-8
      transfer-encoding:
      - chunked
    status:
      code: 200
      message: OK
- request:
    body: null
    headers:
      Accept:
      - application/json
      Accept-Encoding:
      - gzip, deflate
      Connection:
      - keep-alive
      User-Agent:
      - azsdk-python-quantum/0.0.1 Python/3.9.19 (Windows-10-10.0.22631-SP0)
    method: GET
    uri: https://eastus.quantum.azure.com/subscriptions/00000000-0000-0000-0000-000000000000/resourceGroups/myresourcegroup/providers/Microsoft.Quantum/workspaces/myworkspace/jobs/00000000-0000-0000-0000-000000000001?api-version=2022-09-12-preview&test-sequence-id=6
  response:
    body:
      string: '{"containerUri": "https://mystorage.blob.core.windows.net/job-00000000-0000-0000-0000-000000000001?sv=PLACEHOLDER&sr=c&sig=PLACEHOLDER&se=2050-01-01T00%3A00%3A00Z&sp=rcwl",
        "inputDataUri": "https://mystorage.blob.core.windows.net/job-00000000-0000-0000-0000-000000000001/inputData?sv=PLACEHOLDER&sr=b&sig=PLACEHOLDER&se=2050-01-01T00%3A00%3A00Z&sp=r&rscd=attachment%3B%20filename%3Dqdk-python-test-00000000-0000-0000-0000-000000000001.input.json",
        "inputDataFormat": "pasqal.pulser.v1", "inputParams": {"count": 150}, "metadata":
        null, "sessionId": null, "status": "Waiting", "jobType": "QuantumComputing",
        "outputDataFormat": "pasqal.pulser-results.v1", "outputDataUri": "https://mystorage.blob.core.windows.net/job-00000000-0000-0000-0000-000000000001/outputData?sv=PLACEHOLDER&sr=b&sig=PLACEHOLDER&se=2050-01-01T00%3A00%3A00Z&sp=r&rscd=attachment%3B%20filename%3Dqdk-python-test-00000000-0000-0000-0000-000000000001.output.json",
        "beginExecutionTime": null, "cancellationTime": null, "quantumComputingData":
        {"count": 1}, "errorData": null, "isCancelling": false, "tags": [], "name":
        "qdk-python-test", "id": "00000000-0000-0000-0000-000000000001", "providerId":
        "pasqal", "target": "pasqal.sim.emu-tn", "creationTime": "2024-04-30T09:50:27.1362152+00:00",
        "endExecutionTime": null, "costEstimate": null, "itemType": "Job"}'
    headers:
      connection:
      - keep-alive
      content-length:
      - '1326'
      content-type:
      - application/json; charset=utf-8
      transfer-encoding:
      - chunked
    status:
      code: 200
      message: OK
- request:
    body: null
    headers:
      Accept:
      - application/json
      Accept-Encoding:
      - gzip, deflate
      Connection:
      - keep-alive
      User-Agent:
      - azsdk-python-quantum/0.0.1 Python/3.9.19 (Windows-10-10.0.22631-SP0)
    method: GET
    uri: https://eastus.quantum.azure.com/subscriptions/00000000-0000-0000-0000-000000000000/resourceGroups/myresourcegroup/providers/Microsoft.Quantum/workspaces/myworkspace/jobs/00000000-0000-0000-0000-000000000001?api-version=2022-09-12-preview&test-sequence-id=7
  response:
    body:
      string: '{"containerUri": "https://mystorage.blob.core.windows.net/job-00000000-0000-0000-0000-000000000001?sv=PLACEHOLDER&sr=c&sig=PLACEHOLDER&se=2050-01-01T00%3A00%3A00Z&sp=rcwl",
        "inputDataUri": "https://mystorage.blob.core.windows.net/job-00000000-0000-0000-0000-000000000001/inputData?sv=PLACEHOLDER&sr=b&sig=PLACEHOLDER&se=2050-01-01T00%3A00%3A00Z&sp=r&rscd=attachment%3B%20filename%3Dqdk-python-test-00000000-0000-0000-0000-000000000001.input.json",
        "inputDataFormat": "pasqal.pulser.v1", "inputParams": {"count": 150}, "metadata":
        null, "sessionId": null, "status": "Waiting", "jobType": "QuantumComputing",
        "outputDataFormat": "pasqal.pulser-results.v1", "outputDataUri": "https://mystorage.blob.core.windows.net/job-00000000-0000-0000-0000-000000000001/outputData?sv=PLACEHOLDER&sr=b&sig=PLACEHOLDER&se=2050-01-01T00%3A00%3A00Z&sp=r&rscd=attachment%3B%20filename%3Dqdk-python-test-00000000-0000-0000-0000-000000000001.output.json",
        "beginExecutionTime": null, "cancellationTime": null, "quantumComputingData":
        {"count": 1}, "errorData": null, "isCancelling": false, "tags": [], "name":
        "qdk-python-test", "id": "00000000-0000-0000-0000-000000000001", "providerId":
        "pasqal", "target": "pasqal.sim.emu-tn", "creationTime": "2024-04-30T09:50:27.1362152+00:00",
        "endExecutionTime": null, "costEstimate": null, "itemType": "Job"}'
    headers:
      connection:
      - keep-alive
      content-length:
      - '1326'
      content-type:
      - application/json; charset=utf-8
      transfer-encoding:
      - chunked
    status:
      code: 200
      message: OK
- request:
    body: null
    headers:
      Accept:
      - application/json
      Accept-Encoding:
      - gzip, deflate
      Connection:
      - keep-alive
      User-Agent:
      - azsdk-python-quantum/0.0.1 Python/3.9.19 (Windows-10-10.0.22631-SP0)
    method: GET
    uri: https://eastus.quantum.azure.com/subscriptions/00000000-0000-0000-0000-000000000000/resourceGroups/myresourcegroup/providers/Microsoft.Quantum/workspaces/myworkspace/jobs/00000000-0000-0000-0000-000000000001?api-version=2022-09-12-preview&test-sequence-id=8
  response:
    body:
      string: '{"containerUri": "https://mystorage.blob.core.windows.net/job-00000000-0000-0000-0000-000000000001?sv=PLACEHOLDER&sr=c&sig=PLACEHOLDER&se=2050-01-01T00%3A00%3A00Z&sp=rcwl",
        "inputDataUri": "https://mystorage.blob.core.windows.net/job-00000000-0000-0000-0000-000000000001/inputData?sv=PLACEHOLDER&sr=b&sig=PLACEHOLDER&se=2050-01-01T00%3A00%3A00Z&sp=r&rscd=attachment%3B%20filename%3Dqdk-python-test-00000000-0000-0000-0000-000000000001.input.json",
        "inputDataFormat": "pasqal.pulser.v1", "inputParams": {"count": 150}, "metadata":
        null, "sessionId": null, "status": "Executing", "jobType": "QuantumComputing",
        "outputDataFormat": "pasqal.pulser-results.v1", "outputDataUri": "https://mystorage.blob.core.windows.net/job-00000000-0000-0000-0000-000000000001/outputData?sv=PLACEHOLDER&sr=b&sig=PLACEHOLDER&se=2050-01-01T00%3A00%3A00Z&sp=r&rscd=attachment%3B%20filename%3Dqdk-python-test-00000000-0000-0000-0000-000000000001.output.json",
        "beginExecutionTime": "2024-04-30T09:50:31.943856+00:00", "cancellationTime":
        null, "quantumComputingData": {"count": 1}, "errorData": null, "isCancelling":
        false, "tags": [], "name": "qdk-python-test", "id": "00000000-0000-0000-0000-000000000001",
        "providerId": "pasqal", "target": "pasqal.sim.emu-tn", "creationTime": "2024-04-30T09:50:27.1362152+00:00",
        "endExecutionTime": null, "costEstimate": null, "itemType": "Job"}'
    headers:
      connection:
      - keep-alive
      content-length:
      - '1358'
      content-type:
      - application/json; charset=utf-8
      transfer-encoding:
      - chunked
    status:
      code: 200
      message: OK
- request:
    body: null
    headers:
      Accept:
      - application/json
      Accept-Encoding:
      - gzip, deflate
      Connection:
      - keep-alive
      User-Agent:
      - azsdk-python-quantum/0.0.1 Python/3.9.19 (Windows-10-10.0.22631-SP0)
    method: GET
    uri: https://eastus.quantum.azure.com/subscriptions/00000000-0000-0000-0000-000000000000/resourceGroups/myresourcegroup/providers/Microsoft.Quantum/workspaces/myworkspace/jobs/00000000-0000-0000-0000-000000000001?api-version=2022-09-12-preview&test-sequence-id=9
  response:
    body:
      string: '{"containerUri": "https://mystorage.blob.core.windows.net/job-00000000-0000-0000-0000-000000000001?sv=PLACEHOLDER&sr=c&sig=PLACEHOLDER&se=2050-01-01T00%3A00%3A00Z&sp=rcwl",
        "inputDataUri": "https://mystorage.blob.core.windows.net/job-00000000-0000-0000-0000-000000000001/inputData?sv=PLACEHOLDER&sr=b&sig=PLACEHOLDER&se=2050-01-01T00%3A00%3A00Z&sp=r&rscd=attachment%3B%20filename%3Dqdk-python-test-00000000-0000-0000-0000-000000000001.input.json",
        "inputDataFormat": "pasqal.pulser.v1", "inputParams": {"count": 150}, "metadata":
        null, "sessionId": null, "status": "Executing", "jobType": "QuantumComputing",
        "outputDataFormat": "pasqal.pulser-results.v1", "outputDataUri": "https://mystorage.blob.core.windows.net/job-00000000-0000-0000-0000-000000000001/outputData?sv=PLACEHOLDER&sr=b&sig=PLACEHOLDER&se=2050-01-01T00%3A00%3A00Z&sp=r&rscd=attachment%3B%20filename%3Dqdk-python-test-00000000-0000-0000-0000-000000000001.output.json",
        "beginExecutionTime": "2024-04-30T09:50:31.943856+00:00", "cancellationTime":
        null, "quantumComputingData": {"count": 1}, "errorData": null, "isCancelling":
        false, "tags": [], "name": "qdk-python-test", "id": "00000000-0000-0000-0000-000000000001",
        "providerId": "pasqal", "target": "pasqal.sim.emu-tn", "creationTime": "2024-04-30T09:50:27.1362152+00:00",
        "endExecutionTime": null, "costEstimate": null, "itemType": "Job"}'
    headers:
      connection:
      - keep-alive
      content-length:
      - '1358'
      content-type:
      - application/json; charset=utf-8
      transfer-encoding:
      - chunked
    status:
      code: 200
      message: OK
- request:
    body: null
    headers:
      Accept:
      - application/json
      Accept-Encoding:
      - gzip, deflate
      Connection:
      - keep-alive
      User-Agent:
      - azsdk-python-quantum/0.0.1 Python/3.9.19 (Windows-10-10.0.22631-SP0)
    method: GET
    uri: https://eastus.quantum.azure.com/subscriptions/00000000-0000-0000-0000-000000000000/resourceGroups/myresourcegroup/providers/Microsoft.Quantum/workspaces/myworkspace/jobs/00000000-0000-0000-0000-000000000001?api-version=2022-09-12-preview&test-sequence-id=10
  response:
    body:
      string: '{"containerUri": "https://mystorage.blob.core.windows.net/job-00000000-0000-0000-0000-000000000001?sv=PLACEHOLDER&sr=c&sig=PLACEHOLDER&se=2050-01-01T00%3A00%3A00Z&sp=rcwl",
        "inputDataUri": "https://mystorage.blob.core.windows.net/job-00000000-0000-0000-0000-000000000001/inputData?sv=PLACEHOLDER&sr=b&sig=PLACEHOLDER&se=2050-01-01T00%3A00%3A00Z&sp=r&rscd=attachment%3B%20filename%3Dqdk-python-test-00000000-0000-0000-0000-000000000001.input.json",
        "inputDataFormat": "pasqal.pulser.v1", "inputParams": {"count": 150}, "metadata":
        null, "sessionId": null, "status": "Executing", "jobType": "QuantumComputing",
        "outputDataFormat": "pasqal.pulser-results.v1", "outputDataUri": "https://mystorage.blob.core.windows.net/job-00000000-0000-0000-0000-000000000001/outputData?sv=PLACEHOLDER&sr=b&sig=PLACEHOLDER&se=2050-01-01T00%3A00%3A00Z&sp=r&rscd=attachment%3B%20filename%3Dqdk-python-test-00000000-0000-0000-0000-000000000001.output.json",
        "beginExecutionTime": "2024-04-30T09:50:31.943856+00:00", "cancellationTime":
        null, "quantumComputingData": {"count": 1}, "errorData": null, "isCancelling":
        false, "tags": [], "name": "qdk-python-test", "id": "00000000-0000-0000-0000-000000000001",
        "providerId": "pasqal", "target": "pasqal.sim.emu-tn", "creationTime": "2024-04-30T09:50:27.1362152+00:00",
        "endExecutionTime": "2024-04-30T09:50:42.583899+00:00", "costEstimate": null,
        "itemType": "Job"}'
    headers:
      connection:
      - keep-alive
      content-length:
      - '1388'
      content-type:
      - application/json; charset=utf-8
      transfer-encoding:
      - chunked
    status:
      code: 200
      message: OK
- request:
    body: null
    headers:
      Accept:
      - application/json
      Accept-Encoding:
      - gzip, deflate
      Connection:
      - keep-alive
      User-Agent:
      - azsdk-python-quantum/0.0.1 Python/3.9.19 (Windows-10-10.0.22631-SP0)
    method: GET
    uri: https://eastus.quantum.azure.com/subscriptions/00000000-0000-0000-0000-000000000000/resourceGroups/myresourcegroup/providers/Microsoft.Quantum/workspaces/myworkspace/jobs/00000000-0000-0000-0000-000000000001?api-version=2022-09-12-preview&test-sequence-id=11
  response:
    body:
      string: '{"containerUri": "https://mystorage.blob.core.windows.net/job-00000000-0000-0000-0000-000000000001?sv=PLACEHOLDER&sr=c&sig=PLACEHOLDER&se=2050-01-01T00%3A00%3A00Z&sp=rcwl",
        "inputDataUri": "https://mystorage.blob.core.windows.net/job-00000000-0000-0000-0000-000000000001/inputData?sv=PLACEHOLDER&sr=b&sig=PLACEHOLDER&se=2050-01-01T00%3A00%3A00Z&sp=r&rscd=attachment%3B%20filename%3Dqdk-python-test-00000000-0000-0000-0000-000000000001.input.json",
        "inputDataFormat": "pasqal.pulser.v1", "inputParams": {"count": 150}, "metadata":
        null, "sessionId": null, "status": "Succeeded", "jobType": "QuantumComputing",
        "outputDataFormat": "pasqal.pulser-results.v1", "outputDataUri": "https://mystorage.blob.core.windows.net/job-00000000-0000-0000-0000-000000000001/rawOutputData?sv=PLACEHOLDER&sr=b&sig=PLACEHOLDER&se=2050-01-01T00%3A00%3A00Z&sp=r&rscd=attachment%3B%20filename%3Dqdk-python-test-00000000-0000-0000-0000-000000000001.output.json",
        "beginExecutionTime": "2024-04-30T09:50:31.943856+00:00", "cancellationTime":
        null, "quantumComputingData": {"count": 1}, "errorData": null, "isCancelling":
        false, "tags": [], "name": "qdk-python-test", "id": "00000000-0000-0000-0000-000000000001",
        "providerId": "pasqal", "target": "pasqal.sim.emu-tn", "creationTime": "2024-04-30T09:50:27.1362152+00:00",
        "endExecutionTime": "2024-04-30T09:50:42.583899+00:00", "costEstimate": {"currencyCode":
        "USD", "events": [{"dimensionId": "compute-time-emu", "dimensionName": "Compute
        Time on HPC-based Emulators", "measureUnit": "per hour", "amountBilled": 0.003,
        "amountConsumed": 0.003, "unitPrice": 0.0}, {"dimensionId": "compute-time-qpu",
        "dimensionName": "Compute Time on QPU", "measureUnit": "per hour", "amountBilled":
        0.0, "amountConsumed": 0.0, "unitPrice": 0.0}], "estimatedTotal": 0.0}, "itemType":
        "Job"}'
    headers:
      connection:
      - keep-alive
      content-length:
      - '1797'
      content-type:
      - application/json; charset=utf-8
      transfer-encoding:
      - chunked
    status:
      code: 200
      message: OK
- request:
    body: null
    headers:
      Accept:
      - application/json
      Accept-Encoding:
      - gzip, deflate
      Connection:
      - keep-alive
      User-Agent:
      - azsdk-python-quantum/0.0.1 Python/3.9.19 (Windows-10-10.0.22631-SP0)
    method: GET
    uri: https://eastus.quantum.azure.com/subscriptions/00000000-0000-0000-0000-000000000000/resourceGroups/myresourcegroup/providers/Microsoft.Quantum/workspaces/myworkspace/jobs/00000000-0000-0000-0000-000000000001?api-version=2022-09-12-preview&test-sequence-id=12
  response:
    body:
      string: '{"containerUri": "https://mystorage.blob.core.windows.net/job-00000000-0000-0000-0000-000000000001?sv=PLACEHOLDER&sr=c&sig=PLACEHOLDER&se=2050-01-01T00%3A00%3A00Z&sp=rcwl",
        "inputDataUri": "https://mystorage.blob.core.windows.net/job-00000000-0000-0000-0000-000000000001/inputData?sv=PLACEHOLDER&sr=b&sig=PLACEHOLDER&se=2050-01-01T00%3A00%3A00Z&sp=r&rscd=attachment%3B%20filename%3Dqdk-python-test-00000000-0000-0000-0000-000000000001.input.json",
        "inputDataFormat": "pasqal.pulser.v1", "inputParams": {"count": 150}, "metadata":
        null, "sessionId": null, "status": "Succeeded", "jobType": "QuantumComputing",
        "outputDataFormat": "pasqal.pulser-results.v1", "outputDataUri": "https://mystorage.blob.core.windows.net/job-00000000-0000-0000-0000-000000000001/rawOutputData?sv=PLACEHOLDER&sr=b&sig=PLACEHOLDER&se=2050-01-01T00%3A00%3A00Z&sp=r&rscd=attachment%3B%20filename%3Dqdk-python-test-00000000-0000-0000-0000-000000000001.output.json",
        "beginExecutionTime": "2024-04-30T09:50:31.943856+00:00", "cancellationTime":
        null, "quantumComputingData": {"count": 1}, "errorData": null, "isCancelling":
        false, "tags": [], "name": "qdk-python-test", "id": "00000000-0000-0000-0000-000000000001",
        "providerId": "pasqal", "target": "pasqal.sim.emu-tn", "creationTime": "2024-04-30T09:50:27.1362152+00:00",
        "endExecutionTime": "2024-04-30T09:50:42.583899+00:00", "costEstimate": {"currencyCode":
        "USD", "events": [{"dimensionId": "compute-time-emu", "dimensionName": "Compute
        Time on HPC-based Emulators", "measureUnit": "per hour", "amountBilled": 0.003,
        "amountConsumed": 0.003, "unitPrice": 0.0}, {"dimensionId": "compute-time-qpu",
        "dimensionName": "Compute Time on QPU", "measureUnit": "per hour", "amountBilled":
        0.0, "amountConsumed": 0.0, "unitPrice": 0.0}], "estimatedTotal": 0.0}, "itemType":
        "Job"}'
    headers:
      connection:
      - keep-alive
      content-length:
      - '1797'
      content-type:
      - application/json; charset=utf-8
      transfer-encoding:
      - chunked
    status:
      code: 200
      message: OK
- request:
    body: null
    headers:
      Accept:
      - application/json
      Accept-Encoding:
      - gzip, deflate
      Connection:
      - keep-alive
      User-Agent:
      - azsdk-python-quantum/0.0.1 Python/3.9.19 (Windows-10-10.0.22631-SP0)
    method: GET
    uri: https://eastus.quantum.azure.com/subscriptions/00000000-0000-0000-0000-000000000000/resourceGroups/myresourcegroup/providers/Microsoft.Quantum/workspaces/myworkspace/jobs/00000000-0000-0000-0000-000000000001?api-version=2022-09-12-preview&test-sequence-id=13
  response:
    body:
      string: '{"containerUri": "https://mystorage.blob.core.windows.net/job-00000000-0000-0000-0000-000000000001?sv=PLACEHOLDER&sr=c&sig=PLACEHOLDER&se=2050-01-01T00%3A00%3A00Z&sp=rcwl",
        "inputDataUri": "https://mystorage.blob.core.windows.net/job-00000000-0000-0000-0000-000000000001/inputData?sv=PLACEHOLDER&sr=b&sig=PLACEHOLDER&se=2050-01-01T00%3A00%3A00Z&sp=r&rscd=attachment%3B%20filename%3Dqdk-python-test-00000000-0000-0000-0000-000000000001.input.json",
        "inputDataFormat": "pasqal.pulser.v1", "inputParams": {"count": 150}, "metadata":
        null, "sessionId": null, "status": "Succeeded", "jobType": "QuantumComputing",
        "outputDataFormat": "pasqal.pulser-results.v1", "outputDataUri": "https://mystorage.blob.core.windows.net/job-00000000-0000-0000-0000-000000000001/rawOutputData?sv=PLACEHOLDER&sr=b&sig=PLACEHOLDER&se=2050-01-01T00%3A00%3A00Z&sp=r&rscd=attachment%3B%20filename%3Dqdk-python-test-00000000-0000-0000-0000-000000000001.output.json",
        "beginExecutionTime": "2024-04-30T09:50:31.943856+00:00", "cancellationTime":
        null, "quantumComputingData": {"count": 1}, "errorData": null, "isCancelling":
        false, "tags": [], "name": "qdk-python-test", "id": "00000000-0000-0000-0000-000000000001",
        "providerId": "pasqal", "target": "pasqal.sim.emu-tn", "creationTime": "2024-04-30T09:50:27.1362152+00:00",
        "endExecutionTime": "2024-04-30T09:50:42.583899+00:00", "costEstimate": {"currencyCode":
        "USD", "events": [{"dimensionId": "compute-time-emu", "dimensionName": "Compute
        Time on HPC-based Emulators", "measureUnit": "per hour", "amountBilled": 0.003,
        "amountConsumed": 0.003, "unitPrice": 0.0}, {"dimensionId": "compute-time-qpu",
        "dimensionName": "Compute Time on QPU", "measureUnit": "per hour", "amountBilled":
        0.0, "amountConsumed": 0.0, "unitPrice": 0.0}], "estimatedTotal": 0.0}, "itemType":
        "Job"}'
    headers:
      connection:
      - keep-alive
      content-length:
      - '1797'
      content-type:
      - application/json; charset=utf-8
      transfer-encoding:
      - chunked
    status:
      code: 200
      message: OK
- request:
    body: null
    headers:
      Accept:
      - application/xml
      Accept-Encoding:
      - gzip, deflate
      Connection:
      - keep-alive
      User-Agent:
      - azsdk-python-storage-blob/12.19.1 Python/3.9.19 (Windows-10-10.0.22631-SP0)
      x-ms-date:
      - Tue, 30 Apr 2024 09:50:51 GMT
      x-ms-range:
      - bytes=0-33554431
      x-ms-version:
      - '2023-11-03'
    method: GET
    uri: https://mystorage.blob.core.windows.net/job-00000000-0000-0000-0000-000000000001/rawOutputData?sv=PLACEHOLDER&sr=b&sig=PLACEHOLDER&se=2050-01-01T00%3A00%3A00Z&sp=r&rscd=attachment%3B%20filename%3Dqdk-python-test-00000000-0000-0000-0000-000000000001.output.json
  response:
    body:
      string: '{"001010": 13, "000000": 12, "001011": 11, "000100": 10, "100010":
        10, "010000": 7, "100001": 7, "010001": 7, "100000": 7, "001000": 6, "010100":
        5, "100011": 5, "001001": 5, "000001": 4, "011100": 3, "100100": 3, "000110":
        3, "110010": 3, "111010": 2, "110011": 2, "010011": 2, "110001": 2, "111001":
        2, "001111": 2, "000010": 2, "001100": 2, "001110": 2, "111100": 1, "101000":
        1, "110000": 1, "011011": 1, "101101": 1, "010110": 1, "010101": 1, "011111":
        1, "111000": 1, "110111": 1, "010010": 1}'
    headers:
      accept-ranges:
      - bytes
      content-length:
      - '499'
      content-range:
      - bytes 0-498/499
      content-type:
      - application/json
      x-ms-blob-content-md5:
      - cy2/AoVzjGE8cLz89/frgQ==
      x-ms-blob-type:
      - BlockBlob
      x-ms-creation-time:
      - Tue, 30 Apr 2024 09:50:27 GMT
      x-ms-lease-state:
      - available
      x-ms-lease-status:
      - unlocked
      x-ms-server-encrypted:
      - 'true'
      x-ms-version:
      - '2023-11-03'
    status:
      code: 206
      message: Partial Content
version: 1
