interactions:
- request:
    body: '{''client_id'': ''00000000-0000-0000-0000-000000000000'', ''client_secret'':
      ''PLACEHOLDER'', ''grant_type'': ''client_credentials'', ''scope'': ''https://quantum.microsoft.com/.default''}'
    headers:
      Content-Type:
      - application/x-www-form-urlencoded
      User-Agent:
      - azsdk-python-identity/1.10.0 Python/3.9.13 (Windows-10-10.0.22000-SP0)
    method: POST
    uri: https://login.microsoftonline.com/00000000-0000-0000-0000-000000000000/oauth2/v2.0/token
  response:
    body:
      string: '{"token_type": "Bearer", "expires_in": 86399, "ext_expires_in": 86399,
        "access_token": "fake_token"}'
    headers:
      content-length:
      - '1722'
      content-type:
      - application/json; charset=utf-8
    status:
      code: 200
      message: OK
    url: https://login.microsoftonline.com/00000000-0000-0000-0000-000000000000/oauth2/v2.0/token
- request:
    body: 'b''{"containerName": "job-00000000-0000-0000-0000-000000000000"}'''
    headers:
      Accept:
      - application/json
      Content-Length:
      - '61'
      Content-Type:
      - application/json
      User-Agent:
      - async-testapp azsdk-python-quantum/0.0.0.1 Python/3.9.13 (Windows-10-10.0.22000-SP0)
    method: POST
    uri: https://eastus.quantum.azure.com/v1.0/subscriptions/00000000-0000-0000-0000-000000000000/resourceGroups/myresourcegroup/providers/Microsoft.Quantum/workspaces/myworkspace/storage/sasUri
  response:
    body:
      string: '{"sasUri": "https://mystorage.blob.core.windows.net/job-00000000-0000-0000-0000-000000000000?sv=PLACEHOLDER&sig=PLACEHOLDER&se=PLACEHOLDER&srt=co&ss=b&sp=racw",
        "access_token": "fake_token"}'
    headers:
      content-length:
      - '159'
      content-type:
      - application/json; charset=utf-8
      transfer-encoding:
      - chunked
    status:
      code: 200
      message: OK
    url: https://eastus.quantum.azure.com/v1.0/subscriptions/00000000-0000-0000-0000-000000000000/resourceGroups/myresourcegroup/providers/Microsoft.Quantum/workspaces/myworkspace/storage/sasUri
- request:
    body: null
    headers:
      Accept:
      - application/xml
      User-Agent:
      - azsdk-python-storage-blob/12.11.0 Python/3.9.13 (Windows-10-10.0.22000-SP0)
      x-ms-date:
      - Wed, 14 Sep 2022 19:16:48 GMT
      x-ms-version:
      - '2021-04-10'
    method: GET
    uri: https://mystorage.blob.core.windows.net/job-00000000-0000-0000-0000-000000000000?restype=container&sv=PLACEHOLDER&sig=PLACEHOLDER&se=PLACEHOLDER&srt=co&ss=b&sp=racw
  response:
    body:
      string: "\uFEFF<?xml version=\"1.0\" encoding=\"utf-8\"?><Error><Code>ContainerNotFound</Code><Message>The
        specified container does not exist.\nRequestId:b304b5ae-d01e-0043-5e6e-c8542b000000\nTime:2022-09-14T19:16:48.5901941Z</Message></Error>"
    headers:
      content-length:
      - '223'
      content-type:
      - application/xml
      x-ms-version:
      - '2021-04-10'
    status:
      code: 404
      message: The specified container does not exist.
    url: https://mystorage.blob.core.windows.net/job-00000000-0000-0000-0000-000000000000?restype=container&sv=PLACEHOLDER&sig=PLACEHOLDER&se=PLACEHOLDER&srt=co&ss=b&sp=racw
- request:
    body: null
    headers:
      Accept:
      - application/xml
      User-Agent:
      - azsdk-python-storage-blob/12.11.0 Python/3.9.13 (Windows-10-10.0.22000-SP0)
      x-ms-date:
      - Wed, 14 Sep 2022 19:16:48 GMT
      x-ms-version:
      - '2021-04-10'
    method: PUT
    uri: https://mystorage.blob.core.windows.net/job-00000000-0000-0000-0000-000000000000?restype=container&sv=PLACEHOLDER&sig=PLACEHOLDER&se=PLACEHOLDER&srt=co&ss=b&sp=racw
  response:
    body:
      string: ''
    headers:
      content-length:
      - '0'
      x-ms-version:
      - '2021-04-10'
    status:
      code: 201
      message: Created
    url: https://mystorage.blob.core.windows.net/job-00000000-0000-0000-0000-000000000000?restype=container&sv=PLACEHOLDER&sig=PLACEHOLDER&se=PLACEHOLDER&srt=co&ss=b&sp=racw
- request:
    body: null
    headers:
      Accept:
      - application/xml
      User-Agent:
      - azsdk-python-storage-blob/12.11.0 Python/3.9.13 (Windows-10-10.0.22000-SP0)
      x-ms-date:
      - Wed, 14 Sep 2022 19:16:48 GMT
      x-ms-version:
      - '2021-04-10'
    method: GET
    uri: https://mystorage.blob.core.windows.net/job-00000000-0000-0000-0000-000000000000?restype=container&sv=PLACEHOLDER&sig=PLACEHOLDER&se=PLACEHOLDER&srt=co&ss=b&sp=racw
  response:
    body:
      string: ''
    headers:
      content-length:
      - '0'
      x-ms-lease-state:
      - available
      x-ms-lease-status:
      - unlocked
      x-ms-version:
      - '2021-04-10'
    status:
      code: 200
      message: OK
    url: https://mystorage.blob.core.windows.net/job-00000000-0000-0000-0000-000000000000?restype=container&sv=PLACEHOLDER&sig=PLACEHOLDER&se=PLACEHOLDER&srt=co&ss=b&sp=racw
- request:
    body: b'\x1f\x8b\x08\x00\x9f("c\x02\xffU\xccA\x0e\x83 \x10\x05\xd0\xab\x90YK\x03\xa3mc\xcf\xe1\xae\x92\x06\x91&.P#\xd0\xa4!\xdc\xbd\x04\x17\x94\x15\xc3\x7f\xf3\'\x80\xd1N\xce\xd2Ix\x90\x00\xab4:\r0h\xeb\xe8
      \'OG@\x86\xc8z\xdeQ\x8e\xfc\xd6\xddG\x80\xd8\x10P\x9bu\xaf\xb7_\x95[\xb65w?\xfa\xb0\xe7\x0c\xfc\xc2
      \xed\xb8\xef\x9e\xaf\xed~\xda\xf2_\x1f\xc6\xa6\xe0\x19@\xa5\x87\xb6)[\xe6\x9c\xf0\x860\x91\xee\x9er-\x80\x15\xf4\x15\xf0\x02X\xa0\xad\x1a\xb4\xab\xe4\xafR\x03\x8a(b\xfc\x01\x8029\x8b\x0f\x01\x00\x00'
    headers:
      Accept:
      - application/xml
      Content-Length:
      - '164'
      Content-Type:
      - application/octet-stream
      User-Agent:
      - azsdk-python-storage-blob/12.11.0 Python/3.9.13 (Windows-10-10.0.22000-SP0)
      x-ms-blob-type:
      - BlockBlob
      x-ms-date:
      - Wed, 14 Sep 2022 19:16:48 GMT
      x-ms-version:
      - '2021-04-10'
    method: PUT
    uri: https://mystorage.blob.core.windows.net/job-00000000-0000-0000-0000-000000000000/inputData?sv=PLACEHOLDER&sig=PLACEHOLDER&se=PLACEHOLDER&srt=co&ss=b&sp=racw
  response:
    body:
      string: ''
    headers:
      content-length:
      - '0'
      x-ms-version:
      - '2021-04-10'
    status:
      code: 201
      message: Created
    url: https://mystorage.blob.core.windows.net/job-00000000-0000-0000-0000-000000000000/inputData?sv=PLACEHOLDER&sig=PLACEHOLDER&se=PLACEHOLDER&srt=co&ss=b&sp=racw
- request:
    body: 'b''{"id": "00000000-0000-0000-0000-000000000000", "name": "Test-Tabu-\\"20210101-000000\\"",
      "containerUri": "https://mystorage.blob.core.windows.net/job-00000000-0000-0000-0000-000000000000?sv=PLACEHOLDER&sig=PLACEHOLDER&se=PLACEHOLDER&srt=co&ss=b&sp=racw",
      "inputDataUri": "https://mystorage.blob.core.windows.net/job-00000000-0000-0000-0000-000000000000/inputData",
      "inputDataFormat": "microsoft.qio.v2", "inputParams": {"params": {"sweeps":
      100}}, "providerId": "Microsoft", "target": "microsoft.tabu.cpu", "outputDataFormat":
      "microsoft.qio-results.v2"}'''
    headers:
      Accept:
      - application/json
      Content-Length:
      - '620'
      Content-Type:
      - application/json
      User-Agent:
      - async-testapp azsdk-python-quantum/0.0.0.1 Python/3.9.13 (Windows-10-10.0.22000-SP0)
    method: PUT
    uri: https://eastus.quantum.azure.com/v1.0/subscriptions/00000000-0000-0000-0000-000000000000/resourceGroups/myresourcegroup/providers/Microsoft.Quantum/workspaces/myworkspace/jobs/00000000-0000-0000-0000-000000000000
  response:
    body:
      string: '{"containerUri": "https://mystorage.blob.core.windows.net/job-00000000-0000-0000-0000-000000000000?sv=PLACEHOLDER&sig=PLACEHOLDER&se=PLACEHOLDER&srt=co&ss=b&sp=racw",
        "inputDataUri": "https://mystorage.blob.core.windows.net/job-00000000-0000-0000-0000-000000000000/inputData?sv=PLACEHOLDER&sr=b&sig=PLACEHOLDER&se=PLACEHOLDER&sp=rcw",
        "inputDataFormat": "microsoft.qio.v2", "inputParams": {"params": {"sweeps":
        100}}, "providerId": "microsoft", "target": "microsoft.tabu.cpu", "metadata":
        null, "name": "Test-Tabu-\"20210101-000000\"", "id": "00000000-0000-0000-0000-000000000000",
        "status": "Waiting", "outputDataFormat": "microsoft.qio-results.v2", "outputDataUri":
        "https://azuresdkteststo.blob.core.windows.net:443/job-00000000-0000-0000-0000-000000000000/outputData?sv=PLACEHOLDER&sig=PLACEHOLDER&se=PLACEHOLDER&srt=co&ss=b&sp=racw",
        "creationTime": "2022-09-14T19:16:49.2863671+00:00", "beginExecutionTime":
        null, "endExecutionTime": null, "cancellationTime": null, "costEstimate":
        null, "errorData": null, "isCancelling": false, "tags": [], "access_token":
        "fake_token"}'
    headers:
      content-length:
      - '1007'
      content-type:
      - application/json; charset=utf-8
      transfer-encoding:
      - chunked
    status:
      code: 200
      message: OK
    url: https://eastus.quantum.azure.com/v1.0/subscriptions/00000000-0000-0000-0000-000000000000/resourceGroups/myresourcegroup/providers/Microsoft.Quantum/workspaces/myworkspace/jobs/00000000-0000-0000-0000-000000000000
- request:
    body: null
    headers:
      Accept:
      - application/json
      User-Agent:
      - async-testapp azsdk-python-quantum/0.0.0.1 Python/3.9.13 (Windows-10-10.0.22000-SP0)
    method: GET
    uri: https://eastus.quantum.azure.com/v1.0/subscriptions/00000000-0000-0000-0000-000000000000/resourceGroups/myresourcegroup/providers/Microsoft.Quantum/workspaces/myworkspace/jobs/00000000-0000-0000-0000-000000000000
  response:
    body:
      string: '{"containerUri": "https://mystorage.blob.core.windows.net/job-00000000-0000-0000-0000-000000000000?sv=PLACEHOLDER&sig=PLACEHOLDER&se=PLACEHOLDER&srt=co&ss=b&sp=racw",
        "inputDataUri": "https://mystorage.blob.core.windows.net/job-00000000-0000-0000-0000-000000000000/inputData?sv=PLACEHOLDER&sr=b&sig=PLACEHOLDER&se=PLACEHOLDER&sp=r&rscd=attachment%3B%20filename%3DTest-Tabu-%252220210101-000000%2522-c757123a-3461-11ed-bd9d-6045bdc85d00.input.json",
        "inputDataFormat": "microsoft.qio.v2", "inputParams": {"params": {"sweeps":
        100}}, "providerId": "microsoft", "target": "microsoft.tabu.cpu", "metadata":
        null, "name": "Test-Tabu-\"20210101-000000\"", "id": "00000000-0000-0000-0000-000000000000",
        "status": "Succeeded", "outputDataFormat": "microsoft.qio-results.v2", "outputDataUri":
        "https://mystorage.blob.core.windows.net/job-00000000-0000-0000-0000-000000000000/rawOutputData?sv=PLACEHOLDER&sr=b&sig=PLACEHOLDER&se=PLACEHOLDER&sp=r&rscd=attachment%3B%20filename%3DTest-Tabu-%252220210101-000000%2522-c757123a-3461-11ed-bd9d-6045bdc85d00.output.json",
        "creationTime": "2022-09-14T19:16:49.2863671+00:00", "beginExecutionTime":
        "2022-09-14T19:16:48.1636357Z", "endExecutionTime": "2022-09-14T19:16:48.2135576Z",
        "cancellationTime": null, "costEstimate": null, "errorData": null, "isCancelling":
        false, "tags": [], "access_token": "fake_token"}'
    headers:
      content-length:
      - '1275'
      content-type:
      - application/json; charset=utf-8
      transfer-encoding:
      - chunked
    status:
      code: 200
      message: OK
    url: https://eastus.quantum.azure.com/v1.0/subscriptions/00000000-0000-0000-0000-000000000000/resourceGroups/myresourcegroup/providers/Microsoft.Quantum/workspaces/myworkspace/jobs/00000000-0000-0000-0000-000000000000
- request:
    body: null
    headers:
      Accept:
      - application/xml
      User-Agent:
      - azsdk-python-storage-blob/12.11.0 Python/3.9.13 (Windows-10-10.0.22000-SP0)
      x-ms-date:
      - Wed, 14 Sep 2022 19:16:52 GMT
      x-ms-range:
      - bytes=0-33554431
      x-ms-version:
      - '2021-04-10'
    method: GET
    uri: https://mystorage.blob.core.windows.net/job-00000000-0000-0000-0000-000000000000/rawOutputData?sv=PLACEHOLDER&sr=b&sig=PLACEHOLDER&se=PLACEHOLDER&sp=r&rscd=attachment%3B%20filename%3DTest-Tabu-%252220210101-000000%2522-c757123a-3461-11ed-bd9d-6045bdc85d00.output.json
  response:
    body:
      string: '{"version": "1.0", "configuration": {"0": 1, "1": 1, "2": 0, "3": 1},
        "cost": -5.0, "parameters": {"restarts": 72, "seed": 4167450625, "sweeps":
        100, "tabu_tenure": 0}, "solutions": [{"configuration": {"0": 1, "1": 1, "2":
        0, "3": 1}, "cost": -5.0}], "access_token": "fake_token"}'
    headers:
      accept-ranges:
      - bytes
      content-length:
      - '378'
      content-range:
      - bytes 0-377/378
      content-type:
      - application/json
      x-ms-blob-content-md5:
      - KWSC1EzmxeT3SQbrDt9HTQ==
      x-ms-blob-type:
      - BlockBlob
      x-ms-creation-time:
      - Wed, 14 Sep 2022 19:16:49 GMT
      x-ms-lease-state:
      - available
      x-ms-lease-status:
      - unlocked
      x-ms-server-encrypted:
      - 'true'
      x-ms-version:
      - '2021-04-10'
    status:
      code: 206
      message: Partial Content
    url: https://mystorage.blob.core.windows.net/job-00000000-0000-0000-0000-000000000000/rawOutputData?sv=PLACEHOLDER&sr=b&sig=PLACEHOLDER&se=PLACEHOLDER&sp=r&rscd=attachment%3B%20filename%3DTest-Tabu-%252220210101-000000%2522-c757123a-3461-11ed-bd9d-6045bdc85d00.output.json
- request:
    body: null
    headers:
      Accept:
      - application/json
      User-Agent:
      - async-testapp azsdk-python-quantum/0.0.0.1 Python/3.9.13 (Windows-10-10.0.22000-SP0)
    method: GET
    uri: https://eastus.quantum.azure.com/v1.0/subscriptions/00000000-0000-0000-0000-000000000000/resourceGroups/myresourcegroup/providers/Microsoft.Quantum/workspaces/myworkspace/jobs/00000000-0000-0000-0000-000000000000
  response:
    body:
      string: '{"containerUri": "https://mystorage.blob.core.windows.net/job-00000000-0000-0000-0000-000000000000?sv=PLACEHOLDER&sig=PLACEHOLDER&se=PLACEHOLDER&srt=co&ss=b&sp=racw",
        "inputDataUri": "https://mystorage.blob.core.windows.net/job-00000000-0000-0000-0000-000000000000/inputData?sv=PLACEHOLDER&sr=b&sig=PLACEHOLDER&se=PLACEHOLDER&sp=r&rscd=attachment%3B%20filename%3DTest-Tabu-%252220210101-000000%2522-c757123a-3461-11ed-bd9d-6045bdc85d00.input.json",
        "inputDataFormat": "microsoft.qio.v2", "inputParams": {"params": {"sweeps":
        100}}, "providerId": "microsoft", "target": "microsoft.tabu.cpu", "metadata":
        null, "name": "Test-Tabu-\"20210101-000000\"", "id": "00000000-0000-0000-0000-000000000000",
        "status": "Succeeded", "outputDataFormat": "microsoft.qio-results.v2", "outputDataUri":
        "https://mystorage.blob.core.windows.net/job-00000000-0000-0000-0000-000000000000/rawOutputData?sv=PLACEHOLDER&sr=b&sig=PLACEHOLDER&se=PLACEHOLDER&sp=r&rscd=attachment%3B%20filename%3DTest-Tabu-%252220210101-000000%2522-c757123a-3461-11ed-bd9d-6045bdc85d00.output.json",
        "creationTime": "2022-09-14T19:16:49.2863671+00:00", "beginExecutionTime":
        "2022-09-14T19:16:48.1636357Z", "endExecutionTime": "2022-09-14T19:16:48.2135576Z",
        "cancellationTime": null, "costEstimate": null, "errorData": null, "isCancelling":
        false, "tags": [], "access_token": "fake_token"}'
    headers:
      content-length:
      - '1275'
      content-type:
      - application/json; charset=utf-8
      transfer-encoding:
      - chunked
    status:
      code: 200
      message: OK
    url: https://eastus.quantum.azure.com/v1.0/subscriptions/00000000-0000-0000-0000-000000000000/resourceGroups/myresourcegroup/providers/Microsoft.Quantum/workspaces/myworkspace/jobs/00000000-0000-0000-0000-000000000000
version: 1
