interactions:
- request:
    body: '{''client_id'': ''00000000-0000-0000-0000-000000000000'', ''client_secret'':
      ''PLACEHOLDER'', ''grant_type'': ''client_credentials'', ''scope'': ''https://quantum.microsoft.com/.default''}'
    headers:
      Content-Type:
      - application/x-www-form-urlencoded
      User-Agent:
      - azsdk-python-identity/1.10.0 Python/3.9.12 (Windows-10-10.0.19042-SP0)
    method: POST
    uri: https://login.microsoftonline.com/00000000-0000-0000-0000-000000000000/oauth2/v2.0/token
  response:
    body:
      string: '{"token_type": "Bearer", "expires_in": 86399, "ext_expires_in": 86399,
        "access_token": "fake_token"}'
    headers:
      content-length:
      - '1722'
      content-type:
      - application/json; charset=utf-8
    status:
      code: 200
      message: OK
    url: https://login.microsoftonline.com/00000000-0000-0000-0000-000000000000/oauth2/v2.0/token
- request:
    body: 'b''{"containerName": "job-00000000-0000-0000-0000-000000000000"}'''
    headers:
      Accept:
      - application/json
      Content-Length:
      - '61'
      Content-Type:
      - application/json
      User-Agent:
      - async-testapp azsdk-python-quantum/0.0.0.1 Python/3.9.12 (Windows-10-10.0.19042-SP0)
    method: POST
    uri: https://eastus.quantum.azure.com/v1.0/subscriptions/00000000-0000-0000-0000-000000000000/resourceGroups/myresourcegroup/providers/Microsoft.Quantum/workspaces/myworkspace/storage/sasUri
  response:
    body:
      string: '{"sasUri": "https://mystorage.blob.core.windows.net/job-00000000-0000-0000-0000-000000000000?sv=PLACEHOLDER&sig=PLACEHOLDER&se=PLACEHOLDER&srt=co&ss=b&sp=racw",
        "access_token": "fake_token"}'
    headers:
      content-length:
      - '205'
      content-type:
      - application/json; charset=utf-8
      transfer-encoding:
      - chunked
    status:
      code: 200
      message: OK
    url: https://eastus.quantum.azure.com/v1.0/subscriptions/00000000-0000-0000-0000-000000000000/resourceGroups/myresourcegroup/providers/Microsoft.Quantum/workspaces/myworkspace/storage/sasUri
- request:
    body: null
    headers:
      Accept:
      - application/xml
      User-Agent:
      - azsdk-python-storage-blob/12.11.0 Python/3.9.12 (Windows-10-10.0.19042-SP0)
      x-ms-date:
      - Wed, 11 May 2022 01:12:43 GMT
      x-ms-version:
      - '2021-04-10'
    method: GET
    uri: https://mystorage.blob.core.windows.net/job-00000000-0000-0000-0000-000000000000?restype=container&sv=PLACEHOLDER&sig=PLACEHOLDER&se=PLACEHOLDER&srt=co&ss=b&sp=racw
  response:
    body:
      string: "\uFEFF<?xml version=\"1.0\" encoding=\"utf-8\"?><Error><Code>ContainerNotFound</Code><Message>The
        specified container does not exist.\nRequestId:caed2324-101e-003c-76d4-64b62a000000\nTime:2022-05-11T01:12:43.4620652Z</Message></Error>"
    headers:
      content-length:
      - '225'
      content-type:
      - application/xml
      x-ms-version:
      - '2021-04-10'
    status:
      code: 404
      message: The specified container does not exist.
    url: https://mystorage.blob.core.windows.net/job-00000000-0000-0000-0000-000000000000?restype=container&sv=PLACEHOLDER&sig=PLACEHOLDER&se=PLACEHOLDER&srt=co&ss=b&sp=racw
- request:
    body: null
    headers:
      Accept:
      - application/xml
      User-Agent:
      - azsdk-python-storage-blob/12.11.0 Python/3.9.12 (Windows-10-10.0.19042-SP0)
      x-ms-date:
      - Wed, 11 May 2022 01:12:43 GMT
      x-ms-version:
      - '2021-04-10'
    method: PUT
    uri: https://mystorage.blob.core.windows.net/job-00000000-0000-0000-0000-000000000000?restype=container&sv=PLACEHOLDER&sig=PLACEHOLDER&se=PLACEHOLDER&srt=co&ss=b&sp=racw
  response:
    body:
      string: ''
    headers:
      content-length:
      - '0'
      x-ms-version:
      - '2021-04-10'
    status:
      code: 201
      message: Created
    url: https://mystorage.blob.core.windows.net/job-00000000-0000-0000-0000-000000000000?restype=container&sv=PLACEHOLDER&sig=PLACEHOLDER&se=PLACEHOLDER&srt=co&ss=b&sp=racw
- request:
    body: null
    headers:
      Accept:
      - application/xml
      User-Agent:
      - azsdk-python-storage-blob/12.11.0 Python/3.9.12 (Windows-10-10.0.19042-SP0)
      x-ms-date:
      - Wed, 11 May 2022 01:12:43 GMT
      x-ms-version:
      - '2021-04-10'
    method: GET
    uri: https://mystorage.blob.core.windows.net/job-00000000-0000-0000-0000-000000000000?restype=container&sv=PLACEHOLDER&sig=PLACEHOLDER&se=PLACEHOLDER&srt=co&ss=b&sp=racw
  response:
    body:
      string: ''
    headers:
      content-length:
      - '0'
      x-ms-lease-state:
      - available
      x-ms-lease-status:
      - unlocked
      x-ms-version:
      - '2021-04-10'
    status:
      code: 200
      message: OK
    url: https://mystorage.blob.core.windows.net/job-00000000-0000-0000-0000-000000000000?restype=container&sv=PLACEHOLDER&sig=PLACEHOLDER&se=PLACEHOLDER&srt=co&ss=b&sp=racw
- request:
    body: b'\x1f\x8b\x08\x00\x8a\r{b\x02\xffU\xcc\xb1\n\x830\x10\x06\xe0W\x91\x9bMIN\x85\xb6kg\x87B\xb7*%\xd5\x14\x84&\x11s)\x14\xc9\xbb7\xc4\xc1f\xca\xe5\xff\xee\xfe\x15\xb4"9J\x92p.V0R\xab8\xc0M9bW/\ry\xddZC\xea"\x97\xb7e\x1d
      G\xe4\x8d\xe0L\x1c\x05\xd6\xd8\x01\x84\xb2\x80\xc1:z\xbc\xbc\x19h\xb2&\x15}\xd4\xe2\xb6\x19\xc4\x81C\xdc\xa1\xef\x9c\xaag\xff\xb4\xe9\xaf\x16\xedbp_a\x88\x0f\xabb6\x8d)\x11e\xc1\xfb\xd8\xbbI\xb3\x03fp\xca@\xec\x80;T\xd9\x05\xab3\xf9;\xc9\x01\xfb\xd0\x87\xf0\x03\xb1\xeaY\xb3\x1c\x01\x00\x00'
    headers:
      Accept:
      - application/xml
      Content-Length:
      - '176'
      Content-Type:
      - application/octet-stream
      User-Agent:
      - azsdk-python-storage-blob/12.11.0 Python/3.9.12 (Windows-10-10.0.19042-SP0)
      x-ms-blob-type:
      - BlockBlob
      x-ms-date:
      - Wed, 11 May 2022 01:12:43 GMT
      x-ms-version:
      - '2021-04-10'
    method: PUT
    uri: https://mystorage.blob.core.windows.net/job-00000000-0000-0000-0000-000000000000/inputData?sv=PLACEHOLDER&sig=PLACEHOLDER&se=PLACEHOLDER&srt=co&ss=b&sp=racw
  response:
    body:
      string: ''
    headers:
      content-length:
      - '0'
      x-ms-version:
      - '2021-04-10'
    status:
      code: 201
      message: Created
    url: https://mystorage.blob.core.windows.net/job-00000000-0000-0000-0000-000000000000/inputData?sv=PLACEHOLDER&sig=PLACEHOLDER&se=PLACEHOLDER&srt=co&ss=b&sp=racw
- request:
    body: 'b''{"id": "00000000-0000-0000-0000-000000000000", "name": "Test-QuantumMonteCarlo-\\"20210101-000000\\"",
      "containerUri": "https://mystorage.blob.core.windows.net/job-00000000-0000-0000-0000-000000000000?sv=PLACEHOLDER&sig=PLACEHOLDER&se=PLACEHOLDER&srt=co&ss=b&sp=racw",
      "inputDataUri": "https://mystorage.blob.core.windows.net/job-00000000-0000-0000-0000-000000000000/inputData",
      "inputDataFormat": "microsoft.qio.v2", "inputParams": {"params": {"trotter_number":
      1}}, "providerId": "Microsoft", "target": "microsoft.qmc.cpu", "outputDataFormat":
      "microsoft.qio-results.v2"}'''
    headers:
      Accept:
      - application/json
      Content-Length:
      - '616'
      Content-Type:
      - application/json
      User-Agent:
      - async-testapp azsdk-python-quantum/0.0.0.1 Python/3.9.12 (Windows-10-10.0.19042-SP0)
    method: PUT
    uri: https://eastus.quantum.azure.com/v1.0/subscriptions/00000000-0000-0000-0000-000000000000/resourceGroups/myresourcegroup/providers/Microsoft.Quantum/workspaces/myworkspace/jobs/00000000-0000-0000-0000-000000000000
  response:
    body:
      string: '{"containerUri": "https://mystorage.blob.core.windows.net/job-00000000-0000-0000-0000-000000000000?sv=PLACEHOLDER&sig=PLACEHOLDER&se=PLACEHOLDER&srt=co&ss=b&sp=racw",
        "inputDataUri": "https://mystorage.blob.core.windows.net/job-00000000-0000-0000-0000-000000000000/inputData?sv=PLACEHOLDER&sr=b&sig=PLACEHOLDER&se=PLACEHOLDER&sp=rcw",
        "inputDataFormat": "microsoft.qio.v2", "inputParams": {"params": {"trotter_number":
        1}}, "providerId": "microsoft", "target": "microsoft.qmc.cpu", "metadata":
        null, "name": "Test-QuantumMonteCarlo-\"20210101-000000\"", "id": "00000000-0000-0000-0000-000000000000",
        "status": "Waiting", "outputDataFormat": "microsoft.qio-results.v2", "outputDataUri":
        "https://e2etests.blob.core.windows.net:443/job-00000000-0000-0000-0000-000000000000/outputData?sv=PLACEHOLDER&sig=PLACEHOLDER&se=PLACEHOLDER&srt=co&ss=b&sp=racw",
        "creationTime": "2022-05-11T01:12:43.9296081+00:00", "beginExecutionTime":
        null, "endExecutionTime": null, "cancellationTime": null, "costEstimate":
        null, "errorData": null, "isCancelling": false, "tags": [], "access_token":
        "fake_token"}'
    headers:
      content-length:
      - '1156'
      content-type:
      - application/json; charset=utf-8
      transfer-encoding:
      - chunked
    status:
      code: 200
      message: OK
    url: https://eastus.quantum.azure.com/v1.0/subscriptions/00000000-0000-0000-0000-000000000000/resourceGroups/myresourcegroup/providers/Microsoft.Quantum/workspaces/myworkspace/jobs/00000000-0000-0000-0000-000000000000
- request:
    body: null
    headers:
      Accept:
      - application/json
      User-Agent:
      - async-testapp azsdk-python-quantum/0.0.0.1 Python/3.9.12 (Windows-10-10.0.19042-SP0)
    method: GET
    uri: https://eastus.quantum.azure.com/v1.0/subscriptions/00000000-0000-0000-0000-000000000000/resourceGroups/myresourcegroup/providers/Microsoft.Quantum/workspaces/myworkspace/jobs/00000000-0000-0000-0000-000000000000
  response:
    body:
      string: '{"containerUri": "https://mystorage.blob.core.windows.net/job-00000000-0000-0000-0000-000000000000?sv=PLACEHOLDER&sig=PLACEHOLDER&se=PLACEHOLDER&srt=co&ss=b&sp=racw",
        "inputDataUri": "https://mystorage.blob.core.windows.net/job-00000000-0000-0000-0000-000000000000/inputData?sv=PLACEHOLDER&sr=b&sig=PLACEHOLDER&se=PLACEHOLDER&sp=r&rscd=attachment%3B%20filename%3DTest-QuantumMonteCarlo-%252220210101-000000%2522-75189690-d0c7-11ec-bc50-2816a847b9a3.input.json",
        "inputDataFormat": "microsoft.qio.v2", "inputParams": {"params": {"trotter_number":
        1}}, "providerId": "microsoft", "target": "microsoft.qmc.cpu", "metadata":
        null, "name": "Test-QuantumMonteCarlo-\"20210101-000000\"", "id": "00000000-0000-0000-0000-000000000000",
        "status": "Succeeded", "outputDataFormat": "microsoft.qio-results.v2", "outputDataUri":
        "https://mystorage.blob.core.windows.net/job-00000000-0000-0000-0000-000000000000/rawOutputData?sv=PLACEHOLDER&sr=b&sig=PLACEHOLDER&se=PLACEHOLDER&sp=r&rscd=attachment%3B%20filename%3DTest-QuantumMonteCarlo-%252220210101-000000%2522-75189690-d0c7-11ec-bc50-2816a847b9a3.output.json",
        "creationTime": "2022-05-11T01:12:43.9296081+00:00", "beginExecutionTime":
        "2022-05-11T01:12:23.172107Z", "endExecutionTime": "2022-05-11T01:12:23.3281905Z",
        "cancellationTime": null, "costEstimate": null, "errorData": null, "isCancelling":
        false, "tags": [], "access_token": "fake_token"}'
    headers:
      content-length:
      - '1457'
      content-type:
      - application/json; charset=utf-8
      transfer-encoding:
      - chunked
    status:
      code: 200
      message: OK
    url: https://eastus.quantum.azure.com/v1.0/subscriptions/00000000-0000-0000-0000-000000000000/resourceGroups/myresourcegroup/providers/Microsoft.Quantum/workspaces/myworkspace/jobs/00000000-0000-0000-0000-000000000000
- request:
    body: null
    headers:
      Accept:
      - application/xml
      User-Agent:
      - azsdk-python-storage-blob/12.11.0 Python/3.9.12 (Windows-10-10.0.19042-SP0)
      x-ms-date:
      - Wed, 11 May 2022 01:12:47 GMT
      x-ms-range:
      - bytes=0-33554431
      x-ms-version:
      - '2021-04-10'
    method: GET
    uri: https://mystorage.blob.core.windows.net/job-00000000-0000-0000-0000-000000000000/rawOutputData?sv=PLACEHOLDER&sr=b&sig=PLACEHOLDER&se=PLACEHOLDER&sp=r&rscd=attachment%3B%20filename%3DTest-QuantumMonteCarlo-%252220210101-000000%2522-75189690-d0c7-11ec-bc50-2816a847b9a3.output.json
  response:
    body:
      string: '{"version": "1.0", "configuration": {"1": 1, "0": 1, "2": 0, "3": 1},
        "cost": -5.0, "solutions": [{"configuration": {"1": 1, "0": 1, "2": 0, "3":
        1}, "cost": -5.0}], "access_token": "fake_token"}'
    headers:
      accept-ranges:
      - bytes
      content-length:
      - '170'
      content-range:
      - bytes 0-169/170
      content-type:
      - application/json
      x-ms-blob-content-md5:
      - oO3WY1+vPlumWsKVwlLwdg==
      x-ms-blob-type:
      - BlockBlob
      x-ms-creation-time:
      - Wed, 11 May 2022 01:12:44 GMT
      x-ms-lease-state:
      - available
      x-ms-lease-status:
      - unlocked
      x-ms-server-encrypted:
      - 'true'
      x-ms-version:
      - '2021-04-10'
    status:
      code: 206
      message: Partial Content
    url: https://mystorage.blob.core.windows.net/job-00000000-0000-0000-0000-000000000000/rawOutputData?sv=PLACEHOLDER&sr=b&sig=PLACEHOLDER&se=PLACEHOLDER&sp=r&rscd=attachment%3B%20filename%3DTest-QuantumMonteCarlo-%252220210101-000000%2522-75189690-d0c7-11ec-bc50-2816a847b9a3.output.json
- request:
    body: null
    headers:
      Accept:
      - application/json
      User-Agent:
      - async-testapp azsdk-python-quantum/0.0.0.1 Python/3.9.12 (Windows-10-10.0.19042-SP0)
    method: GET
    uri: https://eastus.quantum.azure.com/v1.0/subscriptions/00000000-0000-0000-0000-000000000000/resourceGroups/myresourcegroup/providers/Microsoft.Quantum/workspaces/myworkspace/jobs/00000000-0000-0000-0000-000000000000
  response:
    body:
      string: '{"containerUri": "https://mystorage.blob.core.windows.net/job-00000000-0000-0000-0000-000000000000?sv=PLACEHOLDER&sig=PLACEHOLDER&se=PLACEHOLDER&srt=co&ss=b&sp=racw",
        "inputDataUri": "https://mystorage.blob.core.windows.net/job-00000000-0000-0000-0000-000000000000/inputData?sv=PLACEHOLDER&sr=b&sig=PLACEHOLDER&se=PLACEHOLDER&sp=r&rscd=attachment%3B%20filename%3DTest-QuantumMonteCarlo-%252220210101-000000%2522-75189690-d0c7-11ec-bc50-2816a847b9a3.input.json",
        "inputDataFormat": "microsoft.qio.v2", "inputParams": {"params": {"trotter_number":
        1}}, "providerId": "microsoft", "target": "microsoft.qmc.cpu", "metadata":
        null, "name": "Test-QuantumMonteCarlo-\"20210101-000000\"", "id": "00000000-0000-0000-0000-000000000000",
        "status": "Succeeded", "outputDataFormat": "microsoft.qio-results.v2", "outputDataUri":
        "https://mystorage.blob.core.windows.net/job-00000000-0000-0000-0000-000000000000/rawOutputData?sv=PLACEHOLDER&sr=b&sig=PLACEHOLDER&se=PLACEHOLDER&sp=r&rscd=attachment%3B%20filename%3DTest-QuantumMonteCarlo-%252220210101-000000%2522-75189690-d0c7-11ec-bc50-2816a847b9a3.output.json",
        "creationTime": "2022-05-11T01:12:43.9296081+00:00", "beginExecutionTime":
        "2022-05-11T01:12:23.172107Z", "endExecutionTime": "2022-05-11T01:12:23.3281905Z",
        "cancellationTime": null, "costEstimate": null, "errorData": null, "isCancelling":
        false, "tags": [], "access_token": "fake_token"}'
    headers:
      content-length:
      - '1457'
      content-type:
      - application/json; charset=utf-8
      transfer-encoding:
      - chunked
    status:
      code: 200
      message: OK
    url: https://eastus.quantum.azure.com/v1.0/subscriptions/00000000-0000-0000-0000-000000000000/resourceGroups/myresourcegroup/providers/Microsoft.Quantum/workspaces/myworkspace/jobs/00000000-0000-0000-0000-000000000000
version: 1
