interactions:
- request:
    body: '{''client_id'': ''00000000-0000-0000-0000-000000000000'', ''client_secret'':
      ''PLACEHOLDER'', ''grant_type'': ''client_credentials'', ''scope'': ''https://quantum.microsoft.com/.default''}'
    headers:
      Content-Type:
      - application/x-www-form-urlencoded
      User-Agent:
      - azsdk-python-identity/1.10.0 Python/3.9.13 (Windows-10-10.0.22000-SP0)
    method: POST
    uri: https://login.microsoftonline.com/00000000-0000-0000-0000-000000000000/oauth2/v2.0/token
  response:
    body:
      string: '{"token_type": "Bearer", "expires_in": 86399, "ext_expires_in": 86399,
        "access_token": "fake_token"}'
    headers:
      content-length:
      - '1722'
      content-type:
      - application/json; charset=utf-8
    status:
      code: 200
      message: OK
    url: https://login.microsoftonline.com/00000000-0000-0000-0000-000000000000/oauth2/v2.0/token
- request:
    body: 'b''{"containerName": "job-00000000-0000-0000-0000-000000000000"}'''
    headers:
      Accept:
      - application/json
      Content-Length:
      - '61'
      Content-Type:
      - application/json
      User-Agent:
      - async-testapp azsdk-python-quantum/0.0.0.1 Python/3.9.13 (Windows-10-10.0.22000-SP0)
    method: POST
    uri: https://eastus.quantum.azure.com/v1.0/subscriptions/00000000-0000-0000-0000-000000000000/resourceGroups/myresourcegroup/providers/Microsoft.Quantum/workspaces/myworkspace/storage/sasUri
  response:
    body:
      string: '{"sasUri": "https://mystorage.blob.core.windows.net/job-00000000-0000-0000-0000-000000000000?sv=PLACEHOLDER&sig=PLACEHOLDER&se=PLACEHOLDER&srt=co&ss=b&sp=racw",
        "access_token": "fake_token"}'
    headers:
      content-length:
      - '159'
      content-type:
      - application/json; charset=utf-8
      transfer-encoding:
      - chunked
    status:
      code: 200
      message: OK
    url: https://eastus.quantum.azure.com/v1.0/subscriptions/00000000-0000-0000-0000-000000000000/resourceGroups/myresourcegroup/providers/Microsoft.Quantum/workspaces/myworkspace/storage/sasUri
- request:
    body: null
    headers:
      Accept:
      - application/xml
      User-Agent:
      - azsdk-python-storage-blob/12.11.0 Python/3.9.13 (Windows-10-10.0.22000-SP0)
      x-ms-date:
      - Fri, 16 Sep 2022 16:50:11 GMT
      x-ms-version:
      - '2021-04-10'
    method: GET
    uri: https://mystorage.blob.core.windows.net/job-00000000-0000-0000-0000-000000000000?restype=container&sv=PLACEHOLDER&sig=PLACEHOLDER&se=PLACEHOLDER&srt=co&ss=b&sp=racw
  response:
    body:
      string: "\uFEFF<?xml version=\"1.0\" encoding=\"utf-8\"?><Error><Code>ContainerNotFound</Code><Message>The
        specified container does not exist.\nRequestId:92035c1a-001e-0050-40ec-c97027000000\nTime:2022-09-16T16:50:12.0900803Z</Message></Error>"
    headers:
      content-length:
      - '223'
      content-type:
      - application/xml
      x-ms-version:
      - '2021-04-10'
    status:
      code: 404
      message: The specified container does not exist.
    url: https://mystorage.blob.core.windows.net/job-00000000-0000-0000-0000-000000000000?restype=container&sv=PLACEHOLDER&sig=PLACEHOLDER&se=PLACEHOLDER&srt=co&ss=b&sp=racw
- request:
    body: null
    headers:
      Accept:
      - application/xml
      User-Agent:
      - azsdk-python-storage-blob/12.11.0 Python/3.9.13 (Windows-10-10.0.22000-SP0)
      x-ms-date:
      - Fri, 16 Sep 2022 16:50:12 GMT
      x-ms-version:
      - '2021-04-10'
    method: PUT
    uri: https://mystorage.blob.core.windows.net/job-00000000-0000-0000-0000-000000000000?restype=container&sv=PLACEHOLDER&sig=PLACEHOLDER&se=PLACEHOLDER&srt=co&ss=b&sp=racw
  response:
    body:
      string: ''
    headers:
      content-length:
      - '0'
      x-ms-version:
      - '2021-04-10'
    status:
      code: 201
      message: Created
    url: https://mystorage.blob.core.windows.net/job-00000000-0000-0000-0000-000000000000?restype=container&sv=PLACEHOLDER&sig=PLACEHOLDER&se=PLACEHOLDER&srt=co&ss=b&sp=racw
- request:
    body: null
    headers:
      Accept:
      - application/xml
      User-Agent:
      - azsdk-python-storage-blob/12.11.0 Python/3.9.13 (Windows-10-10.0.22000-SP0)
      x-ms-date:
      - Fri, 16 Sep 2022 16:50:12 GMT
      x-ms-version:
      - '2021-04-10'
    method: GET
    uri: https://mystorage.blob.core.windows.net/job-00000000-0000-0000-0000-000000000000?restype=container&sv=PLACEHOLDER&sig=PLACEHOLDER&se=PLACEHOLDER&srt=co&ss=b&sp=racw
  response:
    body:
      string: ''
    headers:
      content-length:
      - '0'
      x-ms-lease-state:
      - available
      x-ms-lease-status:
      - unlocked
      x-ms-version:
      - '2021-04-10'
    status:
      code: 200
      message: OK
    url: https://mystorage.blob.core.windows.net/job-00000000-0000-0000-0000-000000000000?restype=container&sv=PLACEHOLDER&sig=PLACEHOLDER&se=PLACEHOLDER&srt=co&ss=b&sp=racw
- request:
    body: b'\x1f\x8b\x08\x00C\xa9$c\x02\xffU\xcc\xb1\n\xc3 \x10\x06\xe0W\t7\xc7\xa2\xa6)\xa4k\xe7\x0c\x85n\x8d\x14\x9bX\x08T\rz\x16J\xf0\xdd+fH\x9d<\xff\xef\xee_A+\x94\x93D\t\xe7j\x05#\xb5J\x03\xdc\x94Gr\r\xd2`\xd0\xbd5\xa8.\xd2\xbd-\x19\x80S\xcei\xc7N\x84v-el\x00\x88u\x05\xa3\xf5\xf8x\x053\xe2lM.\xfa(\xe7\xb7\x19\xd8\x81B\xda\xc1\xef\x92\xab\x97\xf0\xb4\xf9\xaf\x9c\xf6)\xb8\xaf0\xa6\x874)\x9b\xa7\x9c\xb0\xba\xa2"\xf5n\xd2\xee\xc0\x0b\xe8\n`;\xf0\x1d\x9a\xe2\x82\x1c\x0b\xf9;)\x81\x8b(b\xfc\x01\xc6\xb1xm\x1c\x01\x00\x00'
    headers:
      Accept:
      - application/xml
      Content-Length:
      - '176'
      Content-Type:
      - application/octet-stream
      User-Agent:
      - azsdk-python-storage-blob/12.11.0 Python/3.9.13 (Windows-10-10.0.22000-SP0)
      x-ms-blob-type:
      - BlockBlob
      x-ms-date:
      - Fri, 16 Sep 2022 16:50:12 GMT
      x-ms-version:
      - '2021-04-10'
    method: PUT
    uri: https://mystorage.blob.core.windows.net/job-00000000-0000-0000-0000-000000000000/inputData?sv=PLACEHOLDER&sig=PLACEHOLDER&se=PLACEHOLDER&srt=co&ss=b&sp=racw
  response:
    body:
      string: ''
    headers:
      content-length:
      - '0'
      x-ms-version:
      - '2021-04-10'
    status:
      code: 201
      message: Created
    url: https://mystorage.blob.core.windows.net/job-00000000-0000-0000-0000-000000000000/inputData?sv=PLACEHOLDER&sig=PLACEHOLDER&se=PLACEHOLDER&srt=co&ss=b&sp=racw
- request:
    body: 'b''{"id": "00000000-0000-0000-0000-000000000000", "name": "Test-QuantumMonteCarlo-\\"20210101-000000\\"",
      "containerUri": "https://mystorage.blob.core.windows.net/job-00000000-0000-0000-0000-000000000000?sv=PLACEHOLDER&sig=PLACEHOLDER&se=PLACEHOLDER&srt=co&ss=b&sp=racw",
      "inputDataUri": "https://mystorage.blob.core.windows.net/job-00000000-0000-0000-0000-000000000000/inputData",
      "inputDataFormat": "microsoft.qio.v2", "inputParams": {"params": {"trotter_number":
      4}}, "providerId": "Microsoft", "target": "microsoft.qmc.cpu", "outputDataFormat":
      "microsoft.qio-results.v2"}'''
    headers:
      Accept:
      - application/json
      Content-Length:
      - '636'
      Content-Type:
      - application/json
      User-Agent:
      - async-testapp azsdk-python-quantum/0.0.0.1 Python/3.9.13 (Windows-10-10.0.22000-SP0)
    method: PUT
    uri: https://eastus.quantum.azure.com/v1.0/subscriptions/00000000-0000-0000-0000-000000000000/resourceGroups/myresourcegroup/providers/Microsoft.Quantum/workspaces/myworkspace/jobs/00000000-0000-0000-0000-000000000000
  response:
    body:
      string: '{"containerUri": "https://mystorage.blob.core.windows.net/job-00000000-0000-0000-0000-000000000000?sv=PLACEHOLDER&sig=PLACEHOLDER&se=PLACEHOLDER&srt=co&ss=b&sp=racw",
        "inputDataUri": "https://mystorage.blob.core.windows.net/job-00000000-0000-0000-0000-000000000000/inputData?sv=PLACEHOLDER&sr=b&sig=PLACEHOLDER&se=PLACEHOLDER&sp=rcw",
        "inputDataFormat": "microsoft.qio.v2", "inputParams": {"params": {"trotter_number":
        4}}, "providerId": "microsoft", "target": "microsoft.qmc.cpu", "metadata":
        null, "name": "Test-QuantumMonteCarlo-\"20210101-000000\"", "id": "00000000-0000-0000-0000-000000000000",
        "status": "Waiting", "outputDataFormat": "microsoft.qio-results.v2", "outputDataUri":
        "https://mystorage.blob.core.windows.net:443/job-00000000-0000-0000-0000-000000000000/outputData?sv=PLACEHOLDER&sig=PLACEHOLDER&se=PLACEHOLDER&srt=co&ss=b&sp=racw",
        "creationTime": "2022-09-16T16:50:12.7800249+00:00", "beginExecutionTime":
        null, "endExecutionTime": null, "cancellationTime": null, "costEstimate":
        null, "errorData": null, "isCancelling": false, "tags": [], "access_token":
        "fake_token"}'
    headers:
      content-length:
      - '1019'
      content-type:
      - application/json; charset=utf-8
      transfer-encoding:
      - chunked
    status:
      code: 200
      message: OK
    url: https://eastus.quantum.azure.com/v1.0/subscriptions/00000000-0000-0000-0000-000000000000/resourceGroups/myresourcegroup/providers/Microsoft.Quantum/workspaces/myworkspace/jobs/00000000-0000-0000-0000-000000000000
- request:
    body: null
    headers:
      Accept:
      - application/json
      User-Agent:
      - async-testapp azsdk-python-quantum/0.0.0.1 Python/3.9.13 (Windows-10-10.0.22000-SP0)
    method: GET
    uri: https://eastus.quantum.azure.com/v1.0/subscriptions/00000000-0000-0000-0000-000000000000/resourceGroups/myresourcegroup/providers/Microsoft.Quantum/workspaces/myworkspace/jobs/00000000-0000-0000-0000-000000000000
  response:
    body:
      string: '{"containerUri": "https://mystorage.blob.core.windows.net/job-00000000-0000-0000-0000-000000000000?sv=PLACEHOLDER&sig=PLACEHOLDER&se=PLACEHOLDER&srt=co&ss=b&sp=racw",
        "inputDataUri": "https://mystorage.blob.core.windows.net/job-00000000-0000-0000-0000-000000000000/inputData?sv=PLACEHOLDER&sr=b&sig=PLACEHOLDER&se=PLACEHOLDER&sp=r&rscd=attachment%3B%20filename%3DTest-QuantumMonteCarlo-%252220210101-000000%2522-a115b51f-35df-11ed-a19c-6045bdc85d00.input.json",
        "inputDataFormat": "microsoft.qio.v2", "inputParams": {"params": {"trotter_number":
        4}}, "providerId": "microsoft", "target": "microsoft.qmc.cpu", "metadata":
        null, "name": "Test-QuantumMonteCarlo-\"20210101-000000\"", "id": "00000000-0000-0000-0000-000000000000",
        "status": "Executing", "outputDataFormat": "microsoft.qio-results.v2", "outputDataUri":
        "https://mystorage.blob.core.windows.net/job-00000000-0000-0000-0000-000000000000/outputData?sv=PLACEHOLDER&sr=b&sig=PLACEHOLDER&se=PLACEHOLDER&sp=r&rscd=attachment%3B%20filename%3DTest-QuantumMonteCarlo-%252220210101-000000%2522-a115b51f-35df-11ed-a19c-6045bdc85d00.output.json",
        "creationTime": "2022-09-16T16:50:12.7800249+00:00", "beginExecutionTime":
        "2022-09-16T16:50:13.2648968Z", "endExecutionTime": null, "cancellationTime":
        null, "costEstimate": null, "errorData": null, "isCancelling": false, "tags":
        [], "access_token": "fake_token"}'
    headers:
      content-length:
      - '1290'
      content-type:
      - application/json; charset=utf-8
      transfer-encoding:
      - chunked
    status:
      code: 200
      message: OK
    url: https://eastus.quantum.azure.com/v1.0/subscriptions/00000000-0000-0000-0000-000000000000/resourceGroups/myresourcegroup/providers/Microsoft.Quantum/workspaces/myworkspace/jobs/00000000-0000-0000-0000-000000000000
- request:
    body: null
    headers:
      Accept:
      - application/json
      User-Agent:
      - async-testapp azsdk-python-quantum/0.0.0.1 Python/3.9.13 (Windows-10-10.0.22000-SP0)
    method: GET
    uri: https://eastus.quantum.azure.com/v1.0/subscriptions/00000000-0000-0000-0000-000000000000/resourceGroups/myresourcegroup/providers/Microsoft.Quantum/workspaces/myworkspace/jobs/00000000-0000-0000-0000-000000000000
  response:
    body:
      string: '{"containerUri": "https://mystorage.blob.core.windows.net/job-00000000-0000-0000-0000-000000000000?sv=PLACEHOLDER&sig=PLACEHOLDER&se=PLACEHOLDER&srt=co&ss=b&sp=racw",
        "inputDataUri": "https://mystorage.blob.core.windows.net/job-00000000-0000-0000-0000-000000000000/inputData?sv=PLACEHOLDER&sr=b&sig=PLACEHOLDER&se=PLACEHOLDER&sp=r&rscd=attachment%3B%20filename%3DTest-QuantumMonteCarlo-%252220210101-000000%2522-a115b51f-35df-11ed-a19c-6045bdc85d00.input.json",
        "inputDataFormat": "microsoft.qio.v2", "inputParams": {"params": {"trotter_number":
        4}}, "providerId": "microsoft", "target": "microsoft.qmc.cpu", "metadata":
        null, "name": "Test-QuantumMonteCarlo-\"20210101-000000\"", "id": "00000000-0000-0000-0000-000000000000",
        "status": "Executing", "outputDataFormat": "microsoft.qio-results.v2", "outputDataUri":
        "https://mystorage.blob.core.windows.net/job-00000000-0000-0000-0000-000000000000/outputData?sv=PLACEHOLDER&sr=b&sig=PLACEHOLDER&se=PLACEHOLDER&sp=r&rscd=attachment%3B%20filename%3DTest-QuantumMonteCarlo-%252220210101-000000%2522-a115b51f-35df-11ed-a19c-6045bdc85d00.output.json",
        "creationTime": "2022-09-16T16:50:12.7800249+00:00", "beginExecutionTime":
        "2022-09-16T16:50:13.2648968Z", "endExecutionTime": null, "cancellationTime":
        null, "costEstimate": null, "errorData": null, "isCancelling": false, "tags":
        [], "access_token": "fake_token"}'
    headers:
      content-length:
      - '1290'
      content-type:
      - application/json; charset=utf-8
      transfer-encoding:
      - chunked
    status:
      code: 200
      message: OK
    url: https://eastus.quantum.azure.com/v1.0/subscriptions/00000000-0000-0000-0000-000000000000/resourceGroups/myresourcegroup/providers/Microsoft.Quantum/workspaces/myworkspace/jobs/00000000-0000-0000-0000-000000000000
- request:
    body: null
    headers:
      Accept:
      - application/json
      User-Agent:
      - async-testapp azsdk-python-quantum/0.0.0.1 Python/3.9.13 (Windows-10-10.0.22000-SP0)
    method: GET
    uri: https://eastus.quantum.azure.com/v1.0/subscriptions/00000000-0000-0000-0000-000000000000/resourceGroups/myresourcegroup/providers/Microsoft.Quantum/workspaces/myworkspace/jobs/00000000-0000-0000-0000-000000000000
  response:
    body:
      string: '{"containerUri": "https://mystorage.blob.core.windows.net/job-00000000-0000-0000-0000-000000000000?sv=PLACEHOLDER&sig=PLACEHOLDER&se=PLACEHOLDER&srt=co&ss=b&sp=racw",
        "inputDataUri": "https://mystorage.blob.core.windows.net/job-00000000-0000-0000-0000-000000000000/inputData?sv=PLACEHOLDER&sr=b&sig=PLACEHOLDER&se=PLACEHOLDER&sp=r&rscd=attachment%3B%20filename%3DTest-QuantumMonteCarlo-%252220210101-000000%2522-a115b51f-35df-11ed-a19c-6045bdc85d00.input.json",
        "inputDataFormat": "microsoft.qio.v2", "inputParams": {"params": {"trotter_number":
        4}}, "providerId": "microsoft", "target": "microsoft.qmc.cpu", "metadata":
        null, "name": "Test-QuantumMonteCarlo-\"20210101-000000\"", "id": "00000000-0000-0000-0000-000000000000",
        "status": "Executing", "outputDataFormat": "microsoft.qio-results.v2", "outputDataUri":
        "https://mystorage.blob.core.windows.net/job-00000000-0000-0000-0000-000000000000/outputData?sv=PLACEHOLDER&sr=b&sig=PLACEHOLDER&se=PLACEHOLDER&sp=r&rscd=attachment%3B%20filename%3DTest-QuantumMonteCarlo-%252220210101-000000%2522-a115b51f-35df-11ed-a19c-6045bdc85d00.output.json",
        "creationTime": "2022-09-16T16:50:12.7800249+00:00", "beginExecutionTime":
        "2022-09-16T16:50:13.2648968Z", "endExecutionTime": null, "cancellationTime":
        null, "costEstimate": null, "errorData": null, "isCancelling": false, "tags":
        [], "access_token": "fake_token"}'
    headers:
      content-length:
      - '1290'
      content-type:
      - application/json; charset=utf-8
      transfer-encoding:
      - chunked
    status:
      code: 200
      message: OK
    url: https://eastus.quantum.azure.com/v1.0/subscriptions/00000000-0000-0000-0000-000000000000/resourceGroups/myresourcegroup/providers/Microsoft.Quantum/workspaces/myworkspace/jobs/00000000-0000-0000-0000-000000000000
- request:
    body: null
    headers:
      Accept:
      - application/json
      User-Agent:
      - async-testapp azsdk-python-quantum/0.0.0.1 Python/3.9.13 (Windows-10-10.0.22000-SP0)
    method: GET
    uri: https://eastus.quantum.azure.com/v1.0/subscriptions/00000000-0000-0000-0000-000000000000/resourceGroups/myresourcegroup/providers/Microsoft.Quantum/workspaces/myworkspace/jobs/00000000-0000-0000-0000-000000000000
  response:
    body:
      string: '{"containerUri": "https://mystorage.blob.core.windows.net/job-00000000-0000-0000-0000-000000000000?sv=PLACEHOLDER&sig=PLACEHOLDER&se=PLACEHOLDER&srt=co&ss=b&sp=racw",
        "inputDataUri": "https://mystorage.blob.core.windows.net/job-00000000-0000-0000-0000-000000000000/inputData?sv=PLACEHOLDER&sr=b&sig=PLACEHOLDER&se=PLACEHOLDER&sp=r&rscd=attachment%3B%20filename%3DTest-QuantumMonteCarlo-%252220210101-000000%2522-a115b51f-35df-11ed-a19c-6045bdc85d00.input.json",
        "inputDataFormat": "microsoft.qio.v2", "inputParams": {"params": {"trotter_number":
        4}}, "providerId": "microsoft", "target": "microsoft.qmc.cpu", "metadata":
        null, "name": "Test-QuantumMonteCarlo-\"20210101-000000\"", "id": "00000000-0000-0000-0000-000000000000",
        "status": "Succeeded", "outputDataFormat": "microsoft.qio-results.v2", "outputDataUri":
        "https://mystorage.blob.core.windows.net/job-00000000-0000-0000-0000-000000000000/rawOutputData?sv=PLACEHOLDER&sr=b&sig=PLACEHOLDER&se=PLACEHOLDER&sp=r&rscd=attachment%3B%20filename%3DTest-QuantumMonteCarlo-%252220210101-000000%2522-a115b51f-35df-11ed-a19c-6045bdc85d00.output.json",
        "creationTime": "2022-09-16T16:50:12.7800249+00:00", "beginExecutionTime":
        "2022-09-16T16:50:14.3357223Z", "endExecutionTime": "2022-09-16T16:50:15.2236416Z",
        "cancellationTime": null, "costEstimate": null, "errorData": null, "isCancelling":
        false, "tags": [], "access_token": "fake_token"}'
    headers:
      content-length:
      - '1319'
      content-type:
      - application/json; charset=utf-8
      transfer-encoding:
      - chunked
    status:
      code: 200
      message: OK
    url: https://eastus.quantum.azure.com/v1.0/subscriptions/00000000-0000-0000-0000-000000000000/resourceGroups/myresourcegroup/providers/Microsoft.Quantum/workspaces/myworkspace/jobs/00000000-0000-0000-0000-000000000000
- request:
    body: null
    headers:
      Accept:
      - application/xml
      User-Agent:
      - azsdk-python-storage-blob/12.11.0 Python/3.9.13 (Windows-10-10.0.22000-SP0)
      x-ms-date:
      - Fri, 16 Sep 2022 16:50:16 GMT
      x-ms-range:
      - bytes=0-33554431
      x-ms-version:
      - '2021-04-10'
    method: GET
    uri: https://mystorage.blob.core.windows.net/job-00000000-0000-0000-0000-000000000000/rawOutputData?sv=PLACEHOLDER&sr=b&sig=PLACEHOLDER&se=PLACEHOLDER&sp=r&rscd=attachment%3B%20filename%3DTest-QuantumMonteCarlo-%252220210101-000000%2522-a115b51f-35df-11ed-a19c-6045bdc85d00.output.json
  response:
    body:
      string: '{"version": "1.0", "configuration": {"0": 1, "1": 1, "2": 0, "3": 1},
        "cost": -5.0, "parameters": {"beta_start": 1.0, "beta_stop": 1.0, "restarts":
        1, "seed": 669898083, "sweeps": 10000, "transverse_field_high": 5.0, "transverse_field_low":
        0.0, "trotter_number": 4}, "solutions": [{"configuration": {"0": 1, "1": 1,
        "2": 0, "3": 1}, "cost": -5.0}], "access_token": "fake_token"}'
    headers:
      accept-ranges:
      - bytes
      content-length:
      - '513'
      content-range:
      - bytes 0-512/513
      content-type:
      - application/json
      x-ms-blob-content-md5:
      - v5kS8xud32IhNVNjDKOMMg==
      x-ms-blob-type:
      - BlockBlob
      x-ms-creation-time:
      - Fri, 16 Sep 2022 16:50:13 GMT
      x-ms-lease-state:
      - available
      x-ms-lease-status:
      - unlocked
      x-ms-server-encrypted:
      - 'true'
      x-ms-version:
      - '2021-04-10'
    status:
      code: 206
      message: Partial Content
    url: https://mystorage.blob.core.windows.net/job-00000000-0000-0000-0000-000000000000/rawOutputData?sv=PLACEHOLDER&sr=b&sig=PLACEHOLDER&se=PLACEHOLDER&sp=r&rscd=attachment%3B%20filename%3DTest-QuantumMonteCarlo-%252220210101-000000%2522-a115b51f-35df-11ed-a19c-6045bdc85d00.output.json
- request:
    body: null
    headers:
      Accept:
      - application/json
      User-Agent:
      - async-testapp azsdk-python-quantum/0.0.0.1 Python/3.9.13 (Windows-10-10.0.22000-SP0)
    method: GET
    uri: https://eastus.quantum.azure.com/v1.0/subscriptions/00000000-0000-0000-0000-000000000000/resourceGroups/myresourcegroup/providers/Microsoft.Quantum/workspaces/myworkspace/jobs/00000000-0000-0000-0000-000000000000
  response:
    body:
      string: '{"containerUri": "https://mystorage.blob.core.windows.net/job-00000000-0000-0000-0000-000000000000?sv=PLACEHOLDER&sig=PLACEHOLDER&se=PLACEHOLDER&srt=co&ss=b&sp=racw",
        "inputDataUri": "https://mystorage.blob.core.windows.net/job-00000000-0000-0000-0000-000000000000/inputData?sv=PLACEHOLDER&sr=b&sig=PLACEHOLDER&se=PLACEHOLDER&sp=r&rscd=attachment%3B%20filename%3DTest-QuantumMonteCarlo-%252220210101-000000%2522-a115b51f-35df-11ed-a19c-6045bdc85d00.input.json",
        "inputDataFormat": "microsoft.qio.v2", "inputParams": {"params": {"trotter_number":
        4}}, "providerId": "microsoft", "target": "microsoft.qmc.cpu", "metadata":
        null, "name": "Test-QuantumMonteCarlo-\"20210101-000000\"", "id": "00000000-0000-0000-0000-000000000000",
        "status": "Succeeded", "outputDataFormat": "microsoft.qio-results.v2", "outputDataUri":
        "https://mystorage.blob.core.windows.net/job-00000000-0000-0000-0000-000000000000/rawOutputData?sv=PLACEHOLDER&sr=b&sig=PLACEHOLDER&se=PLACEHOLDER&sp=r&rscd=attachment%3B%20filename%3DTest-QuantumMonteCarlo-%252220210101-000000%2522-a115b51f-35df-11ed-a19c-6045bdc85d00.output.json",
        "creationTime": "2022-09-16T16:50:12.7800249+00:00", "beginExecutionTime":
        "2022-09-16T16:50:14.3357223Z", "endExecutionTime": "2022-09-16T16:50:15.2236416Z",
        "cancellationTime": null, "costEstimate": null, "errorData": null, "isCancelling":
        false, "tags": [], "access_token": "fake_token"}'
    headers:
      content-length:
      - '1319'
      content-type:
      - application/json; charset=utf-8
      transfer-encoding:
      - chunked
    status:
      code: 200
      message: OK
    url: https://eastus.quantum.azure.com/v1.0/subscriptions/00000000-0000-0000-0000-000000000000/resourceGroups/myresourcegroup/providers/Microsoft.Quantum/workspaces/myworkspace/jobs/00000000-0000-0000-0000-000000000000
version: 1
