interactions:
- request:
    body: '{''client_id'': ''00000000-0000-0000-0000-000000000000'', ''client_secret'':
      ''PLACEHOLDER'', ''grant_type'': ''client_credentials'', ''scope'': ''https://quantum.microsoft.com/.default''}'
    headers:
      Content-Type:
      - application/x-www-form-urlencoded
      User-Agent:
      - azsdk-python-identity/1.10.0 Python/3.9.13 (Windows-10-10.0.22000-SP0)
    method: POST
    uri: https://login.microsoftonline.com/00000000-0000-0000-0000-000000000000/oauth2/v2.0/token
  response:
    body:
      string: '{"token_type": "Bearer", "expires_in": 86399, "ext_expires_in": 86399,
        "access_token": "fake_token"}'
    headers:
      content-length:
      - '1701'
      content-type:
      - application/json; charset=utf-8
    status:
      code: 200
      message: OK
    url: https://login.microsoftonline.com/00000000-0000-0000-0000-000000000000/oauth2/v2.0/token
- request:
    body: 'b''{"containerName": "job-00000000-0000-0000-0000-000000000000"}'''
    headers:
      Accept:
      - application/json
      Content-Length:
      - '61'
      Content-Type:
      - application/json
      User-Agent:
      - async-testapp azsdk-python-quantum/0.0.0.1 Python/3.9.13 (Windows-10-10.0.22000-SP0)
    method: POST
    uri: https://eastus.quantum.azure.com/v1.0/subscriptions/00000000-0000-0000-0000-000000000000/resourceGroups/myresourcegroup/providers/Microsoft.Quantum/workspaces/myworkspace/storage/sasUri
  response:
    body:
      string: '{"sasUri": "https://mystorage.blob.core.windows.net/job-00000000-0000-0000-0000-000000000000?sv=PLACEHOLDER&sig=PLACEHOLDER&se=PLACEHOLDER&srt=co&ss=b&sp=racw",
        "access_token": "fake_token"}'
    headers:
      content-length:
      - '159'
      content-type:
      - application/json; charset=utf-8
      transfer-encoding:
      - chunked
    status:
      code: 200
      message: OK
    url: https://eastus.quantum.azure.com/v1.0/subscriptions/00000000-0000-0000-0000-000000000000/resourceGroups/myresourcegroup/providers/Microsoft.Quantum/workspaces/myworkspace/storage/sasUri
- request:
    body: null
    headers:
      Accept:
      - application/xml
      User-Agent:
      - azsdk-python-storage-blob/12.11.0 Python/3.9.13 (Windows-10-10.0.22000-SP0)
      x-ms-date:
      - Wed, 14 Sep 2022 19:27:12 GMT
      x-ms-version:
      - '2021-04-10'
    method: GET
    uri: https://mystorage.blob.core.windows.net/job-00000000-0000-0000-0000-000000000000?restype=container&sv=PLACEHOLDER&sig=PLACEHOLDER&se=PLACEHOLDER&srt=co&ss=b&sp=racw
  response:
    body:
      string: "\uFEFF<?xml version=\"1.0\" encoding=\"utf-8\"?><Error><Code>ContainerNotFound</Code><Message>The
        specified container does not exist.\nRequestId:27c04eef-101e-0073-646f-c8eae4000000\nTime:2022-09-14T19:27:12.5834291Z</Message></Error>"
    headers:
      content-length:
      - '223'
      content-type:
      - application/xml
      x-ms-version:
      - '2021-04-10'
    status:
      code: 404
      message: The specified container does not exist.
    url: https://mystorage.blob.core.windows.net/job-00000000-0000-0000-0000-000000000000?restype=container&sv=PLACEHOLDER&sig=PLACEHOLDER&se=PLACEHOLDER&srt=co&ss=b&sp=racw
- request:
    body: null
    headers:
      Accept:
      - application/xml
      User-Agent:
      - azsdk-python-storage-blob/12.11.0 Python/3.9.13 (Windows-10-10.0.22000-SP0)
      x-ms-date:
      - Wed, 14 Sep 2022 19:27:12 GMT
      x-ms-version:
      - '2021-04-10'
    method: PUT
    uri: https://mystorage.blob.core.windows.net/job-00000000-0000-0000-0000-000000000000?restype=container&sv=PLACEHOLDER&sig=PLACEHOLDER&se=PLACEHOLDER&srt=co&ss=b&sp=racw
  response:
    body:
      string: ''
    headers:
      content-length:
      - '0'
      x-ms-version:
      - '2021-04-10'
    status:
      code: 201
      message: Created
    url: https://mystorage.blob.core.windows.net/job-00000000-0000-0000-0000-000000000000?restype=container&sv=PLACEHOLDER&sig=PLACEHOLDER&se=PLACEHOLDER&srt=co&ss=b&sp=racw
- request:
    body: null
    headers:
      Accept:
      - application/xml
      User-Agent:
      - azsdk-python-storage-blob/12.11.0 Python/3.9.13 (Windows-10-10.0.22000-SP0)
      x-ms-date:
      - Wed, 14 Sep 2022 19:27:12 GMT
      x-ms-version:
      - '2021-04-10'
    method: GET
    uri: https://mystorage.blob.core.windows.net/job-00000000-0000-0000-0000-000000000000?restype=container&sv=PLACEHOLDER&sig=PLACEHOLDER&se=PLACEHOLDER&srt=co&ss=b&sp=racw
  response:
    body:
      string: ''
    headers:
      content-length:
      - '0'
      x-ms-lease-state:
      - available
      x-ms-lease-status:
      - unlocked
      x-ms-version:
      - '2021-04-10'
    status:
      code: 200
      message: OK
    url: https://mystorage.blob.core.windows.net/job-00000000-0000-0000-0000-000000000000?restype=container&sv=PLACEHOLDER&sig=PLACEHOLDER&se=PLACEHOLDER&srt=co&ss=b&sp=racw
- request:
    body: b'\x1f\x8b\x08\x00\x10+"c\x02\xffU\x8d\xc1\x0e\xc2 \x10D\x7f\xa5\xd9s1\xb0\xad1\xf5\xe8\xdd\x93\xdelc\x90\xd2H"\xb4)`b\x1a\xfe]\xa4\x87\xcaig\xe7\xcd\xce.\xa0\xa5\xe3=w\x1c\x8e\xc5\x02\x86k\x19\x05\\\xa5u\xe4\xa2\xb4\x7fq\'\xfb\x93\x1a\xfc,\xb8S\xa39s\xf1TF\x92\x16\x90"\xd2\x86\xd5\x84!\x1e\x18\xb6\x00\xa1,@\x8c\xd6\xdd\x07o\xc4/\x9c*\xdfr\xb6\xab\x06\xb6\xa3\x103\xee3\xa5\'\x93\x7f\x8ci\x97\xb3\xb6\xd1\xb8-
      \xe2 U\xf4T\x9f\x1cV\x16\xb4\x8b\xbd+\xd9o\x003\xd0d\x80m\x007Pe\x17\xa4\xce\xc8\xdfI\x0e\xb0\x0b]\x08_\xb3G\x7f}&\x01\x00\x00'
    headers:
      Accept:
      - application/xml
      Content-Length:
      - '182'
      Content-Type:
      - application/octet-stream
      User-Agent:
      - azsdk-python-storage-blob/12.11.0 Python/3.9.13 (Windows-10-10.0.22000-SP0)
      x-ms-blob-type:
      - BlockBlob
      x-ms-date:
      - Wed, 14 Sep 2022 19:27:12 GMT
      x-ms-version:
      - '2021-04-10'
    method: PUT
    uri: https://mystorage.blob.core.windows.net/job-00000000-0000-0000-0000-000000000000/inputData?sv=PLACEHOLDER&sig=PLACEHOLDER&se=PLACEHOLDER&srt=co&ss=b&sp=racw
  response:
    body:
      string: ''
    headers:
      content-length:
      - '0'
      x-ms-version:
      - '2021-04-10'
    status:
      code: 201
      message: Created
    url: https://mystorage.blob.core.windows.net/job-00000000-0000-0000-0000-000000000000/inputData?sv=PLACEHOLDER&sig=PLACEHOLDER&se=PLACEHOLDER&srt=co&ss=b&sp=racw
- request:
    body: 'b''{"id": "00000000-0000-0000-0000-000000000000", "name": "Test-SimulatedBifurcationMachine-\\"20210101-000000\\"",
      "containerUri": "https://mystorage.blob.core.windows.net/job-00000000-0000-0000-0000-000000000000?sv=PLACEHOLDER&sig=PLACEHOLDER&se=PLACEHOLDER&srt=co&ss=b&sp=racw",
      "inputDataUri": "https://mystorage.blob.core.windows.net/job-00000000-0000-0000-0000-000000000000/inputData",
      "inputDataFormat": "microsoft.qio.v2", "inputParams": {"loops": 10}, "providerId":
      "toshiba", "target": "toshiba.sbm.ising", "outputDataFormat": "microsoft.qio-results.v2"}'''
    headers:
      Accept:
      - application/json
      Content-Length:
      - '624'
      Content-Type:
      - application/json
      User-Agent:
      - async-testapp azsdk-python-quantum/0.0.0.1 Python/3.9.13 (Windows-10-10.0.22000-SP0)
    method: PUT
    uri: https://eastus.quantum.azure.com/v1.0/subscriptions/00000000-0000-0000-0000-000000000000/resourceGroups/myresourcegroup/providers/Microsoft.Quantum/workspaces/myworkspace/jobs/00000000-0000-0000-0000-000000000000
  response:
    body:
      string: '{"error": {"code": "InvalidJobDefinition", "message": "The provider
        specified does not exist or is not enabled for the workspace."}, "access_token":
        "fake_token"}'
    headers:
      content-length:
      - '128'
      content-type:
      - application/json; charset=utf-8
    status:
      code: 403
      message: Forbidden
    url: https://eastus.quantum.azure.com/v1.0/subscriptions/00000000-0000-0000-0000-000000000000/resourceGroups/myresourcegroup/providers/Microsoft.Quantum/workspaces/myworkspace/jobs/00000000-0000-0000-0000-000000000000
version: 1
