interactions:
- request:
    body: '{''client_id'': ''00000000-0000-0000-0000-000000000000'', ''client_secret'':
      ''PLACEHOLDER'', ''grant_type'': ''client_credentials'', ''scope'': ''https://quantum.microsoft.com/.default''}'
    headers:
      Content-Type:
      - application/x-www-form-urlencoded
      User-Agent:
      - azsdk-python-identity/1.12.0 Python/3.9.16 (Windows-10-10.0.22000-SP0)
      content-length:
      - '172'
    method: POST
    uri: https://login.microsoftonline.com/00000000-0000-0000-0000-000000000000/oauth2/v2.0/token
  response:
    body:
      string: '{"token_type": "Bearer", "expires_in": 86399, "ext_expires_in": 86399,
        "access_token": "fake_token"}'
    headers:
      content-length:
      - '100'
      content-type:
      - application/json; charset=utf-8
    status:
      code: 200
      message: OK
    url: https://login.microsoftonline.com/00000000-0000-0000-0000-000000000000/oauth2/v2.0/token
- request:
    body: 'b''{"containerName": "00000000-0000-0000-0000-000000000000"}'''
    headers:
      Accept:
      - application/json
      Content-Length:
      - '60'
      Content-Type:
      - application/json
      User-Agent:
      - async-testapp azsdk-python-quantum/0.0.0.1 Python/3.9.16 (Windows-10-10.0.22000-SP0)
    method: POST
    uri: https://eastus.quantum.azure.com/subscriptions/00000000-0000-0000-0000-000000000000/resourceGroups/myresourcegroup/providers/Microsoft.Quantum/workspaces/myworkspace/storage/sasUri?api-version=2022-09-12-preview
  response:
    body:
      string: '{"sasUri": "https://mystorage.blob.core.windows.net/00000000-0000-0000-0000-000000000000?sv=PLACEHOLDER&sig=PLACEHOLDER&se=PLACEHOLDER&srt=co&ss=b&sp=racw",
        "access_token": "fake_token"}'
    headers:
      connection:
      - keep-alive
      content-length:
      - '186'
      content-type:
      - application/json; charset=utf-8
      transfer-encoding:
      - chunked
    status:
      code: 200
      message: OK
    url: https://eastus.quantum.azure.com/subscriptions/00000000-0000-0000-0000-000000000000/resourceGroups/myresourcegroup/providers/Microsoft.Quantum/workspaces/myworkspace/storage/sasUri?api-version=2022-09-12-preview
- request:
    body: null
    headers:
      Accept:
      - application/xml
      User-Agent:
      - azsdk-python-storage-blob/12.15.0 Python/3.9.16 (Windows-10-10.0.22000-SP0)
      x-ms-date:
      - Fri, 17 Mar 2023 22:02:14 GMT
      x-ms-version:
      - '2021-12-02'
    method: GET
    uri: https://mystorage.blob.core.windows.net/00000000-0000-0000-0000-000000000000?restype=container&sv=PLACEHOLDER&sig=PLACEHOLDER&se=PLACEHOLDER&srt=co&ss=b&sp=racw
  response:
    body:
      string: "\uFEFF<?xml version=\"1.0\" encoding=\"utf-8\"?><Error><Code>ContainerNotFound</Code><Message>The
        specified container does not exist.\nRequestId:50555691-801e-0071-551c-59545c000000\nTime:2023-03-17T22:02:14.8564910Z</Message></Error>"
    headers:
      content-length:
      - '223'
      content-type:
      - application/xml
      x-ms-version:
      - '2021-12-02'
    status:
      code: 404
      message: The specified container does not exist.
    url: https://mystorage.blob.core.windows.net/00000000-0000-0000-0000-000000000000?restype=container&sv=PLACEHOLDER&sig=PLACEHOLDER&se=PLACEHOLDER&srt=co&ss=b&sp=racw
- request:
    body: null
    headers:
      Accept:
      - application/xml
      User-Agent:
      - azsdk-python-storage-blob/12.15.0 Python/3.9.16 (Windows-10-10.0.22000-SP0)
      x-ms-date:
      - Fri, 17 Mar 2023 22:02:14 GMT
      x-ms-version:
      - '2021-12-02'
    method: PUT
    uri: https://mystorage.blob.core.windows.net/00000000-0000-0000-0000-000000000000?restype=container&sv=PLACEHOLDER&sig=PLACEHOLDER&se=PLACEHOLDER&srt=co&ss=b&sp=racw
  response:
    body:
      string: ''
    headers:
      content-length:
      - '0'
      x-ms-version:
      - '2021-12-02'
    status:
      code: 201
      message: Created
    url: https://mystorage.blob.core.windows.net/00000000-0000-0000-0000-000000000000?restype=container&sv=PLACEHOLDER&sig=PLACEHOLDER&se=PLACEHOLDER&srt=co&ss=b&sp=racw
- request:
    body: b'\x1f\x8b\x08\x00f\xe3\x14d\x02\xffD\xc8A\n\x80 \x14E\xd1\xad\xc8\x1bKd6r+!\r\xcc\xc2A\x1aiA\x88{\xefW\x90\xb3{O\x86\t1\x8d\xf3\xe1Mr\xc1Ce\x9cv\x8foB4-8\xd2\xb5Y\x1a\x17\x9d_\x9e\xb5\xfb\x1a\xa1\x86\x0c\x03\xc5Z\xce\xe0&z6P\n]\xf8\xe7\xa2:e\xf7{W\x9dR\xfe.\xabS\xf6\xba\xe8Rn\x00\x00\x00\xff\xff\x03\x00\xc1\x1d\xe0X\x9c\x00\x00\x00'
    headers:
      Accept:
      - application/xml
      Content-Length:
      - '335'
      Content-Type:
      - application/octet-stream
      User-Agent:
      - azsdk-python-storage-blob/12.15.0 Python/3.9.16 (Windows-10-10.0.22000-SP0)
      x-ms-date:
      - Fri, 17 Mar 2023 22:02:14 GMT
      x-ms-version:
      - '2021-12-02'
    method: PUT
    uri: https://mystorage.blob.core.windows.net/00000000-0000-0000-0000-000000000000/5f634906-c50f-11ed-a0ac-b5d177e8d905?comp=block&blockid=ICAgICAgICAgMA%3D%3D&sv=PLACEHOLDER&sig=PLACEHOLDER&se=PLACEHOLDER&srt=co&ss=b&sp=racw
  response:
    body:
      string: ''
    headers:
      content-length:
      - '0'
      x-ms-version:
      - '2021-12-02'
    status:
      code: 201
      message: Created
    url: https://mystorage.blob.core.windows.net/00000000-0000-0000-0000-000000000000/5f634906-c50f-11ed-a0ac-b5d177e8d905?comp=block&blockid=ICAgICAgICAgMA%3D%3D&sv=PLACEHOLDER&sig=PLACEHOLDER&se=PLACEHOLDER&srt=co&ss=b&sp=racw
- request:
    body: b"<?xml version='1.0' encoding='utf-8'?>\n<BlockList><Latest>ICAgICAgICAgMA==</Latest></BlockList>"
    headers:
      Accept:
      - application/xml
      Content-Length:
      - '99'
      Content-Type:
      - application/xml
      User-Agent:
      - azsdk-python-storage-blob/12.15.0 Python/3.9.16 (Windows-10-10.0.22000-SP0)
      x-ms-date:
      - Fri, 17 Mar 2023 22:02:15 GMT
      x-ms-meta-avg_coupling:
      - '2.0'
      x-ms-meta-max_coupling:
      - '2'
      x-ms-meta-min_coupling:
      - '2'
      x-ms-meta-num_terms:
      - '4'
      x-ms-meta-type:
      - ising
      x-ms-version:
      - '2021-12-02'
    method: PUT
    uri: https://mystorage.blob.core.windows.net/00000000-0000-0000-0000-000000000000/5f634906-c50f-11ed-a0ac-b5d177e8d905?comp=blocklist&sv=PLACEHOLDER&sig=PLACEHOLDER&se=PLACEHOLDER&srt=co&ss=b&sp=racw
  response:
    body:
      string: ''
    headers:
      content-length:
      - '0'
      x-ms-version:
      - '2021-12-02'
    status:
      code: 201
      message: Created
    url: https://mystorage.blob.core.windows.net/00000000-0000-0000-0000-000000000000/5f634906-c50f-11ed-a0ac-b5d177e8d905?comp=blocklist&sv=PLACEHOLDER&sig=PLACEHOLDER&se=PLACEHOLDER&srt=co&ss=b&sp=racw
- request:
    body: 'b''{"containerName": "00000000-0000-0000-0000-000000000000"}'''
    headers:
      Accept:
      - application/json
      Content-Length:
      - '60'
      Content-Type:
      - application/json
      User-Agent:
      - async-testapp azsdk-python-quantum/0.0.0.1 Python/3.9.16 (Windows-10-10.0.22000-SP0)
    method: POST
    uri: https://eastus.quantum.azure.com/subscriptions/00000000-0000-0000-0000-000000000000/resourceGroups/myresourcegroup/providers/Microsoft.Quantum/workspaces/myworkspace/storage/sasUri?api-version=2022-09-12-preview
  response:
    body:
      string: '{"sasUri": "https://mystorage.blob.core.windows.net/00000000-0000-0000-0000-000000000000?sv=PLACEHOLDER&sig=PLACEHOLDER&se=PLACEHOLDER&srt=co&ss=b&sp=racw",
        "access_token": "fake_token"}'
    headers:
      connection:
      - keep-alive
      content-length:
      - '186'
      content-type:
      - application/json; charset=utf-8
      transfer-encoding:
      - chunked
    status:
      code: 200
      message: OK
    url: https://eastus.quantum.azure.com/subscriptions/00000000-0000-0000-0000-000000000000/resourceGroups/myresourcegroup/providers/Microsoft.Quantum/workspaces/myworkspace/storage/sasUri?api-version=2022-09-12-preview
- request:
    body: null
    headers:
      Accept:
      - application/xml
      User-Agent:
      - azsdk-python-storage-blob/12.15.0 Python/3.9.16 (Windows-10-10.0.22000-SP0)
      x-ms-date:
      - Fri, 17 Mar 2023 22:02:16 GMT
      x-ms-range:
      - bytes=0-33554431
      x-ms-version:
      - '2021-12-02'
    method: GET
    uri: https://mystorage.blob.core.windows.net/00000000-0000-0000-0000-000000000000/5f634906-c50f-11ed-a0ac-b5d177e8d905?sv=PLACEHOLDER&sig=PLACEHOLDER&se=PLACEHOLDER&srt=co&ss=b&sp=racw
  response:
    body:
      string: '{"cost_function": {"version": "1.0", "type": "ising", "terms": [{"c":
        0, "ids": [0, 1]}, {"c": 1, "ids": [1, 2]}, {"c": 2, "ids": [2, 3]}, {"c":
        3, "ids": [3, 4]}]}, "access_token": "fake_token"}'
    headers:
      accept-ranges:
      - bytes
      content-length:
      - '195'
      content-range:
      - bytes 0-120/121
      content-type:
      - application/json
      x-ms-blob-type:
      - BlockBlob
      x-ms-creation-time:
      - Fri, 17 Mar 2023 22:02:15 GMT
      x-ms-lease-state:
      - available
      x-ms-lease-status:
      - unlocked
      x-ms-meta-avg_coupling:
      - '2.0'
      x-ms-meta-max_coupling:
      - '2'
      x-ms-meta-min_coupling:
      - '2'
      x-ms-meta-num_terms:
      - '4'
      x-ms-meta-type:
      - ising
      x-ms-server-encrypted:
      - 'true'
      x-ms-version:
      - '2021-12-02'
    status:
      code: 206
      message: Partial Content
    url: https://mystorage.blob.core.windows.net/00000000-0000-0000-0000-000000000000/5f634906-c50f-11ed-a0ac-b5d177e8d905?sv=PLACEHOLDER&sig=PLACEHOLDER&se=PLACEHOLDER&srt=co&ss=b&sp=racw
version: 1
